[01:34:53.402 *] Crash handler installed
[01:34:53.470 *] Loading config file: <project>/openmw/build/OpenMW.app/Contents/Resources/openmw.cfg
[01:34:53.471 *] Loading config file: <project>/harness/config/openmw.cfg
[01:34:53.471 *] Loading config file: <project>/harness/results/20260906-0134-0b30e7ff4-m3-core/overlay/openmw.cfg
[01:34:53.471 *] Logs dir: <project>/harness/results/20260906-0134-0b30e7ff4-m3-core/overlay
[01:34:53.471 *] User data dir: <project>/harness/userdata
[01:34:53.471 *] Screenshots dir: <project>/harness/userdata/screenshots
[01:34:53.472 I] OpenMW version 0.52.0
[01:34:53.472 I] Revision: 0b30e7ff48
[01:34:53.472 I] Loading settings file: <project>/openmw/build/OpenMW.app/Contents/Resources/defaults.bin
[01:34:53.472 I] Loading settings file: <project>/harness/config/settings.cfg
[01:34:53.472 I] Loading settings file: <project>/harness/results/20260906-0134-0b30e7ff4-m3-core/overlay/settings.cfg
[01:34:53.472 W] int [Game] actors processing range setting value is out of allowed values set: 14336, sanitized to 7168
[01:34:53.472 I] Using default (English) font encoding.
[01:34:53.472 W] No such dir: <home>/Library/Application Support/openmw/data
[01:34:53.473 I] OSG version: 3.6.5
[01:34:53.473 I] SDL version: 2.32.10
[01:34:53.473 I] Loading shader settings file: <project>/harness/results/20260906-0134-0b30e7ff4-m3-core/overlay/shaders.yaml
[01:34:53.495 E] Error: Failed to read window icon, no png readerwriter found
[01:34:53.495 W] Requesting OpenGL 4.1 core profile context
[01:34:53.522 I] OpenGL Vendor: Apple
[01:34:53.522 I] OpenGL Renderer: Apple M5 Pro
[01:34:53.522 I] OpenGL Version: 4.1 Metal - 90.5
[01:34:53.522 I] Core profile: granted 19 version-implied GL features on a GL 4.1 context
[01:34:53.522 I] Core profile: vertex attribute aliasing and matrix uniforms enabled, 26 fixed-function modes disabled
[01:34:53.522 W] GL_ARB_clip_control not supported: disabling reverse-z depth buffer
[01:34:53.522 I] Adding BSA archive <project>/Morrowind/Data Files/Morrowind.bsa
[01:34:53.523 I] Adding BSA archive <project>/Morrowind/Data Files/Tribunal.bsa
[01:34:53.524 I] Adding BSA archive <project>/Morrowind/Data Files/Bloodmoon.bsa
[01:34:53.524 I] Adding data directory <project>/openmw/build/OpenMW.app/Contents/Resources/../Resources/resources/vfs
[01:34:53.525 I] Adding data directory <project>/openmw/build/OpenMW.app/Contents/Resources/../Resources/resources/vfs-mw
[01:34:53.525 I] Adding data directory <project>/Morrowind/Data Files
[01:34:53.540 I] Adding data directory <project>/harness/mod
[01:34:53.544 I] Preferred locales: gmst en
[01:34:53.544 I] Initializing LuaUtil::LuaState without profiler
[01:34:53.544 I] Lua version: Lua 5.1.4 (LuaJIT 2.1.1767980792)
[01:34:53.545 I] Loading TrueType font file fonts/mysticcards.omwfont
[01:34:53.547 I] Loading TrueType font file fonts/demonicletters.omwfont
[01:34:53.548 I] Loading TrueType font file fonts/dejavulgcsansmono.omwfont
[01:34:53.556 I] Sound disabled.
[01:34:53.559 I] Loading content file builtin.omwscripts
[01:34:53.559 I] Loading content file Morrowind.esm
[01:34:53.559 E] Error loading splash/splash_kwamawarrior.tga: no readerwriter for 'tga' found
[01:34:53.746 I] Loading content file Tribunal.esm
[01:34:53.764 I] Loading content file Bloodmoon.esm
[01:34:53.791 I] Loading content file bench.omwscripts
[01:34:53.791 V] Lua scripts configuration (45 scripts):
[01:34:53.791 V] #0 MENU PLAYER : scripts/omw/mwui/init.lua
[01:34:53.791 V] #1 MENU : scripts/omw/settings/menu.lua
[01:34:53.791 V] #2 PLAYER : scripts/omw/settings/player.lua
[01:34:53.791 V] #3 GLOBAL : scripts/omw/settings/global.lua
[01:34:53.791 V] #4 GLOBAL : scripts/omw/activationhandlers.lua
[01:34:53.791 V] #5 GLOBAL : scripts/omw/usehandlers.lua
[01:34:53.791 V] #6 GLOBAL : scripts/omw/worldeventhandlers.lua
[01:34:53.791 V] #7 GLOBAL : scripts/omw/crimes.lua
[01:34:53.791 V] #8 PLAYER CREATURE NPC : scripts/omw/mechanics/animationcontroller.lua
[01:34:53.791 V] #9 PLAYER : scripts/omw/skillhandlers.lua
[01:34:53.791 V] #10 PLAYER : scripts/omw/mechanics/playercontroller.lua
[01:34:53.791 V] #11 MENU : scripts/omw/camera/settings.lua
[01:34:53.791 V] #12 MENU : scripts/omw/input/settings.lua
[01:34:53.791 V] #13 PLAYER : scripts/omw/input/playercontrols.lua
[01:34:53.791 V] #14 PLAYER : scripts/omw/camera/camera.lua
[01:34:53.791 V] #15 PLAYER : scripts/omw/input/actionbindings.lua
[01:34:53.791 V] #16 PLAYER : scripts/omw/input/smoothmovement.lua
[01:34:53.791 V] #17 PLAYER : scripts/omw/input/gamepadcontrols.lua
[01:34:53.791 V] #18 NPC CREATURE : scripts/omw/ai.lua
[01:34:53.791 V] #19 GLOBAL : scripts/omw/mechanics/globalcontroller.lua
[01:34:53.791 V] #20 PLAYER CREATURE NPC : scripts/omw/mechanics/actorcontroller.lua
[01:34:53.791 V] #21 PLAYER NPC CREATURE : scripts/omw/combat/interface_local.lua
[01:34:53.791 V] #22 GLOBAL : scripts/omw/combat/interface_global.lua
[01:34:53.791 V] #23 PLAYER CREATURE NPC : scripts/omw/spellcasting/interface_local.lua
[01:34:53.791 V] #24 GLOBAL : scripts/omw/spellcasting/interface_global.lua
[01:34:53.791 V] #25 GLOBAL : scripts/omw/mechanics/projectiles.lua
[01:34:53.791 V] #26 PLAYER : scripts/omw/ui.lua
[01:34:53.791 V] #27 MENU : scripts/omw/console/menu.lua
[01:34:53.791 V] #28 PLAYER : scripts/omw/console/player.lua
[01:34:53.791 V] #29 GLOBAL : scripts/omw/console/global.lua
[01:34:53.791 V] #30 CUSTOM : scripts/omw/console/local.lua
[01:34:53.791 V] #31 NPC CREATURE : scripts/omw/music/actor.lua
[01:34:53.791 V] #32 GLOBAL : scripts/omw/cellhandlers.lua
[01:34:53.791 V] #33 GLOBAL : scripts/omw/combat/global.lua
[01:34:53.791 V] #34 PLAYER : scripts/omw/combat/settingspage.lua
[01:34:53.791 V] #35 PLAYER NPC CREATURE : scripts/omw/combat/local.lua
[01:34:53.791 V] #36 PLAYER : scripts/omw/music/music.lua
[01:34:53.791 V] #37 MENU : scripts/omw/music/settings.lua
[01:34:53.791 V] #38 PLAYER : scripts/omw/playerskillhandlers.lua
[01:34:53.791 V] #39 LOAD : scripts/omw/esmfallbacks.lua
[01:34:53.791 V] #40 PLAYER CREATURE NPC : scripts/omw/spellcasting/local.lua
[01:34:53.791 V] #41 DOOR CONTAINER : scripts/omw/spellcasting/lockable.lua
[01:34:53.791 V] #42 GLOBAL : scripts/omw/spellcasting/global.lua
[01:34:53.791 V] #43 GLOBAL : scripts/bench/global.lua
[01:34:53.791 V] #44 PLAYER : scripts/bench/player.lua
[01:34:53.801 V] Enchantment "test magic axe": dropping unexpected skill argument of "FortifyMaximumMagicka" effect
[01:34:53.874 I] Using 1 async physics threads
[01:34:53.874 I] Using <project>/harness/userdata/navmesh.db to store navigation mesh cache
[01:34:53.874 V] Using idle priority for thread=0x16e26f000
[01:34:53.874 I] Reserving texture units for shadow maps: 13..15
[01:34:53.876 I] Reserving texture unit for opaque depth texture: 12
[01:34:53.876 I] Reserving texture unit for opaque color texture: 11
[01:34:53.876 V] Disabling Multiview (disabled by config)
[01:34:53.879 I] Initialized fallback fragment shader pipeline for water ripples
[01:34:53.880 E] Error loading textures/omw/water_nm.png: no readerwriter for 'png' found
[01:34:53.881 V] Language file "l10n/Interface/gmst.yaml" is enabled
[01:34:53.881 V] Language file "l10n/Interface/en.yaml" is enabled
[01:34:53.890 V] Language file "l10n/OMWEngine/gmst.yaml" is enabled
[01:34:53.891 V] Language file "l10n/OMWEngine/en.yaml" is enabled
[01:34:53.900 V] Language file "l10n/OMWShaders/en.yaml" is enabled
[01:34:53.908 V] Language file "l10n/OMWCamera/en.yaml" is enabled
[01:34:53.909 V] Language file "l10n/OMWControls/en.yaml" is enabled
[01:34:53.909 V] Language file "l10n/interface/gmst.yaml" is enabled
[01:34:53.909 V] Language file "l10n/interface/en.yaml" is enabled
[01:34:53.910 V] Language file "l10n/Calendar/gmst.yaml" is enabled
[01:34:53.910 V] Language file "l10n/Calendar/en.yaml" is enabled
[01:34:53.910 V] Language file "l10n/OMWMusic/en.yaml" is enabled
[01:34:53.910 I] OSG stats will be written to: <project>/harness/results/20260906-0134-0b30e7ff4-m3-core/seyda-r1-stats.txt
[01:34:53.915 I] Starting a new game
[01:34:53.917 V] Language file "l10n/Mechanics/gmst.yaml" is enabled
[01:34:53.931 E] Error loading splash/splash_skeleton.tga: no readerwriter for 'tga' found
[01:34:54.144 E] Error loading splash/splash_spherecenturion.tga: no readerwriter for 'tga' found
[01:34:54.145 I] Loading cell Seyda Neen (-2, -9)
[01:34:54.148 V] Controller R2_Claw02 present more than once in meshes/r/xsiltstrider.kf, ignoring later version
[01:34:54.177 I] Loading cell Bitter Coast Region (-2, -8)
[01:34:54.181 I] Loading cell Bitter Coast Region (-1, -9)
[01:34:54.183 I] Loading cell Bitter Coast Region (-3, -9)
[01:34:54.191 I] Loading cell Seyda Neen (-2, -10)
[01:34:54.191 I] Warning: lookoutScript[local variables] line 41, column 37 (=): invalid operator =, treating it as ==
[01:34:54.194 I] Loading cell Ascadian Isles Region (-1, -8)
[01:34:54.200 I] Loading cell Bitter Coast Region (-3, -8)
[01:34:54.202 I] Loading cell Bitter Coast Region (-1, -10)
[01:34:54.203 I] Loading cell Bitter Coast Region (-3, -10)
[01:34:54.209 V] Language file "l10n/OMWCombat/en.yaml" is enabled
[01:34:54.222 I] AiTravel: -8914, -73093, 126
[01:34:54.222 I] Warning: lookoutScript line 41, column 37 (=): invalid operator =, treating it as ==
[01:34:54.222 I] Warning: fallingScript line 46, column 6 (endif): endif without matching if/elseif
[01:34:54.259 I] Global[scripts/bench/global.lua]:	BENCH station=seyda startcell="seyda neen" frame=1
[01:34:54.604 I] L@0x1[scripts/bench/player.lua]:	BENCH camera station=seyda yaw=160 pitch=4
[01:34:55.183 I] Global[scripts/bench/global.lua]:	BENCH station=seyda ready frame=40 simtime=0.96
[01:35:23.551 I] Saving shader settings file: <project>/harness/results/20260906-0134-0b30e7ff4-m3-core/overlay/shaders.yaml
[01:35:23.551 I] Saving Lua storage "<project>/harness/results/20260906-0134-0b30e7ff4-m3-core/overlay/global_storage.bin" (140 bytes)
[01:35:23.551 I] Saving Lua storage "<project>/harness/results/20260906-0134-0b30e7ff4-m3-core/overlay/player_storage.bin" (878 bytes)
[01:35:23.596 I] Saved input bindings: <project>/harness/results/20260906-0134-0b30e7ff4-m3-core/overlay/input_v3.xml
[01:35:23.658 I] Quitting peacefully.
