[01:14:26.524 *] Crash handler installed
[01:14:26.599 *] Loading config file: <project>/openmw-base5541/build/OpenMW.app/Contents/Resources/openmw.cfg
[01:14:26.600 *] Loading config file: <project>/harness/config/openmw.cfg
[01:14:26.601 *] Loading config file: <project>/harness/results/20260907-0105-aba2ba0ce-base5541-compat/overlay/openmw.cfg
[01:14:26.601 *] Logs dir: <project>/harness/results/20260907-0105-aba2ba0ce-base5541-compat/overlay
[01:14:26.601 *] User data dir: <project>/harness/userdata
[01:14:26.601 *] Screenshots dir: <project>/harness/userdata/screenshots
[01:14:26.601 I] OpenMW version 0.52.0
[01:14:26.601 I] Revision: aba2ba0cec
[01:14:26.601 I] Loading settings file: <project>/openmw-base5541/build/OpenMW.app/Contents/Resources/defaults.bin
[01:14:26.601 I] Loading settings file: <project>/harness/config/settings.cfg
[01:14:26.602 I] Using default (English) font encoding.
[01:14:26.602 W] No such dir: <home>/Library/Application Support/openmw/data
[01:14:26.602 I] OSG version: 3.6.5
[01:14:26.602 I] SDL version: 2.32.10
[01:14:26.602 I] Loading shader settings file: <project>/harness/results/20260907-0105-aba2ba0ce-base5541-compat/overlay/shaders.yaml
[01:14:26.624 E] Error: Failed to read window icon, no png readerwriter found
[01:14:26.651 I] OpenGL Vendor: Apple
[01:14:26.651 I] OpenGL Renderer: Apple M5 Pro
[01:14:26.651 I] OpenGL Version: 2.1 Metal - 90.5
[01:14:26.651 W] GL_ARB_clip_control not supported: disabling reverse-z depth buffer
[01:14:26.651 I] Adding BSA archive <project>/Morrowind/Data Files/Morrowind.bsa
[01:14:26.652 I] Adding BSA archive <project>/Morrowind/Data Files/Tribunal.bsa
[01:14:26.653 I] Adding BSA archive <project>/Morrowind/Data Files/Bloodmoon.bsa
[01:14:26.653 I] Adding data directory <project>/openmw-base5541/build/OpenMW.app/Contents/Resources/../Resources/resources/vfs
[01:14:26.653 I] Adding data directory <project>/openmw-base5541/build/OpenMW.app/Contents/Resources/../Resources/resources/vfs-mw
[01:14:26.654 I] Adding data directory <project>/Morrowind/Data Files
[01:14:26.669 I] Adding data directory <project>/harness/mod
[01:14:26.673 I] Preferred locales: gmst en
[01:14:26.673 I] Initializing LuaUtil::LuaState without profiler
[01:14:26.674 I] Lua version: Lua 5.1.4 (LuaJIT 2.1.1767980792)
[01:14:26.674 I] Loading keybindings file: <project>/harness/results/20260907-0105-aba2ba0ce-base5541-compat/overlay/input_v3.xml
[01:14:26.674 I] Loading TrueType font file fonts/mysticcards.omwfont
[01:14:26.676 I] Loading TrueType font file fonts/demonicletters.omwfont
[01:14:26.677 I] Loading TrueType font file fonts/dejavulgcsansmono.omwfont
[01:14:26.688 I] Sound disabled.
[01:14:26.688 I] Loading Lua storage "<project>/harness/results/20260907-0105-aba2ba0ce-base5541-compat/overlay/global_storage.bin" (140 bytes)
[01:14:26.688 I] Loading Lua storage "<project>/harness/results/20260907-0105-aba2ba0ce-base5541-compat/overlay/player_storage.bin" (878 bytes)
[01:14:26.691 I] Loading content file builtin.omwscripts
[01:14:26.691 I] Loading content file Morrowind.esm
[01:14:26.691 E] Error loading splash/splash_hunger.tga: no readerwriter for 'tga' found
[01:14:26.848 I] Loading content file Tribunal.esm
[01:14:26.868 I] Loading content file Bloodmoon.esm
[01:14:26.894 I] Loading content file bench.omwscripts
[01:14:26.894 V] Lua scripts configuration (42 scripts):
[01:14:26.894 V] #0 MENU PLAYER : scripts/omw/mwui/init.lua
[01:14:26.894 V] #1 MENU : scripts/omw/settings/menu.lua
[01:14:26.894 V] #2 PLAYER : scripts/omw/settings/player.lua
[01:14:26.894 V] #3 GLOBAL : scripts/omw/settings/global.lua
[01:14:26.894 V] #4 GLOBAL : scripts/omw/activationhandlers.lua
[01:14:26.894 V] #5 GLOBAL : scripts/omw/usehandlers.lua
[01:14:26.894 V] #6 GLOBAL : scripts/omw/worldeventhandlers.lua
[01:14:26.894 V] #7 GLOBAL : scripts/omw/crimes.lua
[01:14:26.894 V] #8 PLAYER CREATURE NPC : scripts/omw/mechanics/animationcontroller.lua
[01:14:26.894 V] #9 PLAYER : scripts/omw/skillhandlers.lua
[01:14:26.894 V] #10 PLAYER : scripts/omw/mechanics/playercontroller.lua
[01:14:26.894 V] #11 MENU : scripts/omw/camera/settings.lua
[01:14:26.895 V] #12 MENU : scripts/omw/input/settings.lua
[01:14:26.895 V] #13 PLAYER : scripts/omw/input/playercontrols.lua
[01:14:26.895 V] #14 PLAYER : scripts/omw/camera/camera.lua
[01:14:26.895 V] #15 PLAYER : scripts/omw/input/actionbindings.lua
[01:14:26.895 V] #16 PLAYER : scripts/omw/input/smoothmovement.lua
[01:14:26.895 V] #17 PLAYER : scripts/omw/input/gamepadcontrols.lua
[01:14:26.895 V] #18 NPC CREATURE : scripts/omw/ai.lua
[01:14:26.895 V] #19 GLOBAL : scripts/omw/mechanics/globalcontroller.lua
[01:14:26.895 V] #20 PLAYER CREATURE NPC : scripts/omw/mechanics/actorcontroller.lua
[01:14:26.895 V] #21 PLAYER NPC CREATURE : scripts/omw/combat/interface_local.lua
[01:14:26.895 V] #22 GLOBAL : scripts/omw/combat/interface_global.lua
[01:14:26.895 V] #23 PLAYER CREATURE NPC : scripts/omw/spellcasting/interface_local.lua
[01:14:26.895 V] #24 PLAYER : scripts/omw/ui.lua
[01:14:26.895 V] #25 MENU : scripts/omw/console/menu.lua
[01:14:26.895 V] #26 PLAYER : scripts/omw/console/player.lua
[01:14:26.895 V] #27 GLOBAL : scripts/omw/console/global.lua
[01:14:26.895 V] #28 CUSTOM : scripts/omw/console/local.lua
[01:14:26.895 V] #29 NPC CREATURE : scripts/omw/music/actor.lua
[01:14:26.895 V] #30 GLOBAL : scripts/omw/cellhandlers.lua
[01:14:26.895 V] #31 GLOBAL : scripts/omw/combat/global.lua
[01:14:26.895 V] #32 PLAYER : scripts/omw/combat/settingspage.lua
[01:14:26.895 V] #33 PLAYER NPC CREATURE : scripts/omw/combat/local.lua
[01:14:26.895 V] #34 PLAYER : scripts/omw/music/music.lua
[01:14:26.895 V] #35 MENU : scripts/omw/music/settings.lua
[01:14:26.895 V] #36 PLAYER : scripts/omw/playerskillhandlers.lua
[01:14:26.895 V] #37 LOAD : scripts/omw/esmfallbacks.lua
[01:14:26.895 V] #38 PLAYER CREATURE NPC : scripts/omw/spellcasting/local.lua
[01:14:26.895 V] #39 DOOR CONTAINER : scripts/omw/spellcasting/lockable.lua
[01:14:26.895 V] #40 GLOBAL : scripts/bench/global.lua
[01:14:26.895 V] #41 PLAYER : scripts/bench/player.lua
[01:14:26.906 V] Enchantment "test magic axe": dropping unexpected skill argument of "FortifyMaximumMagicka" effect
[01:14:26.979 I] Using 1 async physics threads
[01:14:26.979 I] Using <project>/harness/userdata/navmesh.db to store navigation mesh cache
[01:14:26.979 W] Idle thread priority is not supported on this system
[01:14:26.979 I] Reserving texture units for shadow maps: 13..15
[01:14:26.981 I] Reserving texture unit for opaque depth texture: 12
[01:14:26.981 I] Reserving texture unit for opaque color texture: 11
[01:14:26.981 V] Disabling Multiview (disabled by config)
[01:14:26.984 V] Language file "l10n/Interface/gmst.yaml" is enabled
[01:14:26.984 V] Language file "l10n/Interface/en.yaml" is enabled
[01:14:26.992 V] Language file "l10n/OMWEngine/gmst.yaml" is enabled
[01:14:26.993 V] Language file "l10n/OMWEngine/en.yaml" is enabled
[01:14:27.003 V] Language file "l10n/OMWShaders/en.yaml" is enabled
[01:14:27.011 V] Language file "l10n/OMWCamera/en.yaml" is enabled
[01:14:27.012 V] Language file "l10n/OMWControls/en.yaml" is enabled
[01:14:27.012 V] Language file "l10n/interface/gmst.yaml" is enabled
[01:14:27.012 V] Language file "l10n/interface/en.yaml" is enabled
[01:14:27.013 V] Language file "l10n/Calendar/gmst.yaml" is enabled
[01:14:27.013 V] Language file "l10n/Calendar/en.yaml" is enabled
[01:14:27.013 V] Language file "l10n/OMWMusic/en.yaml" is enabled
[01:14:27.013 I] OSG stats will be written to: <project>/harness/results/20260907-0105-aba2ba0ce-base5541-compat/aldruhn-r2-stats.txt
[01:14:27.018 I] Starting a new game
[01:14:27.021 E] Error loading splash/splash_skeleton.tga: no readerwriter for 'tga' found
[01:14:27.024 V] Language file "l10n/Mechanics/gmst.yaml" is enabled
[01:14:27.045 I] Loading cell Ald-ruhn (-2, 7)
[01:14:27.060 I] Loading cell Ald-ruhn (-2, 6)
[01:14:27.088 I] Loading cell Ashlands Region (-1, 7)
[01:14:27.090 I] Loading cell Ashlands Region (-3, 7)
[01:14:27.096 I] Loading cell Ashlands Region (-2, 8)
[01:14:27.096 I] Loading cell Ashlands Region (-1, 6)
[01:14:27.104 I] Loading cell Ald-ruhn (-3, 6)
[01:14:27.106 V] Controller R2_Claw02 present more than once in meshes/r/xsiltstrider.kf, ignoring later version
[01:14:27.110 I] Loading cell Ashlands Region (-1, 8)
[01:14:27.116 I] Loading cell Ashlands Region (-3, 8)
[01:14:27.119 V] Language file "l10n/OMWCombat/en.yaml" is enabled
[01:14:27.132 I] Warning: OutsideBanner line 38, column 6 (endif): endif without matching if/elseif
[01:14:27.145 I] Global[scripts/bench/global.lua]:	BENCH station=aldruhn startcell="ald-ruhn" frame=1
[01:14:27.198 I] Unloading cell Ashlands Region (-3, 8)
[01:14:27.198 I] Unloading cell Ashlands Region (-2, 8)
[01:14:27.198 I] Unloading cell Ashlands Region (-1, 8)
[01:14:27.199 I] Loading cell Buckmoth Legion Fort (-2, 5)
[01:14:27.212 I] Loading cell Ashlands Region (-1, 5)
[01:14:27.214 I] Loading cell Ashlands Region (-3, 5)
[01:14:27.227 I] L@0x1[scripts/bench/player.lua]:	BENCH camera station=aldruhn yaw=330 pitch=14
[01:14:27.478 I] Global[scripts/bench/global.lua]:	BENCH station=aldruhn ready frame=40 simtime=0.35
[01:15:20.494 I] Saving shader settings file: <project>/harness/results/20260907-0105-aba2ba0ce-base5541-compat/overlay/shaders.yaml
[01:15:20.495 I] Saving Lua storage "<project>/harness/results/20260907-0105-aba2ba0ce-base5541-compat/overlay/global_storage.bin" (140 bytes)
[01:15:20.495 I] Saving Lua storage "<project>/harness/results/20260907-0105-aba2ba0ce-base5541-compat/overlay/player_storage.bin" (878 bytes)
[01:15:20.527 I] Saved input bindings: <project>/harness/results/20260907-0105-aba2ba0ce-base5541-compat/overlay/input_v3.xml
[01:15:20.550 I] Quitting peacefully.
