[01:15:21.106 *] Crash handler installed
[01:15:21.182 *] Loading config file: <project>/openmw-base5541/build/OpenMW.app/Contents/Resources/openmw.cfg
[01:15:21.183 *] Loading config file: <project>/harness/config/openmw.cfg
[01:15:21.183 *] Loading config file: <project>/harness/results/20260907-0105-aba2ba0ce-base5541-compat/overlay/openmw.cfg
[01:15:21.183 *] Logs dir: <project>/harness/results/20260907-0105-aba2ba0ce-base5541-compat/overlay
[01:15:21.183 *] User data dir: <project>/harness/userdata
[01:15:21.183 *] Screenshots dir: <project>/harness/userdata/screenshots
[01:15:21.184 I] OpenMW version 0.52.0
[01:15:21.184 I] Revision: aba2ba0cec
[01:15:21.184 I] Loading settings file: <project>/openmw-base5541/build/OpenMW.app/Contents/Resources/defaults.bin
[01:15:21.184 I] Loading settings file: <project>/harness/config/settings.cfg
[01:15:21.184 I] Using default (English) font encoding.
[01:15:21.184 W] No such dir: <home>/Library/Application Support/openmw/data
[01:15:21.185 I] OSG version: 3.6.5
[01:15:21.185 I] SDL version: 2.32.10
[01:15:21.185 I] Loading shader settings file: <project>/harness/results/20260907-0105-aba2ba0ce-base5541-compat/overlay/shaders.yaml
[01:15:21.205 E] Error: Failed to read window icon, no png readerwriter found
[01:15:21.228 I] OpenGL Vendor: Apple
[01:15:21.228 I] OpenGL Renderer: Apple M5 Pro
[01:15:21.228 I] OpenGL Version: 2.1 Metal - 90.5
[01:15:21.228 W] GL_ARB_clip_control not supported: disabling reverse-z depth buffer
[01:15:21.228 I] Adding BSA archive <project>/Morrowind/Data Files/Morrowind.bsa
[01:15:21.229 I] Adding BSA archive <project>/Morrowind/Data Files/Tribunal.bsa
[01:15:21.229 I] Adding BSA archive <project>/Morrowind/Data Files/Bloodmoon.bsa
[01:15:21.229 I] Adding data directory <project>/openmw-base5541/build/OpenMW.app/Contents/Resources/../Resources/resources/vfs
[01:15:21.230 I] Adding data directory <project>/openmw-base5541/build/OpenMW.app/Contents/Resources/../Resources/resources/vfs-mw
[01:15:21.230 I] Adding data directory <project>/Morrowind/Data Files
[01:15:21.246 I] Adding data directory <project>/harness/mod
[01:15:21.250 I] Preferred locales: gmst en
[01:15:21.250 I] Initializing LuaUtil::LuaState without profiler
[01:15:21.251 I] Lua version: Lua 5.1.4 (LuaJIT 2.1.1767980792)
[01:15:21.251 I] Loading keybindings file: <project>/harness/results/20260907-0105-aba2ba0ce-base5541-compat/overlay/input_v3.xml
[01:15:21.251 I] Loading TrueType font file fonts/mysticcards.omwfont
[01:15:21.253 I] Loading TrueType font file fonts/demonicletters.omwfont
[01:15:21.254 I] Loading TrueType font file fonts/dejavulgcsansmono.omwfont
[01:15:21.263 I] Sound disabled.
[01:15:21.264 I] Loading Lua storage "<project>/harness/results/20260907-0105-aba2ba0ce-base5541-compat/overlay/global_storage.bin" (140 bytes)
[01:15:21.264 I] Loading Lua storage "<project>/harness/results/20260907-0105-aba2ba0ce-base5541-compat/overlay/player_storage.bin" (878 bytes)
[01:15:21.266 I] Loading content file builtin.omwscripts
[01:15:21.266 I] Loading content file Morrowind.esm
[01:15:21.266 E] Error loading splash/splash_bonelord.tga: no readerwriter for 'tga' found
[01:15:21.416 I] Loading content file Tribunal.esm
[01:15:21.436 I] Loading content file Bloodmoon.esm
[01:15:21.461 I] Loading content file bench.omwscripts
[01:15:21.461 V] Lua scripts configuration (42 scripts):
[01:15:21.461 V] #0 MENU PLAYER : scripts/omw/mwui/init.lua
[01:15:21.461 V] #1 MENU : scripts/omw/settings/menu.lua
[01:15:21.461 V] #2 PLAYER : scripts/omw/settings/player.lua
[01:15:21.461 V] #3 GLOBAL : scripts/omw/settings/global.lua
[01:15:21.461 V] #4 GLOBAL : scripts/omw/activationhandlers.lua
[01:15:21.461 V] #5 GLOBAL : scripts/omw/usehandlers.lua
[01:15:21.461 V] #6 GLOBAL : scripts/omw/worldeventhandlers.lua
[01:15:21.461 V] #7 GLOBAL : scripts/omw/crimes.lua
[01:15:21.461 V] #8 PLAYER CREATURE NPC : scripts/omw/mechanics/animationcontroller.lua
[01:15:21.461 V] #9 PLAYER : scripts/omw/skillhandlers.lua
[01:15:21.461 V] #10 PLAYER : scripts/omw/mechanics/playercontroller.lua
[01:15:21.461 V] #11 MENU : scripts/omw/camera/settings.lua
[01:15:21.461 V] #12 MENU : scripts/omw/input/settings.lua
[01:15:21.461 V] #13 PLAYER : scripts/omw/input/playercontrols.lua
[01:15:21.461 V] #14 PLAYER : scripts/omw/camera/camera.lua
[01:15:21.461 V] #15 PLAYER : scripts/omw/input/actionbindings.lua
[01:15:21.461 V] #16 PLAYER : scripts/omw/input/smoothmovement.lua
[01:15:21.461 V] #17 PLAYER : scripts/omw/input/gamepadcontrols.lua
[01:15:21.461 V] #18 NPC CREATURE : scripts/omw/ai.lua
[01:15:21.461 V] #19 GLOBAL : scripts/omw/mechanics/globalcontroller.lua
[01:15:21.461 V] #20 PLAYER CREATURE NPC : scripts/omw/mechanics/actorcontroller.lua
[01:15:21.461 V] #21 PLAYER NPC CREATURE : scripts/omw/combat/interface_local.lua
[01:15:21.461 V] #22 GLOBAL : scripts/omw/combat/interface_global.lua
[01:15:21.461 V] #23 PLAYER CREATURE NPC : scripts/omw/spellcasting/interface_local.lua
[01:15:21.461 V] #24 PLAYER : scripts/omw/ui.lua
[01:15:21.461 V] #25 MENU : scripts/omw/console/menu.lua
[01:15:21.461 V] #26 PLAYER : scripts/omw/console/player.lua
[01:15:21.461 V] #27 GLOBAL : scripts/omw/console/global.lua
[01:15:21.461 V] #28 CUSTOM : scripts/omw/console/local.lua
[01:15:21.461 V] #29 NPC CREATURE : scripts/omw/music/actor.lua
[01:15:21.461 V] #30 GLOBAL : scripts/omw/cellhandlers.lua
[01:15:21.461 V] #31 GLOBAL : scripts/omw/combat/global.lua
[01:15:21.461 V] #32 PLAYER : scripts/omw/combat/settingspage.lua
[01:15:21.461 V] #33 PLAYER NPC CREATURE : scripts/omw/combat/local.lua
[01:15:21.461 V] #34 PLAYER : scripts/omw/music/music.lua
[01:15:21.461 V] #35 MENU : scripts/omw/music/settings.lua
[01:15:21.461 V] #36 PLAYER : scripts/omw/playerskillhandlers.lua
[01:15:21.461 V] #37 LOAD : scripts/omw/esmfallbacks.lua
[01:15:21.461 V] #38 PLAYER CREATURE NPC : scripts/omw/spellcasting/local.lua
[01:15:21.461 V] #39 DOOR CONTAINER : scripts/omw/spellcasting/lockable.lua
[01:15:21.461 V] #40 GLOBAL : scripts/bench/global.lua
[01:15:21.461 V] #41 PLAYER : scripts/bench/player.lua
[01:15:21.472 V] Enchantment "test magic axe": dropping unexpected skill argument of "FortifyMaximumMagicka" effect
[01:15:21.544 I] Using 1 async physics threads
[01:15:21.544 I] Using <project>/harness/userdata/navmesh.db to store navigation mesh cache
[01:15:21.544 W] Idle thread priority is not supported on this system
[01:15:21.544 I] Reserving texture units for shadow maps: 13..15
[01:15:21.545 I] Reserving texture unit for opaque depth texture: 12
[01:15:21.545 I] Reserving texture unit for opaque color texture: 11
[01:15:21.545 V] Disabling Multiview (disabled by config)
[01:15:21.549 V] Language file "l10n/Interface/gmst.yaml" is enabled
[01:15:21.549 V] Language file "l10n/Interface/en.yaml" is enabled
[01:15:21.557 V] Language file "l10n/OMWEngine/gmst.yaml" is enabled
[01:15:21.558 V] Language file "l10n/OMWEngine/en.yaml" is enabled
[01:15:21.568 V] Language file "l10n/OMWShaders/en.yaml" is enabled
[01:15:21.576 V] Language file "l10n/OMWCamera/en.yaml" is enabled
[01:15:21.577 V] Language file "l10n/OMWControls/en.yaml" is enabled
[01:15:21.577 V] Language file "l10n/interface/gmst.yaml" is enabled
[01:15:21.577 V] Language file "l10n/interface/en.yaml" is enabled
[01:15:21.577 V] Language file "l10n/Calendar/gmst.yaml" is enabled
[01:15:21.578 V] Language file "l10n/Calendar/en.yaml" is enabled
[01:15:21.578 V] Language file "l10n/OMWMusic/en.yaml" is enabled
[01:15:21.578 I] OSG stats will be written to: <project>/harness/results/20260907-0105-aba2ba0ce-base5541-compat/aldruhn-r3-stats.txt
[01:15:21.583 I] Starting a new game
[01:15:21.585 E] Error loading splash/splash_kwamawarrior.tga: no readerwriter for 'tga' found
[01:15:21.588 V] Language file "l10n/Mechanics/gmst.yaml" is enabled
[01:15:21.610 E] Error loading splash/splash_clanndaddy.tga: no readerwriter for 'tga' found
[01:15:21.610 I] Loading cell Ald-ruhn (-2, 7)
[01:15:21.626 I] Loading cell Ald-ruhn (-2, 6)
[01:15:21.650 I] Loading cell Ashlands Region (-1, 7)
[01:15:21.655 I] Loading cell Ashlands Region (-3, 7)
[01:15:21.660 I] Loading cell Ashlands Region (-2, 8)
[01:15:21.660 I] Loading cell Ashlands Region (-1, 6)
[01:15:21.666 I] Loading cell Ald-ruhn (-3, 6)
[01:15:21.668 V] Controller R2_Claw02 present more than once in meshes/r/xsiltstrider.kf, ignoring later version
[01:15:21.672 I] Loading cell Ashlands Region (-1, 8)
[01:15:21.677 I] Loading cell Ashlands Region (-3, 8)
[01:15:21.680 V] Language file "l10n/OMWCombat/en.yaml" is enabled
[01:15:21.693 I] Warning: OutsideBanner line 38, column 6 (endif): endif without matching if/elseif
[01:15:21.710 I] Global[scripts/bench/global.lua]:	BENCH station=aldruhn startcell="ald-ruhn" frame=1
[01:15:21.747 I] Unloading cell Ashlands Region (-3, 8)
[01:15:21.748 I] Unloading cell Ashlands Region (-2, 8)
[01:15:21.748 I] Unloading cell Ashlands Region (-1, 8)
[01:15:21.748 I] Loading cell Buckmoth Legion Fort (-2, 5)
[01:15:21.761 I] Loading cell Ashlands Region (-1, 5)
[01:15:21.763 I] Loading cell Ashlands Region (-3, 5)
[01:15:21.775 I] L@0x1[scripts/bench/player.lua]:	BENCH camera station=aldruhn yaw=330 pitch=14
[01:15:22.020 I] Global[scripts/bench/global.lua]:	BENCH station=aldruhn ready frame=40 simtime=0.33
[01:16:15.074 I] Saving shader settings file: <project>/harness/results/20260907-0105-aba2ba0ce-base5541-compat/overlay/shaders.yaml
[01:16:15.075 I] Saving Lua storage "<project>/harness/results/20260907-0105-aba2ba0ce-base5541-compat/overlay/global_storage.bin" (140 bytes)
[01:16:15.075 I] Saving Lua storage "<project>/harness/results/20260907-0105-aba2ba0ce-base5541-compat/overlay/player_storage.bin" (878 bytes)
[01:16:15.107 I] Saved input bindings: <project>/harness/results/20260907-0105-aba2ba0ce-base5541-compat/overlay/input_v3.xml
[01:16:15.129 I] Quitting peacefully.
