[01:11:42.769 *] Crash handler installed
[01:11:42.841 *] Loading config file: <project>/openmw-base5541/build/OpenMW.app/Contents/Resources/openmw.cfg
[01:11:42.841 *] Loading config file: <project>/harness/config/openmw.cfg
[01:11:42.842 *] Loading config file: <project>/harness/results/20260907-0105-aba2ba0ce-base5541-compat/overlay/openmw.cfg
[01:11:42.842 *] Logs dir: <project>/harness/results/20260907-0105-aba2ba0ce-base5541-compat/overlay
[01:11:42.842 *] User data dir: <project>/harness/userdata
[01:11:42.842 *] Screenshots dir: <project>/harness/userdata/screenshots
[01:11:42.842 I] OpenMW version 0.52.0
[01:11:42.842 I] Revision: aba2ba0cec
[01:11:42.842 I] Loading settings file: <project>/openmw-base5541/build/OpenMW.app/Contents/Resources/defaults.bin
[01:11:42.843 I] Loading settings file: <project>/harness/config/settings.cfg
[01:11:42.843 I] Using default (English) font encoding.
[01:11:42.843 W] No such dir: <home>/Library/Application Support/openmw/data
[01:11:42.843 I] OSG version: 3.6.5
[01:11:42.843 I] SDL version: 2.32.10
[01:11:42.843 I] Loading shader settings file: <project>/harness/results/20260907-0105-aba2ba0ce-base5541-compat/overlay/shaders.yaml
[01:11:42.869 E] Error: Failed to read window icon, no png readerwriter found
[01:11:42.892 I] OpenGL Vendor: Apple
[01:11:42.892 I] OpenGL Renderer: Apple M5 Pro
[01:11:42.892 I] OpenGL Version: 2.1 Metal - 90.5
[01:11:42.892 W] GL_ARB_clip_control not supported: disabling reverse-z depth buffer
[01:11:42.893 I] Adding BSA archive <project>/Morrowind/Data Files/Morrowind.bsa
[01:11:42.894 I] Adding BSA archive <project>/Morrowind/Data Files/Tribunal.bsa
[01:11:42.894 I] Adding BSA archive <project>/Morrowind/Data Files/Bloodmoon.bsa
[01:11:42.894 I] Adding data directory <project>/openmw-base5541/build/OpenMW.app/Contents/Resources/../Resources/resources/vfs
[01:11:42.895 I] Adding data directory <project>/openmw-base5541/build/OpenMW.app/Contents/Resources/../Resources/resources/vfs-mw
[01:11:42.895 I] Adding data directory <project>/Morrowind/Data Files
[01:11:42.911 I] Adding data directory <project>/harness/mod
[01:11:42.916 I] Preferred locales: gmst en
[01:11:42.916 I] Initializing LuaUtil::LuaState without profiler
[01:11:42.916 I] Lua version: Lua 5.1.4 (LuaJIT 2.1.1767980792)
[01:11:42.916 I] Loading keybindings file: <project>/harness/results/20260907-0105-aba2ba0ce-base5541-compat/overlay/input_v3.xml
[01:11:42.916 I] Loading TrueType font file fonts/mysticcards.omwfont
[01:11:42.919 I] Loading TrueType font file fonts/demonicletters.omwfont
[01:11:42.920 I] Loading TrueType font file fonts/dejavulgcsansmono.omwfont
[01:11:42.929 I] Sound disabled.
[01:11:42.929 I] Loading Lua storage "<project>/harness/results/20260907-0105-aba2ba0ce-base5541-compat/overlay/global_storage.bin" (140 bytes)
[01:11:42.930 I] Loading Lua storage "<project>/harness/results/20260907-0105-aba2ba0ce-base5541-compat/overlay/player_storage.bin" (878 bytes)
[01:11:42.932 I] Loading content file builtin.omwscripts
[01:11:42.932 I] Loading content file Morrowind.esm
[01:11:42.932 E] Error loading splash/splash_siltstriker.tga: no readerwriter for 'tga' found
[01:11:43.087 I] Loading content file Tribunal.esm
[01:11:43.107 I] Loading content file Bloodmoon.esm
[01:11:43.133 I] Loading content file bench.omwscripts
[01:11:43.133 V] Lua scripts configuration (42 scripts):
[01:11:43.133 V] #0 MENU PLAYER : scripts/omw/mwui/init.lua
[01:11:43.133 V] #1 MENU : scripts/omw/settings/menu.lua
[01:11:43.133 V] #2 PLAYER : scripts/omw/settings/player.lua
[01:11:43.133 V] #3 GLOBAL : scripts/omw/settings/global.lua
[01:11:43.133 V] #4 GLOBAL : scripts/omw/activationhandlers.lua
[01:11:43.133 V] #5 GLOBAL : scripts/omw/usehandlers.lua
[01:11:43.133 V] #6 GLOBAL : scripts/omw/worldeventhandlers.lua
[01:11:43.133 V] #7 GLOBAL : scripts/omw/crimes.lua
[01:11:43.133 V] #8 PLAYER CREATURE NPC : scripts/omw/mechanics/animationcontroller.lua
[01:11:43.133 V] #9 PLAYER : scripts/omw/skillhandlers.lua
[01:11:43.133 V] #10 PLAYER : scripts/omw/mechanics/playercontroller.lua
[01:11:43.133 V] #11 MENU : scripts/omw/camera/settings.lua
[01:11:43.133 V] #12 MENU : scripts/omw/input/settings.lua
[01:11:43.133 V] #13 PLAYER : scripts/omw/input/playercontrols.lua
[01:11:43.133 V] #14 PLAYER : scripts/omw/camera/camera.lua
[01:11:43.133 V] #15 PLAYER : scripts/omw/input/actionbindings.lua
[01:11:43.133 V] #16 PLAYER : scripts/omw/input/smoothmovement.lua
[01:11:43.133 V] #17 PLAYER : scripts/omw/input/gamepadcontrols.lua
[01:11:43.133 V] #18 NPC CREATURE : scripts/omw/ai.lua
[01:11:43.133 V] #19 GLOBAL : scripts/omw/mechanics/globalcontroller.lua
[01:11:43.133 V] #20 PLAYER CREATURE NPC : scripts/omw/mechanics/actorcontroller.lua
[01:11:43.133 V] #21 PLAYER NPC CREATURE : scripts/omw/combat/interface_local.lua
[01:11:43.133 V] #22 GLOBAL : scripts/omw/combat/interface_global.lua
[01:11:43.133 V] #23 PLAYER CREATURE NPC : scripts/omw/spellcasting/interface_local.lua
[01:11:43.133 V] #24 PLAYER : scripts/omw/ui.lua
[01:11:43.133 V] #25 MENU : scripts/omw/console/menu.lua
[01:11:43.133 V] #26 PLAYER : scripts/omw/console/player.lua
[01:11:43.133 V] #27 GLOBAL : scripts/omw/console/global.lua
[01:11:43.133 V] #28 CUSTOM : scripts/omw/console/local.lua
[01:11:43.133 V] #29 NPC CREATURE : scripts/omw/music/actor.lua
[01:11:43.133 V] #30 GLOBAL : scripts/omw/cellhandlers.lua
[01:11:43.133 V] #31 GLOBAL : scripts/omw/combat/global.lua
[01:11:43.133 V] #32 PLAYER : scripts/omw/combat/settingspage.lua
[01:11:43.133 V] #33 PLAYER NPC CREATURE : scripts/omw/combat/local.lua
[01:11:43.133 V] #34 PLAYER : scripts/omw/music/music.lua
[01:11:43.133 V] #35 MENU : scripts/omw/music/settings.lua
[01:11:43.133 V] #36 PLAYER : scripts/omw/playerskillhandlers.lua
[01:11:43.133 V] #37 LOAD : scripts/omw/esmfallbacks.lua
[01:11:43.133 V] #38 PLAYER CREATURE NPC : scripts/omw/spellcasting/local.lua
[01:11:43.133 V] #39 DOOR CONTAINER : scripts/omw/spellcasting/lockable.lua
[01:11:43.133 V] #40 GLOBAL : scripts/bench/global.lua
[01:11:43.133 V] #41 PLAYER : scripts/bench/player.lua
[01:11:43.144 V] Enchantment "test magic axe": dropping unexpected skill argument of "FortifyMaximumMagicka" effect
[01:11:43.216 I] Using 1 async physics threads
[01:11:43.216 I] Using <project>/harness/userdata/navmesh.db to store navigation mesh cache
[01:11:43.217 W] Idle thread priority is not supported on this system
[01:11:43.217 I] Reserving texture units for shadow maps: 13..15
[01:11:43.218 I] Reserving texture unit for opaque depth texture: 12
[01:11:43.218 I] Reserving texture unit for opaque color texture: 11
[01:11:43.218 V] Disabling Multiview (disabled by config)
[01:11:43.221 V] Language file "l10n/Interface/gmst.yaml" is enabled
[01:11:43.221 V] Language file "l10n/Interface/en.yaml" is enabled
[01:11:43.230 V] Language file "l10n/OMWEngine/gmst.yaml" is enabled
[01:11:43.231 V] Language file "l10n/OMWEngine/en.yaml" is enabled
[01:11:43.240 V] Language file "l10n/OMWShaders/en.yaml" is enabled
[01:11:43.248 V] Language file "l10n/OMWCamera/en.yaml" is enabled
[01:11:43.249 V] Language file "l10n/OMWControls/en.yaml" is enabled
[01:11:43.249 V] Language file "l10n/interface/gmst.yaml" is enabled
[01:11:43.249 V] Language file "l10n/interface/en.yaml" is enabled
[01:11:43.250 V] Language file "l10n/Calendar/gmst.yaml" is enabled
[01:11:43.250 V] Language file "l10n/Calendar/en.yaml" is enabled
[01:11:43.250 V] Language file "l10n/OMWMusic/en.yaml" is enabled
[01:11:43.250 I] OSG stats will be written to: <project>/harness/results/20260907-0105-aba2ba0ce-base5541-compat/vivec-r2-stats.txt
[01:11:43.255 I] Starting a new game
[01:11:43.261 V] Language file "l10n/Mechanics/gmst.yaml" is enabled
[01:11:43.282 E] Error loading splash/splash_clanndaddy.tga: no readerwriter for 'tga' found
[01:11:43.282 I] Loading cell Vivec, Arena (4, -11)
[01:11:43.300 I] Loading cell Vivec, Redoran (3, -11)
[01:11:43.305 I] Loading cell Vivec, Foreign Quarter (4, -10)
[01:11:43.324 I] Loading cell Vivec, St. Olms (4, -12)
[01:11:43.328 I] Loading cell Vivec, Telvanni (5, -11)
[01:11:43.332 I] Loading cell Vivec, Foreign Quarter (3, -10)
[01:11:43.338 I] Loading cell Vivec, St. Delyn (3, -12)
[01:11:43.341 I] Loading cell Vivec (5, -10)
[01:11:43.351 I] Loading cell Ascadian Isles Region (5, -12)
[01:11:43.358 V] Language file "l10n/OMWCombat/en.yaml" is enabled
[01:11:43.383 I] Global[scripts/bench/global.lua]:	BENCH station=vivec startcell="vivec, arena" frame=1
[01:11:43.466 I] L@0x1[scripts/bench/player.lua]:	BENCH camera station=vivec yaw=180 pitch=12
[01:11:43.788 I] Global[scripts/bench/global.lua]:	BENCH station=vivec ready frame=40 simtime=0.42
[01:12:36.737 I] Saving shader settings file: <project>/harness/results/20260907-0105-aba2ba0ce-base5541-compat/overlay/shaders.yaml
[01:12:36.737 I] Saving Lua storage "<project>/harness/results/20260907-0105-aba2ba0ce-base5541-compat/overlay/global_storage.bin" (140 bytes)
[01:12:36.737 I] Saving Lua storage "<project>/harness/results/20260907-0105-aba2ba0ce-base5541-compat/overlay/player_storage.bin" (878 bytes)
[01:12:36.769 I] Saved input bindings: <project>/harness/results/20260907-0105-aba2ba0ce-base5541-compat/overlay/input_v3.xml
[01:12:36.788 I] Quitting peacefully.
