[01:37:41.901 *] Crash handler installed
[01:37:41.969 *] Loading config file: <project>/openmw/build/OpenMW.app/Contents/Resources/openmw.cfg
[01:37:41.970 *] Loading config file: <project>/harness/config/openmw.cfg
[01:37:41.970 *] Loading config file: <project>/harness/results/20260906-0137-0b30e7ff4-m3-core/overlay/openmw.cfg
[01:37:41.971 *] Logs dir: <project>/harness/results/20260906-0137-0b30e7ff4-m3-core/overlay
[01:37:41.971 *] User data dir: <project>/harness/userdata
[01:37:41.971 *] Screenshots dir: <project>/harness/userdata/screenshots
[01:37:41.971 I] OpenMW version 0.52.0
[01:37:41.971 I] Revision: 0b30e7ff48
[01:37:41.971 I] Loading settings file: <project>/openmw/build/OpenMW.app/Contents/Resources/defaults.bin
[01:37:41.971 I] Loading settings file: <project>/harness/config/settings.cfg
[01:37:41.971 I] Loading settings file: <project>/harness/results/20260906-0137-0b30e7ff4-m3-core/overlay/settings.cfg
[01:37:41.972 I] Using default (English) font encoding.
[01:37:41.972 W] No such dir: <home>/Library/Application Support/openmw/data
[01:37:41.972 I] OSG version: 3.6.5
[01:37:41.972 I] SDL version: 2.32.10
[01:37:41.972 I] Loading shader settings file: <project>/harness/results/20260906-0137-0b30e7ff4-m3-core/overlay/shaders.yaml
[01:37:41.990 E] Error: Failed to read window icon, no png readerwriter found
[01:37:42.016 I] OpenGL Vendor: Apple
[01:37:42.016 I] OpenGL Renderer: Apple M5 Pro
[01:37:42.016 I] OpenGL Version: 2.1 Metal - 90.5
[01:37:42.016 W] GL_ARB_clip_control not supported: disabling reverse-z depth buffer
[01:37:42.016 I] Adding BSA archive <project>/Morrowind/Data Files/Morrowind.bsa
[01:37:42.017 I] Adding BSA archive <project>/Morrowind/Data Files/Tribunal.bsa
[01:37:42.018 I] Adding BSA archive <project>/Morrowind/Data Files/Bloodmoon.bsa
[01:37:42.018 I] Adding data directory <project>/openmw/build/OpenMW.app/Contents/Resources/../Resources/resources/vfs
[01:37:42.018 I] Adding data directory <project>/openmw/build/OpenMW.app/Contents/Resources/../Resources/resources/vfs-mw
[01:37:42.018 I] Adding data directory <project>/Morrowind/Data Files
[01:37:42.033 I] Adding data directory <project>/harness/mod
[01:37:42.037 I] Preferred locales: gmst en
[01:37:42.037 I] Initializing LuaUtil::LuaState without profiler
[01:37:42.037 I] Lua version: Lua 5.1.4 (LuaJIT 2.1.1767980792)
[01:37:42.038 I] Loading TrueType font file fonts/mysticcards.omwfont
[01:37:42.040 I] Loading TrueType font file fonts/demonicletters.omwfont
[01:37:42.041 I] Loading TrueType font file fonts/dejavulgcsansmono.omwfont
[01:37:42.051 I] Sound disabled.
[01:37:42.054 I] Loading content file builtin.omwscripts
[01:37:42.055 E] Error loading splash/splash_clanndaddy.tga: no readerwriter for 'tga' found
[01:37:42.055 I] Loading content file Morrowind.esm
[01:37:42.205 I] Loading content file Tribunal.esm
[01:37:42.224 I] Loading content file Bloodmoon.esm
[01:37:42.248 I] Loading content file bench.omwscripts
[01:37:42.248 V] Lua scripts configuration (45 scripts):
[01:37:42.248 V] #0 MENU PLAYER : scripts/omw/mwui/init.lua
[01:37:42.248 V] #1 MENU : scripts/omw/settings/menu.lua
[01:37:42.248 V] #2 PLAYER : scripts/omw/settings/player.lua
[01:37:42.248 V] #3 GLOBAL : scripts/omw/settings/global.lua
[01:37:42.248 V] #4 GLOBAL : scripts/omw/activationhandlers.lua
[01:37:42.248 V] #5 GLOBAL : scripts/omw/usehandlers.lua
[01:37:42.248 V] #6 GLOBAL : scripts/omw/worldeventhandlers.lua
[01:37:42.249 V] #7 GLOBAL : scripts/omw/crimes.lua
[01:37:42.249 V] #8 PLAYER CREATURE NPC : scripts/omw/mechanics/animationcontroller.lua
[01:37:42.249 V] #9 PLAYER : scripts/omw/skillhandlers.lua
[01:37:42.249 V] #10 PLAYER : scripts/omw/mechanics/playercontroller.lua
[01:37:42.249 V] #11 MENU : scripts/omw/camera/settings.lua
[01:37:42.249 V] #12 MENU : scripts/omw/input/settings.lua
[01:37:42.249 V] #13 PLAYER : scripts/omw/input/playercontrols.lua
[01:37:42.249 V] #14 PLAYER : scripts/omw/camera/camera.lua
[01:37:42.249 V] #15 PLAYER : scripts/omw/input/actionbindings.lua
[01:37:42.249 V] #16 PLAYER : scripts/omw/input/smoothmovement.lua
[01:37:42.249 V] #17 PLAYER : scripts/omw/input/gamepadcontrols.lua
[01:37:42.249 V] #18 NPC CREATURE : scripts/omw/ai.lua
[01:37:42.249 V] #19 GLOBAL : scripts/omw/mechanics/globalcontroller.lua
[01:37:42.249 V] #20 PLAYER CREATURE NPC : scripts/omw/mechanics/actorcontroller.lua
[01:37:42.249 V] #21 PLAYER NPC CREATURE : scripts/omw/combat/interface_local.lua
[01:37:42.249 V] #22 GLOBAL : scripts/omw/combat/interface_global.lua
[01:37:42.249 V] #23 PLAYER CREATURE NPC : scripts/omw/spellcasting/interface_local.lua
[01:37:42.249 V] #24 GLOBAL : scripts/omw/spellcasting/interface_global.lua
[01:37:42.249 V] #25 GLOBAL : scripts/omw/mechanics/projectiles.lua
[01:37:42.249 V] #26 PLAYER : scripts/omw/ui.lua
[01:37:42.249 V] #27 MENU : scripts/omw/console/menu.lua
[01:37:42.249 V] #28 PLAYER : scripts/omw/console/player.lua
[01:37:42.249 V] #29 GLOBAL : scripts/omw/console/global.lua
[01:37:42.249 V] #30 CUSTOM : scripts/omw/console/local.lua
[01:37:42.249 V] #31 NPC CREATURE : scripts/omw/music/actor.lua
[01:37:42.249 V] #32 GLOBAL : scripts/omw/cellhandlers.lua
[01:37:42.249 V] #33 GLOBAL : scripts/omw/combat/global.lua
[01:37:42.249 V] #34 PLAYER : scripts/omw/combat/settingspage.lua
[01:37:42.249 V] #35 PLAYER NPC CREATURE : scripts/omw/combat/local.lua
[01:37:42.249 V] #36 PLAYER : scripts/omw/music/music.lua
[01:37:42.249 V] #37 MENU : scripts/omw/music/settings.lua
[01:37:42.249 V] #38 PLAYER : scripts/omw/playerskillhandlers.lua
[01:37:42.249 V] #39 LOAD : scripts/omw/esmfallbacks.lua
[01:37:42.249 V] #40 PLAYER CREATURE NPC : scripts/omw/spellcasting/local.lua
[01:37:42.249 V] #41 DOOR CONTAINER : scripts/omw/spellcasting/lockable.lua
[01:37:42.249 V] #42 GLOBAL : scripts/omw/spellcasting/global.lua
[01:37:42.249 V] #43 GLOBAL : scripts/bench/global.lua
[01:37:42.249 V] #44 PLAYER : scripts/bench/player.lua
[01:37:42.259 V] Enchantment "test magic axe": dropping unexpected skill argument of "FortifyMaximumMagicka" effect
[01:37:42.330 I] Using 1 async physics threads
[01:37:42.331 I] Using <project>/harness/userdata/navmesh.db to store navigation mesh cache
[01:37:42.331 V] Using idle priority for thread=0x16db27000
[01:37:42.331 I] Reserving texture units for shadow maps: 13..15
[01:37:42.332 I] Reserving texture unit for opaque depth texture: 12
[01:37:42.332 I] Reserving texture unit for opaque color texture: 11
[01:37:42.332 V] Disabling Multiview (disabled by config)
[01:37:42.336 V] Language file "l10n/Interface/gmst.yaml" is enabled
[01:37:42.336 V] Language file "l10n/Interface/en.yaml" is enabled
[01:37:42.345 V] Language file "l10n/OMWEngine/gmst.yaml" is enabled
[01:37:42.346 V] Language file "l10n/OMWEngine/en.yaml" is enabled
[01:37:42.355 V] Language file "l10n/OMWShaders/en.yaml" is enabled
[01:37:42.363 V] Language file "l10n/OMWCamera/en.yaml" is enabled
[01:37:42.364 V] Language file "l10n/OMWControls/en.yaml" is enabled
[01:37:42.364 V] Language file "l10n/interface/gmst.yaml" is enabled
[01:37:42.365 V] Language file "l10n/interface/en.yaml" is enabled
[01:37:42.365 V] Language file "l10n/Calendar/gmst.yaml" is enabled
[01:37:42.365 V] Language file "l10n/Calendar/en.yaml" is enabled
[01:37:42.365 V] Language file "l10n/OMWMusic/en.yaml" is enabled
[01:37:42.365 I] OSG stats will be written to: <project>/harness/results/20260906-0137-0b30e7ff4-m3-core/seyda-r1-stats.txt
[01:37:42.370 I] Starting a new game
[01:37:42.373 V] Language file "l10n/Mechanics/gmst.yaml" is enabled
[01:37:42.373 E] Error loading splash/splash_netch.tga: no readerwriter for 'tga' found
[01:37:42.398 E] Error loading splash/splash_spherecenturion.tga: no readerwriter for 'tga' found
[01:37:42.398 I] Loading cell Seyda Neen (-2, -9)
[01:37:42.403 V] Controller R2_Claw02 present more than once in meshes/r/xsiltstrider.kf, ignoring later version
[01:37:42.439 I] Loading cell Bitter Coast Region (-2, -8)
[01:37:42.447 I] Loading cell Bitter Coast Region (-1, -9)
[01:37:42.455 I] Loading cell Bitter Coast Region (-3, -9)
[01:37:42.465 I] Loading cell Seyda Neen (-2, -10)
[01:37:42.465 I] Warning: lookoutScript[local variables] line 41, column 37 (=): invalid operator =, treating it as ==
[01:37:42.469 I] Loading cell Ascadian Isles Region (-1, -8)
[01:37:42.482 I] Loading cell Bitter Coast Region (-3, -8)
[01:37:42.485 I] Loading cell Bitter Coast Region (-1, -10)
[01:37:42.487 I] Loading cell Bitter Coast Region (-3, -10)
[01:37:42.492 V] Language file "l10n/OMWCombat/en.yaml" is enabled
[01:37:42.505 I] AiTravel: -8914, -73093, 126
[01:37:42.505 I] Warning: lookoutScript line 41, column 37 (=): invalid operator =, treating it as ==
[01:37:42.505 I] Warning: fallingScript line 46, column 6 (endif): endif without matching if/elseif
[01:37:42.525 I] Global[scripts/bench/global.lua]:	BENCH station=seyda startcell="seyda neen" frame=1
[01:37:42.607 I] L@0x1[scripts/bench/player.lua]:	BENCH camera station=seyda yaw=160 pitch=4
[01:37:42.905 I] Global[scripts/bench/global.lua]:	BENCH station=seyda ready frame=40 simtime=0.40
[01:38:12.042 I] Saving shader settings file: <project>/harness/results/20260906-0137-0b30e7ff4-m3-core/overlay/shaders.yaml
[01:38:12.042 I] Saving Lua storage "<project>/harness/results/20260906-0137-0b30e7ff4-m3-core/overlay/global_storage.bin" (140 bytes)
[01:38:12.042 I] Saving Lua storage "<project>/harness/results/20260906-0137-0b30e7ff4-m3-core/overlay/player_storage.bin" (878 bytes)
[01:38:12.078 I] Saved input bindings: <project>/harness/results/20260906-0137-0b30e7ff4-m3-core/overlay/input_v3.xml
[01:38:12.103 I] Quitting peacefully.
