[01:27:46.426 *] Crash handler installed
[01:27:46.487 *] Loading config file: <project>/openmw/build/OpenMW.app/Contents/Resources/openmw.cfg
[01:27:46.488 *] Loading config file: <project>/harness/config/openmw.cfg
[01:27:46.488 *] Loading config file: <project>/harness/results/20260906-0127-0b30e7ff4-m3-compat/overlay/openmw.cfg
[01:27:46.488 *] Logs dir: <project>/harness/results/20260906-0127-0b30e7ff4-m3-compat/overlay
[01:27:46.488 *] User data dir: <project>/harness/userdata
[01:27:46.488 *] Screenshots dir: <project>/harness/userdata/screenshots
[01:27:46.488 I] OpenMW version 0.52.0
[01:27:46.488 I] Revision: 0b30e7ff48
[01:27:46.489 I] Loading settings file: <project>/openmw/build/OpenMW.app/Contents/Resources/defaults.bin
[01:27:46.489 I] Loading settings file: <project>/harness/config/settings.cfg
[01:27:46.489 I] Loading settings file: <project>/harness/results/20260906-0127-0b30e7ff4-m3-compat/overlay/settings.cfg
[01:27:46.489 W] int [Game] actors processing range setting value is out of allowed values set: 14336, sanitized to 7168
[01:27:46.489 I] Using default (English) font encoding.
[01:27:46.489 W] No such dir: <home>/Library/Application Support/openmw/data
[01:27:46.490 I] OSG version: 3.6.5
[01:27:46.490 I] SDL version: 2.32.10
[01:27:46.490 I] Loading shader settings file: <project>/harness/results/20260906-0127-0b30e7ff4-m3-compat/overlay/shaders.yaml
[01:27:46.509 E] Error: Failed to read window icon, no png readerwriter found
[01:27:46.532 I] OpenGL Vendor: Apple
[01:27:46.532 I] OpenGL Renderer: Apple M5 Pro
[01:27:46.532 I] OpenGL Version: 2.1 Metal - 90.5
[01:27:46.532 W] GL_ARB_clip_control not supported: disabling reverse-z depth buffer
[01:27:46.532 I] Adding BSA archive <project>/Morrowind/Data Files/Morrowind.bsa
[01:27:46.533 I] Adding BSA archive <project>/Morrowind/Data Files/Tribunal.bsa
[01:27:46.533 I] Adding BSA archive <project>/Morrowind/Data Files/Bloodmoon.bsa
[01:27:46.534 I] Adding data directory <project>/openmw/build/OpenMW.app/Contents/Resources/../Resources/resources/vfs
[01:27:46.534 I] Adding data directory <project>/openmw/build/OpenMW.app/Contents/Resources/../Resources/resources/vfs-mw
[01:27:46.534 I] Adding data directory <project>/Morrowind/Data Files
[01:27:46.548 I] Adding data directory <project>/harness/mod
[01:27:46.553 I] Preferred locales: gmst en
[01:27:46.553 I] Initializing LuaUtil::LuaState without profiler
[01:27:46.553 I] Lua version: Lua 5.1.4 (LuaJIT 2.1.1767980792)
[01:27:46.553 I] Loading keybindings file: <project>/harness/results/20260906-0127-0b30e7ff4-m3-compat/overlay/input_v3.xml
[01:27:46.553 I] Loading TrueType font file fonts/mysticcards.omwfont
[01:27:46.555 I] Loading TrueType font file fonts/demonicletters.omwfont
[01:27:46.556 I] Loading TrueType font file fonts/dejavulgcsansmono.omwfont
[01:27:46.568 I] Sound disabled.
[01:27:46.569 I] Loading Lua storage "<project>/harness/results/20260906-0127-0b30e7ff4-m3-compat/overlay/global_storage.bin" (140 bytes)
[01:27:46.569 I] Loading Lua storage "<project>/harness/results/20260906-0127-0b30e7ff4-m3-compat/overlay/player_storage.bin" (878 bytes)
[01:27:46.571 I] Loading content file builtin.omwscripts
[01:27:46.572 E] Error loading splash/splash_kwamawarrior.tga: no readerwriter for 'tga' found
[01:27:46.572 I] Loading content file Morrowind.esm
[01:27:46.716 I] Loading content file Tribunal.esm
[01:27:46.735 I] Loading content file Bloodmoon.esm
[01:27:46.757 I] Loading content file bench.omwscripts
[01:27:46.757 V] Lua scripts configuration (45 scripts):
[01:27:46.757 V] #0 MENU PLAYER : scripts/omw/mwui/init.lua
[01:27:46.757 V] #1 MENU : scripts/omw/settings/menu.lua
[01:27:46.757 V] #2 PLAYER : scripts/omw/settings/player.lua
[01:27:46.757 V] #3 GLOBAL : scripts/omw/settings/global.lua
[01:27:46.757 V] #4 GLOBAL : scripts/omw/activationhandlers.lua
[01:27:46.757 V] #5 GLOBAL : scripts/omw/usehandlers.lua
[01:27:46.757 V] #6 GLOBAL : scripts/omw/worldeventhandlers.lua
[01:27:46.757 V] #7 GLOBAL : scripts/omw/crimes.lua
[01:27:46.757 V] #8 PLAYER CREATURE NPC : scripts/omw/mechanics/animationcontroller.lua
[01:27:46.757 V] #9 PLAYER : scripts/omw/skillhandlers.lua
[01:27:46.757 V] #10 PLAYER : scripts/omw/mechanics/playercontroller.lua
[01:27:46.757 V] #11 MENU : scripts/omw/camera/settings.lua
[01:27:46.757 V] #12 MENU : scripts/omw/input/settings.lua
[01:27:46.757 V] #13 PLAYER : scripts/omw/input/playercontrols.lua
[01:27:46.757 V] #14 PLAYER : scripts/omw/camera/camera.lua
[01:27:46.757 V] #15 PLAYER : scripts/omw/input/actionbindings.lua
[01:27:46.757 V] #16 PLAYER : scripts/omw/input/smoothmovement.lua
[01:27:46.757 V] #17 PLAYER : scripts/omw/input/gamepadcontrols.lua
[01:27:46.757 V] #18 NPC CREATURE : scripts/omw/ai.lua
[01:27:46.757 V] #19 GLOBAL : scripts/omw/mechanics/globalcontroller.lua
[01:27:46.757 V] #20 PLAYER CREATURE NPC : scripts/omw/mechanics/actorcontroller.lua
[01:27:46.757 V] #21 PLAYER NPC CREATURE : scripts/omw/combat/interface_local.lua
[01:27:46.757 V] #22 GLOBAL : scripts/omw/combat/interface_global.lua
[01:27:46.757 V] #23 PLAYER CREATURE NPC : scripts/omw/spellcasting/interface_local.lua
[01:27:46.757 V] #24 GLOBAL : scripts/omw/spellcasting/interface_global.lua
[01:27:46.757 V] #25 GLOBAL : scripts/omw/mechanics/projectiles.lua
[01:27:46.757 V] #26 PLAYER : scripts/omw/ui.lua
[01:27:46.757 V] #27 MENU : scripts/omw/console/menu.lua
[01:27:46.757 V] #28 PLAYER : scripts/omw/console/player.lua
[01:27:46.757 V] #29 GLOBAL : scripts/omw/console/global.lua
[01:27:46.757 V] #30 CUSTOM : scripts/omw/console/local.lua
[01:27:46.757 V] #31 NPC CREATURE : scripts/omw/music/actor.lua
[01:27:46.757 V] #32 GLOBAL : scripts/omw/cellhandlers.lua
[01:27:46.757 V] #33 GLOBAL : scripts/omw/combat/global.lua
[01:27:46.757 V] #34 PLAYER : scripts/omw/combat/settingspage.lua
[01:27:46.757 V] #35 PLAYER NPC CREATURE : scripts/omw/combat/local.lua
[01:27:46.757 V] #36 PLAYER : scripts/omw/music/music.lua
[01:27:46.757 V] #37 MENU : scripts/omw/music/settings.lua
[01:27:46.757 V] #38 PLAYER : scripts/omw/playerskillhandlers.lua
[01:27:46.757 V] #39 LOAD : scripts/omw/esmfallbacks.lua
[01:27:46.757 V] #40 PLAYER CREATURE NPC : scripts/omw/spellcasting/local.lua
[01:27:46.757 V] #41 DOOR CONTAINER : scripts/omw/spellcasting/lockable.lua
[01:27:46.757 V] #42 GLOBAL : scripts/omw/spellcasting/global.lua
[01:27:46.757 V] #43 GLOBAL : scripts/bench/global.lua
[01:27:46.757 V] #44 PLAYER : scripts/bench/player.lua
[01:27:46.767 V] Enchantment "test magic axe": dropping unexpected skill argument of "FortifyMaximumMagicka" effect
[01:27:46.832 I] Using 1 async physics threads
[01:27:46.832 I] Using <project>/harness/userdata/navmesh.db to store navigation mesh cache
[01:27:46.833 V] Using idle priority for thread=0x1701fb000
[01:27:46.833 I] Reserving texture units for shadow maps: 13..15
[01:27:46.834 I] Reserving texture unit for opaque depth texture: 12
[01:27:46.834 I] Reserving texture unit for opaque color texture: 11
[01:27:46.834 V] Disabling Multiview (disabled by config)
[01:27:46.837 I] Initialized fallback fragment shader pipeline for water ripples
[01:27:46.837 E] Error loading textures/omw/water_nm.png: no readerwriter for 'png' found
[01:27:46.838 V] Language file "l10n/Interface/gmst.yaml" is enabled
[01:27:46.838 V] Language file "l10n/Interface/en.yaml" is enabled
[01:27:46.846 V] Language file "l10n/OMWEngine/gmst.yaml" is enabled
[01:27:46.847 V] Language file "l10n/OMWEngine/en.yaml" is enabled
[01:27:46.856 V] Language file "l10n/OMWShaders/en.yaml" is enabled
[01:27:46.863 V] Language file "l10n/OMWCamera/en.yaml" is enabled
[01:27:46.864 V] Language file "l10n/OMWControls/en.yaml" is enabled
[01:27:46.864 V] Language file "l10n/interface/gmst.yaml" is enabled
[01:27:46.865 V] Language file "l10n/interface/en.yaml" is enabled
[01:27:46.865 V] Language file "l10n/Calendar/gmst.yaml" is enabled
[01:27:46.865 V] Language file "l10n/Calendar/en.yaml" is enabled
[01:27:46.865 V] Language file "l10n/OMWMusic/en.yaml" is enabled
[01:27:46.865 I] OSG stats will be written to: <project>/harness/results/20260906-0127-0b30e7ff4-m3-compat/ui-r1-stats.txt
[01:27:46.870 I] Starting a new game
[01:27:46.872 V] Language file "l10n/Mechanics/gmst.yaml" is enabled
[01:27:46.873 E] Error loading splash/splash_siltstriker.tga: no readerwriter for 'tga' found
[01:27:46.875 I] Changing to interior
[01:27:46.875 I] Loading cell Balmora, Guild of Mages
[01:27:46.928 V] Language file "l10n/OMWCombat/en.yaml" is enabled
[01:27:46.967 I] Global[scripts/bench/global.lua]:	BENCH station=ui startcell="balmora, guild of mages" frame=1
[01:27:47.002 V] Controller R2_Claw02 present more than once in meshes/r/xsiltstrider.kf, ignoring later version
[01:27:47.040 I] L@0x1[scripts/bench/player.lua]:	BENCH camera station=ui yaw=0 pitch=0
[01:27:47.187 I] Global[scripts/bench/global.lua]:	BENCH station=ui ready frame=40 simtime=0.11
[01:28:16.575 I] Saving shader settings file: <project>/harness/results/20260906-0127-0b30e7ff4-m3-compat/overlay/shaders.yaml
[01:28:16.575 I] Saving Lua storage "<project>/harness/results/20260906-0127-0b30e7ff4-m3-compat/overlay/global_storage.bin" (140 bytes)
[01:28:16.575 I] Saving Lua storage "<project>/harness/results/20260906-0127-0b30e7ff4-m3-compat/overlay/player_storage.bin" (878 bytes)
[01:28:16.615 I] Saved input bindings: <project>/harness/results/20260906-0127-0b30e7ff4-m3-compat/overlay/input_v3.xml
[01:28:16.637 I] Quitting peacefully.
