[01:20:51.581 *] Crash handler installed
[01:20:51.656 *] Loading config file: <project>/openmw/build/OpenMW.app/Contents/Resources/openmw.cfg
[01:20:51.656 *] Loading config file: <project>/harness/config/openmw.cfg
[01:20:51.657 *] Loading config file: <project>/harness/results/20260907-0116-5247c615a-ours-compat-sameday/overlay/openmw.cfg
[01:20:51.657 *] Logs dir: <project>/harness/results/20260907-0116-5247c615a-ours-compat-sameday/overlay
[01:20:51.657 *] User data dir: <project>/harness/userdata
[01:20:51.657 *] Screenshots dir: <project>/harness/userdata/screenshots
[01:20:51.657 I] OpenMW version 0.52.0
[01:20:51.657 I] Revision: 5247c615ae
[01:20:51.657 I] Loading settings file: <project>/openmw/build/OpenMW.app/Contents/Resources/defaults.bin
[01:20:51.658 I] Loading settings file: <project>/harness/config/settings.cfg
[01:20:51.658 I] Using default (English) font encoding.
[01:20:51.658 W] No such dir: <home>/Library/Application Support/openmw/data
[01:20:51.658 I] OSG version: 3.6.5
[01:20:51.658 I] SDL version: 2.32.10
[01:20:51.658 I] Loading shader settings file: <project>/harness/results/20260907-0116-5247c615a-ours-compat-sameday/overlay/shaders.yaml
[01:20:51.684 E] Error: Failed to read window icon, no png readerwriter found
[01:20:51.708 I] OpenGL Vendor: Apple
[01:20:51.708 I] OpenGL Renderer: Apple M5 Pro
[01:20:51.708 I] OpenGL Version: 2.1 Metal - 90.5
[01:20:51.708 W] GL_ARB_clip_control not supported: disabling reverse-z depth buffer
[01:20:51.708 I] Adding BSA archive <project>/Morrowind/Data Files/Morrowind.bsa
[01:20:51.709 I] Adding BSA archive <project>/Morrowind/Data Files/Tribunal.bsa
[01:20:51.709 I] Adding BSA archive <project>/Morrowind/Data Files/Bloodmoon.bsa
[01:20:51.710 I] Adding data directory <project>/openmw/build/OpenMW.app/Contents/Resources/../Resources/resources/vfs
[01:20:51.710 I] Adding data directory <project>/openmw/build/OpenMW.app/Contents/Resources/../Resources/resources/vfs-mw
[01:20:51.710 I] Adding data directory <project>/Morrowind/Data Files
[01:20:51.725 I] Adding data directory <project>/harness/mod
[01:20:51.730 I] Preferred locales: gmst en
[01:20:51.730 I] Initializing LuaUtil::LuaState without profiler
[01:20:51.730 I] Lua version: Lua 5.1.4 (LuaJIT 2.1.1767980792)
[01:20:51.730 I] Loading keybindings file: <project>/harness/results/20260907-0116-5247c615a-ours-compat-sameday/overlay/input_v3.xml
[01:20:51.731 I] Loading TrueType font file fonts/mysticcards.omwfont
[01:20:51.733 I] Loading TrueType font file fonts/demonicletters.omwfont
[01:20:51.734 I] Loading TrueType font file fonts/dejavulgcsansmono.omwfont
[01:20:51.743 I] Sound disabled.
[01:20:51.743 I] Loading Lua storage "<project>/harness/results/20260907-0116-5247c615a-ours-compat-sameday/overlay/global_storage.bin" (140 bytes)
[01:20:51.744 I] Loading Lua storage "<project>/harness/results/20260907-0116-5247c615a-ours-compat-sameday/overlay/player_storage.bin" (878 bytes)
[01:20:51.746 I] Loading content file builtin.omwscripts
[01:20:51.746 I] Loading content file Morrowind.esm
[01:20:51.746 E] Error loading splash/splash_daedroth.tga: no readerwriter for 'tga' found
[01:20:51.904 I] Loading content file Tribunal.esm
[01:20:51.924 I] Loading content file Bloodmoon.esm
[01:20:51.949 I] Loading content file bench.omwscripts
[01:20:51.949 V] Lua scripts configuration (45 scripts):
[01:20:51.949 V] #0 MENU PLAYER : scripts/omw/mwui/init.lua
[01:20:51.949 V] #1 MENU : scripts/omw/settings/menu.lua
[01:20:51.949 V] #2 PLAYER : scripts/omw/settings/player.lua
[01:20:51.949 V] #3 GLOBAL : scripts/omw/settings/global.lua
[01:20:51.949 V] #4 GLOBAL : scripts/omw/activationhandlers.lua
[01:20:51.949 V] #5 GLOBAL : scripts/omw/usehandlers.lua
[01:20:51.949 V] #6 GLOBAL : scripts/omw/worldeventhandlers.lua
[01:20:51.950 V] #7 GLOBAL : scripts/omw/crimes.lua
[01:20:51.950 V] #8 PLAYER CREATURE NPC : scripts/omw/mechanics/animationcontroller.lua
[01:20:51.950 V] #9 PLAYER : scripts/omw/skillhandlers.lua
[01:20:51.950 V] #10 PLAYER : scripts/omw/mechanics/playercontroller.lua
[01:20:51.950 V] #11 MENU : scripts/omw/camera/settings.lua
[01:20:51.950 V] #12 MENU : scripts/omw/input/settings.lua
[01:20:51.950 V] #13 PLAYER : scripts/omw/input/playercontrols.lua
[01:20:51.950 V] #14 PLAYER : scripts/omw/camera/camera.lua
[01:20:51.950 V] #15 PLAYER : scripts/omw/input/actionbindings.lua
[01:20:51.950 V] #16 PLAYER : scripts/omw/input/smoothmovement.lua
[01:20:51.950 V] #17 PLAYER : scripts/omw/input/gamepadcontrols.lua
[01:20:51.950 V] #18 NPC CREATURE : scripts/omw/ai.lua
[01:20:51.950 V] #19 GLOBAL : scripts/omw/mechanics/globalcontroller.lua
[01:20:51.950 V] #20 PLAYER CREATURE NPC : scripts/omw/mechanics/actorcontroller.lua
[01:20:51.950 V] #21 PLAYER NPC CREATURE : scripts/omw/combat/interface_local.lua
[01:20:51.950 V] #22 GLOBAL : scripts/omw/combat/interface_global.lua
[01:20:51.950 V] #23 PLAYER CREATURE NPC : scripts/omw/spellcasting/interface_local.lua
[01:20:51.950 V] #24 GLOBAL : scripts/omw/spellcasting/interface_global.lua
[01:20:51.950 V] #25 GLOBAL : scripts/omw/mechanics/projectiles.lua
[01:20:51.950 V] #26 PLAYER : scripts/omw/ui.lua
[01:20:51.950 V] #27 MENU : scripts/omw/console/menu.lua
[01:20:51.950 V] #28 PLAYER : scripts/omw/console/player.lua
[01:20:51.950 V] #29 GLOBAL : scripts/omw/console/global.lua
[01:20:51.950 V] #30 CUSTOM : scripts/omw/console/local.lua
[01:20:51.950 V] #31 NPC CREATURE : scripts/omw/music/actor.lua
[01:20:51.950 V] #32 GLOBAL : scripts/omw/cellhandlers.lua
[01:20:51.950 V] #33 GLOBAL : scripts/omw/combat/global.lua
[01:20:51.950 V] #34 PLAYER : scripts/omw/combat/settingspage.lua
[01:20:51.950 V] #35 PLAYER NPC CREATURE : scripts/omw/combat/local.lua
[01:20:51.950 V] #36 PLAYER : scripts/omw/music/music.lua
[01:20:51.950 V] #37 MENU : scripts/omw/music/settings.lua
[01:20:51.950 V] #38 PLAYER : scripts/omw/playerskillhandlers.lua
[01:20:51.950 V] #39 LOAD : scripts/omw/esmfallbacks.lua
[01:20:51.950 V] #40 PLAYER CREATURE NPC : scripts/omw/spellcasting/local.lua
[01:20:51.950 V] #41 DOOR CONTAINER : scripts/omw/spellcasting/lockable.lua
[01:20:51.950 V] #42 GLOBAL : scripts/omw/spellcasting/global.lua
[01:20:51.950 V] #43 GLOBAL : scripts/bench/global.lua
[01:20:51.950 V] #44 PLAYER : scripts/bench/player.lua
[01:20:51.960 V] Enchantment "test magic axe": dropping unexpected skill argument of "FortifyMaximumMagicka" effect
[01:20:52.032 I] Using 1 async physics threads
[01:20:52.032 I] Using <project>/harness/userdata/navmesh.db to store navigation mesh cache
[01:20:52.033 V] Using idle priority for thread=0x16dac3000
[01:20:52.033 I] Reserving texture units for shadow maps: 13..15
[01:20:52.034 I] Reserving texture unit for opaque depth texture: 12
[01:20:52.034 I] Reserving texture unit for opaque color texture: 11
[01:20:52.034 V] Disabling Multiview (disabled by config)
[01:20:52.037 V] Language file "l10n/Interface/gmst.yaml" is enabled
[01:20:52.037 V] Language file "l10n/Interface/en.yaml" is enabled
[01:20:52.047 V] Language file "l10n/OMWEngine/gmst.yaml" is enabled
[01:20:52.048 V] Language file "l10n/OMWEngine/en.yaml" is enabled
[01:20:52.057 V] Language file "l10n/OMWShaders/en.yaml" is enabled
[01:20:52.065 V] Language file "l10n/OMWCamera/en.yaml" is enabled
[01:20:52.066 V] Language file "l10n/OMWControls/en.yaml" is enabled
[01:20:52.066 V] Language file "l10n/interface/gmst.yaml" is enabled
[01:20:52.066 V] Language file "l10n/interface/en.yaml" is enabled
[01:20:52.066 V] Language file "l10n/Calendar/gmst.yaml" is enabled
[01:20:52.067 V] Language file "l10n/Calendar/en.yaml" is enabled
[01:20:52.067 V] Language file "l10n/OMWMusic/en.yaml" is enabled
[01:20:52.067 I] OSG stats will be written to: <project>/harness/results/20260907-0116-5247c615a-ours-compat-sameday/balmora-r3-stats.txt
[01:20:52.072 I] Starting a new game
[01:20:52.074 V] Language file "l10n/Mechanics/gmst.yaml" is enabled
[01:20:52.075 E] Error loading splash/splash_skeleton.tga: no readerwriter for 'tga' found
[01:20:52.098 I] Loading cell Balmora (-2, -2)
[01:20:52.116 I] Loading cell West Gash Region (-2, -1)
[01:20:52.124 I] Loading cell West Gash Region (-1, -2)
[01:20:52.128 I] Loading cell Balmora (-3, -2)
[01:20:52.154 I] Loading cell West Gash Region (-2, -3)
[01:20:52.157 I] Loading cell West Gash Region (-1, -1)
[01:20:52.160 I] Loading cell West Gash Region (-3, -1)
[01:20:52.163 I] Loading cell Moonmoth Legion Fort (-1, -3)
[01:20:52.175 I] Loading cell Balmora (-3, -3)
[01:20:52.177 V] Controller R2_Claw02 present more than once in meshes/r/xsiltstrider.kf, ignoring later version
[01:20:52.193 V] Language file "l10n/OMWCombat/en.yaml" is enabled
[01:20:52.206 I] Warning: OutsideBanner line 38, column 6 (endif): endif without matching if/elseif
[01:20:52.221 I] Global[scripts/bench/global.lua]:	BENCH station=balmora startcell="balmora" frame=1
[01:20:52.285 I] Unloading cell West Gash Region (-3, -1)
[01:20:52.286 I] Unloading cell West Gash Region (-2, -1)
[01:20:52.286 I] Unloading cell Moonmoth Legion Fort (-1, -3)
[01:20:52.286 I] Unloading cell West Gash Region (-1, -2)
[01:20:52.286 I] Unloading cell West Gash Region (-1, -1)
[01:20:52.287 I] Loading cell West Gash Region (-4, -3)
[01:20:52.297 I] Loading cell Ascadian Isles Region (-3, -4)
[01:20:52.303 I] Loading cell Balmora (-4, -2)
[01:20:52.307 I] Loading cell Ascadian Isles Region (-2, -4)
[01:20:52.308 I] Loading cell Ascadian Isles Region (-4, -4)
[01:20:52.390 I] L@0x1[scripts/bench/player.lua]:	BENCH camera station=balmora yaw=0 pitch=2
[01:20:52.688 I] Global[scripts/bench/global.lua]:	BENCH station=balmora ready frame=40 simtime=0.48
[01:21:45.578 I] Saving shader settings file: <project>/harness/results/20260907-0116-5247c615a-ours-compat-sameday/overlay/shaders.yaml
[01:21:45.579 I] Saving Lua storage "<project>/harness/results/20260907-0116-5247c615a-ours-compat-sameday/overlay/global_storage.bin" (140 bytes)
[01:21:45.579 I] Saving Lua storage "<project>/harness/results/20260907-0116-5247c615a-ours-compat-sameday/overlay/player_storage.bin" (878 bytes)
[01:21:45.613 I] Saved input bindings: <project>/harness/results/20260907-0116-5247c615a-ours-compat-sameday/overlay/input_v3.xml
[01:21:45.632 I] Quitting peacefully.
