[01:23:35.215 *] Crash handler installed
[01:23:35.286 *] Loading config file: <project>/openmw/build/OpenMW.app/Contents/Resources/openmw.cfg
[01:23:35.287 *] Loading config file: <project>/harness/config/openmw.cfg
[01:23:35.287 *] Loading config file: <project>/harness/results/20260907-0116-5247c615a-ours-compat-sameday/overlay/openmw.cfg
[01:23:35.288 *] Logs dir: <project>/harness/results/20260907-0116-5247c615a-ours-compat-sameday/overlay
[01:23:35.288 *] User data dir: <project>/harness/userdata
[01:23:35.288 *] Screenshots dir: <project>/harness/userdata/screenshots
[01:23:35.288 I] OpenMW version 0.52.0
[01:23:35.288 I] Revision: 5247c615ae
[01:23:35.288 I] Loading settings file: <project>/openmw/build/OpenMW.app/Contents/Resources/defaults.bin
[01:23:35.288 I] Loading settings file: <project>/harness/config/settings.cfg
[01:23:35.289 I] Using default (English) font encoding.
[01:23:35.289 W] No such dir: <home>/Library/Application Support/openmw/data
[01:23:35.289 I] OSG version: 3.6.5
[01:23:35.289 I] SDL version: 2.32.10
[01:23:35.289 I] Loading shader settings file: <project>/harness/results/20260907-0116-5247c615a-ours-compat-sameday/overlay/shaders.yaml
[01:23:35.308 E] Error: Failed to read window icon, no png readerwriter found
[01:23:35.332 I] OpenGL Vendor: Apple
[01:23:35.332 I] OpenGL Renderer: Apple M5 Pro
[01:23:35.332 I] OpenGL Version: 2.1 Metal - 90.5
[01:23:35.332 W] GL_ARB_clip_control not supported: disabling reverse-z depth buffer
[01:23:35.332 I] Adding BSA archive <project>/Morrowind/Data Files/Morrowind.bsa
[01:23:35.333 I] Adding BSA archive <project>/Morrowind/Data Files/Tribunal.bsa
[01:23:35.333 I] Adding BSA archive <project>/Morrowind/Data Files/Bloodmoon.bsa
[01:23:35.334 I] Adding data directory <project>/openmw/build/OpenMW.app/Contents/Resources/../Resources/resources/vfs
[01:23:35.334 I] Adding data directory <project>/openmw/build/OpenMW.app/Contents/Resources/../Resources/resources/vfs-mw
[01:23:35.334 I] Adding data directory <project>/Morrowind/Data Files
[01:23:35.350 I] Adding data directory <project>/harness/mod
[01:23:35.355 I] Preferred locales: gmst en
[01:23:35.355 I] Initializing LuaUtil::LuaState without profiler
[01:23:35.355 I] Lua version: Lua 5.1.4 (LuaJIT 2.1.1767980792)
[01:23:35.355 I] Loading keybindings file: <project>/harness/results/20260907-0116-5247c615a-ours-compat-sameday/overlay/input_v3.xml
[01:23:35.355 I] Loading TrueType font file fonts/mysticcards.omwfont
[01:23:35.358 I] Loading TrueType font file fonts/demonicletters.omwfont
[01:23:35.359 I] Loading TrueType font file fonts/dejavulgcsansmono.omwfont
[01:23:35.369 I] Sound disabled.
[01:23:35.369 I] Loading Lua storage "<project>/harness/results/20260907-0116-5247c615a-ours-compat-sameday/overlay/global_storage.bin" (140 bytes)
[01:23:35.369 I] Loading Lua storage "<project>/harness/results/20260907-0116-5247c615a-ours-compat-sameday/overlay/player_storage.bin" (878 bytes)
[01:23:35.372 I] Loading content file builtin.omwscripts
[01:23:35.372 I] Loading content file Morrowind.esm
[01:23:35.372 E] Error loading splash/splash_kwamawarrior.tga: no readerwriter for 'tga' found
[01:23:35.529 I] Loading content file Tribunal.esm
[01:23:35.549 I] Loading content file Bloodmoon.esm
[01:23:35.576 I] Loading content file bench.omwscripts
[01:23:35.576 V] Lua scripts configuration (45 scripts):
[01:23:35.576 V] #0 MENU PLAYER : scripts/omw/mwui/init.lua
[01:23:35.576 V] #1 MENU : scripts/omw/settings/menu.lua
[01:23:35.576 V] #2 PLAYER : scripts/omw/settings/player.lua
[01:23:35.576 V] #3 GLOBAL : scripts/omw/settings/global.lua
[01:23:35.576 V] #4 GLOBAL : scripts/omw/activationhandlers.lua
[01:23:35.576 V] #5 GLOBAL : scripts/omw/usehandlers.lua
[01:23:35.576 V] #6 GLOBAL : scripts/omw/worldeventhandlers.lua
[01:23:35.576 V] #7 GLOBAL : scripts/omw/crimes.lua
[01:23:35.576 V] #8 PLAYER CREATURE NPC : scripts/omw/mechanics/animationcontroller.lua
[01:23:35.576 V] #9 PLAYER : scripts/omw/skillhandlers.lua
[01:23:35.576 V] #10 PLAYER : scripts/omw/mechanics/playercontroller.lua
[01:23:35.576 V] #11 MENU : scripts/omw/camera/settings.lua
[01:23:35.576 V] #12 MENU : scripts/omw/input/settings.lua
[01:23:35.576 V] #13 PLAYER : scripts/omw/input/playercontrols.lua
[01:23:35.576 V] #14 PLAYER : scripts/omw/camera/camera.lua
[01:23:35.576 V] #15 PLAYER : scripts/omw/input/actionbindings.lua
[01:23:35.576 V] #16 PLAYER : scripts/omw/input/smoothmovement.lua
[01:23:35.576 V] #17 PLAYER : scripts/omw/input/gamepadcontrols.lua
[01:23:35.576 V] #18 NPC CREATURE : scripts/omw/ai.lua
[01:23:35.576 V] #19 GLOBAL : scripts/omw/mechanics/globalcontroller.lua
[01:23:35.576 V] #20 PLAYER CREATURE NPC : scripts/omw/mechanics/actorcontroller.lua
[01:23:35.576 V] #21 PLAYER NPC CREATURE : scripts/omw/combat/interface_local.lua
[01:23:35.576 V] #22 GLOBAL : scripts/omw/combat/interface_global.lua
[01:23:35.576 V] #23 PLAYER CREATURE NPC : scripts/omw/spellcasting/interface_local.lua
[01:23:35.576 V] #24 GLOBAL : scripts/omw/spellcasting/interface_global.lua
[01:23:35.576 V] #25 GLOBAL : scripts/omw/mechanics/projectiles.lua
[01:23:35.576 V] #26 PLAYER : scripts/omw/ui.lua
[01:23:35.576 V] #27 MENU : scripts/omw/console/menu.lua
[01:23:35.576 V] #28 PLAYER : scripts/omw/console/player.lua
[01:23:35.576 V] #29 GLOBAL : scripts/omw/console/global.lua
[01:23:35.576 V] #30 CUSTOM : scripts/omw/console/local.lua
[01:23:35.576 V] #31 NPC CREATURE : scripts/omw/music/actor.lua
[01:23:35.576 V] #32 GLOBAL : scripts/omw/cellhandlers.lua
[01:23:35.576 V] #33 GLOBAL : scripts/omw/combat/global.lua
[01:23:35.576 V] #34 PLAYER : scripts/omw/combat/settingspage.lua
[01:23:35.576 V] #35 PLAYER NPC CREATURE : scripts/omw/combat/local.lua
[01:23:35.576 V] #36 PLAYER : scripts/omw/music/music.lua
[01:23:35.576 V] #37 MENU : scripts/omw/music/settings.lua
[01:23:35.576 V] #38 PLAYER : scripts/omw/playerskillhandlers.lua
[01:23:35.576 V] #39 LOAD : scripts/omw/esmfallbacks.lua
[01:23:35.576 V] #40 PLAYER CREATURE NPC : scripts/omw/spellcasting/local.lua
[01:23:35.576 V] #41 DOOR CONTAINER : scripts/omw/spellcasting/lockable.lua
[01:23:35.576 V] #42 GLOBAL : scripts/omw/spellcasting/global.lua
[01:23:35.576 V] #43 GLOBAL : scripts/bench/global.lua
[01:23:35.576 V] #44 PLAYER : scripts/bench/player.lua
[01:23:35.587 V] Enchantment "test magic axe": dropping unexpected skill argument of "FortifyMaximumMagicka" effect
[01:23:35.659 I] Using 1 async physics threads
[01:23:35.660 I] Using <project>/harness/userdata/navmesh.db to store navigation mesh cache
[01:23:35.660 V] Using idle priority for thread=0x16b7db000
[01:23:35.660 I] Reserving texture units for shadow maps: 13..15
[01:23:35.661 I] Reserving texture unit for opaque depth texture: 12
[01:23:35.661 I] Reserving texture unit for opaque color texture: 11
[01:23:35.661 V] Disabling Multiview (disabled by config)
[01:23:35.665 V] Language file "l10n/Interface/gmst.yaml" is enabled
[01:23:35.665 V] Language file "l10n/Interface/en.yaml" is enabled
[01:23:35.674 V] Language file "l10n/OMWEngine/gmst.yaml" is enabled
[01:23:35.675 V] Language file "l10n/OMWEngine/en.yaml" is enabled
[01:23:35.684 V] Language file "l10n/OMWShaders/en.yaml" is enabled
[01:23:35.692 V] Language file "l10n/OMWCamera/en.yaml" is enabled
[01:23:35.693 V] Language file "l10n/OMWControls/en.yaml" is enabled
[01:23:35.693 V] Language file "l10n/interface/gmst.yaml" is enabled
[01:23:35.693 V] Language file "l10n/interface/en.yaml" is enabled
[01:23:35.694 V] Language file "l10n/Calendar/gmst.yaml" is enabled
[01:23:35.694 V] Language file "l10n/Calendar/en.yaml" is enabled
[01:23:35.694 V] Language file "l10n/OMWMusic/en.yaml" is enabled
[01:23:35.694 I] OSG stats will be written to: <project>/harness/results/20260907-0116-5247c615a-ours-compat-sameday/vivec-r3-stats.txt
[01:23:35.699 I] Starting a new game
[01:23:35.702 V] Language file "l10n/Mechanics/gmst.yaml" is enabled
[01:23:35.703 E] Error loading splash/splash_spherecenturion.tga: no readerwriter for 'tga' found
[01:23:35.727 E] Error loading splash/splash_hunger.tga: no readerwriter for 'tga' found
[01:23:35.727 I] Loading cell Vivec, Arena (4, -11)
[01:23:35.741 I] Loading cell Vivec, Redoran (3, -11)
[01:23:35.747 I] Loading cell Vivec, Foreign Quarter (4, -10)
[01:23:35.761 I] Loading cell Vivec, St. Olms (4, -12)
[01:23:35.765 I] Loading cell Vivec, Telvanni (5, -11)
[01:23:35.768 I] Loading cell Vivec, Foreign Quarter (3, -10)
[01:23:35.775 I] Loading cell Vivec, St. Delyn (3, -12)
[01:23:35.779 I] Loading cell Vivec (5, -10)
[01:23:35.787 I] Loading cell Ascadian Isles Region (5, -12)
[01:23:35.795 V] Language file "l10n/OMWCombat/en.yaml" is enabled
[01:23:35.820 I] Global[scripts/bench/global.lua]:	BENCH station=vivec startcell="vivec, arena" frame=1
[01:23:35.901 I] L@0x1[scripts/bench/player.lua]:	BENCH camera station=vivec yaw=180 pitch=12
[01:23:36.209 I] Global[scripts/bench/global.lua]:	BENCH station=vivec ready frame=40 simtime=0.40
[01:24:29.208 I] Saving shader settings file: <project>/harness/results/20260907-0116-5247c615a-ours-compat-sameday/overlay/shaders.yaml
[01:24:29.209 I] Saving Lua storage "<project>/harness/results/20260907-0116-5247c615a-ours-compat-sameday/overlay/global_storage.bin" (140 bytes)
[01:24:29.209 I] Saving Lua storage "<project>/harness/results/20260907-0116-5247c615a-ours-compat-sameday/overlay/player_storage.bin" (878 bytes)
[01:24:29.243 I] Saved input bindings: <project>/harness/results/20260907-0116-5247c615a-ours-compat-sameday/overlay/input_v3.xml
[01:24:29.261 I] Quitting peacefully.
