[00:57:49.181 *] Crash handler installed
[00:57:49.266 *] Loading config file: <project>/openmw-mr5502/build/OpenMW.app/Contents/Resources/openmw.cfg
[00:57:49.266 *] Loading config file: <project>/harness/config/openmw.cfg
[00:57:49.267 *] Loading config file: <project>/harness/results/20260907-0057-c35ed1117-mr5502-core/overlay/openmw.cfg
[00:57:49.268 *] Logs dir: <project>/harness/results/20260907-0057-c35ed1117-mr5502-core/overlay
[00:57:49.268 *] User data dir: <project>/harness/userdata
[00:57:49.268 *] Screenshots dir: <project>/harness/userdata/screenshots
[00:57:49.268 I] OpenMW version 0.52.0
[00:57:49.268 I] Revision: c35ed11178
[00:57:49.268 I] Loading settings file: <project>/openmw-mr5502/build/OpenMW.app/Contents/Resources/defaults.bin
[00:57:49.268 I] Loading settings file: <project>/harness/config/settings.cfg
[00:57:49.269 I] Loading settings file: <project>/harness/results/20260907-0057-c35ed1117-mr5502-core/overlay/settings.cfg
[00:57:49.270 I] Using default (English) font encoding.
[00:57:49.270 W] No such dir: <home>/Library/Application Support/openmw/data
[00:57:49.270 I] OSG version: 3.6.5
[00:57:49.270 I] SDL version: 2.32.10
[00:57:49.270 I] Loading shader settings file: <project>/harness/results/20260907-0057-c35ed1117-mr5502-core/overlay/shaders.yaml
[00:57:49.306 E] Error: Failed to read window icon, no png readerwriter found
[00:57:49.306 W] Requesting an OpenGL 3.3 core profile context
[00:57:49.335 I] OpenGL Vendor: Apple
[00:57:49.335 I] OpenGL Renderer: Apple M5 Pro
[00:57:49.335 I] OpenGL Version: 4.1 Metal - 90.5
[00:57:49.335 I] Core profile: granted 19 version-implied GL features on a GL 4.1 context
[00:57:49.335 I] Core profile: vertex attribute aliasing and matrix uniforms enabled, 26 fixed-function modes disabled
[00:57:49.335 W] GL_ARB_clip_control not supported: disabling reverse-z depth buffer
[00:57:49.336 I] Adding BSA archive <project>/Morrowind/Data Files/Morrowind.bsa
[00:57:49.339 I] Adding BSA archive <project>/Morrowind/Data Files/Tribunal.bsa
[00:57:49.340 I] Adding BSA archive <project>/Morrowind/Data Files/Bloodmoon.bsa
[00:57:49.341 I] Adding data directory <project>/openmw-mr5502/build/OpenMW.app/Contents/Resources/../Resources/resources/vfs
[00:57:49.342 I] Adding data directory <project>/openmw-mr5502/build/OpenMW.app/Contents/Resources/../Resources/resources/vfs-mw
[00:57:49.342 I] Adding data directory <project>/Morrowind/Data Files
[00:57:49.404 I] Adding data directory <project>/harness/mod
[00:57:49.411 I] Preferred locales: gmst en
[00:57:49.411 I] Initializing LuaUtil::LuaState without profiler
[00:57:49.412 I] Lua version: Lua 5.1.4 (LuaJIT 2.1.1767980792)
[00:57:49.415 I] Loading TrueType font file fonts/mysticcards.omwfont
[00:57:49.419 I] Loading TrueType font file fonts/demonicletters.omwfont
[00:57:49.420 I] Loading TrueType font file fonts/dejavulgcsansmono.omwfont
[00:57:49.433 I] Sound disabled.
[00:57:49.441 I] Loading content file builtin.omwscripts
[00:57:49.441 E] Error loading splash/splash_spherecenturion.tga: no readerwriter for 'tga' found
[00:57:49.441 I] Loading content file Morrowind.esm
[00:57:49.738 I] Loading content file Tribunal.esm
[00:57:49.771 I] Loading content file Bloodmoon.esm
[00:57:49.824 I] Loading content file bench.omwscripts
[00:57:49.824 V] Lua scripts configuration (45 scripts):
[00:57:49.824 V] #0 MENU PLAYER : scripts/omw/mwui/init.lua
[00:57:49.824 V] #1 MENU : scripts/omw/settings/menu.lua
[00:57:49.825 V] #2 PLAYER : scripts/omw/settings/player.lua
[00:57:49.825 V] #3 GLOBAL : scripts/omw/settings/global.lua
[00:57:49.825 V] #4 GLOBAL : scripts/omw/activationhandlers.lua
[00:57:49.825 V] #5 GLOBAL : scripts/omw/usehandlers.lua
[00:57:49.825 V] #6 GLOBAL : scripts/omw/worldeventhandlers.lua
[00:57:49.825 V] #7 GLOBAL : scripts/omw/crimes.lua
[00:57:49.825 V] #8 PLAYER CREATURE NPC : scripts/omw/mechanics/animationcontroller.lua
[00:57:49.825 V] #9 PLAYER : scripts/omw/skillhandlers.lua
[00:57:49.825 V] #10 PLAYER : scripts/omw/mechanics/playercontroller.lua
[00:57:49.825 V] #11 MENU : scripts/omw/camera/settings.lua
[00:57:49.825 V] #12 MENU : scripts/omw/input/settings.lua
[00:57:49.825 V] #13 PLAYER : scripts/omw/input/playercontrols.lua
[00:57:49.825 V] #14 PLAYER : scripts/omw/camera/camera.lua
[00:57:49.825 V] #15 PLAYER : scripts/omw/input/actionbindings.lua
[00:57:49.825 V] #16 PLAYER : scripts/omw/input/smoothmovement.lua
[00:57:49.825 V] #17 PLAYER : scripts/omw/input/gamepadcontrols.lua
[00:57:49.825 V] #18 NPC CREATURE : scripts/omw/ai.lua
[00:57:49.825 V] #19 GLOBAL : scripts/omw/mechanics/globalcontroller.lua
[00:57:49.825 V] #20 PLAYER CREATURE NPC : scripts/omw/mechanics/actorcontroller.lua
[00:57:49.825 V] #21 PLAYER NPC CREATURE : scripts/omw/combat/interface_local.lua
[00:57:49.825 V] #22 GLOBAL : scripts/omw/combat/interface_global.lua
[00:57:49.825 V] #23 PLAYER CREATURE NPC : scripts/omw/spellcasting/interface_local.lua
[00:57:49.825 V] #24 GLOBAL : scripts/omw/spellcasting/interface_global.lua
[00:57:49.825 V] #25 GLOBAL : scripts/omw/mechanics/projectiles.lua
[00:57:49.825 V] #26 PLAYER : scripts/omw/ui.lua
[00:57:49.825 V] #27 MENU : scripts/omw/console/menu.lua
[00:57:49.825 V] #28 PLAYER : scripts/omw/console/player.lua
[00:57:49.825 V] #29 GLOBAL : scripts/omw/console/global.lua
[00:57:49.825 V] #30 CUSTOM : scripts/omw/console/local.lua
[00:57:49.825 V] #31 NPC CREATURE : scripts/omw/music/actor.lua
[00:57:49.825 V] #32 GLOBAL : scripts/omw/cellhandlers.lua
[00:57:49.825 V] #33 GLOBAL : scripts/omw/combat/global.lua
[00:57:49.825 V] #34 PLAYER : scripts/omw/combat/settingspage.lua
[00:57:49.825 V] #35 PLAYER NPC CREATURE : scripts/omw/combat/local.lua
[00:57:49.825 V] #36 PLAYER : scripts/omw/music/music.lua
[00:57:49.825 V] #37 MENU : scripts/omw/music/settings.lua
[00:57:49.825 V] #38 PLAYER : scripts/omw/playerskillhandlers.lua
[00:57:49.825 V] #39 LOAD : scripts/omw/esmfallbacks.lua
[00:57:49.825 V] #40 PLAYER CREATURE NPC : scripts/omw/spellcasting/local.lua
[00:57:49.825 V] #41 DOOR CONTAINER : scripts/omw/spellcasting/lockable.lua
[00:57:49.825 V] #42 GLOBAL : scripts/omw/spellcasting/global.lua
[00:57:49.825 V] #43 GLOBAL : scripts/bench/global.lua
[00:57:49.825 V] #44 PLAYER : scripts/bench/player.lua
[00:57:49.839 V] Enchantment "test magic axe": dropping unexpected skill argument of "FortifyMaximumMagicka" effect
[00:57:49.933 I] Using 1 async physics threads
[00:57:49.933 I] Using <project>/harness/userdata/navmesh.db to store navigation mesh cache
[00:57:49.934 V] Using idle priority for thread=0x1703d7000
[00:57:49.935 I] Reserving texture units for shadow maps: 13..15
[00:57:49.937 I] Reserving texture unit for opaque depth texture: 12
[00:57:49.937 I] Reserving texture unit for opaque color texture: 11
[00:57:49.937 V] Disabling Multiview (disabled by config)
[00:57:49.944 V] Language file "l10n/Interface/gmst.yaml" is enabled
[00:57:49.946 V] Language file "l10n/Interface/en.yaml" is enabled
[00:57:49.964 V] Language file "l10n/OMWEngine/gmst.yaml" is enabled
[00:57:49.966 V] Language file "l10n/OMWEngine/en.yaml" is enabled
[00:57:49.988 V] Language file "l10n/OMWShaders/en.yaml" is enabled
[00:57:50.002 V] Language file "l10n/OMWCamera/en.yaml" is enabled
[00:57:50.003 V] Language file "l10n/OMWControls/en.yaml" is enabled
[00:57:50.003 V] Language file "l10n/interface/gmst.yaml" is enabled
[00:57:50.003 V] Language file "l10n/interface/en.yaml" is enabled
[00:57:50.004 V] Language file "l10n/Calendar/gmst.yaml" is enabled
[00:57:50.004 V] Language file "l10n/Calendar/en.yaml" is enabled
[00:57:50.004 V] Language file "l10n/OMWMusic/en.yaml" is enabled
[00:57:50.004 I] OSG stats will be written to: <project>/harness/results/20260907-0057-c35ed1117-mr5502-core/seyda-r1-stats.txt
[00:57:50.011 I] Starting a new game
[00:57:50.015 V] Language file "l10n/Mechanics/gmst.yaml" is enabled
[00:57:50.020 I] Loading cell Seyda Neen (-2, -9)
[00:57:58.048 V] Controller R2_Claw02 present more than once in meshes/r/xsiltstrider.kf, ignoring later version
