[00:58:20.493 *] Crash handler installed
[00:58:20.569 *] Loading config file: <project>/openmw-mr5502/build/OpenMW.app/Contents/Resources/openmw.cfg
[00:58:20.569 *] Loading config file: <project>/harness/config/openmw.cfg
[00:58:20.570 *] Loading config file: <project>/harness/results/20260907-0057-c35ed1117-mr5502-core/overlay/openmw.cfg
[00:58:20.571 *] Logs dir: <project>/harness/results/20260907-0057-c35ed1117-mr5502-core/overlay
[00:58:20.571 *] User data dir: <project>/harness/userdata
[00:58:20.571 *] Screenshots dir: <project>/harness/userdata/screenshots
[00:58:20.571 I] OpenMW version 0.52.0
[00:58:20.571 I] Revision: c35ed11178
[00:58:20.571 I] Loading settings file: <project>/openmw-mr5502/build/OpenMW.app/Contents/Resources/defaults.bin
[00:58:20.571 I] Loading settings file: <project>/harness/config/settings.cfg
[00:58:20.572 I] Loading settings file: <project>/harness/results/20260907-0057-c35ed1117-mr5502-core/overlay/settings.cfg
[00:58:20.572 I] Using default (English) font encoding.
[00:58:20.572 W] No such dir: <home>/Library/Application Support/openmw/data
[00:58:20.572 I] OSG version: 3.6.5
[00:58:20.572 I] SDL version: 2.32.10
[00:58:20.572 I] Loading shader settings file: <project>/harness/results/20260907-0057-c35ed1117-mr5502-core/overlay/shaders.yaml
[00:58:20.599 E] Error: Failed to read window icon, no png readerwriter found
[00:58:20.599 W] Requesting an OpenGL 3.3 core profile context
[00:58:20.629 I] OpenGL Vendor: Apple
[00:58:20.629 I] OpenGL Renderer: Apple M5 Pro
[00:58:20.629 I] OpenGL Version: 4.1 Metal - 90.5
[00:58:20.629 I] Core profile: granted 19 version-implied GL features on a GL 4.1 context
[00:58:20.629 I] Core profile: vertex attribute aliasing and matrix uniforms enabled, 26 fixed-function modes disabled
[00:58:20.629 W] GL_ARB_clip_control not supported: disabling reverse-z depth buffer
[00:58:20.629 I] Adding BSA archive <project>/Morrowind/Data Files/Morrowind.bsa
[00:58:20.631 I] Adding BSA archive <project>/Morrowind/Data Files/Tribunal.bsa
[00:58:20.632 I] Adding BSA archive <project>/Morrowind/Data Files/Bloodmoon.bsa
[00:58:20.632 I] Adding data directory <project>/openmw-mr5502/build/OpenMW.app/Contents/Resources/../Resources/resources/vfs
[00:58:20.633 I] Adding data directory <project>/openmw-mr5502/build/OpenMW.app/Contents/Resources/../Resources/resources/vfs-mw
[00:58:20.633 I] Adding data directory <project>/Morrowind/Data Files
[00:58:20.651 I] Adding data directory <project>/harness/mod
[00:58:20.656 I] Preferred locales: gmst en
[00:58:20.656 I] Initializing LuaUtil::LuaState without profiler
[00:58:20.657 I] Lua version: Lua 5.1.4 (LuaJIT 2.1.1767980792)
[00:58:20.657 I] Loading TrueType font file fonts/mysticcards.omwfont
[00:58:20.660 I] Loading TrueType font file fonts/demonicletters.omwfont
[00:58:20.661 I] Loading TrueType font file fonts/dejavulgcsansmono.omwfont
[00:58:20.672 I] Sound disabled.
[00:58:20.676 E] Error loading splash/splash_netch.tga: no readerwriter for 'tga' found
[00:58:20.676 I] Loading content file builtin.omwscripts
[00:58:20.676 I] Loading content file Morrowind.esm
[00:58:20.914 I] Loading content file Tribunal.esm
[00:58:20.942 I] Loading content file Bloodmoon.esm
[00:58:20.980 I] Loading content file bench.omwscripts
[00:58:20.981 V] Lua scripts configuration (45 scripts):
[00:58:20.981 V] #0 MENU PLAYER : scripts/omw/mwui/init.lua
[00:58:20.981 V] #1 MENU : scripts/omw/settings/menu.lua
[00:58:20.981 V] #2 PLAYER : scripts/omw/settings/player.lua
[00:58:20.981 V] #3 GLOBAL : scripts/omw/settings/global.lua
[00:58:20.981 V] #4 GLOBAL : scripts/omw/activationhandlers.lua
[00:58:20.981 V] #5 GLOBAL : scripts/omw/usehandlers.lua
[00:58:20.981 V] #6 GLOBAL : scripts/omw/worldeventhandlers.lua
[00:58:20.981 V] #7 GLOBAL : scripts/omw/crimes.lua
[00:58:20.981 V] #8 PLAYER CREATURE NPC : scripts/omw/mechanics/animationcontroller.lua
[00:58:20.981 V] #9 PLAYER : scripts/omw/skillhandlers.lua
[00:58:20.981 V] #10 PLAYER : scripts/omw/mechanics/playercontroller.lua
[00:58:20.981 V] #11 MENU : scripts/omw/camera/settings.lua
[00:58:20.981 V] #12 MENU : scripts/omw/input/settings.lua
[00:58:20.981 V] #13 PLAYER : scripts/omw/input/playercontrols.lua
[00:58:20.981 V] #14 PLAYER : scripts/omw/camera/camera.lua
[00:58:20.981 V] #15 PLAYER : scripts/omw/input/actionbindings.lua
[00:58:20.981 V] #16 PLAYER : scripts/omw/input/smoothmovement.lua
[00:58:20.981 V] #17 PLAYER : scripts/omw/input/gamepadcontrols.lua
[00:58:20.981 V] #18 NPC CREATURE : scripts/omw/ai.lua
[00:58:20.981 V] #19 GLOBAL : scripts/omw/mechanics/globalcontroller.lua
[00:58:20.981 V] #20 PLAYER CREATURE NPC : scripts/omw/mechanics/actorcontroller.lua
[00:58:20.981 V] #21 PLAYER NPC CREATURE : scripts/omw/combat/interface_local.lua
[00:58:20.981 V] #22 GLOBAL : scripts/omw/combat/interface_global.lua
[00:58:20.981 V] #23 PLAYER CREATURE NPC : scripts/omw/spellcasting/interface_local.lua
[00:58:20.981 V] #24 GLOBAL : scripts/omw/spellcasting/interface_global.lua
[00:58:20.981 V] #25 GLOBAL : scripts/omw/mechanics/projectiles.lua
[00:58:20.981 V] #26 PLAYER : scripts/omw/ui.lua
[00:58:20.981 V] #27 MENU : scripts/omw/console/menu.lua
[00:58:20.981 V] #28 PLAYER : scripts/omw/console/player.lua
[00:58:20.981 V] #29 GLOBAL : scripts/omw/console/global.lua
[00:58:20.981 V] #30 CUSTOM : scripts/omw/console/local.lua
[00:58:20.981 V] #31 NPC CREATURE : scripts/omw/music/actor.lua
[00:58:20.981 V] #32 GLOBAL : scripts/omw/cellhandlers.lua
[00:58:20.981 V] #33 GLOBAL : scripts/omw/combat/global.lua
[00:58:20.981 V] #34 PLAYER : scripts/omw/combat/settingspage.lua
[00:58:20.981 V] #35 PLAYER NPC CREATURE : scripts/omw/combat/local.lua
[00:58:20.981 V] #36 PLAYER : scripts/omw/music/music.lua
[00:58:20.981 V] #37 MENU : scripts/omw/music/settings.lua
[00:58:20.981 V] #38 PLAYER : scripts/omw/playerskillhandlers.lua
[00:58:20.981 V] #39 LOAD : scripts/omw/esmfallbacks.lua
[00:58:20.981 V] #40 PLAYER CREATURE NPC : scripts/omw/spellcasting/local.lua
[00:58:20.981 V] #41 DOOR CONTAINER : scripts/omw/spellcasting/lockable.lua
[00:58:20.981 V] #42 GLOBAL : scripts/omw/spellcasting/global.lua
[00:58:20.981 V] #43 GLOBAL : scripts/bench/global.lua
[00:58:20.981 V] #44 PLAYER : scripts/bench/player.lua
[00:58:20.997 V] Enchantment "test magic axe": dropping unexpected skill argument of "FortifyMaximumMagicka" effect
[00:58:21.086 I] Using 1 async physics threads
[00:58:21.086 I] Using <project>/harness/userdata/navmesh.db to store navigation mesh cache
[00:58:21.088 V] Using idle priority for thread=0x16c327000
[00:58:21.088 I] Reserving texture units for shadow maps: 13..15
[00:58:21.090 I] Reserving texture unit for opaque depth texture: 12
[00:58:21.090 I] Reserving texture unit for opaque color texture: 11
[00:58:21.091 V] Disabling Multiview (disabled by config)
[00:58:21.096 V] Language file "l10n/Interface/gmst.yaml" is enabled
[00:58:21.096 V] Language file "l10n/Interface/en.yaml" is enabled
[00:58:21.109 V] Language file "l10n/OMWEngine/gmst.yaml" is enabled
[00:58:21.110 V] Language file "l10n/OMWEngine/en.yaml" is enabled
[00:58:21.125 V] Language file "l10n/OMWShaders/en.yaml" is enabled
[00:58:21.133 V] Language file "l10n/OMWCamera/en.yaml" is enabled
[00:58:21.135 V] Language file "l10n/OMWControls/en.yaml" is enabled
[00:58:21.135 V] Language file "l10n/interface/gmst.yaml" is enabled
[00:58:21.135 V] Language file "l10n/interface/en.yaml" is enabled
[00:58:21.135 V] Language file "l10n/Calendar/gmst.yaml" is enabled
[00:58:21.136 V] Language file "l10n/Calendar/en.yaml" is enabled
[00:58:21.136 V] Language file "l10n/OMWMusic/en.yaml" is enabled
[00:58:21.136 I] OSG stats will be written to: <project>/harness/results/20260907-0057-c35ed1117-mr5502-core/vivec-r1-stats.txt
[00:58:21.142 I] Starting a new game
[00:58:21.145 V] Language file "l10n/Mechanics/gmst.yaml" is enabled
[00:58:21.146 E] Error loading splash/splash_clannfear.tga: no readerwriter for 'tga' found
[00:58:28.452 E] Error loading splash/splash_skeleton.tga: no readerwriter for 'tga' found
[00:58:28.453 I] Loading cell Vivec, Arena (4, -11)
