[19:27:09.441 *] Crash handler installed
[19:27:09.501 *] Loading config file: <project>/openmw/build/OpenMW.app/Contents/Resources/openmw.cfg
[19:27:09.502 *] Loading config file: <project>/harness/config/openmw.cfg
[19:27:09.502 *] Loading config file: <project>/harness/results/20260905-1917-8dc3ccd23-upstream-vanilla/overlay/openmw.cfg
[19:27:09.502 *] Logs dir: <project>/harness/results/20260905-1917-8dc3ccd23-upstream-vanilla/overlay
[19:27:09.502 *] User data dir: <project>/harness/userdata
[19:27:09.502 *] Screenshots dir: <project>/harness/userdata/screenshots
[19:27:09.503 I] OpenMW version 0.52.0
[19:27:09.503 I] Revision: 8dc3ccd234
[19:27:09.503 I] Loading settings file: <project>/openmw/build/OpenMW.app/Contents/Resources/defaults.bin
[19:27:09.503 I] Loading settings file: <project>/harness/config/settings.cfg
[19:27:09.503 I] Using default (English) font encoding.
[19:27:09.503 W] No such dir: <home>/Library/Application Support/openmw/data
[19:27:09.504 I] OSG version: 3.6.5
[19:27:09.504 I] SDL version: 2.32.10
[19:27:09.504 I] Loading shader settings file: <project>/harness/results/20260905-1917-8dc3ccd23-upstream-vanilla/overlay/shaders.yaml
[19:27:09.558 I] OpenGL Vendor: Apple
[19:27:09.558 I] OpenGL Renderer: Apple M5 Pro
[19:27:09.558 I] OpenGL Version: 2.1 Metal - 90.5
[19:27:09.558 W] GL_ARB_clip_control not supported: disabling reverse-z depth buffer
[19:27:09.558 I] Adding BSA archive <project>/Morrowind/Data Files/Morrowind.bsa
[19:27:09.559 I] Adding BSA archive <project>/Morrowind/Data Files/Tribunal.bsa
[19:27:09.560 I] Adding BSA archive <project>/Morrowind/Data Files/Bloodmoon.bsa
[19:27:09.560 I] Adding data directory <project>/openmw/build/OpenMW.app/Contents/Resources/../Resources/resources/vfs
[19:27:09.560 I] Adding data directory <project>/openmw/build/OpenMW.app/Contents/Resources/../Resources/resources/vfs-mw
[19:27:09.561 I] Adding data directory <project>/Morrowind/Data Files
[19:27:09.575 I] Adding data directory <project>/harness/mod
[19:27:09.580 I] Preferred locales: gmst en
[19:27:09.580 I] Initializing LuaUtil::LuaState without profiler
[19:27:09.580 I] Lua version: Lua 5.1.4 (LuaJIT 2.1.1767980792)
[19:27:09.580 I] Loading keybindings file: <project>/harness/results/20260905-1917-8dc3ccd23-upstream-vanilla/overlay/input_v3.xml
[19:27:09.580 I] Loading TrueType font file fonts/mysticcards.omwfont
[19:27:09.583 I] Loading TrueType font file fonts/demonicletters.omwfont
[19:27:09.583 I] Loading TrueType font file fonts/dejavulgcsansmono.omwfont
[19:27:09.593 I] Sound disabled.
[19:27:09.593 I] Loading Lua storage "<project>/harness/results/20260905-1917-8dc3ccd23-upstream-vanilla/overlay/global_storage.bin" (140 bytes)
[19:27:09.593 I] Loading Lua storage "<project>/harness/results/20260905-1917-8dc3ccd23-upstream-vanilla/overlay/player_storage.bin" (878 bytes)
[19:27:09.596 I] Loading content file builtin.omwscripts
[19:27:09.596 I] Loading content file Morrowind.esm
[19:27:09.737 I] Loading content file Tribunal.esm
[19:27:09.756 I] Loading content file Bloodmoon.esm
[19:27:09.778 I] Loading content file bench.omwscripts
[19:27:09.779 V] Lua scripts configuration (45 scripts):
[19:27:09.779 V] #0 MENU PLAYER : scripts/omw/mwui/init.lua
[19:27:09.779 V] #1 MENU : scripts/omw/settings/menu.lua
[19:27:09.779 V] #2 PLAYER : scripts/omw/settings/player.lua
[19:27:09.779 V] #3 GLOBAL : scripts/omw/settings/global.lua
[19:27:09.779 V] #4 GLOBAL : scripts/omw/activationhandlers.lua
[19:27:09.779 V] #5 GLOBAL : scripts/omw/usehandlers.lua
[19:27:09.779 V] #6 GLOBAL : scripts/omw/worldeventhandlers.lua
[19:27:09.779 V] #7 GLOBAL : scripts/omw/crimes.lua
[19:27:09.779 V] #8 PLAYER CREATURE NPC : scripts/omw/mechanics/animationcontroller.lua
[19:27:09.779 V] #9 PLAYER : scripts/omw/skillhandlers.lua
[19:27:09.779 V] #10 PLAYER : scripts/omw/mechanics/playercontroller.lua
[19:27:09.779 V] #11 MENU : scripts/omw/camera/settings.lua
[19:27:09.779 V] #12 MENU : scripts/omw/input/settings.lua
[19:27:09.779 V] #13 PLAYER : scripts/omw/input/playercontrols.lua
[19:27:09.779 V] #14 PLAYER : scripts/omw/camera/camera.lua
[19:27:09.779 V] #15 PLAYER : scripts/omw/input/actionbindings.lua
[19:27:09.779 V] #16 PLAYER : scripts/omw/input/smoothmovement.lua
[19:27:09.779 V] #17 PLAYER : scripts/omw/input/gamepadcontrols.lua
[19:27:09.779 V] #18 NPC CREATURE : scripts/omw/ai.lua
[19:27:09.779 V] #19 GLOBAL : scripts/omw/mechanics/globalcontroller.lua
[19:27:09.779 V] #20 PLAYER CREATURE NPC : scripts/omw/mechanics/actorcontroller.lua
[19:27:09.779 V] #21 PLAYER NPC CREATURE : scripts/omw/combat/interface_local.lua
[19:27:09.779 V] #22 GLOBAL : scripts/omw/combat/interface_global.lua
[19:27:09.779 V] #23 PLAYER CREATURE NPC : scripts/omw/spellcasting/interface_local.lua
[19:27:09.779 V] #24 GLOBAL : scripts/omw/spellcasting/interface_global.lua
[19:27:09.779 V] #25 GLOBAL : scripts/omw/mechanics/projectiles.lua
[19:27:09.779 V] #26 PLAYER : scripts/omw/ui.lua
[19:27:09.779 V] #27 MENU : scripts/omw/console/menu.lua
[19:27:09.779 V] #28 PLAYER : scripts/omw/console/player.lua
[19:27:09.779 V] #29 GLOBAL : scripts/omw/console/global.lua
[19:27:09.779 V] #30 CUSTOM : scripts/omw/console/local.lua
[19:27:09.779 V] #31 NPC CREATURE : scripts/omw/music/actor.lua
[19:27:09.779 V] #32 GLOBAL : scripts/omw/cellhandlers.lua
[19:27:09.779 V] #33 GLOBAL : scripts/omw/combat/global.lua
[19:27:09.779 V] #34 PLAYER : scripts/omw/combat/settingspage.lua
[19:27:09.779 V] #35 PLAYER NPC CREATURE : scripts/omw/combat/local.lua
[19:27:09.779 V] #36 PLAYER : scripts/omw/music/music.lua
[19:27:09.779 V] #37 MENU : scripts/omw/music/settings.lua
[19:27:09.779 V] #38 PLAYER : scripts/omw/playerskillhandlers.lua
[19:27:09.779 V] #39 LOAD : scripts/omw/esmfallbacks.lua
[19:27:09.779 V] #40 PLAYER CREATURE NPC : scripts/omw/spellcasting/local.lua
[19:27:09.779 V] #41 DOOR CONTAINER : scripts/omw/spellcasting/lockable.lua
[19:27:09.779 V] #42 GLOBAL : scripts/omw/spellcasting/global.lua
[19:27:09.779 V] #43 GLOBAL : scripts/bench/global.lua
[19:27:09.779 V] #44 PLAYER : scripts/bench/player.lua
[19:27:09.789 V] Enchantment "test magic axe": dropping unexpected skill argument of "FortifyMaximumMagicka" effect
[19:27:09.859 I] Using 1 async physics threads
[19:27:09.859 I] Using <project>/harness/userdata/navmesh.db to store navigation mesh cache
[19:27:09.859 V] Using idle priority for thread=0x16dad3000
[19:27:09.859 I] Reserving texture units for shadow maps: 13..15
[19:27:09.860 I] Reserving texture unit for opaque depth texture: 12
[19:27:09.860 I] Reserving texture unit for opaque color texture: 11
[19:27:09.860 V] Disabling Multiview (disabled by config)
[19:27:09.863 V] Language file "l10n/Interface/gmst.yaml" is enabled
[19:27:09.864 V] Language file "l10n/Interface/en.yaml" is enabled
[19:27:09.872 V] Language file "l10n/OMWEngine/gmst.yaml" is enabled
[19:27:09.873 V] Language file "l10n/OMWEngine/en.yaml" is enabled
[19:27:09.881 V] Language file "l10n/OMWShaders/en.yaml" is enabled
[19:27:09.889 V] Language file "l10n/OMWCamera/en.yaml" is enabled
[19:27:09.890 V] Language file "l10n/OMWControls/en.yaml" is enabled
[19:27:09.890 V] Language file "l10n/interface/gmst.yaml" is enabled
[19:27:09.890 V] Language file "l10n/interface/en.yaml" is enabled
[19:27:09.890 V] Language file "l10n/Calendar/gmst.yaml" is enabled
[19:27:09.890 V] Language file "l10n/Calendar/en.yaml" is enabled
[19:27:09.891 V] Language file "l10n/OMWMusic/en.yaml" is enabled
[19:27:09.891 I] OSG stats will be written to: <project>/harness/results/20260905-1917-8dc3ccd23-upstream-vanilla/aldruhn-r3-stats.txt
[19:27:09.895 I] Starting a new game
[19:27:09.897 V] Language file "l10n/Mechanics/gmst.yaml" is enabled
[19:27:09.923 I] Loading cell Ald-ruhn (-2, 7)
[19:27:09.936 I] Loading cell Ald-ruhn (-2, 6)
[19:27:09.959 I] Loading cell Ashlands Region (-1, 7)
[19:27:09.961 I] Loading cell Ashlands Region (-3, 7)
[19:27:09.966 I] Loading cell Ashlands Region (-2, 8)
[19:27:09.967 I] Loading cell Ashlands Region (-1, 6)
[19:27:09.972 I] Loading cell Ald-ruhn (-3, 6)
[19:27:09.973 V] Controller R2_Claw02 present more than once in meshes/r/xsiltstrider.kf, ignoring later version
[19:27:09.977 I] Loading cell Ashlands Region (-1, 8)
[19:27:09.981 I] Loading cell Ashlands Region (-3, 8)
[19:27:09.984 V] Language file "l10n/OMWCombat/en.yaml" is enabled
[19:27:09.997 I] Warning: OutsideBanner line 38, column 6 (endif): endif without matching if/elseif
[19:27:10.011 I] Global[scripts/bench/global.lua]:	BENCH station=aldruhn startcell="ald-ruhn" frame=1
[19:27:10.060 I] Unloading cell Ashlands Region (-3, 8)
[19:27:10.060 I] Unloading cell Ashlands Region (-2, 8)
[19:27:10.060 I] Unloading cell Ashlands Region (-1, 8)
[19:27:10.061 I] Loading cell Buckmoth Legion Fort (-2, 5)
[19:27:10.073 I] Loading cell Ashlands Region (-1, 5)
[19:27:10.075 I] Loading cell Ashlands Region (-3, 5)
[19:27:10.090 I] L@0x1[scripts/bench/player.lua]:	BENCH camera station=aldruhn yaw=330 pitch=14
[19:27:10.327 I] Global[scripts/bench/global.lua]:	BENCH station=aldruhn ready frame=40 simtime=0.33
[19:28:03.403 I] Saving shader settings file: <project>/harness/results/20260905-1917-8dc3ccd23-upstream-vanilla/overlay/shaders.yaml
[19:28:03.403 I] Saving Lua storage "<project>/harness/results/20260905-1917-8dc3ccd23-upstream-vanilla/overlay/global_storage.bin" (140 bytes)
[19:28:03.403 I] Saving Lua storage "<project>/harness/results/20260905-1917-8dc3ccd23-upstream-vanilla/overlay/player_storage.bin" (878 bytes)
[19:28:03.438 I] Saved input bindings: <project>/harness/results/20260905-1917-8dc3ccd23-upstream-vanilla/overlay/input_v3.xml
[19:28:03.458 I] Quitting peacefully.
