[19:26:14.892 *] Crash handler installed
[19:26:14.964 *] Loading config file: <project>/openmw/build/OpenMW.app/Contents/Resources/openmw.cfg
[19:26:14.965 *] Loading config file: <project>/harness/config/openmw.cfg
[19:26:14.965 *] Loading config file: <project>/harness/results/20260905-1917-8dc3ccd23-upstream-vanilla/overlay/openmw.cfg
[19:26:14.966 *] Logs dir: <project>/harness/results/20260905-1917-8dc3ccd23-upstream-vanilla/overlay
[19:26:14.966 *] User data dir: <project>/harness/userdata
[19:26:14.966 *] Screenshots dir: <project>/harness/userdata/screenshots
[19:26:14.966 I] OpenMW version 0.52.0
[19:26:14.966 I] Revision: 8dc3ccd234
[19:26:14.966 I] Loading settings file: <project>/openmw/build/OpenMW.app/Contents/Resources/defaults.bin
[19:26:14.966 I] Loading settings file: <project>/harness/config/settings.cfg
[19:26:14.966 I] Using default (English) font encoding.
[19:26:14.967 W] No such dir: <home>/Library/Application Support/openmw/data
[19:26:14.967 I] OSG version: 3.6.5
[19:26:14.967 I] SDL version: 2.32.10
[19:26:14.967 I] Loading shader settings file: <project>/harness/results/20260905-1917-8dc3ccd23-upstream-vanilla/overlay/shaders.yaml
[19:26:15.017 I] OpenGL Vendor: Apple
[19:26:15.017 I] OpenGL Renderer: Apple M5 Pro
[19:26:15.017 I] OpenGL Version: 2.1 Metal - 90.5
[19:26:15.017 W] GL_ARB_clip_control not supported: disabling reverse-z depth buffer
[19:26:15.017 I] Adding BSA archive <project>/Morrowind/Data Files/Morrowind.bsa
[19:26:15.018 I] Adding BSA archive <project>/Morrowind/Data Files/Tribunal.bsa
[19:26:15.019 I] Adding BSA archive <project>/Morrowind/Data Files/Bloodmoon.bsa
[19:26:15.019 I] Adding data directory <project>/openmw/build/OpenMW.app/Contents/Resources/../Resources/resources/vfs
[19:26:15.019 I] Adding data directory <project>/openmw/build/OpenMW.app/Contents/Resources/../Resources/resources/vfs-mw
[19:26:15.020 I] Adding data directory <project>/Morrowind/Data Files
[19:26:15.034 I] Adding data directory <project>/harness/mod
[19:26:15.039 I] Preferred locales: gmst en
[19:26:15.039 I] Initializing LuaUtil::LuaState without profiler
[19:26:15.039 I] Lua version: Lua 5.1.4 (LuaJIT 2.1.1767980792)
[19:26:15.039 I] Loading keybindings file: <project>/harness/results/20260905-1917-8dc3ccd23-upstream-vanilla/overlay/input_v3.xml
[19:26:15.039 I] Loading TrueType font file fonts/mysticcards.omwfont
[19:26:15.042 I] Loading TrueType font file fonts/demonicletters.omwfont
[19:26:15.042 I] Loading TrueType font file fonts/dejavulgcsansmono.omwfont
[19:26:15.051 I] Sound disabled.
[19:26:15.051 I] Loading Lua storage "<project>/harness/results/20260905-1917-8dc3ccd23-upstream-vanilla/overlay/global_storage.bin" (140 bytes)
[19:26:15.051 I] Loading Lua storage "<project>/harness/results/20260905-1917-8dc3ccd23-upstream-vanilla/overlay/player_storage.bin" (878 bytes)
[19:26:15.054 I] Loading content file builtin.omwscripts
[19:26:15.054 I] Loading content file Morrowind.esm
[19:26:15.201 I] Loading content file Tribunal.esm
[19:26:15.220 I] Loading content file Bloodmoon.esm
[19:26:15.244 I] Loading content file bench.omwscripts
[19:26:15.245 V] Lua scripts configuration (45 scripts):
[19:26:15.245 V] #0 MENU PLAYER : scripts/omw/mwui/init.lua
[19:26:15.245 V] #1 MENU : scripts/omw/settings/menu.lua
[19:26:15.245 V] #2 PLAYER : scripts/omw/settings/player.lua
[19:26:15.245 V] #3 GLOBAL : scripts/omw/settings/global.lua
[19:26:15.245 V] #4 GLOBAL : scripts/omw/activationhandlers.lua
[19:26:15.245 V] #5 GLOBAL : scripts/omw/usehandlers.lua
[19:26:15.245 V] #6 GLOBAL : scripts/omw/worldeventhandlers.lua
[19:26:15.245 V] #7 GLOBAL : scripts/omw/crimes.lua
[19:26:15.245 V] #8 PLAYER CREATURE NPC : scripts/omw/mechanics/animationcontroller.lua
[19:26:15.245 V] #9 PLAYER : scripts/omw/skillhandlers.lua
[19:26:15.245 V] #10 PLAYER : scripts/omw/mechanics/playercontroller.lua
[19:26:15.245 V] #11 MENU : scripts/omw/camera/settings.lua
[19:26:15.245 V] #12 MENU : scripts/omw/input/settings.lua
[19:26:15.245 V] #13 PLAYER : scripts/omw/input/playercontrols.lua
[19:26:15.245 V] #14 PLAYER : scripts/omw/camera/camera.lua
[19:26:15.245 V] #15 PLAYER : scripts/omw/input/actionbindings.lua
[19:26:15.245 V] #16 PLAYER : scripts/omw/input/smoothmovement.lua
[19:26:15.245 V] #17 PLAYER : scripts/omw/input/gamepadcontrols.lua
[19:26:15.245 V] #18 NPC CREATURE : scripts/omw/ai.lua
[19:26:15.245 V] #19 GLOBAL : scripts/omw/mechanics/globalcontroller.lua
[19:26:15.245 V] #20 PLAYER CREATURE NPC : scripts/omw/mechanics/actorcontroller.lua
[19:26:15.245 V] #21 PLAYER NPC CREATURE : scripts/omw/combat/interface_local.lua
[19:26:15.245 V] #22 GLOBAL : scripts/omw/combat/interface_global.lua
[19:26:15.245 V] #23 PLAYER CREATURE NPC : scripts/omw/spellcasting/interface_local.lua
[19:26:15.245 V] #24 GLOBAL : scripts/omw/spellcasting/interface_global.lua
[19:26:15.245 V] #25 GLOBAL : scripts/omw/mechanics/projectiles.lua
[19:26:15.245 V] #26 PLAYER : scripts/omw/ui.lua
[19:26:15.245 V] #27 MENU : scripts/omw/console/menu.lua
[19:26:15.245 V] #28 PLAYER : scripts/omw/console/player.lua
[19:26:15.245 V] #29 GLOBAL : scripts/omw/console/global.lua
[19:26:15.245 V] #30 CUSTOM : scripts/omw/console/local.lua
[19:26:15.245 V] #31 NPC CREATURE : scripts/omw/music/actor.lua
[19:26:15.245 V] #32 GLOBAL : scripts/omw/cellhandlers.lua
[19:26:15.245 V] #33 GLOBAL : scripts/omw/combat/global.lua
[19:26:15.245 V] #34 PLAYER : scripts/omw/combat/settingspage.lua
[19:26:15.245 V] #35 PLAYER NPC CREATURE : scripts/omw/combat/local.lua
[19:26:15.245 V] #36 PLAYER : scripts/omw/music/music.lua
[19:26:15.245 V] #37 MENU : scripts/omw/music/settings.lua
[19:26:15.245 V] #38 PLAYER : scripts/omw/playerskillhandlers.lua
[19:26:15.245 V] #39 LOAD : scripts/omw/esmfallbacks.lua
[19:26:15.245 V] #40 PLAYER CREATURE NPC : scripts/omw/spellcasting/local.lua
[19:26:15.245 V] #41 DOOR CONTAINER : scripts/omw/spellcasting/lockable.lua
[19:26:15.245 V] #42 GLOBAL : scripts/omw/spellcasting/global.lua
[19:26:15.245 V] #43 GLOBAL : scripts/bench/global.lua
[19:26:15.245 V] #44 PLAYER : scripts/bench/player.lua
[19:26:15.255 V] Enchantment "test magic axe": dropping unexpected skill argument of "FortifyMaximumMagicka" effect
[19:26:15.325 I] Using 1 async physics threads
[19:26:15.325 I] Using <project>/harness/userdata/navmesh.db to store navigation mesh cache
[19:26:15.325 I] Reserving texture units for shadow maps: 13..15
[19:26:15.325 V] Using idle priority for thread=0x16b8d3000
[19:26:15.326 I] Reserving texture unit for opaque depth texture: 12
[19:26:15.326 I] Reserving texture unit for opaque color texture: 11
[19:26:15.327 V] Disabling Multiview (disabled by config)
[19:26:15.330 V] Language file "l10n/Interface/gmst.yaml" is enabled
[19:26:15.330 V] Language file "l10n/Interface/en.yaml" is enabled
[19:26:15.339 V] Language file "l10n/OMWEngine/gmst.yaml" is enabled
[19:26:15.340 V] Language file "l10n/OMWEngine/en.yaml" is enabled
[19:26:15.349 V] Language file "l10n/OMWShaders/en.yaml" is enabled
[19:26:15.356 V] Language file "l10n/OMWCamera/en.yaml" is enabled
[19:26:15.357 V] Language file "l10n/OMWControls/en.yaml" is enabled
[19:26:15.357 V] Language file "l10n/interface/gmst.yaml" is enabled
[19:26:15.357 V] Language file "l10n/interface/en.yaml" is enabled
[19:26:15.358 V] Language file "l10n/Calendar/gmst.yaml" is enabled
[19:26:15.358 V] Language file "l10n/Calendar/en.yaml" is enabled
[19:26:15.358 V] Language file "l10n/OMWMusic/en.yaml" is enabled
[19:26:15.358 I] OSG stats will be written to: <project>/harness/results/20260905-1917-8dc3ccd23-upstream-vanilla/aldruhn-r2-stats.txt
[19:26:15.363 I] Starting a new game
[19:26:15.365 V] Language file "l10n/Mechanics/gmst.yaml" is enabled
[19:26:15.392 I] Loading cell Ald-ruhn (-2, 7)
[19:26:15.407 I] Loading cell Ald-ruhn (-2, 6)
[19:26:15.434 I] Loading cell Ashlands Region (-1, 7)
[19:26:15.435 I] Loading cell Ashlands Region (-3, 7)
[19:26:15.442 I] Loading cell Ashlands Region (-2, 8)
[19:26:15.442 I] Loading cell Ashlands Region (-1, 6)
[19:26:15.448 I] Loading cell Ald-ruhn (-3, 6)
[19:26:15.450 V] Controller R2_Claw02 present more than once in meshes/r/xsiltstrider.kf, ignoring later version
[19:26:15.453 I] Loading cell Ashlands Region (-1, 8)
[19:26:15.459 I] Loading cell Ashlands Region (-3, 8)
[19:26:15.462 V] Language file "l10n/OMWCombat/en.yaml" is enabled
[19:26:15.475 I] Warning: OutsideBanner line 38, column 6 (endif): endif without matching if/elseif
[19:26:15.489 I] Global[scripts/bench/global.lua]:	BENCH station=aldruhn startcell="ald-ruhn" frame=1
[19:26:15.532 I] Unloading cell Ashlands Region (-3, 8)
[19:26:15.532 I] Unloading cell Ashlands Region (-2, 8)
[19:26:15.533 I] Unloading cell Ashlands Region (-1, 8)
[19:26:15.533 I] Loading cell Buckmoth Legion Fort (-2, 5)
[19:26:15.545 I] Loading cell Ashlands Region (-1, 5)
[19:26:15.548 I] Loading cell Ashlands Region (-3, 5)
[19:26:15.561 I] L@0x1[scripts/bench/player.lua]:	BENCH camera station=aldruhn yaw=330 pitch=14
[19:26:15.796 I] Global[scripts/bench/global.lua]:	BENCH station=aldruhn ready frame=40 simtime=0.33
[19:27:08.859 I] Saving shader settings file: <project>/harness/results/20260905-1917-8dc3ccd23-upstream-vanilla/overlay/shaders.yaml
[19:27:08.859 I] Saving Lua storage "<project>/harness/results/20260905-1917-8dc3ccd23-upstream-vanilla/overlay/global_storage.bin" (140 bytes)
[19:27:08.859 I] Saving Lua storage "<project>/harness/results/20260905-1917-8dc3ccd23-upstream-vanilla/overlay/player_storage.bin" (878 bytes)
[19:27:08.893 I] Saved input bindings: <project>/harness/results/20260905-1917-8dc3ccd23-upstream-vanilla/overlay/input_v3.xml
[19:27:08.916 I] Quitting peacefully.
