[19:20:47.617 *] Crash handler installed
[19:20:47.677 *] Loading config file: <project>/openmw/build/OpenMW.app/Contents/Resources/openmw.cfg
[19:20:47.678 *] Loading config file: <project>/harness/config/openmw.cfg
[19:20:47.678 *] Loading config file: <project>/harness/results/20260905-1917-8dc3ccd23-upstream-vanilla/overlay/openmw.cfg
[19:20:47.678 *] Logs dir: <project>/harness/results/20260905-1917-8dc3ccd23-upstream-vanilla/overlay
[19:20:47.678 *] User data dir: <project>/harness/userdata
[19:20:47.678 *] Screenshots dir: <project>/harness/userdata/screenshots
[19:20:47.678 I] OpenMW version 0.52.0
[19:20:47.678 I] Revision: 8dc3ccd234
[19:20:47.679 I] Loading settings file: <project>/openmw/build/OpenMW.app/Contents/Resources/defaults.bin
[19:20:47.679 I] Loading settings file: <project>/harness/config/settings.cfg
[19:20:47.679 I] Using default (English) font encoding.
[19:20:47.679 W] No such dir: <home>/Library/Application Support/openmw/data
[19:20:47.680 I] OSG version: 3.6.5
[19:20:47.680 I] SDL version: 2.32.10
[19:20:47.680 I] Loading shader settings file: <project>/harness/results/20260905-1917-8dc3ccd23-upstream-vanilla/overlay/shaders.yaml
[19:20:47.730 I] OpenGL Vendor: Apple
[19:20:47.730 I] OpenGL Renderer: Apple M5 Pro
[19:20:47.730 I] OpenGL Version: 2.1 Metal - 90.5
[19:20:47.730 W] GL_ARB_clip_control not supported: disabling reverse-z depth buffer
[19:20:47.730 I] Adding BSA archive <project>/Morrowind/Data Files/Morrowind.bsa
[19:20:47.732 I] Adding BSA archive <project>/Morrowind/Data Files/Tribunal.bsa
[19:20:47.732 I] Adding BSA archive <project>/Morrowind/Data Files/Bloodmoon.bsa
[19:20:47.732 I] Adding data directory <project>/openmw/build/OpenMW.app/Contents/Resources/../Resources/resources/vfs
[19:20:47.733 I] Adding data directory <project>/openmw/build/OpenMW.app/Contents/Resources/../Resources/resources/vfs-mw
[19:20:47.733 I] Adding data directory <project>/Morrowind/Data Files
[19:20:47.748 I] Adding data directory <project>/harness/mod
[19:20:47.752 I] Preferred locales: gmst en
[19:20:47.752 I] Initializing LuaUtil::LuaState without profiler
[19:20:47.752 I] Lua version: Lua 5.1.4 (LuaJIT 2.1.1767980792)
[19:20:47.752 I] Loading keybindings file: <project>/harness/results/20260905-1917-8dc3ccd23-upstream-vanilla/overlay/input_v3.xml
[19:20:47.753 I] Loading TrueType font file fonts/mysticcards.omwfont
[19:20:47.755 I] Loading TrueType font file fonts/demonicletters.omwfont
[19:20:47.756 I] Loading TrueType font file fonts/dejavulgcsansmono.omwfont
[19:20:47.764 I] Sound disabled.
[19:20:47.765 I] Loading Lua storage "<project>/harness/results/20260905-1917-8dc3ccd23-upstream-vanilla/overlay/global_storage.bin" (140 bytes)
[19:20:47.765 I] Loading Lua storage "<project>/harness/results/20260905-1917-8dc3ccd23-upstream-vanilla/overlay/player_storage.bin" (878 bytes)
[19:20:47.767 I] Loading content file builtin.omwscripts
[19:20:47.767 I] Loading content file Morrowind.esm
[19:20:47.915 I] Loading content file Tribunal.esm
[19:20:47.933 I] Loading content file Bloodmoon.esm
[19:20:47.956 I] Loading content file bench.omwscripts
[19:20:47.956 V] Lua scripts configuration (45 scripts):
[19:20:47.956 V] #0 MENU PLAYER : scripts/omw/mwui/init.lua
[19:20:47.956 V] #1 MENU : scripts/omw/settings/menu.lua
[19:20:47.956 V] #2 PLAYER : scripts/omw/settings/player.lua
[19:20:47.956 V] #3 GLOBAL : scripts/omw/settings/global.lua
[19:20:47.956 V] #4 GLOBAL : scripts/omw/activationhandlers.lua
[19:20:47.956 V] #5 GLOBAL : scripts/omw/usehandlers.lua
[19:20:47.956 V] #6 GLOBAL : scripts/omw/worldeventhandlers.lua
[19:20:47.956 V] #7 GLOBAL : scripts/omw/crimes.lua
[19:20:47.956 V] #8 PLAYER CREATURE NPC : scripts/omw/mechanics/animationcontroller.lua
[19:20:47.956 V] #9 PLAYER : scripts/omw/skillhandlers.lua
[19:20:47.956 V] #10 PLAYER : scripts/omw/mechanics/playercontroller.lua
[19:20:47.956 V] #11 MENU : scripts/omw/camera/settings.lua
[19:20:47.956 V] #12 MENU : scripts/omw/input/settings.lua
[19:20:47.956 V] #13 PLAYER : scripts/omw/input/playercontrols.lua
[19:20:47.956 V] #14 PLAYER : scripts/omw/camera/camera.lua
[19:20:47.956 V] #15 PLAYER : scripts/omw/input/actionbindings.lua
[19:20:47.956 V] #16 PLAYER : scripts/omw/input/smoothmovement.lua
[19:20:47.956 V] #17 PLAYER : scripts/omw/input/gamepadcontrols.lua
[19:20:47.956 V] #18 NPC CREATURE : scripts/omw/ai.lua
[19:20:47.956 V] #19 GLOBAL : scripts/omw/mechanics/globalcontroller.lua
[19:20:47.956 V] #20 PLAYER CREATURE NPC : scripts/omw/mechanics/actorcontroller.lua
[19:20:47.956 V] #21 PLAYER NPC CREATURE : scripts/omw/combat/interface_local.lua
[19:20:47.956 V] #22 GLOBAL : scripts/omw/combat/interface_global.lua
[19:20:47.956 V] #23 PLAYER CREATURE NPC : scripts/omw/spellcasting/interface_local.lua
[19:20:47.956 V] #24 GLOBAL : scripts/omw/spellcasting/interface_global.lua
[19:20:47.956 V] #25 GLOBAL : scripts/omw/mechanics/projectiles.lua
[19:20:47.956 V] #26 PLAYER : scripts/omw/ui.lua
[19:20:47.956 V] #27 MENU : scripts/omw/console/menu.lua
[19:20:47.956 V] #28 PLAYER : scripts/omw/console/player.lua
[19:20:47.956 V] #29 GLOBAL : scripts/omw/console/global.lua
[19:20:47.956 V] #30 CUSTOM : scripts/omw/console/local.lua
[19:20:47.956 V] #31 NPC CREATURE : scripts/omw/music/actor.lua
[19:20:47.956 V] #32 GLOBAL : scripts/omw/cellhandlers.lua
[19:20:47.956 V] #33 GLOBAL : scripts/omw/combat/global.lua
[19:20:47.956 V] #34 PLAYER : scripts/omw/combat/settingspage.lua
[19:20:47.956 V] #35 PLAYER NPC CREATURE : scripts/omw/combat/local.lua
[19:20:47.956 V] #36 PLAYER : scripts/omw/music/music.lua
[19:20:47.956 V] #37 MENU : scripts/omw/music/settings.lua
[19:20:47.956 V] #38 PLAYER : scripts/omw/playerskillhandlers.lua
[19:20:47.956 V] #39 LOAD : scripts/omw/esmfallbacks.lua
[19:20:47.956 V] #40 PLAYER CREATURE NPC : scripts/omw/spellcasting/local.lua
[19:20:47.956 V] #41 DOOR CONTAINER : scripts/omw/spellcasting/lockable.lua
[19:20:47.956 V] #42 GLOBAL : scripts/omw/spellcasting/global.lua
[19:20:47.956 V] #43 GLOBAL : scripts/bench/global.lua
[19:20:47.956 V] #44 PLAYER : scripts/bench/player.lua
[19:20:47.966 V] Enchantment "test magic axe": dropping unexpected skill argument of "FortifyMaximumMagicka" effect
[19:20:48.034 I] Using 1 async physics threads
[19:20:48.034 I] Using <project>/harness/userdata/navmesh.db to store navigation mesh cache
[19:20:48.034 V] Using idle priority for thread=0x16e2f7000
[19:20:48.034 I] Reserving texture units for shadow maps: 13..15
[19:20:48.035 I] Reserving texture unit for opaque depth texture: 12
[19:20:48.035 I] Reserving texture unit for opaque color texture: 11
[19:20:48.036 V] Disabling Multiview (disabled by config)
[19:20:48.038 V] Language file "l10n/Interface/gmst.yaml" is enabled
[19:20:48.039 V] Language file "l10n/Interface/en.yaml" is enabled
[19:20:48.047 V] Language file "l10n/OMWEngine/gmst.yaml" is enabled
[19:20:48.048 V] Language file "l10n/OMWEngine/en.yaml" is enabled
[19:20:48.056 V] Language file "l10n/OMWShaders/en.yaml" is enabled
[19:20:48.064 V] Language file "l10n/OMWCamera/en.yaml" is enabled
[19:20:48.065 V] Language file "l10n/OMWControls/en.yaml" is enabled
[19:20:48.065 V] Language file "l10n/interface/gmst.yaml" is enabled
[19:20:48.065 V] Language file "l10n/interface/en.yaml" is enabled
[19:20:48.065 V] Language file "l10n/Calendar/gmst.yaml" is enabled
[19:20:48.066 V] Language file "l10n/Calendar/en.yaml" is enabled
[19:20:48.066 V] Language file "l10n/OMWMusic/en.yaml" is enabled
[19:20:48.066 I] OSG stats will be written to: <project>/harness/results/20260905-1917-8dc3ccd23-upstream-vanilla/balmora-r2-stats.txt
[19:20:48.070 I] Starting a new game
[19:20:48.073 V] Language file "l10n/Mechanics/gmst.yaml" is enabled
[19:20:48.102 I] Loading cell Balmora (-2, -2)
[19:20:48.117 I] Loading cell West Gash Region (-2, -1)
[19:20:48.127 I] Loading cell West Gash Region (-1, -2)
[19:20:48.130 I] Loading cell Balmora (-3, -2)
[19:20:48.153 I] Loading cell West Gash Region (-2, -3)
[19:20:48.156 I] Loading cell West Gash Region (-1, -1)
[19:20:48.159 I] Loading cell West Gash Region (-3, -1)
[19:20:48.160 I] Loading cell Moonmoth Legion Fort (-1, -3)
[19:20:48.173 I] Loading cell Balmora (-3, -3)
[19:20:48.175 V] Controller R2_Claw02 present more than once in meshes/r/xsiltstrider.kf, ignoring later version
[19:20:48.190 V] Language file "l10n/OMWCombat/en.yaml" is enabled
[19:20:48.203 I] Warning: OutsideBanner line 38, column 6 (endif): endif without matching if/elseif
[19:20:48.220 I] Global[scripts/bench/global.lua]:	BENCH station=balmora startcell="balmora" frame=1
[19:20:48.281 I] Unloading cell West Gash Region (-3, -1)
[19:20:48.282 I] Unloading cell West Gash Region (-2, -1)
[19:20:48.282 I] Unloading cell Moonmoth Legion Fort (-1, -3)
[19:20:48.282 I] Unloading cell West Gash Region (-1, -2)
[19:20:48.283 I] Unloading cell West Gash Region (-1, -1)
[19:20:48.284 I] Loading cell West Gash Region (-4, -3)
[19:20:48.293 I] Loading cell Ascadian Isles Region (-3, -4)
[19:20:48.299 I] Loading cell Balmora (-4, -2)
[19:20:48.303 I] Loading cell Ascadian Isles Region (-2, -4)
[19:20:48.304 I] Loading cell Ascadian Isles Region (-4, -4)
[19:20:48.383 I] L@0x1[scripts/bench/player.lua]:	BENCH camera station=balmora yaw=0 pitch=2
[19:20:48.653 I] Global[scripts/bench/global.lua]:	BENCH station=balmora ready frame=40 simtime=0.45
[19:21:41.565 I] Saving shader settings file: <project>/harness/results/20260905-1917-8dc3ccd23-upstream-vanilla/overlay/shaders.yaml
[19:21:41.565 I] Saving Lua storage "<project>/harness/results/20260905-1917-8dc3ccd23-upstream-vanilla/overlay/global_storage.bin" (140 bytes)
[19:21:41.565 I] Saving Lua storage "<project>/harness/results/20260905-1917-8dc3ccd23-upstream-vanilla/overlay/player_storage.bin" (878 bytes)
[19:21:41.599 I] Saved input bindings: <project>/harness/results/20260905-1917-8dc3ccd23-upstream-vanilla/overlay/input_v3.xml
[19:21:41.622 I] Quitting peacefully.
