[19:33:32.175 *] Crash handler installed
[19:33:32.234 *] Loading config file: <project>/openmw/build/OpenMW.app/Contents/Resources/openmw.cfg
[19:33:32.234 *] Loading config file: <project>/harness/config/openmw.cfg
[19:33:32.235 *] Loading config file: <project>/harness/results/20260905-1917-8dc3ccd23-upstream-vanilla/overlay/openmw.cfg
[19:33:32.235 *] Logs dir: <project>/harness/results/20260905-1917-8dc3ccd23-upstream-vanilla/overlay
[19:33:32.235 *] User data dir: <project>/harness/userdata
[19:33:32.235 *] Screenshots dir: <project>/harness/userdata/screenshots
[19:33:32.235 I] OpenMW version 0.52.0
[19:33:32.235 I] Revision: 8dc3ccd234
[19:33:32.235 I] Loading settings file: <project>/openmw/build/OpenMW.app/Contents/Resources/defaults.bin
[19:33:32.235 I] Loading settings file: <project>/harness/config/settings.cfg
[19:33:32.236 I] Using default (English) font encoding.
[19:33:32.236 W] No such dir: <home>/Library/Application Support/openmw/data
[19:33:32.236 I] OSG version: 3.6.5
[19:33:32.236 I] SDL version: 2.32.10
[19:33:32.236 I] Loading shader settings file: <project>/harness/results/20260905-1917-8dc3ccd23-upstream-vanilla/overlay/shaders.yaml
[19:33:32.288 I] OpenGL Vendor: Apple
[19:33:32.288 I] OpenGL Renderer: Apple M5 Pro
[19:33:32.288 I] OpenGL Version: 2.1 Metal - 90.5
[19:33:32.288 W] GL_ARB_clip_control not supported: disabling reverse-z depth buffer
[19:33:32.288 I] Adding BSA archive <project>/Morrowind/Data Files/Morrowind.bsa
[19:33:32.290 I] Adding BSA archive <project>/Morrowind/Data Files/Tribunal.bsa
[19:33:32.290 I] Adding BSA archive <project>/Morrowind/Data Files/Bloodmoon.bsa
[19:33:32.290 I] Adding data directory <project>/openmw/build/OpenMW.app/Contents/Resources/../Resources/resources/vfs
[19:33:32.291 I] Adding data directory <project>/openmw/build/OpenMW.app/Contents/Resources/../Resources/resources/vfs-mw
[19:33:32.291 I] Adding data directory <project>/Morrowind/Data Files
[19:33:32.305 I] Adding data directory <project>/harness/mod
[19:33:32.310 I] Preferred locales: gmst en
[19:33:32.310 I] Initializing LuaUtil::LuaState without profiler
[19:33:32.310 I] Lua version: Lua 5.1.4 (LuaJIT 2.1.1767980792)
[19:33:32.310 I] Loading keybindings file: <project>/harness/results/20260905-1917-8dc3ccd23-upstream-vanilla/overlay/input_v3.xml
[19:33:32.310 I] Loading TrueType font file fonts/mysticcards.omwfont
[19:33:32.313 I] Loading TrueType font file fonts/demonicletters.omwfont
[19:33:32.314 I] Loading TrueType font file fonts/dejavulgcsansmono.omwfont
[19:33:32.322 I] Sound disabled.
[19:33:32.322 I] Loading Lua storage "<project>/harness/results/20260905-1917-8dc3ccd23-upstream-vanilla/overlay/global_storage.bin" (140 bytes)
[19:33:32.322 I] Loading Lua storage "<project>/harness/results/20260905-1917-8dc3ccd23-upstream-vanilla/overlay/player_storage.bin" (878 bytes)
[19:33:32.325 I] Loading content file builtin.omwscripts
[19:33:32.325 I] Loading content file Morrowind.esm
[19:33:32.469 I] Loading content file Tribunal.esm
[19:33:32.488 I] Loading content file Bloodmoon.esm
[19:33:32.513 I] Loading content file bench.omwscripts
[19:33:32.513 V] Lua scripts configuration (45 scripts):
[19:33:32.513 V] #0 MENU PLAYER : scripts/omw/mwui/init.lua
[19:33:32.513 V] #1 MENU : scripts/omw/settings/menu.lua
[19:33:32.513 V] #2 PLAYER : scripts/omw/settings/player.lua
[19:33:32.513 V] #3 GLOBAL : scripts/omw/settings/global.lua
[19:33:32.513 V] #4 GLOBAL : scripts/omw/activationhandlers.lua
[19:33:32.513 V] #5 GLOBAL : scripts/omw/usehandlers.lua
[19:33:32.513 V] #6 GLOBAL : scripts/omw/worldeventhandlers.lua
[19:33:32.513 V] #7 GLOBAL : scripts/omw/crimes.lua
[19:33:32.513 V] #8 PLAYER CREATURE NPC : scripts/omw/mechanics/animationcontroller.lua
[19:33:32.513 V] #9 PLAYER : scripts/omw/skillhandlers.lua
[19:33:32.513 V] #10 PLAYER : scripts/omw/mechanics/playercontroller.lua
[19:33:32.513 V] #11 MENU : scripts/omw/camera/settings.lua
[19:33:32.513 V] #12 MENU : scripts/omw/input/settings.lua
[19:33:32.513 V] #13 PLAYER : scripts/omw/input/playercontrols.lua
[19:33:32.513 V] #14 PLAYER : scripts/omw/camera/camera.lua
[19:33:32.513 V] #15 PLAYER : scripts/omw/input/actionbindings.lua
[19:33:32.513 V] #16 PLAYER : scripts/omw/input/smoothmovement.lua
[19:33:32.513 V] #17 PLAYER : scripts/omw/input/gamepadcontrols.lua
[19:33:32.513 V] #18 NPC CREATURE : scripts/omw/ai.lua
[19:33:32.513 V] #19 GLOBAL : scripts/omw/mechanics/globalcontroller.lua
[19:33:32.513 V] #20 PLAYER CREATURE NPC : scripts/omw/mechanics/actorcontroller.lua
[19:33:32.513 V] #21 PLAYER NPC CREATURE : scripts/omw/combat/interface_local.lua
[19:33:32.513 V] #22 GLOBAL : scripts/omw/combat/interface_global.lua
[19:33:32.513 V] #23 PLAYER CREATURE NPC : scripts/omw/spellcasting/interface_local.lua
[19:33:32.513 V] #24 GLOBAL : scripts/omw/spellcasting/interface_global.lua
[19:33:32.513 V] #25 GLOBAL : scripts/omw/mechanics/projectiles.lua
[19:33:32.513 V] #26 PLAYER : scripts/omw/ui.lua
[19:33:32.513 V] #27 MENU : scripts/omw/console/menu.lua
[19:33:32.513 V] #28 PLAYER : scripts/omw/console/player.lua
[19:33:32.513 V] #29 GLOBAL : scripts/omw/console/global.lua
[19:33:32.513 V] #30 CUSTOM : scripts/omw/console/local.lua
[19:33:32.513 V] #31 NPC CREATURE : scripts/omw/music/actor.lua
[19:33:32.513 V] #32 GLOBAL : scripts/omw/cellhandlers.lua
[19:33:32.513 V] #33 GLOBAL : scripts/omw/combat/global.lua
[19:33:32.513 V] #34 PLAYER : scripts/omw/combat/settingspage.lua
[19:33:32.513 V] #35 PLAYER NPC CREATURE : scripts/omw/combat/local.lua
[19:33:32.513 V] #36 PLAYER : scripts/omw/music/music.lua
[19:33:32.513 V] #37 MENU : scripts/omw/music/settings.lua
[19:33:32.513 V] #38 PLAYER : scripts/omw/playerskillhandlers.lua
[19:33:32.513 V] #39 LOAD : scripts/omw/esmfallbacks.lua
[19:33:32.513 V] #40 PLAYER CREATURE NPC : scripts/omw/spellcasting/local.lua
[19:33:32.513 V] #41 DOOR CONTAINER : scripts/omw/spellcasting/lockable.lua
[19:33:32.513 V] #42 GLOBAL : scripts/omw/spellcasting/global.lua
[19:33:32.513 V] #43 GLOBAL : scripts/bench/global.lua
[19:33:32.513 V] #44 PLAYER : scripts/bench/player.lua
[19:33:32.524 V] Enchantment "test magic axe": dropping unexpected skill argument of "FortifyMaximumMagicka" effect
[19:33:32.594 I] Using 1 async physics threads
[19:33:32.594 I] Using <project>/harness/userdata/navmesh.db to store navigation mesh cache
[19:33:32.594 V] Using idle priority for thread=0x16d437000
[19:33:32.594 I] Reserving texture units for shadow maps: 13..15
[19:33:32.595 I] Reserving texture unit for opaque depth texture: 12
[19:33:32.595 I] Reserving texture unit for opaque color texture: 11
[19:33:32.595 V] Disabling Multiview (disabled by config)
[19:33:32.599 V] Language file "l10n/Interface/gmst.yaml" is enabled
[19:33:32.599 V] Language file "l10n/Interface/en.yaml" is enabled
[19:33:32.608 V] Language file "l10n/OMWEngine/gmst.yaml" is enabled
[19:33:32.608 V] Language file "l10n/OMWEngine/en.yaml" is enabled
[19:33:32.617 V] Language file "l10n/OMWShaders/en.yaml" is enabled
[19:33:32.624 V] Language file "l10n/OMWCamera/en.yaml" is enabled
[19:33:32.626 V] Language file "l10n/OMWControls/en.yaml" is enabled
[19:33:32.626 V] Language file "l10n/interface/gmst.yaml" is enabled
[19:33:32.626 V] Language file "l10n/interface/en.yaml" is enabled
[19:33:32.626 V] Language file "l10n/Calendar/gmst.yaml" is enabled
[19:33:32.626 V] Language file "l10n/Calendar/en.yaml" is enabled
[19:33:32.626 V] Language file "l10n/OMWMusic/en.yaml" is enabled
[19:33:32.627 I] OSG stats will be written to: <project>/harness/results/20260905-1917-8dc3ccd23-upstream-vanilla/route-r1-stats.txt
[19:33:32.632 I] Starting a new game
[19:33:32.634 V] Language file "l10n/Mechanics/gmst.yaml" is enabled
[19:33:32.661 I] Loading cell Bitter Coast Region (0, -10)
[19:33:32.677 I] Loading cell Ascadian Isles Region (0, -9)
[19:33:32.701 I] Loading cell Bitter Coast Region (-1, -10)
[19:33:32.705 I] Loading cell Bitter Coast Region (0, -11)
[19:33:32.707 I] Loading cell Ascadian Isles Region (1, -10)
[19:33:32.711 I] Loading cell Bitter Coast Region (-1, -9)
[19:33:32.716 I] Loading cell Ascadian Isles Region (1, -9)
[19:33:32.725 I] Loading cell Bitter Coast Region (-1, -11)
[19:33:32.734 I] Loading cell Ascadian Isles Region (1, -11)
[19:33:32.739 V] Language file "l10n/OMWCombat/en.yaml" is enabled
[19:33:32.768 I] Global[scripts/bench/global.lua]:	BENCH station=route startcell="bitter coast region" frame=1
[19:33:32.838 I] Unloading cell Bitter Coast Region (0, -10)
[19:33:32.839 I] Unloading cell Bitter Coast Region (-1, -11)
[19:33:32.839 I] Unloading cell Bitter Coast Region (0, -11)
[19:33:32.839 I] Unloading cell Ascadian Isles Region (0, -9)
[19:33:32.840 I] Unloading cell Ascadian Isles Region (1, -11)
[19:33:32.840 I] Unloading cell Ascadian Isles Region (1, -10)
[19:33:32.840 I] Unloading cell Ascadian Isles Region (1, -9)
[19:33:32.841 I] Loading cell Seyda Neen (-2, -9)
[19:33:32.846 V] Controller R2_Claw02 present more than once in meshes/r/xsiltstrider.kf, ignoring later version
[19:33:32.863 I] Loading cell Bitter Coast Region (-2, -8)
[19:33:32.867 I] Loading cell Bitter Coast Region (-3, -9)
[19:33:32.869 I] Loading cell Seyda Neen (-2, -10)
[19:33:32.869 I] Warning: lookoutScript[local variables] line 41, column 37 (=): invalid operator =, treating it as ==
[19:33:32.872 I] Loading cell Ascadian Isles Region (-1, -8)
[19:33:32.876 I] Loading cell Bitter Coast Region (-3, -8)
[19:33:32.879 I] Loading cell Bitter Coast Region (-3, -10)
[19:33:32.882 I] AiTravel: -8914, -73093, 126
[19:33:32.882 I] Warning: lookoutScript line 41, column 37 (=): invalid operator =, treating it as ==
[19:33:32.882 I] Warning: fallingScript line 46, column 6 (endif): endif without matching if/elseif
[19:33:33.085 I] L@0x1[scripts/bench/player.lua]:	BENCH camera station=route yaw=0 pitch=6
[19:33:33.238 I] Global[scripts/bench/global.lua]:	BENCH station=route ready frame=40 simtime=0.45
[19:33:33.238 I] Global[scripts/bench/global.lua]:	BENCH route cell=-2,-9 pos=(-11000,-69995) simtime=0.45
[19:33:37.703 I] Unloading cell Seyda Neen (-2, -10)
[19:33:37.704 I] Unloading cell Bitter Coast Region (-1, -10)
[19:33:37.704 I] Unloading cell Bitter Coast Region (-3, -10)
[19:33:37.705 I] Loading cell Ascadian Isles Region (-2, -7)
[19:33:37.706 I] Loading cell Ascadian Isles Region (-1, -7)
[19:33:37.707 I] Loading cell Ascadian Isles Region (-3, -7)
[19:33:37.714 I] Global[scripts/bench/global.lua]:	BENCH route cell=-2,-8 pos=(-11000,-65529) simtime=4.91
[19:33:46.038 I] Unloading cell Bitter Coast Region (-1, -9)
[19:33:46.039 I] Unloading cell Seyda Neen (-2, -9)
[19:33:46.040 I] Unloading cell Bitter Coast Region (-3, -9)
[19:33:46.040 I] Loading cell Ascadian Isles Region (-2, -6)
[19:33:46.049 I] Loading cell Ascadian Isles Region (-1, -6)
[19:33:46.050 I] Loading cell Ascadian Isles Region (-3, -6)
[19:33:46.057 I] Global[scripts/bench/global.lua]:	BENCH route cell=-2,-7 pos=(-12165,-57337) simtime=13.25
[19:33:54.481 I] Unloading cell Bitter Coast Region (-3, -8)
[19:33:54.482 I] Unloading cell Bitter Coast Region (-2, -8)
[19:33:54.482 I] Unloading cell Ascadian Isles Region (-1, -8)
[19:33:54.483 I] Loading cell Ascadian Isles Region (-2, -5)
[19:33:54.484 I] Loading cell Ascadian Isles Region (-1, -5)
[19:33:54.486 I] Loading cell Ascadian Isles Region (-3, -5)
[19:33:54.490 I] Global[scripts/bench/global.lua]:	BENCH route cell=-2,-6 pos=(-14213,-49146) simtime=21.69
[19:34:02.925 I] Unloading cell Ascadian Isles Region (-2, -7)
[19:34:02.926 I] Unloading cell Ascadian Isles Region (-3, -7)
[19:34:02.926 I] Unloading cell Ascadian Isles Region (-1, -7)
[19:34:02.927 I] Loading cell Ascadian Isles Region (-2, -4)
[19:34:02.927 I] Loading cell Ascadian Isles Region (-1, -4)
[19:34:02.928 I] Loading cell Ascadian Isles Region (-3, -4)
[19:34:02.935 I] Global[scripts/bench/global.lua]:	BENCH route cell=-2,-5 pos=(-16261,-40954) simtime=30.13
[19:34:03.437 I] Unloading cell Ascadian Isles Region (-1, -5)
[19:34:03.437 I] Unloading cell Ascadian Isles Region (-1, -4)
[19:34:03.437 I] Unloading cell Ascadian Isles Region (-1, -6)
[19:34:03.438 I] Loading cell Ascadian Isles Region (-4, -5)
[19:34:03.439 I] Loading cell Ascadian Isles Region (-4, -4)
[19:34:03.442 I] Loading cell Bitter Coast Region (-4, -6)
[19:34:03.445 I] Global[scripts/bench/global.lua]:	BENCH route cell=-3,-5 pos=(-16385,-40459) simtime=30.65
[19:34:09.637 V] Controller R2_Claw02 present more than once in meshes/r/xsiltstrider.kf, ignoring later version
[19:34:11.369 I] Unloading cell Bitter Coast Region (-4, -6)
[19:34:11.369 I] Unloading cell Ascadian Isles Region (-2, -6)
[19:34:11.370 I] Unloading cell Ascadian Isles Region (-3, -6)
[19:34:11.370 I] Loading cell Balmora (-3, -3)
[19:34:11.375 I] Loading cell West Gash Region (-2, -3)
[19:34:11.377 I] Loading cell West Gash Region (-4, -3)
[19:34:11.379 I] Warning: OutsideBanner line 38, column 6 (endif): endif without matching if/elseif
[19:34:11.384 I] Global[scripts/bench/global.lua]:	BENCH route cell=-3,-4 pos=(-18309,-32763) simtime=38.58
[19:34:19.646 I] Unloading cell Ascadian Isles Region (-2, -5)
[19:34:19.647 I] Unloading cell Ascadian Isles Region (-3, -5)
[19:34:19.647 I] Unloading cell Ascadian Isles Region (-4, -5)
[19:34:19.648 I] Loading cell Balmora (-3, -2)
[19:34:19.657 I] Loading cell Balmora (-2, -2)
[19:34:19.659 I] Loading cell Balmora (-4, -2)
[19:34:19.670 I] Global[scripts/bench/global.lua]:	BENCH route cell=-3,-3 pos=(-19000,-24571) simtime=46.86
[19:34:26.283 I] Saving shader settings file: <project>/harness/results/20260905-1917-8dc3ccd23-upstream-vanilla/overlay/shaders.yaml
[19:34:26.283 I] Saving Lua storage "<project>/harness/results/20260905-1917-8dc3ccd23-upstream-vanilla/overlay/global_storage.bin" (140 bytes)
[19:34:26.283 I] Saving Lua storage "<project>/harness/results/20260905-1917-8dc3ccd23-upstream-vanilla/overlay/player_storage.bin" (878 bytes)
[19:34:26.322 I] Saved input bindings: <project>/harness/results/20260905-1917-8dc3ccd23-upstream-vanilla/overlay/input_v3.xml
[19:34:26.348 I] Quitting peacefully.
