[19:18:03.914 *] Crash handler installed
[19:18:03.972 *] Loading config file: <project>/openmw/build/OpenMW.app/Contents/Resources/openmw.cfg
[19:18:03.973 *] Loading config file: <project>/harness/config/openmw.cfg
[19:18:03.973 *] Loading config file: <project>/harness/results/20260905-1917-8dc3ccd23-upstream-vanilla/overlay/openmw.cfg
[19:18:03.973 *] Logs dir: <project>/harness/results/20260905-1917-8dc3ccd23-upstream-vanilla/overlay
[19:18:03.973 *] User data dir: <project>/harness/userdata
[19:18:03.973 *] Screenshots dir: <project>/harness/userdata/screenshots
[19:18:03.973 I] OpenMW version 0.52.0
[19:18:03.973 I] Revision: 8dc3ccd234
[19:18:03.974 I] Loading settings file: <project>/openmw/build/OpenMW.app/Contents/Resources/defaults.bin
[19:18:03.974 I] Loading settings file: <project>/harness/config/settings.cfg
[19:18:03.974 I] Using default (English) font encoding.
[19:18:03.974 W] No such dir: <home>/Library/Application Support/openmw/data
[19:18:03.975 I] OSG version: 3.6.5
[19:18:03.975 I] SDL version: 2.32.10
[19:18:03.975 I] Loading shader settings file: <project>/harness/results/20260905-1917-8dc3ccd23-upstream-vanilla/overlay/shaders.yaml
[19:18:04.027 I] OpenGL Vendor: Apple
[19:18:04.027 I] OpenGL Renderer: Apple M5 Pro
[19:18:04.027 I] OpenGL Version: 2.1 Metal - 90.5
[19:18:04.027 W] GL_ARB_clip_control not supported: disabling reverse-z depth buffer
[19:18:04.027 I] Adding BSA archive <project>/Morrowind/Data Files/Morrowind.bsa
[19:18:04.029 I] Adding BSA archive <project>/Morrowind/Data Files/Tribunal.bsa
[19:18:04.029 I] Adding BSA archive <project>/Morrowind/Data Files/Bloodmoon.bsa
[19:18:04.029 I] Adding data directory <project>/openmw/build/OpenMW.app/Contents/Resources/../Resources/resources/vfs
[19:18:04.030 I] Adding data directory <project>/openmw/build/OpenMW.app/Contents/Resources/../Resources/resources/vfs-mw
[19:18:04.030 I] Adding data directory <project>/Morrowind/Data Files
[19:18:04.044 I] Adding data directory <project>/harness/mod
[19:18:04.049 I] Preferred locales: gmst en
[19:18:04.049 I] Initializing LuaUtil::LuaState without profiler
[19:18:04.049 I] Lua version: Lua 5.1.4 (LuaJIT 2.1.1767980792)
[19:18:04.049 I] Loading keybindings file: <project>/harness/results/20260905-1917-8dc3ccd23-upstream-vanilla/overlay/input_v3.xml
[19:18:04.049 I] Loading TrueType font file fonts/mysticcards.omwfont
[19:18:04.051 I] Loading TrueType font file fonts/demonicletters.omwfont
[19:18:04.052 I] Loading TrueType font file fonts/dejavulgcsansmono.omwfont
[19:18:04.060 I] Sound disabled.
[19:18:04.061 I] Loading Lua storage "<project>/harness/results/20260905-1917-8dc3ccd23-upstream-vanilla/overlay/global_storage.bin" (140 bytes)
[19:18:04.061 I] Loading Lua storage "<project>/harness/results/20260905-1917-8dc3ccd23-upstream-vanilla/overlay/player_storage.bin" (878 bytes)
[19:18:04.063 I] Loading content file builtin.omwscripts
[19:18:04.063 I] Loading content file Morrowind.esm
[19:18:04.205 I] Loading content file Tribunal.esm
[19:18:04.223 I] Loading content file Bloodmoon.esm
[19:18:04.246 I] Loading content file bench.omwscripts
[19:18:04.246 V] Lua scripts configuration (45 scripts):
[19:18:04.246 V] #0 MENU PLAYER : scripts/omw/mwui/init.lua
[19:18:04.246 V] #1 MENU : scripts/omw/settings/menu.lua
[19:18:04.246 V] #2 PLAYER : scripts/omw/settings/player.lua
[19:18:04.246 V] #3 GLOBAL : scripts/omw/settings/global.lua
[19:18:04.246 V] #4 GLOBAL : scripts/omw/activationhandlers.lua
[19:18:04.246 V] #5 GLOBAL : scripts/omw/usehandlers.lua
[19:18:04.246 V] #6 GLOBAL : scripts/omw/worldeventhandlers.lua
[19:18:04.246 V] #7 GLOBAL : scripts/omw/crimes.lua
[19:18:04.246 V] #8 PLAYER CREATURE NPC : scripts/omw/mechanics/animationcontroller.lua
[19:18:04.246 V] #9 PLAYER : scripts/omw/skillhandlers.lua
[19:18:04.246 V] #10 PLAYER : scripts/omw/mechanics/playercontroller.lua
[19:18:04.246 V] #11 MENU : scripts/omw/camera/settings.lua
[19:18:04.246 V] #12 MENU : scripts/omw/input/settings.lua
[19:18:04.246 V] #13 PLAYER : scripts/omw/input/playercontrols.lua
[19:18:04.246 V] #14 PLAYER : scripts/omw/camera/camera.lua
[19:18:04.246 V] #15 PLAYER : scripts/omw/input/actionbindings.lua
[19:18:04.246 V] #16 PLAYER : scripts/omw/input/smoothmovement.lua
[19:18:04.246 V] #17 PLAYER : scripts/omw/input/gamepadcontrols.lua
[19:18:04.246 V] #18 NPC CREATURE : scripts/omw/ai.lua
[19:18:04.246 V] #19 GLOBAL : scripts/omw/mechanics/globalcontroller.lua
[19:18:04.246 V] #20 PLAYER CREATURE NPC : scripts/omw/mechanics/actorcontroller.lua
[19:18:04.246 V] #21 PLAYER NPC CREATURE : scripts/omw/combat/interface_local.lua
[19:18:04.246 V] #22 GLOBAL : scripts/omw/combat/interface_global.lua
[19:18:04.246 V] #23 PLAYER CREATURE NPC : scripts/omw/spellcasting/interface_local.lua
[19:18:04.246 V] #24 GLOBAL : scripts/omw/spellcasting/interface_global.lua
[19:18:04.246 V] #25 GLOBAL : scripts/omw/mechanics/projectiles.lua
[19:18:04.246 V] #26 PLAYER : scripts/omw/ui.lua
[19:18:04.246 V] #27 MENU : scripts/omw/console/menu.lua
[19:18:04.246 V] #28 PLAYER : scripts/omw/console/player.lua
[19:18:04.246 V] #29 GLOBAL : scripts/omw/console/global.lua
[19:18:04.246 V] #30 CUSTOM : scripts/omw/console/local.lua
[19:18:04.246 V] #31 NPC CREATURE : scripts/omw/music/actor.lua
[19:18:04.246 V] #32 GLOBAL : scripts/omw/cellhandlers.lua
[19:18:04.246 V] #33 GLOBAL : scripts/omw/combat/global.lua
[19:18:04.246 V] #34 PLAYER : scripts/omw/combat/settingspage.lua
[19:18:04.246 V] #35 PLAYER NPC CREATURE : scripts/omw/combat/local.lua
[19:18:04.246 V] #36 PLAYER : scripts/omw/music/music.lua
[19:18:04.246 V] #37 MENU : scripts/omw/music/settings.lua
[19:18:04.246 V] #38 PLAYER : scripts/omw/playerskillhandlers.lua
[19:18:04.246 V] #39 LOAD : scripts/omw/esmfallbacks.lua
[19:18:04.246 V] #40 PLAYER CREATURE NPC : scripts/omw/spellcasting/local.lua
[19:18:04.246 V] #41 DOOR CONTAINER : scripts/omw/spellcasting/lockable.lua
[19:18:04.246 V] #42 GLOBAL : scripts/omw/spellcasting/global.lua
[19:18:04.246 V] #43 GLOBAL : scripts/bench/global.lua
[19:18:04.246 V] #44 PLAYER : scripts/bench/player.lua
[19:18:04.256 V] Enchantment "test magic axe": dropping unexpected skill argument of "FortifyMaximumMagicka" effect
[19:18:04.323 I] Using 1 async physics threads
[19:18:04.323 I] Using <project>/harness/userdata/navmesh.db to store navigation mesh cache
[19:18:04.323 V] Using idle priority for thread=0x16ff4f000
[19:18:04.323 I] Reserving texture units for shadow maps: 13..15
[19:18:04.324 I] Reserving texture unit for opaque depth texture: 12
[19:18:04.324 I] Reserving texture unit for opaque color texture: 11
[19:18:04.324 V] Disabling Multiview (disabled by config)
[19:18:04.327 V] Language file "l10n/Interface/gmst.yaml" is enabled
[19:18:04.327 V] Language file "l10n/Interface/en.yaml" is enabled
[19:18:04.336 V] Language file "l10n/OMWEngine/gmst.yaml" is enabled
[19:18:04.336 V] Language file "l10n/OMWEngine/en.yaml" is enabled
[19:18:04.345 V] Language file "l10n/OMWShaders/en.yaml" is enabled
[19:18:04.352 V] Language file "l10n/OMWCamera/en.yaml" is enabled
[19:18:04.353 V] Language file "l10n/OMWControls/en.yaml" is enabled
[19:18:04.353 V] Language file "l10n/interface/gmst.yaml" is enabled
[19:18:04.354 V] Language file "l10n/interface/en.yaml" is enabled
[19:18:04.354 V] Language file "l10n/Calendar/gmst.yaml" is enabled
[19:18:04.354 V] Language file "l10n/Calendar/en.yaml" is enabled
[19:18:04.354 V] Language file "l10n/OMWMusic/en.yaml" is enabled
[19:18:04.354 I] OSG stats will be written to: <project>/harness/results/20260905-1917-8dc3ccd23-upstream-vanilla/seyda-r2-stats.txt
[19:18:04.359 I] Starting a new game
[19:18:04.361 V] Language file "l10n/Mechanics/gmst.yaml" is enabled
[19:18:04.389 I] Loading cell Seyda Neen (-2, -9)
[19:18:04.394 V] Controller R2_Claw02 present more than once in meshes/r/xsiltstrider.kf, ignoring later version
[19:18:04.424 I] Loading cell Bitter Coast Region (-2, -8)
[19:18:04.431 I] Loading cell Bitter Coast Region (-1, -9)
[19:18:04.442 I] Loading cell Bitter Coast Region (-3, -9)
[19:18:04.453 I] Loading cell Seyda Neen (-2, -10)
[19:18:04.453 I] Warning: lookoutScript[local variables] line 41, column 37 (=): invalid operator =, treating it as ==
[19:18:04.457 I] Loading cell Ascadian Isles Region (-1, -8)
[19:18:04.475 I] Loading cell Bitter Coast Region (-3, -8)
[19:18:04.478 I] Loading cell Bitter Coast Region (-1, -10)
[19:18:04.480 I] Loading cell Bitter Coast Region (-3, -10)
[19:18:04.484 V] Language file "l10n/OMWCombat/en.yaml" is enabled
[19:18:04.497 I] AiTravel: -8914, -73093, 126
[19:18:04.497 I] Warning: lookoutScript line 41, column 37 (=): invalid operator =, treating it as ==
[19:18:04.497 I] Warning: fallingScript line 46, column 6 (endif): endif without matching if/elseif
[19:18:04.517 I] Global[scripts/bench/global.lua]:	BENCH station=seyda startcell="seyda neen" frame=1
[19:18:04.597 I] L@0x1[scripts/bench/player.lua]:	BENCH camera station=seyda yaw=160 pitch=4
[19:18:04.847 I] Global[scripts/bench/global.lua]:	BENCH station=seyda ready frame=40 simtime=0.35
[19:18:57.865 I] Saving shader settings file: <project>/harness/results/20260905-1917-8dc3ccd23-upstream-vanilla/overlay/shaders.yaml
[19:18:57.865 I] Saving Lua storage "<project>/harness/results/20260905-1917-8dc3ccd23-upstream-vanilla/overlay/global_storage.bin" (140 bytes)
[19:18:57.866 I] Saving Lua storage "<project>/harness/results/20260905-1917-8dc3ccd23-upstream-vanilla/overlay/player_storage.bin" (878 bytes)
[19:18:57.902 I] Saved input bindings: <project>/harness/results/20260905-1917-8dc3ccd23-upstream-vanilla/overlay/input_v3.xml
[19:18:57.927 I] Quitting peacefully.
