[19:23:31.194 *] Crash handler installed
[19:23:31.261 *] Loading config file: <project>/openmw/build/OpenMW.app/Contents/Resources/openmw.cfg
[19:23:31.262 *] Loading config file: <project>/harness/config/openmw.cfg
[19:23:31.262 *] Loading config file: <project>/harness/results/20260905-1917-8dc3ccd23-upstream-vanilla/overlay/openmw.cfg
[19:23:31.262 *] Logs dir: <project>/harness/results/20260905-1917-8dc3ccd23-upstream-vanilla/overlay
[19:23:31.262 *] User data dir: <project>/harness/userdata
[19:23:31.262 *] Screenshots dir: <project>/harness/userdata/screenshots
[19:23:31.262 I] OpenMW version 0.52.0
[19:23:31.262 I] Revision: 8dc3ccd234
[19:23:31.263 I] Loading settings file: <project>/openmw/build/OpenMW.app/Contents/Resources/defaults.bin
[19:23:31.263 I] Loading settings file: <project>/harness/config/settings.cfg
[19:23:31.263 I] Using default (English) font encoding.
[19:23:31.263 W] No such dir: <home>/Library/Application Support/openmw/data
[19:23:31.264 I] OSG version: 3.6.5
[19:23:31.264 I] SDL version: 2.32.10
[19:23:31.264 I] Loading shader settings file: <project>/harness/results/20260905-1917-8dc3ccd23-upstream-vanilla/overlay/shaders.yaml
[19:23:31.311 I] OpenGL Vendor: Apple
[19:23:31.311 I] OpenGL Renderer: Apple M5 Pro
[19:23:31.311 I] OpenGL Version: 2.1 Metal - 90.5
[19:23:31.311 W] GL_ARB_clip_control not supported: disabling reverse-z depth buffer
[19:23:31.312 I] Adding BSA archive <project>/Morrowind/Data Files/Morrowind.bsa
[19:23:31.313 I] Adding BSA archive <project>/Morrowind/Data Files/Tribunal.bsa
[19:23:31.313 I] Adding BSA archive <project>/Morrowind/Data Files/Bloodmoon.bsa
[19:23:31.313 I] Adding data directory <project>/openmw/build/OpenMW.app/Contents/Resources/../Resources/resources/vfs
[19:23:31.314 I] Adding data directory <project>/openmw/build/OpenMW.app/Contents/Resources/../Resources/resources/vfs-mw
[19:23:31.314 I] Adding data directory <project>/Morrowind/Data Files
[19:23:31.328 I] Adding data directory <project>/harness/mod
[19:23:31.333 I] Preferred locales: gmst en
[19:23:31.333 I] Initializing LuaUtil::LuaState without profiler
[19:23:31.333 I] Lua version: Lua 5.1.4 (LuaJIT 2.1.1767980792)
[19:23:31.333 I] Loading keybindings file: <project>/harness/results/20260905-1917-8dc3ccd23-upstream-vanilla/overlay/input_v3.xml
[19:23:31.333 I] Loading TrueType font file fonts/mysticcards.omwfont
[19:23:31.335 I] Loading TrueType font file fonts/demonicletters.omwfont
[19:23:31.336 I] Loading TrueType font file fonts/dejavulgcsansmono.omwfont
[19:23:31.345 I] Sound disabled.
[19:23:31.345 I] Loading Lua storage "<project>/harness/results/20260905-1917-8dc3ccd23-upstream-vanilla/overlay/global_storage.bin" (140 bytes)
[19:23:31.345 I] Loading Lua storage "<project>/harness/results/20260905-1917-8dc3ccd23-upstream-vanilla/overlay/player_storage.bin" (878 bytes)
[19:23:31.348 I] Loading content file builtin.omwscripts
[19:23:31.348 I] Loading content file Morrowind.esm
[19:23:31.491 I] Loading content file Tribunal.esm
[19:23:31.509 I] Loading content file Bloodmoon.esm
[19:23:31.531 I] Loading content file bench.omwscripts
[19:23:31.531 V] Lua scripts configuration (45 scripts):
[19:23:31.531 V] #0 MENU PLAYER : scripts/omw/mwui/init.lua
[19:23:31.531 V] #1 MENU : scripts/omw/settings/menu.lua
[19:23:31.531 V] #2 PLAYER : scripts/omw/settings/player.lua
[19:23:31.531 V] #3 GLOBAL : scripts/omw/settings/global.lua
[19:23:31.531 V] #4 GLOBAL : scripts/omw/activationhandlers.lua
[19:23:31.531 V] #5 GLOBAL : scripts/omw/usehandlers.lua
[19:23:31.531 V] #6 GLOBAL : scripts/omw/worldeventhandlers.lua
[19:23:31.531 V] #7 GLOBAL : scripts/omw/crimes.lua
[19:23:31.531 V] #8 PLAYER CREATURE NPC : scripts/omw/mechanics/animationcontroller.lua
[19:23:31.531 V] #9 PLAYER : scripts/omw/skillhandlers.lua
[19:23:31.531 V] #10 PLAYER : scripts/omw/mechanics/playercontroller.lua
[19:23:31.531 V] #11 MENU : scripts/omw/camera/settings.lua
[19:23:31.531 V] #12 MENU : scripts/omw/input/settings.lua
[19:23:31.531 V] #13 PLAYER : scripts/omw/input/playercontrols.lua
[19:23:31.531 V] #14 PLAYER : scripts/omw/camera/camera.lua
[19:23:31.531 V] #15 PLAYER : scripts/omw/input/actionbindings.lua
[19:23:31.531 V] #16 PLAYER : scripts/omw/input/smoothmovement.lua
[19:23:31.531 V] #17 PLAYER : scripts/omw/input/gamepadcontrols.lua
[19:23:31.531 V] #18 NPC CREATURE : scripts/omw/ai.lua
[19:23:31.531 V] #19 GLOBAL : scripts/omw/mechanics/globalcontroller.lua
[19:23:31.531 V] #20 PLAYER CREATURE NPC : scripts/omw/mechanics/actorcontroller.lua
[19:23:31.531 V] #21 PLAYER NPC CREATURE : scripts/omw/combat/interface_local.lua
[19:23:31.531 V] #22 GLOBAL : scripts/omw/combat/interface_global.lua
[19:23:31.532 V] #23 PLAYER CREATURE NPC : scripts/omw/spellcasting/interface_local.lua
[19:23:31.532 V] #24 GLOBAL : scripts/omw/spellcasting/interface_global.lua
[19:23:31.532 V] #25 GLOBAL : scripts/omw/mechanics/projectiles.lua
[19:23:31.532 V] #26 PLAYER : scripts/omw/ui.lua
[19:23:31.532 V] #27 MENU : scripts/omw/console/menu.lua
[19:23:31.532 V] #28 PLAYER : scripts/omw/console/player.lua
[19:23:31.532 V] #29 GLOBAL : scripts/omw/console/global.lua
[19:23:31.532 V] #30 CUSTOM : scripts/omw/console/local.lua
[19:23:31.532 V] #31 NPC CREATURE : scripts/omw/music/actor.lua
[19:23:31.532 V] #32 GLOBAL : scripts/omw/cellhandlers.lua
[19:23:31.532 V] #33 GLOBAL : scripts/omw/combat/global.lua
[19:23:31.532 V] #34 PLAYER : scripts/omw/combat/settingspage.lua
[19:23:31.532 V] #35 PLAYER NPC CREATURE : scripts/omw/combat/local.lua
[19:23:31.532 V] #36 PLAYER : scripts/omw/music/music.lua
[19:23:31.532 V] #37 MENU : scripts/omw/music/settings.lua
[19:23:31.532 V] #38 PLAYER : scripts/omw/playerskillhandlers.lua
[19:23:31.532 V] #39 LOAD : scripts/omw/esmfallbacks.lua
[19:23:31.532 V] #40 PLAYER CREATURE NPC : scripts/omw/spellcasting/local.lua
[19:23:31.532 V] #41 DOOR CONTAINER : scripts/omw/spellcasting/lockable.lua
[19:23:31.532 V] #42 GLOBAL : scripts/omw/spellcasting/global.lua
[19:23:31.532 V] #43 GLOBAL : scripts/bench/global.lua
[19:23:31.532 V] #44 PLAYER : scripts/bench/player.lua
[19:23:31.542 V] Enchantment "test magic axe": dropping unexpected skill argument of "FortifyMaximumMagicka" effect
[19:23:31.609 I] Using 1 async physics threads
[19:23:31.609 I] Using <project>/harness/userdata/navmesh.db to store navigation mesh cache
[19:23:31.610 V] Using idle priority for thread=0x16c123000
[19:23:31.610 I] Reserving texture units for shadow maps: 13..15
[19:23:31.611 I] Reserving texture unit for opaque depth texture: 12
[19:23:31.611 I] Reserving texture unit for opaque color texture: 11
[19:23:31.611 V] Disabling Multiview (disabled by config)
[19:23:31.614 V] Language file "l10n/Interface/gmst.yaml" is enabled
[19:23:31.614 V] Language file "l10n/Interface/en.yaml" is enabled
[19:23:31.622 V] Language file "l10n/OMWEngine/gmst.yaml" is enabled
[19:23:31.623 V] Language file "l10n/OMWEngine/en.yaml" is enabled
[19:23:31.632 V] Language file "l10n/OMWShaders/en.yaml" is enabled
[19:23:31.639 V] Language file "l10n/OMWCamera/en.yaml" is enabled
[19:23:31.640 V] Language file "l10n/OMWControls/en.yaml" is enabled
[19:23:31.641 V] Language file "l10n/interface/gmst.yaml" is enabled
[19:23:31.641 V] Language file "l10n/interface/en.yaml" is enabled
[19:23:31.641 V] Language file "l10n/Calendar/gmst.yaml" is enabled
[19:23:31.641 V] Language file "l10n/Calendar/en.yaml" is enabled
[19:23:31.641 V] Language file "l10n/OMWMusic/en.yaml" is enabled
[19:23:31.642 I] OSG stats will be written to: <project>/harness/results/20260905-1917-8dc3ccd23-upstream-vanilla/vivec-r2-stats.txt
[19:23:31.646 I] Starting a new game
[19:23:31.649 V] Language file "l10n/Mechanics/gmst.yaml" is enabled
[19:23:31.679 I] Loading cell Vivec, Arena (4, -11)
[19:23:31.694 I] Loading cell Vivec, Redoran (3, -11)
[19:23:31.699 I] Loading cell Vivec, Foreign Quarter (4, -10)
[19:23:31.708 I] Loading cell Vivec, St. Olms (4, -12)
[19:23:31.712 I] Loading cell Vivec, Telvanni (5, -11)
[19:23:31.715 I] Loading cell Vivec, Foreign Quarter (3, -10)
[19:23:31.721 I] Loading cell Vivec, St. Delyn (3, -12)
[19:23:31.724 I] Loading cell Vivec (5, -10)
[19:23:31.732 I] Loading cell Ascadian Isles Region (5, -12)
[19:23:31.741 V] Language file "l10n/OMWCombat/en.yaml" is enabled
[19:23:31.765 I] Global[scripts/bench/global.lua]:	BENCH station=vivec startcell="vivec, arena" frame=1
[19:23:31.845 I] L@0x1[scripts/bench/player.lua]:	BENCH camera station=vivec yaw=180 pitch=12
[19:23:32.113 I] Global[scripts/bench/global.lua]:	BENCH station=vivec ready frame=40 simtime=0.37
[19:24:25.145 I] Saving shader settings file: <project>/harness/results/20260905-1917-8dc3ccd23-upstream-vanilla/overlay/shaders.yaml
[19:24:25.146 I] Saving Lua storage "<project>/harness/results/20260905-1917-8dc3ccd23-upstream-vanilla/overlay/global_storage.bin" (140 bytes)
[19:24:25.146 I] Saving Lua storage "<project>/harness/results/20260905-1917-8dc3ccd23-upstream-vanilla/overlay/player_storage.bin" (878 bytes)
[19:24:25.177 I] Saved input bindings: <project>/harness/results/20260905-1917-8dc3ccd23-upstream-vanilla/overlay/input_v3.xml
[19:24:25.194 I] Quitting peacefully.
