[19:24:25.651 *] Crash handler installed
[19:24:25.711 *] Loading config file: <project>/openmw/build/OpenMW.app/Contents/Resources/openmw.cfg
[19:24:25.712 *] Loading config file: <project>/harness/config/openmw.cfg
[19:24:25.712 *] Loading config file: <project>/harness/results/20260905-1917-8dc3ccd23-upstream-vanilla/overlay/openmw.cfg
[19:24:25.713 *] Logs dir: <project>/harness/results/20260905-1917-8dc3ccd23-upstream-vanilla/overlay
[19:24:25.713 *] User data dir: <project>/harness/userdata
[19:24:25.713 *] Screenshots dir: <project>/harness/userdata/screenshots
[19:24:25.713 I] OpenMW version 0.52.0
[19:24:25.713 I] Revision: 8dc3ccd234
[19:24:25.713 I] Loading settings file: <project>/openmw/build/OpenMW.app/Contents/Resources/defaults.bin
[19:24:25.713 I] Loading settings file: <project>/harness/config/settings.cfg
[19:24:25.714 I] Using default (English) font encoding.
[19:24:25.714 W] No such dir: <home>/Library/Application Support/openmw/data
[19:24:25.714 I] OSG version: 3.6.5
[19:24:25.714 I] SDL version: 2.32.10
[19:24:25.714 I] Loading shader settings file: <project>/harness/results/20260905-1917-8dc3ccd23-upstream-vanilla/overlay/shaders.yaml
[19:24:25.763 I] OpenGL Vendor: Apple
[19:24:25.763 I] OpenGL Renderer: Apple M5 Pro
[19:24:25.763 I] OpenGL Version: 2.1 Metal - 90.5
[19:24:25.763 W] GL_ARB_clip_control not supported: disabling reverse-z depth buffer
[19:24:25.763 I] Adding BSA archive <project>/Morrowind/Data Files/Morrowind.bsa
[19:24:25.765 I] Adding BSA archive <project>/Morrowind/Data Files/Tribunal.bsa
[19:24:25.765 I] Adding BSA archive <project>/Morrowind/Data Files/Bloodmoon.bsa
[19:24:25.765 I] Adding data directory <project>/openmw/build/OpenMW.app/Contents/Resources/../Resources/resources/vfs
[19:24:25.766 I] Adding data directory <project>/openmw/build/OpenMW.app/Contents/Resources/../Resources/resources/vfs-mw
[19:24:25.766 I] Adding data directory <project>/Morrowind/Data Files
[19:24:25.780 I] Adding data directory <project>/harness/mod
[19:24:25.785 I] Preferred locales: gmst en
[19:24:25.785 I] Initializing LuaUtil::LuaState without profiler
[19:24:25.785 I] Lua version: Lua 5.1.4 (LuaJIT 2.1.1767980792)
[19:24:25.785 I] Loading keybindings file: <project>/harness/results/20260905-1917-8dc3ccd23-upstream-vanilla/overlay/input_v3.xml
[19:24:25.785 I] Loading TrueType font file fonts/mysticcards.omwfont
[19:24:25.787 I] Loading TrueType font file fonts/demonicletters.omwfont
[19:24:25.788 I] Loading TrueType font file fonts/dejavulgcsansmono.omwfont
[19:24:25.796 I] Sound disabled.
[19:24:25.797 I] Loading Lua storage "<project>/harness/results/20260905-1917-8dc3ccd23-upstream-vanilla/overlay/global_storage.bin" (140 bytes)
[19:24:25.797 I] Loading Lua storage "<project>/harness/results/20260905-1917-8dc3ccd23-upstream-vanilla/overlay/player_storage.bin" (878 bytes)
[19:24:25.800 I] Loading content file builtin.omwscripts
[19:24:25.800 I] Loading content file Morrowind.esm
[19:24:25.943 I] Loading content file Tribunal.esm
[19:24:25.961 I] Loading content file Bloodmoon.esm
[19:24:25.984 I] Loading content file bench.omwscripts
[19:24:25.984 V] Lua scripts configuration (45 scripts):
[19:24:25.984 V] #0 MENU PLAYER : scripts/omw/mwui/init.lua
[19:24:25.984 V] #1 MENU : scripts/omw/settings/menu.lua
[19:24:25.984 V] #2 PLAYER : scripts/omw/settings/player.lua
[19:24:25.984 V] #3 GLOBAL : scripts/omw/settings/global.lua
[19:24:25.984 V] #4 GLOBAL : scripts/omw/activationhandlers.lua
[19:24:25.984 V] #5 GLOBAL : scripts/omw/usehandlers.lua
[19:24:25.984 V] #6 GLOBAL : scripts/omw/worldeventhandlers.lua
[19:24:25.984 V] #7 GLOBAL : scripts/omw/crimes.lua
[19:24:25.984 V] #8 PLAYER CREATURE NPC : scripts/omw/mechanics/animationcontroller.lua
[19:24:25.984 V] #9 PLAYER : scripts/omw/skillhandlers.lua
[19:24:25.984 V] #10 PLAYER : scripts/omw/mechanics/playercontroller.lua
[19:24:25.984 V] #11 MENU : scripts/omw/camera/settings.lua
[19:24:25.984 V] #12 MENU : scripts/omw/input/settings.lua
[19:24:25.984 V] #13 PLAYER : scripts/omw/input/playercontrols.lua
[19:24:25.984 V] #14 PLAYER : scripts/omw/camera/camera.lua
[19:24:25.984 V] #15 PLAYER : scripts/omw/input/actionbindings.lua
[19:24:25.984 V] #16 PLAYER : scripts/omw/input/smoothmovement.lua
[19:24:25.984 V] #17 PLAYER : scripts/omw/input/gamepadcontrols.lua
[19:24:25.984 V] #18 NPC CREATURE : scripts/omw/ai.lua
[19:24:25.984 V] #19 GLOBAL : scripts/omw/mechanics/globalcontroller.lua
[19:24:25.984 V] #20 PLAYER CREATURE NPC : scripts/omw/mechanics/actorcontroller.lua
[19:24:25.984 V] #21 PLAYER NPC CREATURE : scripts/omw/combat/interface_local.lua
[19:24:25.984 V] #22 GLOBAL : scripts/omw/combat/interface_global.lua
[19:24:25.984 V] #23 PLAYER CREATURE NPC : scripts/omw/spellcasting/interface_local.lua
[19:24:25.984 V] #24 GLOBAL : scripts/omw/spellcasting/interface_global.lua
[19:24:25.984 V] #25 GLOBAL : scripts/omw/mechanics/projectiles.lua
[19:24:25.984 V] #26 PLAYER : scripts/omw/ui.lua
[19:24:25.984 V] #27 MENU : scripts/omw/console/menu.lua
[19:24:25.984 V] #28 PLAYER : scripts/omw/console/player.lua
[19:24:25.984 V] #29 GLOBAL : scripts/omw/console/global.lua
[19:24:25.984 V] #30 CUSTOM : scripts/omw/console/local.lua
[19:24:25.984 V] #31 NPC CREATURE : scripts/omw/music/actor.lua
[19:24:25.984 V] #32 GLOBAL : scripts/omw/cellhandlers.lua
[19:24:25.984 V] #33 GLOBAL : scripts/omw/combat/global.lua
[19:24:25.984 V] #34 PLAYER : scripts/omw/combat/settingspage.lua
[19:24:25.984 V] #35 PLAYER NPC CREATURE : scripts/omw/combat/local.lua
[19:24:25.984 V] #36 PLAYER : scripts/omw/music/music.lua
[19:24:25.984 V] #37 MENU : scripts/omw/music/settings.lua
[19:24:25.984 V] #38 PLAYER : scripts/omw/playerskillhandlers.lua
[19:24:25.984 V] #39 LOAD : scripts/omw/esmfallbacks.lua
[19:24:25.984 V] #40 PLAYER CREATURE NPC : scripts/omw/spellcasting/local.lua
[19:24:25.984 V] #41 DOOR CONTAINER : scripts/omw/spellcasting/lockable.lua
[19:24:25.985 V] #42 GLOBAL : scripts/omw/spellcasting/global.lua
[19:24:25.985 V] #43 GLOBAL : scripts/bench/global.lua
[19:24:25.985 V] #44 PLAYER : scripts/bench/player.lua
[19:24:25.995 V] Enchantment "test magic axe": dropping unexpected skill argument of "FortifyMaximumMagicka" effect
[19:24:26.064 I] Using 1 async physics threads
[19:24:26.064 I] Using <project>/harness/userdata/navmesh.db to store navigation mesh cache
[19:24:26.064 V] Using idle priority for thread=0x16fbb3000
[19:24:26.064 I] Reserving texture units for shadow maps: 13..15
[19:24:26.065 I] Reserving texture unit for opaque depth texture: 12
[19:24:26.065 I] Reserving texture unit for opaque color texture: 11
[19:24:26.065 V] Disabling Multiview (disabled by config)
[19:24:26.069 V] Language file "l10n/Interface/gmst.yaml" is enabled
[19:24:26.069 V] Language file "l10n/Interface/en.yaml" is enabled
[19:24:26.077 V] Language file "l10n/OMWEngine/gmst.yaml" is enabled
[19:24:26.078 V] Language file "l10n/OMWEngine/en.yaml" is enabled
[19:24:26.086 V] Language file "l10n/OMWShaders/en.yaml" is enabled
[19:24:26.094 V] Language file "l10n/OMWCamera/en.yaml" is enabled
[19:24:26.095 V] Language file "l10n/OMWControls/en.yaml" is enabled
[19:24:26.095 V] Language file "l10n/interface/gmst.yaml" is enabled
[19:24:26.095 V] Language file "l10n/interface/en.yaml" is enabled
[19:24:26.095 V] Language file "l10n/Calendar/gmst.yaml" is enabled
[19:24:26.095 V] Language file "l10n/Calendar/en.yaml" is enabled
[19:24:26.096 V] Language file "l10n/OMWMusic/en.yaml" is enabled
[19:24:26.096 I] OSG stats will be written to: <project>/harness/results/20260905-1917-8dc3ccd23-upstream-vanilla/vivec-r3-stats.txt
[19:24:26.100 I] Starting a new game
[19:24:26.103 V] Language file "l10n/Mechanics/gmst.yaml" is enabled
[19:24:26.128 I] Loading cell Vivec, Arena (4, -11)
[19:24:26.142 I] Loading cell Vivec, Redoran (3, -11)
[19:24:26.146 I] Loading cell Vivec, Foreign Quarter (4, -10)
[19:24:26.153 I] Loading cell Vivec, St. Olms (4, -12)
[19:24:26.162 I] Loading cell Vivec, Telvanni (5, -11)
[19:24:26.164 I] Loading cell Vivec, Foreign Quarter (3, -10)
[19:24:26.172 I] Loading cell Vivec, St. Delyn (3, -12)
[19:24:26.174 I] Loading cell Vivec (5, -10)
[19:24:26.182 I] Loading cell Ascadian Isles Region (5, -12)
[19:24:26.189 V] Language file "l10n/OMWCombat/en.yaml" is enabled
[19:24:26.212 I] Global[scripts/bench/global.lua]:	BENCH station=vivec startcell="vivec, arena" frame=1
[19:24:26.303 I] L@0x1[scripts/bench/player.lua]:	BENCH camera station=vivec yaw=180 pitch=12
[19:24:26.584 I] Global[scripts/bench/global.lua]:	BENCH station=vivec ready frame=40 simtime=0.39
[19:25:19.625 I] Saving shader settings file: <project>/harness/results/20260905-1917-8dc3ccd23-upstream-vanilla/overlay/shaders.yaml
[19:25:19.625 I] Saving Lua storage "<project>/harness/results/20260905-1917-8dc3ccd23-upstream-vanilla/overlay/global_storage.bin" (140 bytes)
[19:25:19.626 I] Saving Lua storage "<project>/harness/results/20260905-1917-8dc3ccd23-upstream-vanilla/overlay/player_storage.bin" (878 bytes)
[19:25:19.656 I] Saved input bindings: <project>/harness/results/20260905-1917-8dc3ccd23-upstream-vanilla/overlay/input_v3.xml
[19:25:19.675 I] Quitting peacefully.
