[20:40:28.699 *] Loading config file: <project>/openmw/build/OpenMW.app/Contents/Resources/openmw.cfg
[20:40:28.700 *] Loading config file: <project>/harness/config/openmw.cfg
[20:40:28.701 *] Loading config file: <project>/harness/results/20260906-2038-ba7009c31-exitfix-all/overlay/openmw.cfg
[20:40:28.701 *] Logs dir: <project>/harness/results/20260906-2038-ba7009c31-exitfix-all/overlay
[20:40:28.701 *] User data dir: <project>/harness/userdata
[20:40:28.701 *] Screenshots dir: <project>/harness/userdata/screenshots
[20:40:28.701 I] OpenMW version 0.52.0
[20:40:28.701 I] Revision: 5f9709d77e
[20:40:28.701 I] Loading settings file: <project>/openmw/build/OpenMW.app/Contents/Resources/defaults.bin
[20:40:28.702 I] Loading settings file: <project>/harness/config/settings.cfg
[20:40:28.702 I] Loading settings file: <project>/harness/results/20260906-2038-ba7009c31-exitfix-all/overlay/settings.cfg
[20:40:28.702 I] Using default (English) font encoding.
[20:40:28.702 W] No such dir: <home>/Library/Application Support/openmw/data
[20:40:28.702 I] OSG version: 3.6.5
[20:40:28.702 I] SDL version: 2.32.10
[20:40:28.702 I] Loading shader settings file: <project>/harness/results/20260906-2038-ba7009c31-exitfix-all/overlay/shaders.yaml
[20:40:28.721 E] Error: Failed to read window icon, no png readerwriter found
[20:40:28.721 W] Requesting an OpenGL 3.3 core profile context
[20:40:28.747 I] OpenGL Vendor: Apple
[20:40:28.747 I] OpenGL Renderer: Apple M5 Pro
[20:40:28.748 I] OpenGL Version: 4.1 Metal - 90.5
[20:40:28.748 I] Core profile: granted 19 version-implied GL features on a GL 4.1 context
[20:40:28.748 I] Core profile: vertex attribute aliasing and matrix uniforms enabled, 26 fixed-function modes disabled
[20:40:28.748 W] GL_ARB_clip_control not supported: disabling reverse-z depth buffer
[20:40:28.748 I] Adding BSA archive <project>/Morrowind/Data Files/Morrowind.bsa
[20:40:28.749 I] Adding BSA archive <project>/Morrowind/Data Files/Tribunal.bsa
[20:40:28.749 I] Adding BSA archive <project>/Morrowind/Data Files/Bloodmoon.bsa
[20:40:28.749 I] Adding data directory <project>/openmw/build/OpenMW.app/Contents/Resources/../Resources/resources/vfs
[20:40:28.750 I] Adding data directory <project>/openmw/build/OpenMW.app/Contents/Resources/../Resources/resources/vfs-mw
[20:40:28.750 I] Adding data directory <project>/Morrowind/Data Files
[20:40:28.766 I] Adding data directory <project>/harness/mod
[20:40:28.770 I] Preferred locales: gmst en
[20:40:28.770 I] Initializing LuaUtil::LuaState without profiler
[20:40:28.771 I] Lua version: Lua 5.1.4 (LuaJIT 2.1.1767980792)
[20:40:28.771 I] Loading keybindings file: <project>/harness/results/20260906-2038-ba7009c31-exitfix-all/overlay/input_v3.xml
[20:40:28.771 I] Loading TrueType font file fonts/mysticcards.omwfont
[20:40:28.773 I] Loading TrueType font file fonts/demonicletters.omwfont
[20:40:28.774 I] Loading TrueType font file fonts/dejavulgcsansmono.omwfont
[20:40:28.783 I] Sound disabled.
[20:40:28.784 I] Loading Lua storage "<project>/harness/results/20260906-2038-ba7009c31-exitfix-all/overlay/global_storage.bin" (140 bytes)
[20:40:28.784 I] Loading Lua storage "<project>/harness/results/20260906-2038-ba7009c31-exitfix-all/overlay/player_storage.bin" (878 bytes)
[20:40:28.787 I] Loading content file builtin.omwscripts
[20:40:28.787 E] Error loading splash/splash_hunger.tga: no readerwriter for 'tga' found
[20:40:28.787 I] Loading content file Morrowind.esm
[20:40:28.947 I] Loading content file Tribunal.esm
[20:40:28.968 I] Loading content file Bloodmoon.esm
[20:40:28.995 I] Loading content file bench.omwscripts
[20:40:28.996 V] Lua scripts configuration (45 scripts):
[20:40:28.996 V] #0 MENU PLAYER : scripts/omw/mwui/init.lua
[20:40:28.996 V] #1 MENU : scripts/omw/settings/menu.lua
[20:40:28.996 V] #2 PLAYER : scripts/omw/settings/player.lua
[20:40:28.996 V] #3 GLOBAL : scripts/omw/settings/global.lua
[20:40:28.996 V] #4 GLOBAL : scripts/omw/activationhandlers.lua
[20:40:28.996 V] #5 GLOBAL : scripts/omw/usehandlers.lua
[20:40:28.996 V] #6 GLOBAL : scripts/omw/worldeventhandlers.lua
[20:40:28.996 V] #7 GLOBAL : scripts/omw/crimes.lua
[20:40:28.996 V] #8 PLAYER CREATURE NPC : scripts/omw/mechanics/animationcontroller.lua
[20:40:28.996 V] #9 PLAYER : scripts/omw/skillhandlers.lua
[20:40:28.996 V] #10 PLAYER : scripts/omw/mechanics/playercontroller.lua
[20:40:28.996 V] #11 MENU : scripts/omw/camera/settings.lua
[20:40:28.996 V] #12 MENU : scripts/omw/input/settings.lua
[20:40:28.996 V] #13 PLAYER : scripts/omw/input/playercontrols.lua
[20:40:28.996 V] #14 PLAYER : scripts/omw/camera/camera.lua
[20:40:28.996 V] #15 PLAYER : scripts/omw/input/actionbindings.lua
[20:40:28.996 V] #16 PLAYER : scripts/omw/input/smoothmovement.lua
[20:40:28.996 V] #17 PLAYER : scripts/omw/input/gamepadcontrols.lua
[20:40:28.996 V] #18 NPC CREATURE : scripts/omw/ai.lua
[20:40:28.996 V] #19 GLOBAL : scripts/omw/mechanics/globalcontroller.lua
[20:40:28.996 V] #20 PLAYER CREATURE NPC : scripts/omw/mechanics/actorcontroller.lua
[20:40:28.996 V] #21 PLAYER NPC CREATURE : scripts/omw/combat/interface_local.lua
[20:40:28.996 V] #22 GLOBAL : scripts/omw/combat/interface_global.lua
[20:40:28.996 V] #23 PLAYER CREATURE NPC : scripts/omw/spellcasting/interface_local.lua
[20:40:28.996 V] #24 GLOBAL : scripts/omw/spellcasting/interface_global.lua
[20:40:28.996 V] #25 GLOBAL : scripts/omw/mechanics/projectiles.lua
[20:40:28.996 V] #26 PLAYER : scripts/omw/ui.lua
[20:40:28.996 V] #27 MENU : scripts/omw/console/menu.lua
[20:40:28.996 V] #28 PLAYER : scripts/omw/console/player.lua
[20:40:28.996 V] #29 GLOBAL : scripts/omw/console/global.lua
[20:40:28.996 V] #30 CUSTOM : scripts/omw/console/local.lua
[20:40:28.996 V] #31 NPC CREATURE : scripts/omw/music/actor.lua
[20:40:28.996 V] #32 GLOBAL : scripts/omw/cellhandlers.lua
[20:40:28.996 V] #33 GLOBAL : scripts/omw/combat/global.lua
[20:40:28.996 V] #34 PLAYER : scripts/omw/combat/settingspage.lua
[20:40:28.996 V] #35 PLAYER NPC CREATURE : scripts/omw/combat/local.lua
[20:40:28.996 V] #36 PLAYER : scripts/omw/music/music.lua
[20:40:28.996 V] #37 MENU : scripts/omw/music/settings.lua
[20:40:28.996 V] #38 PLAYER : scripts/omw/playerskillhandlers.lua
[20:40:28.996 V] #39 LOAD : scripts/omw/esmfallbacks.lua
[20:40:28.996 V] #40 PLAYER CREATURE NPC : scripts/omw/spellcasting/local.lua
[20:40:28.996 V] #41 DOOR CONTAINER : scripts/omw/spellcasting/lockable.lua
[20:40:28.996 V] #42 GLOBAL : scripts/omw/spellcasting/global.lua
[20:40:28.996 V] #43 GLOBAL : scripts/bench/global.lua
[20:40:28.996 V] #44 PLAYER : scripts/bench/player.lua
[20:40:29.007 V] Enchantment "test magic axe": dropping unexpected skill argument of "FortifyMaximumMagicka" effect
[20:40:29.084 I] Using 1 async physics threads
[20:40:29.084 I] Using <project>/harness/userdata/navmesh.db to store navigation mesh cache
[20:40:29.085 V] Using idle priority for thread=0x16f943000
[20:40:29.085 I] Reserving texture units for shadow maps: 13..15
[20:40:29.086 I] Reserving texture unit for opaque depth texture: 12
[20:40:29.086 I] Reserving texture unit for opaque color texture: 11
[20:40:29.086 V] Disabling Multiview (disabled by config)
[20:40:29.091 V] Language file "l10n/Interface/gmst.yaml" is enabled
[20:40:29.091 V] Language file "l10n/Interface/en.yaml" is enabled
[20:40:29.099 V] Language file "l10n/OMWEngine/gmst.yaml" is enabled
[20:40:29.100 V] Language file "l10n/OMWEngine/en.yaml" is enabled
[20:40:29.110 V] Language file "l10n/OMWShaders/en.yaml" is enabled
[20:40:29.118 V] Language file "l10n/OMWCamera/en.yaml" is enabled
[20:40:29.119 V] Language file "l10n/OMWControls/en.yaml" is enabled
[20:40:29.119 V] Language file "l10n/interface/gmst.yaml" is enabled
[20:40:29.119 V] Language file "l10n/interface/en.yaml" is enabled
[20:40:29.120 V] Language file "l10n/Calendar/gmst.yaml" is enabled
[20:40:29.120 V] Language file "l10n/Calendar/en.yaml" is enabled
[20:40:29.120 V] Language file "l10n/OMWMusic/en.yaml" is enabled
[20:40:29.120 I] OSG stats will be written to: <project>/harness/results/20260906-2038-ba7009c31-exitfix-all/grazelands-r1-stats.txt
[20:40:29.125 I] Starting a new game
[20:40:29.128 V] Language file "l10n/Mechanics/gmst.yaml" is enabled
[20:40:29.128 E] Error loading splash/splash_netch.tga: no readerwriter for 'tga' found
[20:40:29.155 I] Loading cell Grazelands Region (13, 8)
[20:40:29.200 I] Loading cell Grazelands Region (12, 8)
[20:40:29.203 I] Loading cell Grazelands Region (13, 7)
[20:40:29.222 I] Loading cell Azura's Coast Region (13, 9)
[20:40:29.230 I] Loading cell Azura's Coast Region (14, 8)
[20:40:29.233 I] Loading cell Grazelands Region (12, 7)
[20:40:29.238 I] Loading cell Grazelands Region (12, 9)
[20:40:29.239 I] Loading cell Azura's Coast Region (14, 7)
[20:40:29.243 I] Loading cell Azura's Coast Region (14, 9)
[20:40:29.264 V] Language file "l10n/OMWCombat/en.yaml" is enabled
[20:40:29.308 I] Global[scripts/bench/global.lua]:	BENCH station=grazelands startcell="grazelands region" frame=1
[20:40:29.356 I] Unloading cell Grazelands Region (13, 8)
[20:40:29.357 E] Error: Unable to write fog, can't find a png ReaderWriter
[20:40:29.357 I] Unloading cell Grazelands Region (12, 7)
[20:40:29.357 I] Unloading cell Grazelands Region (12, 8)
[20:40:29.357 I] Unloading cell Grazelands Region (12, 9)
[20:40:29.357 I] Unloading cell Grazelands Region (13, 7)
[20:40:29.358 I] Unloading cell Azura's Coast Region (13, 9)
[20:40:29.358 I] Unloading cell Azura's Coast Region (14, 7)
[20:40:29.358 I] Unloading cell Azura's Coast Region (14, 8)
[20:40:29.358 I] Unloading cell Azura's Coast Region (14, 9)
[20:40:29.360 I] Loading cell Grazelands Region (10, 10)
[20:40:29.368 I] Loading cell Zainab Camp (9, 10)
[20:40:29.385 I] Loading cell Grazelands Region (10, 9)
[20:40:29.387 I] Loading cell Grazelands Region (10, 11)
[20:40:29.390 I] Loading cell Grazelands Region (11, 10)
[20:40:29.393 I] Loading cell Grazelands Region (9, 9)
[20:40:29.394 I] Loading cell Grazelands Region (9, 11)
[20:40:29.395 I] Loading cell Grazelands Region (11, 9)
[20:40:29.400 I] Loading cell Grazelands Region (11, 11)
[20:40:29.403 I] Warning: OutsideBanner line 38, column 6 (endif): endif without matching if/elseif
[20:40:29.444 I] L@0x1[scripts/bench/player.lua]:	BENCH camera station=grazelands yaw=0 pitch=4
[20:40:29.623 I] Global[scripts/bench/global.lua]:	BENCH station=grazelands ready frame=40 simtime=0.35
[20:41:02.772 I] Saving shader settings file: <project>/harness/results/20260906-2038-ba7009c31-exitfix-all/overlay/shaders.yaml
[20:41:02.773 I] Saving Lua storage "<project>/harness/results/20260906-2038-ba7009c31-exitfix-all/overlay/global_storage.bin" (140 bytes)
[20:41:02.773 I] Saving Lua storage "<project>/harness/results/20260906-2038-ba7009c31-exitfix-all/overlay/player_storage.bin" (878 bytes)
[20:41:02.807 I] Saved input bindings: <project>/harness/results/20260906-2038-ba7009c31-exitfix-all/overlay/input_v3.xml
[20:41:02.834 I] Quitting peacefully.
