[00:40:37.189 *] Crash handler installed
[00:40:37.248 *] Loading config file: <project>/openmw/build/OpenMW.app/Contents/Resources/openmw.cfg
[00:40:37.249 *] Loading config file: <project>/harness/config/openmw.cfg
[00:40:37.249 *] Loading config file: <project>/harness/results/20260906-0027-0b30e7ff4-m2c-compat/overlay/openmw.cfg
[00:40:37.250 *] Logs dir: <project>/harness/results/20260906-0027-0b30e7ff4-m2c-compat/overlay
[00:40:37.250 *] User data dir: <project>/harness/userdata
[00:40:37.250 *] Screenshots dir: <project>/harness/userdata/screenshots
[00:40:37.250 I] OpenMW version 0.52.0
[00:40:37.250 I] Revision: 0b30e7ff48
[00:40:37.250 I] Loading settings file: <project>/openmw/build/OpenMW.app/Contents/Resources/defaults.bin
[00:40:37.250 I] Loading settings file: <project>/harness/config/settings.cfg
[00:40:37.251 I] Using default (English) font encoding.
[00:40:37.251 W] No such dir: <home>/Library/Application Support/openmw/data
[00:40:37.251 I] OSG version: 3.6.5
[00:40:37.251 I] SDL version: 2.32.10
[00:40:37.251 I] Loading shader settings file: <project>/harness/results/20260906-0027-0b30e7ff4-m2c-compat/overlay/shaders.yaml
[00:40:37.268 E] Error: Failed to read window icon, no png readerwriter found
[00:40:37.296 I] OpenGL Vendor: Apple
[00:40:37.296 I] OpenGL Renderer: Apple M5 Pro
[00:40:37.296 I] OpenGL Version: 2.1 Metal - 90.5
[00:40:37.296 W] GL_ARB_clip_control not supported: disabling reverse-z depth buffer
[00:40:37.297 I] Adding BSA archive <project>/Morrowind/Data Files/Morrowind.bsa
[00:40:37.298 I] Adding BSA archive <project>/Morrowind/Data Files/Tribunal.bsa
[00:40:37.298 I] Adding BSA archive <project>/Morrowind/Data Files/Bloodmoon.bsa
[00:40:37.298 I] Adding data directory <project>/openmw/build/OpenMW.app/Contents/Resources/../Resources/resources/vfs
[00:40:37.299 I] Adding data directory <project>/openmw/build/OpenMW.app/Contents/Resources/../Resources/resources/vfs-mw
[00:40:37.299 I] Adding data directory <project>/Morrowind/Data Files
[00:40:37.314 I] Adding data directory <project>/harness/mod
[00:40:37.319 I] Preferred locales: gmst en
[00:40:37.319 I] Initializing LuaUtil::LuaState without profiler
[00:40:37.319 I] Lua version: Lua 5.1.4 (LuaJIT 2.1.1767980792)
[00:40:37.319 I] Loading keybindings file: <project>/harness/results/20260906-0027-0b30e7ff4-m2c-compat/overlay/input_v3.xml
[00:40:37.319 I] Loading TrueType font file fonts/mysticcards.omwfont
[00:40:37.322 I] Loading TrueType font file fonts/demonicletters.omwfont
[00:40:37.323 I] Loading TrueType font file fonts/dejavulgcsansmono.omwfont
[00:40:37.331 I] Sound disabled.
[00:40:37.332 I] Loading Lua storage "<project>/harness/results/20260906-0027-0b30e7ff4-m2c-compat/overlay/global_storage.bin" (140 bytes)
[00:40:37.332 I] Loading Lua storage "<project>/harness/results/20260906-0027-0b30e7ff4-m2c-compat/overlay/player_storage.bin" (878 bytes)
[00:40:37.335 I] Loading content file builtin.omwscripts
[00:40:37.335 E] Error loading splash/splash_clannfear.tga: no readerwriter for 'tga' found
[00:40:37.335 I] Loading content file Morrowind.esm
[00:40:37.488 I] Loading content file Tribunal.esm
[00:40:37.509 I] Loading content file Bloodmoon.esm
[00:40:37.534 I] Loading content file bench.omwscripts
[00:40:37.535 V] Lua scripts configuration (45 scripts):
[00:40:37.535 V] #0 MENU PLAYER : scripts/omw/mwui/init.lua
[00:40:37.535 V] #1 MENU : scripts/omw/settings/menu.lua
[00:40:37.535 V] #2 PLAYER : scripts/omw/settings/player.lua
[00:40:37.535 V] #3 GLOBAL : scripts/omw/settings/global.lua
[00:40:37.535 V] #4 GLOBAL : scripts/omw/activationhandlers.lua
[00:40:37.535 V] #5 GLOBAL : scripts/omw/usehandlers.lua
[00:40:37.535 V] #6 GLOBAL : scripts/omw/worldeventhandlers.lua
[00:40:37.535 V] #7 GLOBAL : scripts/omw/crimes.lua
[00:40:37.535 V] #8 PLAYER CREATURE NPC : scripts/omw/mechanics/animationcontroller.lua
[00:40:37.535 V] #9 PLAYER : scripts/omw/skillhandlers.lua
[00:40:37.535 V] #10 PLAYER : scripts/omw/mechanics/playercontroller.lua
[00:40:37.535 V] #11 MENU : scripts/omw/camera/settings.lua
[00:40:37.535 V] #12 MENU : scripts/omw/input/settings.lua
[00:40:37.535 V] #13 PLAYER : scripts/omw/input/playercontrols.lua
[00:40:37.535 V] #14 PLAYER : scripts/omw/camera/camera.lua
[00:40:37.535 V] #15 PLAYER : scripts/omw/input/actionbindings.lua
[00:40:37.535 V] #16 PLAYER : scripts/omw/input/smoothmovement.lua
[00:40:37.535 V] #17 PLAYER : scripts/omw/input/gamepadcontrols.lua
[00:40:37.535 V] #18 NPC CREATURE : scripts/omw/ai.lua
[00:40:37.535 V] #19 GLOBAL : scripts/omw/mechanics/globalcontroller.lua
[00:40:37.535 V] #20 PLAYER CREATURE NPC : scripts/omw/mechanics/actorcontroller.lua
[00:40:37.535 V] #21 PLAYER NPC CREATURE : scripts/omw/combat/interface_local.lua
[00:40:37.535 V] #22 GLOBAL : scripts/omw/combat/interface_global.lua
[00:40:37.535 V] #23 PLAYER CREATURE NPC : scripts/omw/spellcasting/interface_local.lua
[00:40:37.535 V] #24 GLOBAL : scripts/omw/spellcasting/interface_global.lua
[00:40:37.535 V] #25 GLOBAL : scripts/omw/mechanics/projectiles.lua
[00:40:37.535 V] #26 PLAYER : scripts/omw/ui.lua
[00:40:37.535 V] #27 MENU : scripts/omw/console/menu.lua
[00:40:37.535 V] #28 PLAYER : scripts/omw/console/player.lua
[00:40:37.535 V] #29 GLOBAL : scripts/omw/console/global.lua
[00:40:37.535 V] #30 CUSTOM : scripts/omw/console/local.lua
[00:40:37.535 V] #31 NPC CREATURE : scripts/omw/music/actor.lua
[00:40:37.535 V] #32 GLOBAL : scripts/omw/cellhandlers.lua
[00:40:37.535 V] #33 GLOBAL : scripts/omw/combat/global.lua
[00:40:37.535 V] #34 PLAYER : scripts/omw/combat/settingspage.lua
[00:40:37.535 V] #35 PLAYER NPC CREATURE : scripts/omw/combat/local.lua
[00:40:37.535 V] #36 PLAYER : scripts/omw/music/music.lua
[00:40:37.535 V] #37 MENU : scripts/omw/music/settings.lua
[00:40:37.535 V] #38 PLAYER : scripts/omw/playerskillhandlers.lua
[00:40:37.535 V] #39 LOAD : scripts/omw/esmfallbacks.lua
[00:40:37.535 V] #40 PLAYER CREATURE NPC : scripts/omw/spellcasting/local.lua
[00:40:37.535 V] #41 DOOR CONTAINER : scripts/omw/spellcasting/lockable.lua
[00:40:37.535 V] #42 GLOBAL : scripts/omw/spellcasting/global.lua
[00:40:37.535 V] #43 GLOBAL : scripts/bench/global.lua
[00:40:37.535 V] #44 PLAYER : scripts/bench/player.lua
[00:40:37.546 V] Enchantment "test magic axe": dropping unexpected skill argument of "FortifyMaximumMagicka" effect
[00:40:37.619 I] Using 1 async physics threads
[00:40:37.619 I] Using <project>/harness/userdata/navmesh.db to store navigation mesh cache
[00:40:37.619 V] Using idle priority for thread=0x16c0bf000
[00:40:37.619 I] Reserving texture units for shadow maps: 13..15
[00:40:37.620 I] Reserving texture unit for opaque depth texture: 12
[00:40:37.620 I] Reserving texture unit for opaque color texture: 11
[00:40:37.620 V] Disabling Multiview (disabled by config)
[00:40:37.624 V] Language file "l10n/Interface/gmst.yaml" is enabled
[00:40:37.624 V] Language file "l10n/Interface/en.yaml" is enabled
[00:40:37.632 V] Language file "l10n/OMWEngine/gmst.yaml" is enabled
[00:40:37.633 V] Language file "l10n/OMWEngine/en.yaml" is enabled
[00:40:37.643 V] Language file "l10n/OMWShaders/en.yaml" is enabled
[00:40:37.650 V] Language file "l10n/OMWCamera/en.yaml" is enabled
[00:40:37.652 V] Language file "l10n/OMWControls/en.yaml" is enabled
[00:40:37.652 V] Language file "l10n/interface/gmst.yaml" is enabled
[00:40:37.652 V] Language file "l10n/interface/en.yaml" is enabled
[00:40:37.652 V] Language file "l10n/Calendar/gmst.yaml" is enabled
[00:40:37.653 V] Language file "l10n/Calendar/en.yaml" is enabled
[00:40:37.653 V] Language file "l10n/OMWMusic/en.yaml" is enabled
[00:40:37.653 I] OSG stats will be written to: <project>/harness/results/20260906-0027-0b30e7ff4-m2c-compat/grazelands-r3-stats.txt
[00:40:37.659 I] Starting a new game
[00:40:37.661 V] Language file "l10n/Mechanics/gmst.yaml" is enabled
[00:40:37.662 E] Error loading splash/splash_netch.tga: no readerwriter for 'tga' found
[00:40:37.687 E] Error loading splash/splash_daedroth.tga: no readerwriter for 'tga' found
[00:40:37.687 I] Loading cell Grazelands Region (13, 8)
[00:40:37.702 I] Loading cell Grazelands Region (12, 8)
[00:40:37.704 I] Loading cell Grazelands Region (13, 7)
[00:40:37.720 I] Loading cell Azura's Coast Region (13, 9)
[00:40:37.728 I] Loading cell Azura's Coast Region (14, 8)
[00:40:37.730 I] Loading cell Grazelands Region (12, 7)
[00:40:37.734 I] Loading cell Grazelands Region (12, 9)
[00:40:37.736 I] Loading cell Azura's Coast Region (14, 7)
[00:40:37.738 I] Loading cell Azura's Coast Region (14, 9)
[00:40:37.750 V] Language file "l10n/OMWCombat/en.yaml" is enabled
[00:40:37.790 I] Global[scripts/bench/global.lua]:	BENCH station=grazelands startcell="grazelands region" frame=1
[00:40:37.847 I] Unloading cell Grazelands Region (13, 8)
[00:40:37.847 E] Error: Unable to write fog, can't find a png ReaderWriter
[00:40:37.847 I] Unloading cell Grazelands Region (12, 7)
[00:40:37.848 I] Unloading cell Grazelands Region (12, 8)
[00:40:37.848 I] Unloading cell Grazelands Region (12, 9)
[00:40:37.848 I] Unloading cell Grazelands Region (13, 7)
[00:40:37.848 I] Unloading cell Azura's Coast Region (13, 9)
[00:40:37.849 I] Unloading cell Azura's Coast Region (14, 7)
[00:40:37.849 I] Unloading cell Azura's Coast Region (14, 8)
[00:40:37.849 I] Unloading cell Azura's Coast Region (14, 9)
[00:40:37.850 I] Loading cell Grazelands Region (10, 10)
[00:40:37.856 I] Loading cell Zainab Camp (9, 10)
[00:40:37.865 I] Loading cell Grazelands Region (10, 9)
[00:40:37.866 I] Loading cell Grazelands Region (10, 11)
[00:40:37.869 I] Loading cell Grazelands Region (11, 10)
[00:40:37.870 I] Loading cell Grazelands Region (9, 9)
[00:40:37.872 I] Loading cell Grazelands Region (9, 11)
[00:40:37.873 I] Loading cell Grazelands Region (11, 9)
[00:40:37.876 I] Loading cell Grazelands Region (11, 11)
[00:40:37.880 I] Warning: OutsideBanner line 38, column 6 (endif): endif without matching if/elseif
[00:40:37.919 I] L@0x1[scripts/bench/player.lua]:	BENCH camera station=grazelands yaw=0 pitch=4
[00:40:38.069 I] Global[scripts/bench/global.lua]:	BENCH station=grazelands ready frame=40 simtime=0.31
[00:41:31.174 I] Saving shader settings file: <project>/harness/results/20260906-0027-0b30e7ff4-m2c-compat/overlay/shaders.yaml
[00:41:31.175 I] Saving Lua storage "<project>/harness/results/20260906-0027-0b30e7ff4-m2c-compat/overlay/global_storage.bin" (140 bytes)
[00:41:31.175 I] Saving Lua storage "<project>/harness/results/20260906-0027-0b30e7ff4-m2c-compat/overlay/player_storage.bin" (878 bytes)
[00:41:31.209 I] Saved input bindings: <project>/harness/results/20260906-0027-0b30e7ff4-m2c-compat/overlay/input_v3.xml
[00:41:31.227 I] Quitting peacefully.
