[00:39:42.384 *] Crash handler installed
[00:39:42.448 *] Loading config file: <project>/openmw/build/OpenMW.app/Contents/Resources/openmw.cfg
[00:39:42.448 *] Loading config file: <project>/harness/config/openmw.cfg
[00:39:42.449 *] Loading config file: <project>/harness/results/20260906-0027-0b30e7ff4-m2c-compat/overlay/openmw.cfg
[00:39:42.449 *] Logs dir: <project>/harness/results/20260906-0027-0b30e7ff4-m2c-compat/overlay
[00:39:42.449 *] User data dir: <project>/harness/userdata
[00:39:42.449 *] Screenshots dir: <project>/harness/userdata/screenshots
[00:39:42.449 I] OpenMW version 0.52.0
[00:39:42.449 I] Revision: 0b30e7ff48
[00:39:42.449 I] Loading settings file: <project>/openmw/build/OpenMW.app/Contents/Resources/defaults.bin
[00:39:42.450 I] Loading settings file: <project>/harness/config/settings.cfg
[00:39:42.450 I] Using default (English) font encoding.
[00:39:42.450 W] No such dir: <home>/Library/Application Support/openmw/data
[00:39:42.450 I] OSG version: 3.6.5
[00:39:42.450 I] SDL version: 2.32.10
[00:39:42.450 I] Loading shader settings file: <project>/harness/results/20260906-0027-0b30e7ff4-m2c-compat/overlay/shaders.yaml
[00:39:42.467 E] Error: Failed to read window icon, no png readerwriter found
[00:39:42.494 I] OpenGL Vendor: Apple
[00:39:42.494 I] OpenGL Renderer: Apple M5 Pro
[00:39:42.494 I] OpenGL Version: 2.1 Metal - 90.5
[00:39:42.494 W] GL_ARB_clip_control not supported: disabling reverse-z depth buffer
[00:39:42.495 I] Adding BSA archive <project>/Morrowind/Data Files/Morrowind.bsa
[00:39:42.496 I] Adding BSA archive <project>/Morrowind/Data Files/Tribunal.bsa
[00:39:42.496 I] Adding BSA archive <project>/Morrowind/Data Files/Bloodmoon.bsa
[00:39:42.496 I] Adding data directory <project>/openmw/build/OpenMW.app/Contents/Resources/../Resources/resources/vfs
[00:39:42.497 I] Adding data directory <project>/openmw/build/OpenMW.app/Contents/Resources/../Resources/resources/vfs-mw
[00:39:42.497 I] Adding data directory <project>/Morrowind/Data Files
[00:39:42.512 I] Adding data directory <project>/harness/mod
[00:39:42.517 I] Preferred locales: gmst en
[00:39:42.517 I] Initializing LuaUtil::LuaState without profiler
[00:39:42.517 I] Lua version: Lua 5.1.4 (LuaJIT 2.1.1767980792)
[00:39:42.517 I] Loading keybindings file: <project>/harness/results/20260906-0027-0b30e7ff4-m2c-compat/overlay/input_v3.xml
[00:39:42.517 I] Loading TrueType font file fonts/mysticcards.omwfont
[00:39:42.520 I] Loading TrueType font file fonts/demonicletters.omwfont
[00:39:42.520 I] Loading TrueType font file fonts/dejavulgcsansmono.omwfont
[00:39:42.530 I] Sound disabled.
[00:39:42.530 I] Loading Lua storage "<project>/harness/results/20260906-0027-0b30e7ff4-m2c-compat/overlay/global_storage.bin" (140 bytes)
[00:39:42.530 I] Loading Lua storage "<project>/harness/results/20260906-0027-0b30e7ff4-m2c-compat/overlay/player_storage.bin" (878 bytes)
[00:39:42.533 I] Loading content file builtin.omwscripts
[00:39:42.533 E] Error loading splash/splash_daedroth.tga: no readerwriter for 'tga' found
[00:39:42.533 I] Loading content file Morrowind.esm
[00:39:42.682 I] Loading content file Tribunal.esm
[00:39:42.702 I] Loading content file Bloodmoon.esm
[00:39:42.728 I] Loading content file bench.omwscripts
[00:39:42.728 V] Lua scripts configuration (45 scripts):
[00:39:42.728 V] #0 MENU PLAYER : scripts/omw/mwui/init.lua
[00:39:42.728 V] #1 MENU : scripts/omw/settings/menu.lua
[00:39:42.728 V] #2 PLAYER : scripts/omw/settings/player.lua
[00:39:42.728 V] #3 GLOBAL : scripts/omw/settings/global.lua
[00:39:42.728 V] #4 GLOBAL : scripts/omw/activationhandlers.lua
[00:39:42.728 V] #5 GLOBAL : scripts/omw/usehandlers.lua
[00:39:42.728 V] #6 GLOBAL : scripts/omw/worldeventhandlers.lua
[00:39:42.728 V] #7 GLOBAL : scripts/omw/crimes.lua
[00:39:42.728 V] #8 PLAYER CREATURE NPC : scripts/omw/mechanics/animationcontroller.lua
[00:39:42.728 V] #9 PLAYER : scripts/omw/skillhandlers.lua
[00:39:42.728 V] #10 PLAYER : scripts/omw/mechanics/playercontroller.lua
[00:39:42.728 V] #11 MENU : scripts/omw/camera/settings.lua
[00:39:42.728 V] #12 MENU : scripts/omw/input/settings.lua
[00:39:42.728 V] #13 PLAYER : scripts/omw/input/playercontrols.lua
[00:39:42.728 V] #14 PLAYER : scripts/omw/camera/camera.lua
[00:39:42.728 V] #15 PLAYER : scripts/omw/input/actionbindings.lua
[00:39:42.728 V] #16 PLAYER : scripts/omw/input/smoothmovement.lua
[00:39:42.728 V] #17 PLAYER : scripts/omw/input/gamepadcontrols.lua
[00:39:42.728 V] #18 NPC CREATURE : scripts/omw/ai.lua
[00:39:42.728 V] #19 GLOBAL : scripts/omw/mechanics/globalcontroller.lua
[00:39:42.728 V] #20 PLAYER CREATURE NPC : scripts/omw/mechanics/actorcontroller.lua
[00:39:42.728 V] #21 PLAYER NPC CREATURE : scripts/omw/combat/interface_local.lua
[00:39:42.728 V] #22 GLOBAL : scripts/omw/combat/interface_global.lua
[00:39:42.728 V] #23 PLAYER CREATURE NPC : scripts/omw/spellcasting/interface_local.lua
[00:39:42.728 V] #24 GLOBAL : scripts/omw/spellcasting/interface_global.lua
[00:39:42.728 V] #25 GLOBAL : scripts/omw/mechanics/projectiles.lua
[00:39:42.728 V] #26 PLAYER : scripts/omw/ui.lua
[00:39:42.728 V] #27 MENU : scripts/omw/console/menu.lua
[00:39:42.728 V] #28 PLAYER : scripts/omw/console/player.lua
[00:39:42.728 V] #29 GLOBAL : scripts/omw/console/global.lua
[00:39:42.728 V] #30 CUSTOM : scripts/omw/console/local.lua
[00:39:42.728 V] #31 NPC CREATURE : scripts/omw/music/actor.lua
[00:39:42.728 V] #32 GLOBAL : scripts/omw/cellhandlers.lua
[00:39:42.728 V] #33 GLOBAL : scripts/omw/combat/global.lua
[00:39:42.728 V] #34 PLAYER : scripts/omw/combat/settingspage.lua
[00:39:42.728 V] #35 PLAYER NPC CREATURE : scripts/omw/combat/local.lua
[00:39:42.728 V] #36 PLAYER : scripts/omw/music/music.lua
[00:39:42.728 V] #37 MENU : scripts/omw/music/settings.lua
[00:39:42.728 V] #38 PLAYER : scripts/omw/playerskillhandlers.lua
[00:39:42.728 V] #39 LOAD : scripts/omw/esmfallbacks.lua
[00:39:42.728 V] #40 PLAYER CREATURE NPC : scripts/omw/spellcasting/local.lua
[00:39:42.728 V] #41 DOOR CONTAINER : scripts/omw/spellcasting/lockable.lua
[00:39:42.728 V] #42 GLOBAL : scripts/omw/spellcasting/global.lua
[00:39:42.728 V] #43 GLOBAL : scripts/bench/global.lua
[00:39:42.728 V] #44 PLAYER : scripts/bench/player.lua
[00:39:42.739 V] Enchantment "test magic axe": dropping unexpected skill argument of "FortifyMaximumMagicka" effect
[00:39:42.811 I] Using 1 async physics threads
[00:39:42.811 I] Using <project>/harness/userdata/navmesh.db to store navigation mesh cache
[00:39:42.811 I] Reserving texture units for shadow maps: 13..15
[00:39:42.812 V] Using idle priority for thread=0x16f7fb000
[00:39:42.813 I] Reserving texture unit for opaque depth texture: 12
[00:39:42.813 I] Reserving texture unit for opaque color texture: 11
[00:39:42.813 V] Disabling Multiview (disabled by config)
[00:39:42.816 V] Language file "l10n/Interface/gmst.yaml" is enabled
[00:39:42.816 V] Language file "l10n/Interface/en.yaml" is enabled
[00:39:42.825 V] Language file "l10n/OMWEngine/gmst.yaml" is enabled
[00:39:42.826 V] Language file "l10n/OMWEngine/en.yaml" is enabled
[00:39:42.835 V] Language file "l10n/OMWShaders/en.yaml" is enabled
[00:39:42.843 V] Language file "l10n/OMWCamera/en.yaml" is enabled
[00:39:42.844 V] Language file "l10n/OMWControls/en.yaml" is enabled
[00:39:42.845 V] Language file "l10n/interface/gmst.yaml" is enabled
[00:39:42.845 V] Language file "l10n/interface/en.yaml" is enabled
[00:39:42.845 V] Language file "l10n/Calendar/gmst.yaml" is enabled
[00:39:42.845 V] Language file "l10n/Calendar/en.yaml" is enabled
[00:39:42.846 V] Language file "l10n/OMWMusic/en.yaml" is enabled
[00:39:42.846 I] OSG stats will be written to: <project>/harness/results/20260906-0027-0b30e7ff4-m2c-compat/grazelands-r2-stats.txt
[00:39:42.851 I] Starting a new game
[00:39:42.853 V] Language file "l10n/Mechanics/gmst.yaml" is enabled
[00:39:42.854 E] Error loading splash/splash_kwamawarrior.tga: no readerwriter for 'tga' found
[00:39:42.878 I] Loading cell Grazelands Region (13, 8)
[00:39:42.893 I] Loading cell Grazelands Region (12, 8)
[00:39:42.896 I] Loading cell Grazelands Region (13, 7)
[00:39:42.908 I] Loading cell Azura's Coast Region (13, 9)
[00:39:42.916 I] Loading cell Azura's Coast Region (14, 8)
[00:39:42.918 I] Loading cell Grazelands Region (12, 7)
[00:39:42.923 I] Loading cell Grazelands Region (12, 9)
[00:39:42.924 I] Loading cell Azura's Coast Region (14, 7)
[00:39:42.926 I] Loading cell Azura's Coast Region (14, 9)
[00:39:42.937 V] Language file "l10n/OMWCombat/en.yaml" is enabled
[00:39:42.979 I] Global[scripts/bench/global.lua]:	BENCH station=grazelands startcell="grazelands region" frame=1
[00:39:43.029 I] Unloading cell Grazelands Region (13, 8)
[00:39:43.030 E] Error: Unable to write fog, can't find a png ReaderWriter
[00:39:43.030 I] Unloading cell Grazelands Region (12, 7)
[00:39:43.030 I] Unloading cell Grazelands Region (12, 8)
[00:39:43.031 I] Unloading cell Grazelands Region (12, 9)
[00:39:43.031 I] Unloading cell Grazelands Region (13, 7)
[00:39:43.031 I] Unloading cell Azura's Coast Region (13, 9)
[00:39:43.031 I] Unloading cell Azura's Coast Region (14, 7)
[00:39:43.032 I] Unloading cell Azura's Coast Region (14, 8)
[00:39:43.032 I] Unloading cell Azura's Coast Region (14, 9)
[00:39:43.033 I] Loading cell Grazelands Region (10, 10)
[00:39:43.039 I] Loading cell Zainab Camp (9, 10)
[00:39:43.048 I] Loading cell Grazelands Region (10, 9)
[00:39:43.049 I] Loading cell Grazelands Region (10, 11)
[00:39:43.052 I] Loading cell Grazelands Region (11, 10)
[00:39:43.053 I] Loading cell Grazelands Region (9, 9)
[00:39:43.055 I] Loading cell Grazelands Region (9, 11)
[00:39:43.056 I] Loading cell Grazelands Region (11, 9)
[00:39:43.059 I] Loading cell Grazelands Region (11, 11)
[00:39:43.062 I] Warning: OutsideBanner line 38, column 6 (endif): endif without matching if/elseif
[00:39:43.101 I] L@0x1[scripts/bench/player.lua]:	BENCH camera station=grazelands yaw=0 pitch=4
[00:39:43.235 I] Global[scripts/bench/global.lua]:	BENCH station=grazelands ready frame=40 simtime=0.29
[00:40:36.370 I] Saving shader settings file: <project>/harness/results/20260906-0027-0b30e7ff4-m2c-compat/overlay/shaders.yaml
[00:40:36.370 I] Saving Lua storage "<project>/harness/results/20260906-0027-0b30e7ff4-m2c-compat/overlay/global_storage.bin" (140 bytes)
[00:40:36.370 I] Saving Lua storage "<project>/harness/results/20260906-0027-0b30e7ff4-m2c-compat/overlay/player_storage.bin" (878 bytes)
[00:40:36.403 I] Saved input bindings: <project>/harness/results/20260906-0027-0b30e7ff4-m2c-compat/overlay/input_v3.xml
[00:40:36.419 I] Quitting peacefully.
