[00:41:31.934 *] Crash handler installed
[00:41:31.994 *] Loading config file: <project>/openmw/build/OpenMW.app/Contents/Resources/openmw.cfg
[00:41:31.994 *] Loading config file: <project>/harness/config/openmw.cfg
[00:41:31.995 *] Loading config file: <project>/harness/results/20260906-0027-0b30e7ff4-m2c-compat/overlay/openmw.cfg
[00:41:31.995 *] Logs dir: <project>/harness/results/20260906-0027-0b30e7ff4-m2c-compat/overlay
[00:41:31.995 *] User data dir: <project>/harness/userdata
[00:41:31.995 *] Screenshots dir: <project>/harness/userdata/screenshots
[00:41:31.995 I] OpenMW version 0.52.0
[00:41:31.995 I] Revision: 0b30e7ff48
[00:41:31.995 I] Loading settings file: <project>/openmw/build/OpenMW.app/Contents/Resources/defaults.bin
[00:41:31.996 I] Loading settings file: <project>/harness/config/settings.cfg
[00:41:31.996 I] Using default (English) font encoding.
[00:41:31.996 W] No such dir: <home>/Library/Application Support/openmw/data
[00:41:31.996 I] OSG version: 3.6.5
[00:41:31.996 I] SDL version: 2.32.10
[00:41:31.996 I] Loading shader settings file: <project>/harness/results/20260906-0027-0b30e7ff4-m2c-compat/overlay/shaders.yaml
[00:41:32.019 E] Error: Failed to read window icon, no png readerwriter found
[00:41:32.045 I] OpenGL Vendor: Apple
[00:41:32.045 I] OpenGL Renderer: Apple M5 Pro
[00:41:32.045 I] OpenGL Version: 2.1 Metal - 90.5
[00:41:32.045 W] GL_ARB_clip_control not supported: disabling reverse-z depth buffer
[00:41:32.045 I] Adding BSA archive <project>/Morrowind/Data Files/Morrowind.bsa
[00:41:32.047 I] Adding BSA archive <project>/Morrowind/Data Files/Tribunal.bsa
[00:41:32.047 I] Adding BSA archive <project>/Morrowind/Data Files/Bloodmoon.bsa
[00:41:32.047 I] Adding data directory <project>/openmw/build/OpenMW.app/Contents/Resources/../Resources/resources/vfs
[00:41:32.048 I] Adding data directory <project>/openmw/build/OpenMW.app/Contents/Resources/../Resources/resources/vfs-mw
[00:41:32.048 I] Adding data directory <project>/Morrowind/Data Files
[00:41:32.063 I] Adding data directory <project>/harness/mod
[00:41:32.068 I] Preferred locales: gmst en
[00:41:32.068 I] Initializing LuaUtil::LuaState without profiler
[00:41:32.068 I] Lua version: Lua 5.1.4 (LuaJIT 2.1.1767980792)
[00:41:32.068 I] Loading keybindings file: <project>/harness/results/20260906-0027-0b30e7ff4-m2c-compat/overlay/input_v3.xml
[00:41:32.068 I] Loading TrueType font file fonts/mysticcards.omwfont
[00:41:32.071 I] Loading TrueType font file fonts/demonicletters.omwfont
[00:41:32.072 I] Loading TrueType font file fonts/dejavulgcsansmono.omwfont
[00:41:32.081 I] Sound disabled.
[00:41:32.081 I] Loading Lua storage "<project>/harness/results/20260906-0027-0b30e7ff4-m2c-compat/overlay/global_storage.bin" (140 bytes)
[00:41:32.081 I] Loading Lua storage "<project>/harness/results/20260906-0027-0b30e7ff4-m2c-compat/overlay/player_storage.bin" (878 bytes)
[00:41:32.084 I] Loading content file builtin.omwscripts
[00:41:32.084 I] Loading content file Morrowind.esm
[00:41:32.084 E] Error loading splash/splash_nixhound.tga: no readerwriter for 'tga' found
[00:41:32.240 I] Loading content file Tribunal.esm
[00:41:32.260 I] Loading content file Bloodmoon.esm
[00:41:32.286 I] Loading content file bench.omwscripts
[00:41:32.286 V] Lua scripts configuration (45 scripts):
[00:41:32.286 V] #0 MENU PLAYER : scripts/omw/mwui/init.lua
[00:41:32.286 V] #1 MENU : scripts/omw/settings/menu.lua
[00:41:32.286 V] #2 PLAYER : scripts/omw/settings/player.lua
[00:41:32.286 V] #3 GLOBAL : scripts/omw/settings/global.lua
[00:41:32.286 V] #4 GLOBAL : scripts/omw/activationhandlers.lua
[00:41:32.286 V] #5 GLOBAL : scripts/omw/usehandlers.lua
[00:41:32.286 V] #6 GLOBAL : scripts/omw/worldeventhandlers.lua
[00:41:32.286 V] #7 GLOBAL : scripts/omw/crimes.lua
[00:41:32.286 V] #8 PLAYER CREATURE NPC : scripts/omw/mechanics/animationcontroller.lua
[00:41:32.286 V] #9 PLAYER : scripts/omw/skillhandlers.lua
[00:41:32.286 V] #10 PLAYER : scripts/omw/mechanics/playercontroller.lua
[00:41:32.286 V] #11 MENU : scripts/omw/camera/settings.lua
[00:41:32.286 V] #12 MENU : scripts/omw/input/settings.lua
[00:41:32.286 V] #13 PLAYER : scripts/omw/input/playercontrols.lua
[00:41:32.286 V] #14 PLAYER : scripts/omw/camera/camera.lua
[00:41:32.286 V] #15 PLAYER : scripts/omw/input/actionbindings.lua
[00:41:32.286 V] #16 PLAYER : scripts/omw/input/smoothmovement.lua
[00:41:32.286 V] #17 PLAYER : scripts/omw/input/gamepadcontrols.lua
[00:41:32.286 V] #18 NPC CREATURE : scripts/omw/ai.lua
[00:41:32.286 V] #19 GLOBAL : scripts/omw/mechanics/globalcontroller.lua
[00:41:32.286 V] #20 PLAYER CREATURE NPC : scripts/omw/mechanics/actorcontroller.lua
[00:41:32.286 V] #21 PLAYER NPC CREATURE : scripts/omw/combat/interface_local.lua
[00:41:32.286 V] #22 GLOBAL : scripts/omw/combat/interface_global.lua
[00:41:32.286 V] #23 PLAYER CREATURE NPC : scripts/omw/spellcasting/interface_local.lua
[00:41:32.286 V] #24 GLOBAL : scripts/omw/spellcasting/interface_global.lua
[00:41:32.286 V] #25 GLOBAL : scripts/omw/mechanics/projectiles.lua
[00:41:32.286 V] #26 PLAYER : scripts/omw/ui.lua
[00:41:32.286 V] #27 MENU : scripts/omw/console/menu.lua
[00:41:32.286 V] #28 PLAYER : scripts/omw/console/player.lua
[00:41:32.286 V] #29 GLOBAL : scripts/omw/console/global.lua
[00:41:32.286 V] #30 CUSTOM : scripts/omw/console/local.lua
[00:41:32.286 V] #31 NPC CREATURE : scripts/omw/music/actor.lua
[00:41:32.286 V] #32 GLOBAL : scripts/omw/cellhandlers.lua
[00:41:32.286 V] #33 GLOBAL : scripts/omw/combat/global.lua
[00:41:32.286 V] #34 PLAYER : scripts/omw/combat/settingspage.lua
[00:41:32.286 V] #35 PLAYER NPC CREATURE : scripts/omw/combat/local.lua
[00:41:32.286 V] #36 PLAYER : scripts/omw/music/music.lua
[00:41:32.286 V] #37 MENU : scripts/omw/music/settings.lua
[00:41:32.286 V] #38 PLAYER : scripts/omw/playerskillhandlers.lua
[00:41:32.286 V] #39 LOAD : scripts/omw/esmfallbacks.lua
[00:41:32.286 V] #40 PLAYER CREATURE NPC : scripts/omw/spellcasting/local.lua
[00:41:32.286 V] #41 DOOR CONTAINER : scripts/omw/spellcasting/lockable.lua
[00:41:32.286 V] #42 GLOBAL : scripts/omw/spellcasting/global.lua
[00:41:32.286 V] #43 GLOBAL : scripts/bench/global.lua
[00:41:32.286 V] #44 PLAYER : scripts/bench/player.lua
[00:41:32.297 V] Enchantment "test magic axe": dropping unexpected skill argument of "FortifyMaximumMagicka" effect
[00:41:32.370 I] Using 1 async physics threads
[00:41:32.370 I] Using <project>/harness/userdata/navmesh.db to store navigation mesh cache
[00:41:32.370 V] Using idle priority for thread=0x16fdf7000
[00:41:32.370 I] Reserving texture units for shadow maps: 13..15
[00:41:32.371 I] Reserving texture unit for opaque depth texture: 12
[00:41:32.371 I] Reserving texture unit for opaque color texture: 11
[00:41:32.371 V] Disabling Multiview (disabled by config)
[00:41:32.375 V] Language file "l10n/Interface/gmst.yaml" is enabled
[00:41:32.375 V] Language file "l10n/Interface/en.yaml" is enabled
[00:41:32.384 V] Language file "l10n/OMWEngine/gmst.yaml" is enabled
[00:41:32.385 V] Language file "l10n/OMWEngine/en.yaml" is enabled
[00:41:32.394 V] Language file "l10n/OMWShaders/en.yaml" is enabled
[00:41:32.402 V] Language file "l10n/OMWCamera/en.yaml" is enabled
[00:41:32.403 V] Language file "l10n/OMWControls/en.yaml" is enabled
[00:41:32.404 V] Language file "l10n/interface/gmst.yaml" is enabled
[00:41:32.404 V] Language file "l10n/interface/en.yaml" is enabled
[00:41:32.404 V] Language file "l10n/Calendar/gmst.yaml" is enabled
[00:41:32.404 V] Language file "l10n/Calendar/en.yaml" is enabled
[00:41:32.404 V] Language file "l10n/OMWMusic/en.yaml" is enabled
[00:41:32.405 I] OSG stats will be written to: <project>/harness/results/20260906-0027-0b30e7ff4-m2c-compat/interior-r1-stats.txt
[00:41:32.410 I] Starting a new game
[00:41:32.413 V] Language file "l10n/Mechanics/gmst.yaml" is enabled
[00:41:32.413 E] Error loading splash/splash_siltstriker.tga: no readerwriter for 'tga' found
[00:41:32.416 I] Changing to interior
[00:41:32.416 I] Loading cell Vivec, Foreign Quarter Lower Waistworks
[00:41:32.457 V] Language file "l10n/OMWCombat/en.yaml" is enabled
[00:41:32.497 I] Global[scripts/bench/global.lua]:	BENCH station=interior startcell="vivec, foreign quarter lower waistworks" frame=1
[00:41:32.519 V] Controller R2_Claw02 present more than once in meshes/r/xsiltstrider.kf, ignoring later version
[00:41:32.569 I] L@0x1[scripts/bench/player.lua]:	BENCH camera station=interior yaw=90 pitch=0
[00:41:32.854 I] Global[scripts/bench/global.lua]:	BENCH station=interior ready frame=40 simtime=0.39
[00:42:26.071 I] Saving shader settings file: <project>/harness/results/20260906-0027-0b30e7ff4-m2c-compat/overlay/shaders.yaml
[00:42:26.072 I] Saving Lua storage "<project>/harness/results/20260906-0027-0b30e7ff4-m2c-compat/overlay/global_storage.bin" (140 bytes)
[00:42:26.072 I] Saving Lua storage "<project>/harness/results/20260906-0027-0b30e7ff4-m2c-compat/overlay/player_storage.bin" (878 bytes)
[00:42:26.099 I] Saved input bindings: <project>/harness/results/20260906-0027-0b30e7ff4-m2c-compat/overlay/input_v3.xml
[00:42:26.120 I] Quitting peacefully.
