[00:45:10.520 *] Crash handler installed
[00:45:10.585 *] Loading config file: <project>/openmw/build/OpenMW.app/Contents/Resources/openmw.cfg
[00:45:10.585 *] Loading config file: <project>/harness/config/openmw.cfg
[00:45:10.586 *] Loading config file: <project>/harness/results/20260906-0027-0b30e7ff4-m2c-compat/overlay/openmw.cfg
[00:45:10.586 *] Logs dir: <project>/harness/results/20260906-0027-0b30e7ff4-m2c-compat/overlay
[00:45:10.586 *] User data dir: <project>/harness/userdata
[00:45:10.586 *] Screenshots dir: <project>/harness/userdata/screenshots
[00:45:10.586 I] OpenMW version 0.52.0
[00:45:10.586 I] Revision: 0b30e7ff48
[00:45:10.586 I] Loading settings file: <project>/openmw/build/OpenMW.app/Contents/Resources/defaults.bin
[00:45:10.586 I] Loading settings file: <project>/harness/config/settings.cfg
[00:45:10.587 I] Using default (English) font encoding.
[00:45:10.587 W] No such dir: <home>/Library/Application Support/openmw/data
[00:45:10.587 I] OSG version: 3.6.5
[00:45:10.587 I] SDL version: 2.32.10
[00:45:10.587 I] Loading shader settings file: <project>/harness/results/20260906-0027-0b30e7ff4-m2c-compat/overlay/shaders.yaml
[00:45:10.609 E] Error: Failed to read window icon, no png readerwriter found
[00:45:10.635 I] OpenGL Vendor: Apple
[00:45:10.635 I] OpenGL Renderer: Apple M5 Pro
[00:45:10.635 I] OpenGL Version: 2.1 Metal - 90.5
[00:45:10.635 W] GL_ARB_clip_control not supported: disabling reverse-z depth buffer
[00:45:10.635 I] Adding BSA archive <project>/Morrowind/Data Files/Morrowind.bsa
[00:45:10.637 I] Adding BSA archive <project>/Morrowind/Data Files/Tribunal.bsa
[00:45:10.637 I] Adding BSA archive <project>/Morrowind/Data Files/Bloodmoon.bsa
[00:45:10.637 I] Adding data directory <project>/openmw/build/OpenMW.app/Contents/Resources/../Resources/resources/vfs
[00:45:10.638 I] Adding data directory <project>/openmw/build/OpenMW.app/Contents/Resources/../Resources/resources/vfs-mw
[00:45:10.638 I] Adding data directory <project>/Morrowind/Data Files
[00:45:10.655 I] Adding data directory <project>/harness/mod
[00:45:10.659 I] Preferred locales: gmst en
[00:45:10.659 I] Initializing LuaUtil::LuaState without profiler
[00:45:10.659 I] Lua version: Lua 5.1.4 (LuaJIT 2.1.1767980792)
[00:45:10.659 I] Loading keybindings file: <project>/harness/results/20260906-0027-0b30e7ff4-m2c-compat/overlay/input_v3.xml
[00:45:10.660 I] Loading TrueType font file fonts/mysticcards.omwfont
[00:45:10.662 I] Loading TrueType font file fonts/demonicletters.omwfont
[00:45:10.663 I] Loading TrueType font file fonts/dejavulgcsansmono.omwfont
[00:45:10.673 I] Sound disabled.
[00:45:10.674 I] Loading Lua storage "<project>/harness/results/20260906-0027-0b30e7ff4-m2c-compat/overlay/global_storage.bin" (140 bytes)
[00:45:10.674 I] Loading Lua storage "<project>/harness/results/20260906-0027-0b30e7ff4-m2c-compat/overlay/player_storage.bin" (878 bytes)
[00:45:10.676 I] Loading content file builtin.omwscripts
[00:45:10.676 I] Loading content file Morrowind.esm
[00:45:10.676 E] Error loading splash/splash_skeleton.tga: no readerwriter for 'tga' found
[00:45:10.829 I] Loading content file Tribunal.esm
[00:45:10.849 I] Loading content file Bloodmoon.esm
[00:45:10.875 I] Loading content file bench.omwscripts
[00:45:10.875 V] Lua scripts configuration (45 scripts):
[00:45:10.875 V] #0 MENU PLAYER : scripts/omw/mwui/init.lua
[00:45:10.875 V] #1 MENU : scripts/omw/settings/menu.lua
[00:45:10.875 V] #2 PLAYER : scripts/omw/settings/player.lua
[00:45:10.875 V] #3 GLOBAL : scripts/omw/settings/global.lua
[00:45:10.875 V] #4 GLOBAL : scripts/omw/activationhandlers.lua
[00:45:10.875 V] #5 GLOBAL : scripts/omw/usehandlers.lua
[00:45:10.875 V] #6 GLOBAL : scripts/omw/worldeventhandlers.lua
[00:45:10.875 V] #7 GLOBAL : scripts/omw/crimes.lua
[00:45:10.875 V] #8 PLAYER CREATURE NPC : scripts/omw/mechanics/animationcontroller.lua
[00:45:10.875 V] #9 PLAYER : scripts/omw/skillhandlers.lua
[00:45:10.875 V] #10 PLAYER : scripts/omw/mechanics/playercontroller.lua
[00:45:10.875 V] #11 MENU : scripts/omw/camera/settings.lua
[00:45:10.875 V] #12 MENU : scripts/omw/input/settings.lua
[00:45:10.875 V] #13 PLAYER : scripts/omw/input/playercontrols.lua
[00:45:10.875 V] #14 PLAYER : scripts/omw/camera/camera.lua
[00:45:10.875 V] #15 PLAYER : scripts/omw/input/actionbindings.lua
[00:45:10.875 V] #16 PLAYER : scripts/omw/input/smoothmovement.lua
[00:45:10.875 V] #17 PLAYER : scripts/omw/input/gamepadcontrols.lua
[00:45:10.875 V] #18 NPC CREATURE : scripts/omw/ai.lua
[00:45:10.875 V] #19 GLOBAL : scripts/omw/mechanics/globalcontroller.lua
[00:45:10.875 V] #20 PLAYER CREATURE NPC : scripts/omw/mechanics/actorcontroller.lua
[00:45:10.875 V] #21 PLAYER NPC CREATURE : scripts/omw/combat/interface_local.lua
[00:45:10.875 V] #22 GLOBAL : scripts/omw/combat/interface_global.lua
[00:45:10.875 V] #23 PLAYER CREATURE NPC : scripts/omw/spellcasting/interface_local.lua
[00:45:10.875 V] #24 GLOBAL : scripts/omw/spellcasting/interface_global.lua
[00:45:10.875 V] #25 GLOBAL : scripts/omw/mechanics/projectiles.lua
[00:45:10.875 V] #26 PLAYER : scripts/omw/ui.lua
[00:45:10.875 V] #27 MENU : scripts/omw/console/menu.lua
[00:45:10.875 V] #28 PLAYER : scripts/omw/console/player.lua
[00:45:10.875 V] #29 GLOBAL : scripts/omw/console/global.lua
[00:45:10.875 V] #30 CUSTOM : scripts/omw/console/local.lua
[00:45:10.875 V] #31 NPC CREATURE : scripts/omw/music/actor.lua
[00:45:10.875 V] #32 GLOBAL : scripts/omw/cellhandlers.lua
[00:45:10.875 V] #33 GLOBAL : scripts/omw/combat/global.lua
[00:45:10.875 V] #34 PLAYER : scripts/omw/combat/settingspage.lua
[00:45:10.875 V] #35 PLAYER NPC CREATURE : scripts/omw/combat/local.lua
[00:45:10.875 V] #36 PLAYER : scripts/omw/music/music.lua
[00:45:10.875 V] #37 MENU : scripts/omw/music/settings.lua
[00:45:10.875 V] #38 PLAYER : scripts/omw/playerskillhandlers.lua
[00:45:10.875 V] #39 LOAD : scripts/omw/esmfallbacks.lua
[00:45:10.875 V] #40 PLAYER CREATURE NPC : scripts/omw/spellcasting/local.lua
[00:45:10.875 V] #41 DOOR CONTAINER : scripts/omw/spellcasting/lockable.lua
[00:45:10.875 V] #42 GLOBAL : scripts/omw/spellcasting/global.lua
[00:45:10.875 V] #43 GLOBAL : scripts/bench/global.lua
[00:45:10.875 V] #44 PLAYER : scripts/bench/player.lua
[00:45:10.886 V] Enchantment "test magic axe": dropping unexpected skill argument of "FortifyMaximumMagicka" effect
[00:45:10.959 I] Using 1 async physics threads
[00:45:10.959 I] Using <project>/harness/userdata/navmesh.db to store navigation mesh cache
[00:45:10.960 V] Using idle priority for thread=0x16fd07000
[00:45:10.960 I] Reserving texture units for shadow maps: 13..15
[00:45:10.961 I] Reserving texture unit for opaque depth texture: 12
[00:45:10.961 I] Reserving texture unit for opaque color texture: 11
[00:45:10.961 V] Disabling Multiview (disabled by config)
[00:45:10.964 V] Language file "l10n/Interface/gmst.yaml" is enabled
[00:45:10.964 V] Language file "l10n/Interface/en.yaml" is enabled
[00:45:10.973 V] Language file "l10n/OMWEngine/gmst.yaml" is enabled
[00:45:10.974 V] Language file "l10n/OMWEngine/en.yaml" is enabled
[00:45:10.984 V] Language file "l10n/OMWShaders/en.yaml" is enabled
[00:45:10.991 V] Language file "l10n/OMWCamera/en.yaml" is enabled
[00:45:10.993 V] Language file "l10n/OMWControls/en.yaml" is enabled
[00:45:10.993 V] Language file "l10n/interface/gmst.yaml" is enabled
[00:45:10.993 V] Language file "l10n/interface/en.yaml" is enabled
[00:45:10.994 V] Language file "l10n/Calendar/gmst.yaml" is enabled
[00:45:10.994 V] Language file "l10n/Calendar/en.yaml" is enabled
[00:45:10.994 V] Language file "l10n/OMWMusic/en.yaml" is enabled
[00:45:10.994 I] OSG stats will be written to: <project>/harness/results/20260906-0027-0b30e7ff4-m2c-compat/route-r2-stats.txt
[00:45:10.999 I] Starting a new game
[00:45:11.001 V] Language file "l10n/Mechanics/gmst.yaml" is enabled
[00:45:11.002 E] Error loading splash/splash_bonelord.tga: no readerwriter for 'tga' found
[00:45:11.026 I] Loading cell Bitter Coast Region (0, -10)
[00:45:11.045 I] Loading cell Ascadian Isles Region (0, -9)
[00:45:11.069 I] Loading cell Bitter Coast Region (-1, -10)
[00:45:11.073 I] Loading cell Bitter Coast Region (0, -11)
[00:45:11.075 I] Loading cell Ascadian Isles Region (1, -10)
[00:45:11.079 I] Loading cell Bitter Coast Region (-1, -9)
[00:45:11.085 I] Loading cell Ascadian Isles Region (1, -9)
[00:45:11.091 I] Loading cell Bitter Coast Region (-1, -11)
[00:45:11.098 I] Loading cell Ascadian Isles Region (1, -11)
[00:45:11.102 V] Language file "l10n/OMWCombat/en.yaml" is enabled
[00:45:11.131 I] Global[scripts/bench/global.lua]:	BENCH station=route startcell="bitter coast region" frame=1
[00:45:11.202 I] Unloading cell Bitter Coast Region (0, -10)
[00:45:11.203 E] Error: Unable to write fog, can't find a png ReaderWriter
[00:45:11.203 I] Unloading cell Bitter Coast Region (-1, -11)
[00:45:11.204 I] Unloading cell Bitter Coast Region (0, -11)
[00:45:11.204 I] Unloading cell Ascadian Isles Region (0, -9)
[00:45:11.204 I] Unloading cell Ascadian Isles Region (1, -11)
[00:45:11.204 I] Unloading cell Ascadian Isles Region (1, -10)
[00:45:11.204 I] Unloading cell Ascadian Isles Region (1, -9)
[00:45:11.206 I] Loading cell Seyda Neen (-2, -9)
[00:45:11.210 V] Controller R2_Claw02 present more than once in meshes/r/xsiltstrider.kf, ignoring later version
[00:45:11.228 I] Loading cell Bitter Coast Region (-2, -8)
[00:45:11.231 I] Loading cell Bitter Coast Region (-3, -9)
[00:45:11.233 I] Loading cell Seyda Neen (-2, -10)
[00:45:11.233 I] Warning: lookoutScript[local variables] line 41, column 37 (=): invalid operator =, treating it as ==
[00:45:11.237 I] Loading cell Ascadian Isles Region (-1, -8)
[00:45:11.241 I] Loading cell Bitter Coast Region (-3, -8)
[00:45:11.244 I] Loading cell Bitter Coast Region (-3, -10)
[00:45:11.248 I] AiTravel: -8914, -73093, 126
[00:45:11.248 I] Warning: lookoutScript line 41, column 37 (=): invalid operator =, treating it as ==
[00:45:11.248 I] Warning: fallingScript line 46, column 6 (endif): endif without matching if/elseif
[00:45:11.409 I] L@0x1[scripts/bench/player.lua]:	BENCH camera station=route yaw=0 pitch=6
[00:45:11.581 I] Global[scripts/bench/global.lua]:	BENCH station=route ready frame=40 simtime=0.46
[00:45:11.581 I] Global[scripts/bench/global.lua]:	BENCH route cell=-2,-9 pos=(-11000,-69993) simtime=0.46
[00:45:16.047 I] Unloading cell Bitter Coast Region (-3, -10)
[00:45:16.048 I] Unloading cell Seyda Neen (-2, -10)
[00:45:16.048 I] Unloading cell Bitter Coast Region (-1, -10)
[00:45:16.049 I] Loading cell Ascadian Isles Region (-2, -7)
[00:45:16.050 I] Loading cell Ascadian Isles Region (-1, -7)
[00:45:16.051 I] Loading cell Ascadian Isles Region (-3, -7)
[00:45:16.055 I] Global[scripts/bench/global.lua]:	BENCH route cell=-2,-8 pos=(-11000,-65525) simtime=4.93
[00:45:24.379 I] Unloading cell Seyda Neen (-2, -9)
[00:45:24.380 E] Error: Unable to write fog, can't find a png ReaderWriter
[00:45:24.380 I] Unloading cell Bitter Coast Region (-3, -9)
[00:45:24.381 I] Unloading cell Bitter Coast Region (-1, -9)
[00:45:24.381 I] Loading cell Ascadian Isles Region (-2, -6)
[00:45:24.385 I] Loading cell Ascadian Isles Region (-1, -6)
[00:45:24.386 I] Loading cell Ascadian Isles Region (-3, -6)
[00:45:24.392 I] Global[scripts/bench/global.lua]:	BENCH route cell=-2,-7 pos=(-12165,-57337) simtime=13.26
[00:45:32.822 I] Unloading cell Bitter Coast Region (-3, -8)
[00:45:32.823 I] Unloading cell Bitter Coast Region (-2, -8)
[00:45:32.823 E] Error: Unable to write fog, can't find a png ReaderWriter
[00:45:32.823 I] Unloading cell Ascadian Isles Region (-1, -8)
[00:45:32.824 I] Loading cell Ascadian Isles Region (-2, -5)
[00:45:32.825 I] Loading cell Ascadian Isles Region (-1, -5)
[00:45:32.827 I] Loading cell Ascadian Isles Region (-3, -5)
[00:45:32.831 I] Global[scripts/bench/global.lua]:	BENCH route cell=-2,-6 pos=(-14213,-49146) simtime=21.71
[00:45:41.267 I] Unloading cell Ascadian Isles Region (-2, -7)
[00:45:41.268 E] Error: Unable to write fog, can't find a png ReaderWriter
[00:45:41.268 I] Unloading cell Ascadian Isles Region (-3, -7)
[00:45:41.268 I] Unloading cell Ascadian Isles Region (-1, -7)
[00:45:41.268 I] Loading cell Ascadian Isles Region (-2, -4)
[00:45:41.269 I] Loading cell Ascadian Isles Region (-1, -4)
[00:45:41.270 I] Loading cell Ascadian Isles Region (-3, -4)
[00:45:41.276 I] Global[scripts/bench/global.lua]:	BENCH route cell=-2,-5 pos=(-16261,-40954) simtime=30.15
[00:45:41.780 I] Unloading cell Ascadian Isles Region (-1, -5)
[00:45:41.781 I] Unloading cell Ascadian Isles Region (-1, -4)
[00:45:41.781 I] Unloading cell Ascadian Isles Region (-1, -6)
[00:45:41.781 I] Loading cell Ascadian Isles Region (-4, -5)
[00:45:41.783 I] Loading cell Ascadian Isles Region (-4, -4)
[00:45:41.786 I] Loading cell Bitter Coast Region (-4, -6)
[00:45:41.790 I] Global[scripts/bench/global.lua]:	BENCH route cell=-3,-5 pos=(-16385,-40456) simtime=30.66
[00:45:41.796 V] Controller R2_Claw02 present more than once in meshes/r/xsiltstrider.kf, ignoring later version
[00:45:49.710 I] Unloading cell Bitter Coast Region (-4, -6)
[00:45:49.710 I] Unloading cell Ascadian Isles Region (-3, -6)
[00:45:49.710 E] Error: Unable to write fog, can't find a png ReaderWriter
[00:45:49.710 I] Unloading cell Ascadian Isles Region (-2, -6)
[00:45:49.711 E] Error: Unable to write fog, can't find a png ReaderWriter
[00:45:49.711 I] Loading cell Balmora (-3, -3)
[00:45:49.717 I] Loading cell West Gash Region (-2, -3)
[00:45:49.718 I] Loading cell West Gash Region (-4, -3)
[00:45:49.719 I] Warning: OutsideBanner line 38, column 6 (endif): endif without matching if/elseif
[00:45:49.723 I] Global[scripts/bench/global.lua]:	BENCH route cell=-3,-4 pos=(-18309,-32763) simtime=38.60
[00:45:57.989 I] Unloading cell Ascadian Isles Region (-3, -5)
[00:45:57.989 E] Error: Unable to write fog, can't find a png ReaderWriter
[00:45:57.989 I] Unloading cell Ascadian Isles Region (-2, -5)
[00:45:57.990 E] Error: Unable to write fog, can't find a png ReaderWriter
[00:45:57.990 I] Unloading cell Ascadian Isles Region (-4, -5)
[00:45:57.990 I] Loading cell Balmora (-3, -2)
[00:45:58.001 I] Loading cell Balmora (-2, -2)
[00:45:58.003 I] Loading cell Balmora (-4, -2)
[00:45:58.012 I] Global[scripts/bench/global.lua]:	BENCH route cell=-3,-3 pos=(-19000,-24569) simtime=46.87
[00:46:04.515 I] Saving shader settings file: <project>/harness/results/20260906-0027-0b30e7ff4-m2c-compat/overlay/shaders.yaml
[00:46:04.515 I] Saving Lua storage "<project>/harness/results/20260906-0027-0b30e7ff4-m2c-compat/overlay/global_storage.bin" (140 bytes)
[00:46:04.515 I] Saving Lua storage "<project>/harness/results/20260906-0027-0b30e7ff4-m2c-compat/overlay/player_storage.bin" (878 bytes)
[00:46:04.553 I] Saved input bindings: <project>/harness/results/20260906-0027-0b30e7ff4-m2c-compat/overlay/input_v3.xml
[00:46:04.581 I] Quitting peacefully.
