[00:28:47.219 *] Crash handler installed
[00:28:47.288 *] Loading config file: <project>/openmw/build/OpenMW.app/Contents/Resources/openmw.cfg
[00:28:47.288 *] Loading config file: <project>/harness/config/openmw.cfg
[00:28:47.289 *] Loading config file: <project>/harness/results/20260906-0027-0b30e7ff4-m2c-compat/overlay/openmw.cfg
[00:28:47.289 *] Logs dir: <project>/harness/results/20260906-0027-0b30e7ff4-m2c-compat/overlay
[00:28:47.289 *] User data dir: <project>/harness/userdata
[00:28:47.289 *] Screenshots dir: <project>/harness/userdata/screenshots
[00:28:47.289 I] OpenMW version 0.52.0
[00:28:47.289 I] Revision: 0b30e7ff48
[00:28:47.289 I] Loading settings file: <project>/openmw/build/OpenMW.app/Contents/Resources/defaults.bin
[00:28:47.290 I] Loading settings file: <project>/harness/config/settings.cfg
[00:28:47.290 I] Using default (English) font encoding.
[00:28:47.290 W] No such dir: <home>/Library/Application Support/openmw/data
[00:28:47.290 I] OSG version: 3.6.5
[00:28:47.290 I] SDL version: 2.32.10
[00:28:47.290 I] Loading shader settings file: <project>/harness/results/20260906-0027-0b30e7ff4-m2c-compat/overlay/shaders.yaml
[00:28:47.310 E] Error: Failed to read window icon, no png readerwriter found
[00:28:47.332 I] OpenGL Vendor: Apple
[00:28:47.332 I] OpenGL Renderer: Apple M5 Pro
[00:28:47.332 I] OpenGL Version: 2.1 Metal - 90.5
[00:28:47.332 W] GL_ARB_clip_control not supported: disabling reverse-z depth buffer
[00:28:47.332 I] Adding BSA archive <project>/Morrowind/Data Files/Morrowind.bsa
[00:28:47.333 I] Adding BSA archive <project>/Morrowind/Data Files/Tribunal.bsa
[00:28:47.333 I] Adding BSA archive <project>/Morrowind/Data Files/Bloodmoon.bsa
[00:28:47.333 I] Adding data directory <project>/openmw/build/OpenMW.app/Contents/Resources/../Resources/resources/vfs
[00:28:47.334 I] Adding data directory <project>/openmw/build/OpenMW.app/Contents/Resources/../Resources/resources/vfs-mw
[00:28:47.334 I] Adding data directory <project>/Morrowind/Data Files
[00:28:47.349 I] Adding data directory <project>/harness/mod
[00:28:47.353 I] Preferred locales: gmst en
[00:28:47.353 I] Initializing LuaUtil::LuaState without profiler
[00:28:47.353 I] Lua version: Lua 5.1.4 (LuaJIT 2.1.1767980792)
[00:28:47.353 I] Loading keybindings file: <project>/harness/results/20260906-0027-0b30e7ff4-m2c-compat/overlay/input_v3.xml
[00:28:47.354 I] Loading TrueType font file fonts/mysticcards.omwfont
[00:28:47.356 I] Loading TrueType font file fonts/demonicletters.omwfont
[00:28:47.357 I] Loading TrueType font file fonts/dejavulgcsansmono.omwfont
[00:28:47.365 I] Sound disabled.
[00:28:47.366 I] Loading Lua storage "<project>/harness/results/20260906-0027-0b30e7ff4-m2c-compat/overlay/global_storage.bin" (140 bytes)
[00:28:47.366 I] Loading Lua storage "<project>/harness/results/20260906-0027-0b30e7ff4-m2c-compat/overlay/player_storage.bin" (878 bytes)
[00:28:47.368 I] Loading content file builtin.omwscripts
[00:28:47.368 I] Loading content file Morrowind.esm
[00:28:47.368 E] Error loading splash/splash_kwamawarrior.tga: no readerwriter for 'tga' found
[00:28:47.522 I] Loading content file Tribunal.esm
[00:28:47.541 I] Loading content file Bloodmoon.esm
[00:28:47.566 I] Loading content file bench.omwscripts
[00:28:47.567 V] Lua scripts configuration (45 scripts):
[00:28:47.567 V] #0 MENU PLAYER : scripts/omw/mwui/init.lua
[00:28:47.567 V] #1 MENU : scripts/omw/settings/menu.lua
[00:28:47.567 V] #2 PLAYER : scripts/omw/settings/player.lua
[00:28:47.567 V] #3 GLOBAL : scripts/omw/settings/global.lua
[00:28:47.567 V] #4 GLOBAL : scripts/omw/activationhandlers.lua
[00:28:47.567 V] #5 GLOBAL : scripts/omw/usehandlers.lua
[00:28:47.567 V] #6 GLOBAL : scripts/omw/worldeventhandlers.lua
[00:28:47.567 V] #7 GLOBAL : scripts/omw/crimes.lua
[00:28:47.567 V] #8 PLAYER CREATURE NPC : scripts/omw/mechanics/animationcontroller.lua
[00:28:47.567 V] #9 PLAYER : scripts/omw/skillhandlers.lua
[00:28:47.567 V] #10 PLAYER : scripts/omw/mechanics/playercontroller.lua
[00:28:47.567 V] #11 MENU : scripts/omw/camera/settings.lua
[00:28:47.567 V] #12 MENU : scripts/omw/input/settings.lua
[00:28:47.567 V] #13 PLAYER : scripts/omw/input/playercontrols.lua
[00:28:47.567 V] #14 PLAYER : scripts/omw/camera/camera.lua
[00:28:47.567 V] #15 PLAYER : scripts/omw/input/actionbindings.lua
[00:28:47.567 V] #16 PLAYER : scripts/omw/input/smoothmovement.lua
[00:28:47.567 V] #17 PLAYER : scripts/omw/input/gamepadcontrols.lua
[00:28:47.567 V] #18 NPC CREATURE : scripts/omw/ai.lua
[00:28:47.567 V] #19 GLOBAL : scripts/omw/mechanics/globalcontroller.lua
[00:28:47.567 V] #20 PLAYER CREATURE NPC : scripts/omw/mechanics/actorcontroller.lua
[00:28:47.567 V] #21 PLAYER NPC CREATURE : scripts/omw/combat/interface_local.lua
[00:28:47.567 V] #22 GLOBAL : scripts/omw/combat/interface_global.lua
[00:28:47.567 V] #23 PLAYER CREATURE NPC : scripts/omw/spellcasting/interface_local.lua
[00:28:47.567 V] #24 GLOBAL : scripts/omw/spellcasting/interface_global.lua
[00:28:47.567 V] #25 GLOBAL : scripts/omw/mechanics/projectiles.lua
[00:28:47.567 V] #26 PLAYER : scripts/omw/ui.lua
[00:28:47.567 V] #27 MENU : scripts/omw/console/menu.lua
[00:28:47.567 V] #28 PLAYER : scripts/omw/console/player.lua
[00:28:47.567 V] #29 GLOBAL : scripts/omw/console/global.lua
[00:28:47.567 V] #30 CUSTOM : scripts/omw/console/local.lua
[00:28:47.567 V] #31 NPC CREATURE : scripts/omw/music/actor.lua
[00:28:47.567 V] #32 GLOBAL : scripts/omw/cellhandlers.lua
[00:28:47.567 V] #33 GLOBAL : scripts/omw/combat/global.lua
[00:28:47.567 V] #34 PLAYER : scripts/omw/combat/settingspage.lua
[00:28:47.567 V] #35 PLAYER NPC CREATURE : scripts/omw/combat/local.lua
[00:28:47.567 V] #36 PLAYER : scripts/omw/music/music.lua
[00:28:47.567 V] #37 MENU : scripts/omw/music/settings.lua
[00:28:47.567 V] #38 PLAYER : scripts/omw/playerskillhandlers.lua
[00:28:47.567 V] #39 LOAD : scripts/omw/esmfallbacks.lua
[00:28:47.567 V] #40 PLAYER CREATURE NPC : scripts/omw/spellcasting/local.lua
[00:28:47.567 V] #41 DOOR CONTAINER : scripts/omw/spellcasting/lockable.lua
[00:28:47.567 V] #42 GLOBAL : scripts/omw/spellcasting/global.lua
[00:28:47.567 V] #43 GLOBAL : scripts/bench/global.lua
[00:28:47.567 V] #44 PLAYER : scripts/bench/player.lua
[00:28:47.577 V] Enchantment "test magic axe": dropping unexpected skill argument of "FortifyMaximumMagicka" effect
[00:28:47.647 I] Using 1 async physics threads
[00:28:47.647 I] Using <project>/harness/userdata/navmesh.db to store navigation mesh cache
[00:28:47.648 V] Using idle priority for thread=0x16d8a7000
[00:28:47.648 I] Reserving texture units for shadow maps: 13..15
[00:28:47.649 I] Reserving texture unit for opaque depth texture: 12
[00:28:47.649 I] Reserving texture unit for opaque color texture: 11
[00:28:47.649 V] Disabling Multiview (disabled by config)
[00:28:47.652 V] Language file "l10n/Interface/gmst.yaml" is enabled
[00:28:47.652 V] Language file "l10n/Interface/en.yaml" is enabled
[00:28:47.661 V] Language file "l10n/OMWEngine/gmst.yaml" is enabled
[00:28:47.661 V] Language file "l10n/OMWEngine/en.yaml" is enabled
[00:28:47.670 V] Language file "l10n/OMWShaders/en.yaml" is enabled
[00:28:47.678 V] Language file "l10n/OMWCamera/en.yaml" is enabled
[00:28:47.679 V] Language file "l10n/OMWControls/en.yaml" is enabled
[00:28:47.679 V] Language file "l10n/interface/gmst.yaml" is enabled
[00:28:47.679 V] Language file "l10n/interface/en.yaml" is enabled
[00:28:47.680 V] Language file "l10n/Calendar/gmst.yaml" is enabled
[00:28:47.680 V] Language file "l10n/Calendar/en.yaml" is enabled
[00:28:47.680 V] Language file "l10n/OMWMusic/en.yaml" is enabled
[00:28:47.680 I] OSG stats will be written to: <project>/harness/results/20260906-0027-0b30e7ff4-m2c-compat/seyda-r2-stats.txt
[00:28:47.685 I] Starting a new game
[00:28:47.687 V] Language file "l10n/Mechanics/gmst.yaml" is enabled
[00:28:47.688 E] Error loading splash/splash_clannfear.tga: no readerwriter for 'tga' found
[00:28:47.712 E] Error loading splash/splash_clanndaddy.tga: no readerwriter for 'tga' found
[00:28:47.712 I] Loading cell Seyda Neen (-2, -9)
[00:28:47.717 V] Controller R2_Claw02 present more than once in meshes/r/xsiltstrider.kf, ignoring later version
[00:28:47.748 I] Loading cell Bitter Coast Region (-2, -8)
[00:28:47.756 I] Loading cell Bitter Coast Region (-1, -9)
[00:28:47.763 I] Loading cell Bitter Coast Region (-3, -9)
[00:28:47.771 I] Loading cell Seyda Neen (-2, -10)
[00:28:47.771 I] Warning: lookoutScript[local variables] line 41, column 37 (=): invalid operator =, treating it as ==
[00:28:47.775 I] Loading cell Ascadian Isles Region (-1, -8)
[00:28:47.787 I] Loading cell Bitter Coast Region (-3, -8)
[00:28:47.792 I] Loading cell Bitter Coast Region (-1, -10)
[00:28:47.794 I] Loading cell Bitter Coast Region (-3, -10)
[00:28:47.798 V] Language file "l10n/OMWCombat/en.yaml" is enabled
[00:28:47.811 I] AiTravel: -8914, -73093, 126
[00:28:47.811 I] Warning: lookoutScript line 41, column 37 (=): invalid operator =, treating it as ==
[00:28:47.811 I] Warning: fallingScript line 46, column 6 (endif): endif without matching if/elseif
[00:28:47.829 I] Global[scripts/bench/global.lua]:	BENCH station=seyda startcell="seyda neen" frame=1
[00:28:47.910 I] L@0x1[scripts/bench/player.lua]:	BENCH camera station=seyda yaw=160 pitch=4
[00:28:48.162 I] Global[scripts/bench/global.lua]:	BENCH station=seyda ready frame=40 simtime=0.35
[00:29:41.200 I] Saving shader settings file: <project>/harness/results/20260906-0027-0b30e7ff4-m2c-compat/overlay/shaders.yaml
[00:29:41.200 I] Saving Lua storage "<project>/harness/results/20260906-0027-0b30e7ff4-m2c-compat/overlay/global_storage.bin" (140 bytes)
[00:29:41.200 I] Saving Lua storage "<project>/harness/results/20260906-0027-0b30e7ff4-m2c-compat/overlay/player_storage.bin" (878 bytes)
[00:29:41.234 I] Saved input bindings: <project>/harness/results/20260906-0027-0b30e7ff4-m2c-compat/overlay/input_v3.xml
[00:29:41.256 I] Quitting peacefully.
