[00:47:00.117 *] Crash handler installed
[00:47:00.180 *] Loading config file: <project>/openmw/build/OpenMW.app/Contents/Resources/openmw.cfg
[00:47:00.180 *] Loading config file: <project>/harness/config/openmw.cfg
[00:47:00.181 *] Loading config file: <project>/harness/results/20260906-0027-0b30e7ff4-m2c-compat/overlay/openmw.cfg
[00:47:00.181 *] Logs dir: <project>/harness/results/20260906-0027-0b30e7ff4-m2c-compat/overlay
[00:47:00.181 *] User data dir: <project>/harness/userdata
[00:47:00.181 *] Screenshots dir: <project>/harness/userdata/screenshots
[00:47:00.181 I] OpenMW version 0.52.0
[00:47:00.181 I] Revision: 0b30e7ff48
[00:47:00.181 I] Loading settings file: <project>/openmw/build/OpenMW.app/Contents/Resources/defaults.bin
[00:47:00.182 I] Loading settings file: <project>/harness/config/settings.cfg
[00:47:00.182 I] Using default (English) font encoding.
[00:47:00.182 W] No such dir: <home>/Library/Application Support/openmw/data
[00:47:00.182 I] OSG version: 3.6.5
[00:47:00.182 I] SDL version: 2.32.10
[00:47:00.182 I] Loading shader settings file: <project>/harness/results/20260906-0027-0b30e7ff4-m2c-compat/overlay/shaders.yaml
[00:47:00.205 E] Error: Failed to read window icon, no png readerwriter found
[00:47:00.231 I] OpenGL Vendor: Apple
[00:47:00.231 I] OpenGL Renderer: Apple M5 Pro
[00:47:00.231 I] OpenGL Version: 2.1 Metal - 90.5
[00:47:00.231 W] GL_ARB_clip_control not supported: disabling reverse-z depth buffer
[00:47:00.231 I] Adding BSA archive <project>/Morrowind/Data Files/Morrowind.bsa
[00:47:00.232 I] Adding BSA archive <project>/Morrowind/Data Files/Tribunal.bsa
[00:47:00.232 I] Adding BSA archive <project>/Morrowind/Data Files/Bloodmoon.bsa
[00:47:00.233 I] Adding data directory <project>/openmw/build/OpenMW.app/Contents/Resources/../Resources/resources/vfs
[00:47:00.233 I] Adding data directory <project>/openmw/build/OpenMW.app/Contents/Resources/../Resources/resources/vfs-mw
[00:47:00.233 I] Adding data directory <project>/Morrowind/Data Files
[00:47:00.248 I] Adding data directory <project>/harness/mod
[00:47:00.253 I] Preferred locales: gmst en
[00:47:00.253 I] Initializing LuaUtil::LuaState without profiler
[00:47:00.253 I] Lua version: Lua 5.1.4 (LuaJIT 2.1.1767980792)
[00:47:00.253 I] Loading keybindings file: <project>/harness/results/20260906-0027-0b30e7ff4-m2c-compat/overlay/input_v3.xml
[00:47:00.254 I] Loading TrueType font file fonts/mysticcards.omwfont
[00:47:00.256 I] Loading TrueType font file fonts/demonicletters.omwfont
[00:47:00.257 I] Loading TrueType font file fonts/dejavulgcsansmono.omwfont
[00:47:00.266 I] Sound disabled.
[00:47:00.266 I] Loading Lua storage "<project>/harness/results/20260906-0027-0b30e7ff4-m2c-compat/overlay/global_storage.bin" (140 bytes)
[00:47:00.266 I] Loading Lua storage "<project>/harness/results/20260906-0027-0b30e7ff4-m2c-compat/overlay/player_storage.bin" (878 bytes)
[00:47:00.269 I] Loading content file builtin.omwscripts
[00:47:00.269 E] Error loading splash/splash_daedroth.tga: no readerwriter for 'tga' found
[00:47:00.269 I] Loading content file Morrowind.esm
[00:47:00.424 I] Loading content file Tribunal.esm
[00:47:00.444 I] Loading content file Bloodmoon.esm
[00:47:00.470 I] Loading content file bench.omwscripts
[00:47:00.470 V] Lua scripts configuration (45 scripts):
[00:47:00.470 V] #0 MENU PLAYER : scripts/omw/mwui/init.lua
[00:47:00.470 V] #1 MENU : scripts/omw/settings/menu.lua
[00:47:00.470 V] #2 PLAYER : scripts/omw/settings/player.lua
[00:47:00.470 V] #3 GLOBAL : scripts/omw/settings/global.lua
[00:47:00.470 V] #4 GLOBAL : scripts/omw/activationhandlers.lua
[00:47:00.470 V] #5 GLOBAL : scripts/omw/usehandlers.lua
[00:47:00.470 V] #6 GLOBAL : scripts/omw/worldeventhandlers.lua
[00:47:00.470 V] #7 GLOBAL : scripts/omw/crimes.lua
[00:47:00.470 V] #8 PLAYER CREATURE NPC : scripts/omw/mechanics/animationcontroller.lua
[00:47:00.470 V] #9 PLAYER : scripts/omw/skillhandlers.lua
[00:47:00.470 V] #10 PLAYER : scripts/omw/mechanics/playercontroller.lua
[00:47:00.470 V] #11 MENU : scripts/omw/camera/settings.lua
[00:47:00.470 V] #12 MENU : scripts/omw/input/settings.lua
[00:47:00.470 V] #13 PLAYER : scripts/omw/input/playercontrols.lua
[00:47:00.470 V] #14 PLAYER : scripts/omw/camera/camera.lua
[00:47:00.471 V] #15 PLAYER : scripts/omw/input/actionbindings.lua
[00:47:00.471 V] #16 PLAYER : scripts/omw/input/smoothmovement.lua
[00:47:00.471 V] #17 PLAYER : scripts/omw/input/gamepadcontrols.lua
[00:47:00.471 V] #18 NPC CREATURE : scripts/omw/ai.lua
[00:47:00.471 V] #19 GLOBAL : scripts/omw/mechanics/globalcontroller.lua
[00:47:00.471 V] #20 PLAYER CREATURE NPC : scripts/omw/mechanics/actorcontroller.lua
[00:47:00.471 V] #21 PLAYER NPC CREATURE : scripts/omw/combat/interface_local.lua
[00:47:00.471 V] #22 GLOBAL : scripts/omw/combat/interface_global.lua
[00:47:00.471 V] #23 PLAYER CREATURE NPC : scripts/omw/spellcasting/interface_local.lua
[00:47:00.471 V] #24 GLOBAL : scripts/omw/spellcasting/interface_global.lua
[00:47:00.471 V] #25 GLOBAL : scripts/omw/mechanics/projectiles.lua
[00:47:00.471 V] #26 PLAYER : scripts/omw/ui.lua
[00:47:00.471 V] #27 MENU : scripts/omw/console/menu.lua
[00:47:00.471 V] #28 PLAYER : scripts/omw/console/player.lua
[00:47:00.471 V] #29 GLOBAL : scripts/omw/console/global.lua
[00:47:00.471 V] #30 CUSTOM : scripts/omw/console/local.lua
[00:47:00.471 V] #31 NPC CREATURE : scripts/omw/music/actor.lua
[00:47:00.471 V] #32 GLOBAL : scripts/omw/cellhandlers.lua
[00:47:00.471 V] #33 GLOBAL : scripts/omw/combat/global.lua
[00:47:00.471 V] #34 PLAYER : scripts/omw/combat/settingspage.lua
[00:47:00.471 V] #35 PLAYER NPC CREATURE : scripts/omw/combat/local.lua
[00:47:00.471 V] #36 PLAYER : scripts/omw/music/music.lua
[00:47:00.471 V] #37 MENU : scripts/omw/music/settings.lua
[00:47:00.471 V] #38 PLAYER : scripts/omw/playerskillhandlers.lua
[00:47:00.471 V] #39 LOAD : scripts/omw/esmfallbacks.lua
[00:47:00.471 V] #40 PLAYER CREATURE NPC : scripts/omw/spellcasting/local.lua
[00:47:00.471 V] #41 DOOR CONTAINER : scripts/omw/spellcasting/lockable.lua
[00:47:00.471 V] #42 GLOBAL : scripts/omw/spellcasting/global.lua
[00:47:00.471 V] #43 GLOBAL : scripts/bench/global.lua
[00:47:00.471 V] #44 PLAYER : scripts/bench/player.lua
[00:47:00.482 V] Enchantment "test magic axe": dropping unexpected skill argument of "FortifyMaximumMagicka" effect
[00:47:00.556 I] Using 1 async physics threads
[00:47:00.556 I] Using <project>/harness/userdata/navmesh.db to store navigation mesh cache
[00:47:00.556 V] Using idle priority for thread=0x16be5b000
[00:47:00.556 I] Reserving texture units for shadow maps: 13..15
[00:47:00.557 I] Reserving texture unit for opaque depth texture: 12
[00:47:00.557 I] Reserving texture unit for opaque color texture: 11
[00:47:00.557 V] Disabling Multiview (disabled by config)
[00:47:00.561 V] Language file "l10n/Interface/gmst.yaml" is enabled
[00:47:00.561 V] Language file "l10n/Interface/en.yaml" is enabled
[00:47:00.570 V] Language file "l10n/OMWEngine/gmst.yaml" is enabled
[00:47:00.570 V] Language file "l10n/OMWEngine/en.yaml" is enabled
[00:47:00.580 V] Language file "l10n/OMWShaders/en.yaml" is enabled
[00:47:00.588 V] Language file "l10n/OMWCamera/en.yaml" is enabled
[00:47:00.590 V] Language file "l10n/OMWControls/en.yaml" is enabled
[00:47:00.590 V] Language file "l10n/interface/gmst.yaml" is enabled
[00:47:00.590 V] Language file "l10n/interface/en.yaml" is enabled
[00:47:00.590 V] Language file "l10n/Calendar/gmst.yaml" is enabled
[00:47:00.591 V] Language file "l10n/Calendar/en.yaml" is enabled
[00:47:00.591 V] Language file "l10n/OMWMusic/en.yaml" is enabled
[00:47:00.591 I] OSG stats will be written to: <project>/harness/results/20260906-0027-0b30e7ff4-m2c-compat/sky-r1-stats.txt
[00:47:00.596 I] Starting a new game
[00:47:00.599 V] Language file "l10n/Mechanics/gmst.yaml" is enabled
[00:47:00.600 E] Error loading splash/splash_nixhound.tga: no readerwriter for 'tga' found
[00:47:00.624 E] Error loading splash/splash_skeleton.tga: no readerwriter for 'tga' found
[00:47:00.625 I] Loading cell Pelagiad (0, -7)
[00:47:00.658 I] Loading cell Ascadian Isles Region (0, -6)
[00:47:00.666 I] Loading cell Ascadian Isles Region (-1, -7)
[00:47:00.677 I] Loading cell Pelagiad (0, -8)
[00:47:00.680 I] Loading cell Ascadian Isles Region (1, -7)
[00:47:00.690 I] Loading cell Ascadian Isles Region (-1, -6)
[00:47:00.693 I] Loading cell Ascadian Isles Region (1, -6)
[00:47:00.699 I] Loading cell Ascadian Isles Region (-1, -8)
[00:47:00.701 I] Loading cell Ascadian Isles Region (1, -8)
[00:47:00.708 V] Language file "l10n/OMWCombat/en.yaml" is enabled
[00:47:00.721 I] Warning: OutsideBanner line 38, column 6 (endif): endif without matching if/elseif
[00:47:00.737 I] Global[scripts/bench/global.lua]:	BENCH station=sky startcell="pelagiad" frame=1
[00:47:00.804 I] L@0x1[scripts/bench/player.lua]:	BENCH camera station=sky yaw=0 pitch=-60
[00:47:00.890 I] Global[scripts/bench/global.lua]:	BENCH station=sky ready frame=40 simtime=0.18
[00:47:54.243 I] Saving shader settings file: <project>/harness/results/20260906-0027-0b30e7ff4-m2c-compat/overlay/shaders.yaml
[00:47:54.243 I] Saving Lua storage "<project>/harness/results/20260906-0027-0b30e7ff4-m2c-compat/overlay/global_storage.bin" (140 bytes)
[00:47:54.243 I] Saving Lua storage "<project>/harness/results/20260906-0027-0b30e7ff4-m2c-compat/overlay/player_storage.bin" (878 bytes)
[00:47:54.276 I] Saved input bindings: <project>/harness/results/20260906-0027-0b30e7ff4-m2c-compat/overlay/input_v3.xml
[00:47:54.301 I] Quitting peacefully.
