[00:48:52.596 *] Crash handler installed
[00:48:52.667 *] Loading config file: <project>/openmw/build/OpenMW.app/Contents/Resources/openmw.cfg
[00:48:52.667 *] Loading config file: <project>/harness/config/openmw.cfg
[00:48:52.668 *] Loading config file: <project>/harness/results/20260906-0027-0b30e7ff4-m2c-compat/overlay/openmw.cfg
[00:48:52.668 *] Logs dir: <project>/harness/results/20260906-0027-0b30e7ff4-m2c-compat/overlay
[00:48:52.668 *] User data dir: <project>/harness/userdata
[00:48:52.668 *] Screenshots dir: <project>/harness/userdata/screenshots
[00:48:52.668 I] OpenMW version 0.52.0
[00:48:52.668 I] Revision: 0b30e7ff48
[00:48:52.668 I] Loading settings file: <project>/openmw/build/OpenMW.app/Contents/Resources/defaults.bin
[00:48:52.669 I] Loading settings file: <project>/harness/config/settings.cfg
[00:48:52.669 I] Using default (English) font encoding.
[00:48:52.669 W] No such dir: <home>/Library/Application Support/openmw/data
[00:48:52.669 I] OSG version: 3.6.5
[00:48:52.669 I] SDL version: 2.32.10
[00:48:52.669 I] Loading shader settings file: <project>/harness/results/20260906-0027-0b30e7ff4-m2c-compat/overlay/shaders.yaml
[00:48:52.691 E] Error: Failed to read window icon, no png readerwriter found
[00:48:52.713 I] OpenGL Vendor: Apple
[00:48:52.713 I] OpenGL Renderer: Apple M5 Pro
[00:48:52.713 I] OpenGL Version: 2.1 Metal - 90.5
[00:48:52.713 W] GL_ARB_clip_control not supported: disabling reverse-z depth buffer
[00:48:52.713 I] Adding BSA archive <project>/Morrowind/Data Files/Morrowind.bsa
[00:48:52.715 I] Adding BSA archive <project>/Morrowind/Data Files/Tribunal.bsa
[00:48:52.715 I] Adding BSA archive <project>/Morrowind/Data Files/Bloodmoon.bsa
[00:48:52.715 I] Adding data directory <project>/openmw/build/OpenMW.app/Contents/Resources/../Resources/resources/vfs
[00:48:52.716 I] Adding data directory <project>/openmw/build/OpenMW.app/Contents/Resources/../Resources/resources/vfs-mw
[00:48:52.716 I] Adding data directory <project>/Morrowind/Data Files
[00:48:52.731 I] Adding data directory <project>/harness/mod
[00:48:52.736 I] Preferred locales: gmst en
[00:48:52.736 I] Initializing LuaUtil::LuaState without profiler
[00:48:52.736 I] Lua version: Lua 5.1.4 (LuaJIT 2.1.1767980792)
[00:48:52.736 I] Loading keybindings file: <project>/harness/results/20260906-0027-0b30e7ff4-m2c-compat/overlay/input_v3.xml
[00:48:52.736 I] Loading TrueType font file fonts/mysticcards.omwfont
[00:48:52.739 I] Loading TrueType font file fonts/demonicletters.omwfont
[00:48:52.740 I] Loading TrueType font file fonts/dejavulgcsansmono.omwfont
[00:48:52.750 I] Sound disabled.
[00:48:52.751 I] Loading Lua storage "<project>/harness/results/20260906-0027-0b30e7ff4-m2c-compat/overlay/global_storage.bin" (140 bytes)
[00:48:52.751 I] Loading Lua storage "<project>/harness/results/20260906-0027-0b30e7ff4-m2c-compat/overlay/player_storage.bin" (878 bytes)
[00:48:52.753 I] Loading content file builtin.omwscripts
[00:48:52.754 I] Loading content file Morrowind.esm
[00:48:52.754 E] Error loading splash/splash_daedroth.tga: no readerwriter for 'tga' found
[00:48:52.906 I] Loading content file Tribunal.esm
[00:48:52.926 I] Loading content file Bloodmoon.esm
[00:48:52.954 I] Loading content file bench.omwscripts
[00:48:52.955 V] Lua scripts configuration (45 scripts):
[00:48:52.955 V] #0 MENU PLAYER : scripts/omw/mwui/init.lua
[00:48:52.955 V] #1 MENU : scripts/omw/settings/menu.lua
[00:48:52.955 V] #2 PLAYER : scripts/omw/settings/player.lua
[00:48:52.955 V] #3 GLOBAL : scripts/omw/settings/global.lua
[00:48:52.955 V] #4 GLOBAL : scripts/omw/activationhandlers.lua
[00:48:52.955 V] #5 GLOBAL : scripts/omw/usehandlers.lua
[00:48:52.955 V] #6 GLOBAL : scripts/omw/worldeventhandlers.lua
[00:48:52.955 V] #7 GLOBAL : scripts/omw/crimes.lua
[00:48:52.955 V] #8 PLAYER CREATURE NPC : scripts/omw/mechanics/animationcontroller.lua
[00:48:52.955 V] #9 PLAYER : scripts/omw/skillhandlers.lua
[00:48:52.955 V] #10 PLAYER : scripts/omw/mechanics/playercontroller.lua
[00:48:52.955 V] #11 MENU : scripts/omw/camera/settings.lua
[00:48:52.955 V] #12 MENU : scripts/omw/input/settings.lua
[00:48:52.955 V] #13 PLAYER : scripts/omw/input/playercontrols.lua
[00:48:52.955 V] #14 PLAYER : scripts/omw/camera/camera.lua
[00:48:52.955 V] #15 PLAYER : scripts/omw/input/actionbindings.lua
[00:48:52.955 V] #16 PLAYER : scripts/omw/input/smoothmovement.lua
[00:48:52.955 V] #17 PLAYER : scripts/omw/input/gamepadcontrols.lua
[00:48:52.955 V] #18 NPC CREATURE : scripts/omw/ai.lua
[00:48:52.955 V] #19 GLOBAL : scripts/omw/mechanics/globalcontroller.lua
[00:48:52.955 V] #20 PLAYER CREATURE NPC : scripts/omw/mechanics/actorcontroller.lua
[00:48:52.955 V] #21 PLAYER NPC CREATURE : scripts/omw/combat/interface_local.lua
[00:48:52.955 V] #22 GLOBAL : scripts/omw/combat/interface_global.lua
[00:48:52.955 V] #23 PLAYER CREATURE NPC : scripts/omw/spellcasting/interface_local.lua
[00:48:52.955 V] #24 GLOBAL : scripts/omw/spellcasting/interface_global.lua
[00:48:52.955 V] #25 GLOBAL : scripts/omw/mechanics/projectiles.lua
[00:48:52.955 V] #26 PLAYER : scripts/omw/ui.lua
[00:48:52.955 V] #27 MENU : scripts/omw/console/menu.lua
[00:48:52.955 V] #28 PLAYER : scripts/omw/console/player.lua
[00:48:52.955 V] #29 GLOBAL : scripts/omw/console/global.lua
[00:48:52.955 V] #30 CUSTOM : scripts/omw/console/local.lua
[00:48:52.955 V] #31 NPC CREATURE : scripts/omw/music/actor.lua
[00:48:52.955 V] #32 GLOBAL : scripts/omw/cellhandlers.lua
[00:48:52.955 V] #33 GLOBAL : scripts/omw/combat/global.lua
[00:48:52.955 V] #34 PLAYER : scripts/omw/combat/settingspage.lua
[00:48:52.955 V] #35 PLAYER NPC CREATURE : scripts/omw/combat/local.lua
[00:48:52.955 V] #36 PLAYER : scripts/omw/music/music.lua
[00:48:52.955 V] #37 MENU : scripts/omw/music/settings.lua
[00:48:52.955 V] #38 PLAYER : scripts/omw/playerskillhandlers.lua
[00:48:52.955 V] #39 LOAD : scripts/omw/esmfallbacks.lua
[00:48:52.955 V] #40 PLAYER CREATURE NPC : scripts/omw/spellcasting/local.lua
[00:48:52.955 V] #41 DOOR CONTAINER : scripts/omw/spellcasting/lockable.lua
[00:48:52.955 V] #42 GLOBAL : scripts/omw/spellcasting/global.lua
[00:48:52.955 V] #43 GLOBAL : scripts/bench/global.lua
[00:48:52.955 V] #44 PLAYER : scripts/bench/player.lua
[00:48:52.966 V] Enchantment "test magic axe": dropping unexpected skill argument of "FortifyMaximumMagicka" effect
[00:48:53.038 I] Using 1 async physics threads
[00:48:53.038 I] Using <project>/harness/userdata/navmesh.db to store navigation mesh cache
[00:48:53.039 V] Using idle priority for thread=0x16d90b000
[00:48:53.039 I] Reserving texture units for shadow maps: 13..15
[00:48:53.040 I] Reserving texture unit for opaque depth texture: 12
[00:48:53.040 I] Reserving texture unit for opaque color texture: 11
[00:48:53.040 V] Disabling Multiview (disabled by config)
[00:48:53.044 V] Language file "l10n/Interface/gmst.yaml" is enabled
[00:48:53.044 V] Language file "l10n/Interface/en.yaml" is enabled
[00:48:53.052 V] Language file "l10n/OMWEngine/gmst.yaml" is enabled
[00:48:53.053 V] Language file "l10n/OMWEngine/en.yaml" is enabled
[00:48:53.063 V] Language file "l10n/OMWShaders/en.yaml" is enabled
[00:48:53.070 V] Language file "l10n/OMWCamera/en.yaml" is enabled
[00:48:53.072 V] Language file "l10n/OMWControls/en.yaml" is enabled
[00:48:53.072 V] Language file "l10n/interface/gmst.yaml" is enabled
[00:48:53.072 V] Language file "l10n/interface/en.yaml" is enabled
[00:48:53.073 V] Language file "l10n/Calendar/gmst.yaml" is enabled
[00:48:53.073 V] Language file "l10n/Calendar/en.yaml" is enabled
[00:48:53.073 V] Language file "l10n/OMWMusic/en.yaml" is enabled
[00:48:53.073 I] OSG stats will be written to: <project>/harness/results/20260906-0027-0b30e7ff4-m2c-compat/sky-r3-stats.txt
[00:48:53.078 I] Starting a new game
[00:48:53.081 V] Language file "l10n/Mechanics/gmst.yaml" is enabled
[00:48:53.082 E] Error loading splash/splash_clannfear.tga: no readerwriter for 'tga' found
[00:48:53.105 I] Loading cell Pelagiad (0, -7)
[00:48:53.142 I] Loading cell Ascadian Isles Region (0, -6)
[00:48:53.149 I] Loading cell Ascadian Isles Region (-1, -7)
[00:48:53.167 I] Loading cell Pelagiad (0, -8)
[00:48:53.170 I] Loading cell Ascadian Isles Region (1, -7)
[00:48:53.179 I] Loading cell Ascadian Isles Region (-1, -6)
[00:48:53.183 I] Loading cell Ascadian Isles Region (1, -6)
[00:48:53.189 I] Loading cell Ascadian Isles Region (-1, -8)
[00:48:53.191 I] Loading cell Ascadian Isles Region (1, -8)
[00:48:53.197 V] Language file "l10n/OMWCombat/en.yaml" is enabled
[00:48:53.210 I] Warning: OutsideBanner line 38, column 6 (endif): endif without matching if/elseif
[00:48:53.225 I] Global[scripts/bench/global.lua]:	BENCH station=sky startcell="pelagiad" frame=1
[00:48:53.289 I] L@0x1[scripts/bench/player.lua]:	BENCH camera station=sky yaw=0 pitch=-60
[00:48:53.358 I] Global[scripts/bench/global.lua]:	BENCH station=sky ready frame=40 simtime=0.16
[00:49:46.583 I] Saving shader settings file: <project>/harness/results/20260906-0027-0b30e7ff4-m2c-compat/overlay/shaders.yaml
[00:49:46.583 I] Saving Lua storage "<project>/harness/results/20260906-0027-0b30e7ff4-m2c-compat/overlay/global_storage.bin" (140 bytes)
[00:49:46.583 I] Saving Lua storage "<project>/harness/results/20260906-0027-0b30e7ff4-m2c-compat/overlay/player_storage.bin" (878 bytes)
[00:49:46.615 I] Saved input bindings: <project>/harness/results/20260906-0027-0b30e7ff4-m2c-compat/overlay/input_v3.xml
[00:49:46.635 I] Quitting peacefully.
