[00:35:09.071 *] Crash handler installed
[00:35:09.148 *] Loading config file: <project>/openmw/build/OpenMW.app/Contents/Resources/openmw.cfg
[00:35:09.148 *] Loading config file: <project>/harness/config/openmw.cfg
[00:35:09.149 *] Loading config file: <project>/harness/results/20260906-0027-0b30e7ff4-m2c-compat/overlay/openmw.cfg
[00:35:09.149 *] Logs dir: <project>/harness/results/20260906-0027-0b30e7ff4-m2c-compat/overlay
[00:35:09.149 *] User data dir: <project>/harness/userdata
[00:35:09.149 *] Screenshots dir: <project>/harness/userdata/screenshots
[00:35:09.149 I] OpenMW version 0.52.0
[00:35:09.149 I] Revision: 0b30e7ff48
[00:35:09.149 I] Loading settings file: <project>/openmw/build/OpenMW.app/Contents/Resources/defaults.bin
[00:35:09.150 I] Loading settings file: <project>/harness/config/settings.cfg
[00:35:09.150 I] Using default (English) font encoding.
[00:35:09.150 W] No such dir: <home>/Library/Application Support/openmw/data
[00:35:09.150 I] OSG version: 3.6.5
[00:35:09.150 I] SDL version: 2.32.10
[00:35:09.150 I] Loading shader settings file: <project>/harness/results/20260906-0027-0b30e7ff4-m2c-compat/overlay/shaders.yaml
[00:35:09.171 E] Error: Failed to read window icon, no png readerwriter found
[00:35:09.194 I] OpenGL Vendor: Apple
[00:35:09.194 I] OpenGL Renderer: Apple M5 Pro
[00:35:09.194 I] OpenGL Version: 2.1 Metal - 90.5
[00:35:09.194 W] GL_ARB_clip_control not supported: disabling reverse-z depth buffer
[00:35:09.194 I] Adding BSA archive <project>/Morrowind/Data Files/Morrowind.bsa
[00:35:09.195 I] Adding BSA archive <project>/Morrowind/Data Files/Tribunal.bsa
[00:35:09.196 I] Adding BSA archive <project>/Morrowind/Data Files/Bloodmoon.bsa
[00:35:09.196 I] Adding data directory <project>/openmw/build/OpenMW.app/Contents/Resources/../Resources/resources/vfs
[00:35:09.197 I] Adding data directory <project>/openmw/build/OpenMW.app/Contents/Resources/../Resources/resources/vfs-mw
[00:35:09.197 I] Adding data directory <project>/Morrowind/Data Files
[00:35:09.211 I] Adding data directory <project>/harness/mod
[00:35:09.216 I] Preferred locales: gmst en
[00:35:09.216 I] Initializing LuaUtil::LuaState without profiler
[00:35:09.216 I] Lua version: Lua 5.1.4 (LuaJIT 2.1.1767980792)
[00:35:09.216 I] Loading keybindings file: <project>/harness/results/20260906-0027-0b30e7ff4-m2c-compat/overlay/input_v3.xml
[00:35:09.217 I] Loading TrueType font file fonts/mysticcards.omwfont
[00:35:09.219 I] Loading TrueType font file fonts/demonicletters.omwfont
[00:35:09.220 I] Loading TrueType font file fonts/dejavulgcsansmono.omwfont
[00:35:09.229 I] Sound disabled.
[00:35:09.229 I] Loading Lua storage "<project>/harness/results/20260906-0027-0b30e7ff4-m2c-compat/overlay/global_storage.bin" (140 bytes)
[00:35:09.229 I] Loading Lua storage "<project>/harness/results/20260906-0027-0b30e7ff4-m2c-compat/overlay/player_storage.bin" (878 bytes)
[00:35:09.232 I] Loading content file builtin.omwscripts
[00:35:09.232 I] Loading content file Morrowind.esm
[00:35:09.232 E] Error loading splash/splash_bonelord.tga: no readerwriter for 'tga' found
[00:35:09.389 I] Loading content file Tribunal.esm
[00:35:09.409 I] Loading content file Bloodmoon.esm
[00:35:09.435 I] Loading content file bench.omwscripts
[00:35:09.435 V] Lua scripts configuration (45 scripts):
[00:35:09.435 V] #0 MENU PLAYER : scripts/omw/mwui/init.lua
[00:35:09.435 V] #1 MENU : scripts/omw/settings/menu.lua
[00:35:09.435 V] #2 PLAYER : scripts/omw/settings/player.lua
[00:35:09.435 V] #3 GLOBAL : scripts/omw/settings/global.lua
[00:35:09.435 V] #4 GLOBAL : scripts/omw/activationhandlers.lua
[00:35:09.435 V] #5 GLOBAL : scripts/omw/usehandlers.lua
[00:35:09.435 V] #6 GLOBAL : scripts/omw/worldeventhandlers.lua
[00:35:09.435 V] #7 GLOBAL : scripts/omw/crimes.lua
[00:35:09.435 V] #8 PLAYER CREATURE NPC : scripts/omw/mechanics/animationcontroller.lua
[00:35:09.435 V] #9 PLAYER : scripts/omw/skillhandlers.lua
[00:35:09.435 V] #10 PLAYER : scripts/omw/mechanics/playercontroller.lua
[00:35:09.435 V] #11 MENU : scripts/omw/camera/settings.lua
[00:35:09.435 V] #12 MENU : scripts/omw/input/settings.lua
[00:35:09.435 V] #13 PLAYER : scripts/omw/input/playercontrols.lua
[00:35:09.435 V] #14 PLAYER : scripts/omw/camera/camera.lua
[00:35:09.435 V] #15 PLAYER : scripts/omw/input/actionbindings.lua
[00:35:09.435 V] #16 PLAYER : scripts/omw/input/smoothmovement.lua
[00:35:09.435 V] #17 PLAYER : scripts/omw/input/gamepadcontrols.lua
[00:35:09.435 V] #18 NPC CREATURE : scripts/omw/ai.lua
[00:35:09.435 V] #19 GLOBAL : scripts/omw/mechanics/globalcontroller.lua
[00:35:09.435 V] #20 PLAYER CREATURE NPC : scripts/omw/mechanics/actorcontroller.lua
[00:35:09.435 V] #21 PLAYER NPC CREATURE : scripts/omw/combat/interface_local.lua
[00:35:09.435 V] #22 GLOBAL : scripts/omw/combat/interface_global.lua
[00:35:09.435 V] #23 PLAYER CREATURE NPC : scripts/omw/spellcasting/interface_local.lua
[00:35:09.435 V] #24 GLOBAL : scripts/omw/spellcasting/interface_global.lua
[00:35:09.435 V] #25 GLOBAL : scripts/omw/mechanics/projectiles.lua
[00:35:09.435 V] #26 PLAYER : scripts/omw/ui.lua
[00:35:09.435 V] #27 MENU : scripts/omw/console/menu.lua
[00:35:09.435 V] #28 PLAYER : scripts/omw/console/player.lua
[00:35:09.435 V] #29 GLOBAL : scripts/omw/console/global.lua
[00:35:09.435 V] #30 CUSTOM : scripts/omw/console/local.lua
[00:35:09.435 V] #31 NPC CREATURE : scripts/omw/music/actor.lua
[00:35:09.435 V] #32 GLOBAL : scripts/omw/cellhandlers.lua
[00:35:09.435 V] #33 GLOBAL : scripts/omw/combat/global.lua
[00:35:09.435 V] #34 PLAYER : scripts/omw/combat/settingspage.lua
[00:35:09.435 V] #35 PLAYER NPC CREATURE : scripts/omw/combat/local.lua
[00:35:09.435 V] #36 PLAYER : scripts/omw/music/music.lua
[00:35:09.435 V] #37 MENU : scripts/omw/music/settings.lua
[00:35:09.435 V] #38 PLAYER : scripts/omw/playerskillhandlers.lua
[00:35:09.435 V] #39 LOAD : scripts/omw/esmfallbacks.lua
[00:35:09.435 V] #40 PLAYER CREATURE NPC : scripts/omw/spellcasting/local.lua
[00:35:09.435 V] #41 DOOR CONTAINER : scripts/omw/spellcasting/lockable.lua
[00:35:09.435 V] #42 GLOBAL : scripts/omw/spellcasting/global.lua
[00:35:09.435 V] #43 GLOBAL : scripts/bench/global.lua
[00:35:09.435 V] #44 PLAYER : scripts/bench/player.lua
[00:35:09.446 V] Enchantment "test magic axe": dropping unexpected skill argument of "FortifyMaximumMagicka" effect
[00:35:09.519 I] Using 1 async physics threads
[00:35:09.519 I] Using <project>/harness/userdata/navmesh.db to store navigation mesh cache
[00:35:09.519 V] Using idle priority for thread=0x16fa1b000
[00:35:09.519 I] Reserving texture units for shadow maps: 13..15
[00:35:09.520 I] Reserving texture unit for opaque depth texture: 12
[00:35:09.520 I] Reserving texture unit for opaque color texture: 11
[00:35:09.520 V] Disabling Multiview (disabled by config)
[00:35:09.524 V] Language file "l10n/Interface/gmst.yaml" is enabled
[00:35:09.524 V] Language file "l10n/Interface/en.yaml" is enabled
[00:35:09.533 V] Language file "l10n/OMWEngine/gmst.yaml" is enabled
[00:35:09.534 V] Language file "l10n/OMWEngine/en.yaml" is enabled
[00:35:09.543 V] Language file "l10n/OMWShaders/en.yaml" is enabled
[00:35:09.551 V] Language file "l10n/OMWCamera/en.yaml" is enabled
[00:35:09.552 V] Language file "l10n/OMWControls/en.yaml" is enabled
[00:35:09.552 V] Language file "l10n/interface/gmst.yaml" is enabled
[00:35:09.552 V] Language file "l10n/interface/en.yaml" is enabled
[00:35:09.553 V] Language file "l10n/Calendar/gmst.yaml" is enabled
[00:35:09.553 V] Language file "l10n/Calendar/en.yaml" is enabled
[00:35:09.553 V] Language file "l10n/OMWMusic/en.yaml" is enabled
[00:35:09.553 I] OSG stats will be written to: <project>/harness/results/20260906-0027-0b30e7ff4-m2c-compat/vivec-r3-stats.txt
[00:35:09.559 I] Starting a new game
[00:35:09.561 V] Language file "l10n/Mechanics/gmst.yaml" is enabled
[00:35:09.562 E] Error loading splash/splash_skeleton.tga: no readerwriter for 'tga' found
[00:35:09.586 I] Loading cell Vivec, Arena (4, -11)
[00:35:09.602 I] Loading cell Vivec, Redoran (3, -11)
[00:35:09.608 I] Loading cell Vivec, Foreign Quarter (4, -10)
[00:35:09.622 I] Loading cell Vivec, St. Olms (4, -12)
[00:35:09.626 I] Loading cell Vivec, Telvanni (5, -11)
[00:35:09.629 I] Loading cell Vivec, Foreign Quarter (3, -10)
[00:35:09.635 I] Loading cell Vivec, St. Delyn (3, -12)
[00:35:09.639 I] Loading cell Vivec (5, -10)
[00:35:09.649 I] Loading cell Ascadian Isles Region (5, -12)
[00:35:09.656 V] Language file "l10n/OMWCombat/en.yaml" is enabled
[00:35:09.680 I] Global[scripts/bench/global.lua]:	BENCH station=vivec startcell="vivec, arena" frame=1
[00:35:09.761 I] L@0x1[scripts/bench/player.lua]:	BENCH camera station=vivec yaw=180 pitch=12
[00:35:10.078 I] Global[scripts/bench/global.lua]:	BENCH station=vivec ready frame=40 simtime=0.41
[00:36:03.077 I] Saving shader settings file: <project>/harness/results/20260906-0027-0b30e7ff4-m2c-compat/overlay/shaders.yaml
[00:36:03.077 I] Saving Lua storage "<project>/harness/results/20260906-0027-0b30e7ff4-m2c-compat/overlay/global_storage.bin" (140 bytes)
[00:36:03.078 I] Saving Lua storage "<project>/harness/results/20260906-0027-0b30e7ff4-m2c-compat/overlay/player_storage.bin" (878 bytes)
[00:36:03.111 I] Saved input bindings: <project>/harness/results/20260906-0027-0b30e7ff4-m2c-compat/overlay/input_v3.xml
[00:36:03.130 I] Quitting peacefully.
