[00:34:14.579 *] Crash handler installed
[00:34:14.649 *] Loading config file: <project>/openmw/build/OpenMW.app/Contents/Resources/openmw.cfg
[00:34:14.650 *] Loading config file: <project>/harness/config/openmw.cfg
[00:34:14.651 *] Loading config file: <project>/harness/results/20260906-0027-0b30e7ff4-m2c-compat/overlay/openmw.cfg
[00:34:14.651 *] Logs dir: <project>/harness/results/20260906-0027-0b30e7ff4-m2c-compat/overlay
[00:34:14.651 *] User data dir: <project>/harness/userdata
[00:34:14.651 *] Screenshots dir: <project>/harness/userdata/screenshots
[00:34:14.651 I] OpenMW version 0.52.0
[00:34:14.651 I] Revision: 0b30e7ff48
[00:34:14.651 I] Loading settings file: <project>/openmw/build/OpenMW.app/Contents/Resources/defaults.bin
[00:34:14.651 I] Loading settings file: <project>/harness/config/settings.cfg
[00:34:14.652 I] Using default (English) font encoding.
[00:34:14.652 W] No such dir: <home>/Library/Application Support/openmw/data
[00:34:14.652 I] OSG version: 3.6.5
[00:34:14.652 I] SDL version: 2.32.10
[00:34:14.652 I] Loading shader settings file: <project>/harness/results/20260906-0027-0b30e7ff4-m2c-compat/overlay/shaders.yaml
[00:34:14.678 E] Error: Failed to read window icon, no png readerwriter found
[00:34:14.700 I] OpenGL Vendor: Apple
[00:34:14.700 I] OpenGL Renderer: Apple M5 Pro
[00:34:14.701 I] OpenGL Version: 2.1 Metal - 90.5
[00:34:14.701 W] GL_ARB_clip_control not supported: disabling reverse-z depth buffer
[00:34:14.701 I] Adding BSA archive <project>/Morrowind/Data Files/Morrowind.bsa
[00:34:14.702 I] Adding BSA archive <project>/Morrowind/Data Files/Tribunal.bsa
[00:34:14.702 I] Adding BSA archive <project>/Morrowind/Data Files/Bloodmoon.bsa
[00:34:14.702 I] Adding data directory <project>/openmw/build/OpenMW.app/Contents/Resources/../Resources/resources/vfs
[00:34:14.703 I] Adding data directory <project>/openmw/build/OpenMW.app/Contents/Resources/../Resources/resources/vfs-mw
[00:34:14.703 I] Adding data directory <project>/Morrowind/Data Files
[00:34:14.718 I] Adding data directory <project>/harness/mod
[00:34:14.722 I] Preferred locales: gmst en
[00:34:14.722 I] Initializing LuaUtil::LuaState without profiler
[00:34:14.722 I] Lua version: Lua 5.1.4 (LuaJIT 2.1.1767980792)
[00:34:14.723 I] Loading keybindings file: <project>/harness/results/20260906-0027-0b30e7ff4-m2c-compat/overlay/input_v3.xml
[00:34:14.723 I] Loading TrueType font file fonts/mysticcards.omwfont
[00:34:14.725 I] Loading TrueType font file fonts/demonicletters.omwfont
[00:34:14.726 I] Loading TrueType font file fonts/dejavulgcsansmono.omwfont
[00:34:14.735 I] Sound disabled.
[00:34:14.735 I] Loading Lua storage "<project>/harness/results/20260906-0027-0b30e7ff4-m2c-compat/overlay/global_storage.bin" (140 bytes)
[00:34:14.735 I] Loading Lua storage "<project>/harness/results/20260906-0027-0b30e7ff4-m2c-compat/overlay/player_storage.bin" (878 bytes)
[00:34:14.738 I] Loading content file builtin.omwscripts
[00:34:14.738 I] Loading content file Morrowind.esm
[00:34:14.738 E] Error loading splash/splash_daedroth.tga: no readerwriter for 'tga' found
[00:34:14.894 I] Loading content file Tribunal.esm
[00:34:14.915 I] Loading content file Bloodmoon.esm
[00:34:14.940 I] Loading content file bench.omwscripts
[00:34:14.941 V] Lua scripts configuration (45 scripts):
[00:34:14.941 V] #0 MENU PLAYER : scripts/omw/mwui/init.lua
[00:34:14.941 V] #1 MENU : scripts/omw/settings/menu.lua
[00:34:14.941 V] #2 PLAYER : scripts/omw/settings/player.lua
[00:34:14.941 V] #3 GLOBAL : scripts/omw/settings/global.lua
[00:34:14.941 V] #4 GLOBAL : scripts/omw/activationhandlers.lua
[00:34:14.941 V] #5 GLOBAL : scripts/omw/usehandlers.lua
[00:34:14.941 V] #6 GLOBAL : scripts/omw/worldeventhandlers.lua
[00:34:14.941 V] #7 GLOBAL : scripts/omw/crimes.lua
[00:34:14.941 V] #8 PLAYER CREATURE NPC : scripts/omw/mechanics/animationcontroller.lua
[00:34:14.941 V] #9 PLAYER : scripts/omw/skillhandlers.lua
[00:34:14.941 V] #10 PLAYER : scripts/omw/mechanics/playercontroller.lua
[00:34:14.941 V] #11 MENU : scripts/omw/camera/settings.lua
[00:34:14.941 V] #12 MENU : scripts/omw/input/settings.lua
[00:34:14.941 V] #13 PLAYER : scripts/omw/input/playercontrols.lua
[00:34:14.941 V] #14 PLAYER : scripts/omw/camera/camera.lua
[00:34:14.941 V] #15 PLAYER : scripts/omw/input/actionbindings.lua
[00:34:14.941 V] #16 PLAYER : scripts/omw/input/smoothmovement.lua
[00:34:14.941 V] #17 PLAYER : scripts/omw/input/gamepadcontrols.lua
[00:34:14.941 V] #18 NPC CREATURE : scripts/omw/ai.lua
[00:34:14.941 V] #19 GLOBAL : scripts/omw/mechanics/globalcontroller.lua
[00:34:14.941 V] #20 PLAYER CREATURE NPC : scripts/omw/mechanics/actorcontroller.lua
[00:34:14.941 V] #21 PLAYER NPC CREATURE : scripts/omw/combat/interface_local.lua
[00:34:14.941 V] #22 GLOBAL : scripts/omw/combat/interface_global.lua
[00:34:14.941 V] #23 PLAYER CREATURE NPC : scripts/omw/spellcasting/interface_local.lua
[00:34:14.941 V] #24 GLOBAL : scripts/omw/spellcasting/interface_global.lua
[00:34:14.941 V] #25 GLOBAL : scripts/omw/mechanics/projectiles.lua
[00:34:14.941 V] #26 PLAYER : scripts/omw/ui.lua
[00:34:14.941 V] #27 MENU : scripts/omw/console/menu.lua
[00:34:14.941 V] #28 PLAYER : scripts/omw/console/player.lua
[00:34:14.941 V] #29 GLOBAL : scripts/omw/console/global.lua
[00:34:14.941 V] #30 CUSTOM : scripts/omw/console/local.lua
[00:34:14.941 V] #31 NPC CREATURE : scripts/omw/music/actor.lua
[00:34:14.941 V] #32 GLOBAL : scripts/omw/cellhandlers.lua
[00:34:14.941 V] #33 GLOBAL : scripts/omw/combat/global.lua
[00:34:14.941 V] #34 PLAYER : scripts/omw/combat/settingspage.lua
[00:34:14.941 V] #35 PLAYER NPC CREATURE : scripts/omw/combat/local.lua
[00:34:14.941 V] #36 PLAYER : scripts/omw/music/music.lua
[00:34:14.941 V] #37 MENU : scripts/omw/music/settings.lua
[00:34:14.941 V] #38 PLAYER : scripts/omw/playerskillhandlers.lua
[00:34:14.941 V] #39 LOAD : scripts/omw/esmfallbacks.lua
[00:34:14.941 V] #40 PLAYER CREATURE NPC : scripts/omw/spellcasting/local.lua
[00:34:14.941 V] #41 DOOR CONTAINER : scripts/omw/spellcasting/lockable.lua
[00:34:14.941 V] #42 GLOBAL : scripts/omw/spellcasting/global.lua
[00:34:14.941 V] #43 GLOBAL : scripts/bench/global.lua
[00:34:14.941 V] #44 PLAYER : scripts/bench/player.lua
[00:34:14.952 V] Enchantment "test magic axe": dropping unexpected skill argument of "FortifyMaximumMagicka" effect
[00:34:15.025 I] Using 1 async physics threads
[00:34:15.025 I] Using <project>/harness/userdata/navmesh.db to store navigation mesh cache
[00:34:15.025 V] Using idle priority for thread=0x16d593000
[00:34:15.025 I] Reserving texture units for shadow maps: 13..15
[00:34:15.026 I] Reserving texture unit for opaque depth texture: 12
[00:34:15.026 I] Reserving texture unit for opaque color texture: 11
[00:34:15.026 V] Disabling Multiview (disabled by config)
[00:34:15.030 V] Language file "l10n/Interface/gmst.yaml" is enabled
[00:34:15.030 V] Language file "l10n/Interface/en.yaml" is enabled
[00:34:15.039 V] Language file "l10n/OMWEngine/gmst.yaml" is enabled
[00:34:15.039 V] Language file "l10n/OMWEngine/en.yaml" is enabled
[00:34:15.049 V] Language file "l10n/OMWShaders/en.yaml" is enabled
[00:34:15.057 V] Language file "l10n/OMWCamera/en.yaml" is enabled
[00:34:15.058 V] Language file "l10n/OMWControls/en.yaml" is enabled
[00:34:15.058 V] Language file "l10n/interface/gmst.yaml" is enabled
[00:34:15.058 V] Language file "l10n/interface/en.yaml" is enabled
[00:34:15.059 V] Language file "l10n/Calendar/gmst.yaml" is enabled
[00:34:15.059 V] Language file "l10n/Calendar/en.yaml" is enabled
[00:34:15.059 V] Language file "l10n/OMWMusic/en.yaml" is enabled
[00:34:15.059 I] OSG stats will be written to: <project>/harness/results/20260906-0027-0b30e7ff4-m2c-compat/vivec-r2-stats.txt
[00:34:15.064 I] Starting a new game
[00:34:15.067 V] Language file "l10n/Mechanics/gmst.yaml" is enabled
[00:34:15.068 E] Error loading splash/splash_spherecenturion.tga: no readerwriter for 'tga' found
[00:34:15.092 E] Error loading splash/splash_kwamawarrior.tga: no readerwriter for 'tga' found
[00:34:15.092 I] Loading cell Vivec, Arena (4, -11)
[00:34:15.110 I] Loading cell Vivec, Redoran (3, -11)
[00:34:15.115 I] Loading cell Vivec, Foreign Quarter (4, -10)
[00:34:15.129 I] Loading cell Vivec, St. Olms (4, -12)
[00:34:15.132 I] Loading cell Vivec, Telvanni (5, -11)
[00:34:15.135 I] Loading cell Vivec, Foreign Quarter (3, -10)
[00:34:15.143 I] Loading cell Vivec, St. Delyn (3, -12)
[00:34:15.147 I] Loading cell Vivec (5, -10)
[00:34:15.157 I] Loading cell Ascadian Isles Region (5, -12)
[00:34:15.164 V] Language file "l10n/OMWCombat/en.yaml" is enabled
[00:34:15.190 I] Global[scripts/bench/global.lua]:	BENCH station=vivec startcell="vivec, arena" frame=1
[00:34:15.271 I] L@0x1[scripts/bench/player.lua]:	BENCH camera station=vivec yaw=180 pitch=12
[00:34:15.567 I] Global[scripts/bench/global.lua]:	BENCH station=vivec ready frame=40 simtime=0.39
[00:35:08.584 I] Saving shader settings file: <project>/harness/results/20260906-0027-0b30e7ff4-m2c-compat/overlay/shaders.yaml
[00:35:08.584 I] Saving Lua storage "<project>/harness/results/20260906-0027-0b30e7ff4-m2c-compat/overlay/global_storage.bin" (140 bytes)
[00:35:08.585 I] Saving Lua storage "<project>/harness/results/20260906-0027-0b30e7ff4-m2c-compat/overlay/player_storage.bin" (878 bytes)
[00:35:08.619 I] Saved input bindings: <project>/harness/results/20260906-0027-0b30e7ff4-m2c-compat/overlay/input_v3.xml
[00:35:08.639 I] Quitting peacefully.
