[03:05:43.332 *] Crash handler installed
[03:05:43.414 *] Loading config file: <project>/openmw/build/OpenMW.app/Contents/Resources/openmw.cfg
[03:05:43.414 *] Loading config file: <project>/harness/config/openmw.cfg
[03:05:43.415 *] Loading config file: <project>/harness/results/20260906-0305-85eda9729-m4-heavy-compat/overlay/openmw.cfg
[03:05:43.415 *] Logs dir: <project>/harness/results/20260906-0305-85eda9729-m4-heavy-compat/overlay
[03:05:43.415 *] User data dir: <project>/harness/userdata
[03:05:43.415 *] Screenshots dir: <project>/harness/userdata/screenshots
[03:05:43.415 I] OpenMW version 0.52.0
[03:05:43.415 I] Revision: adc79c9835
[03:05:43.415 I] Loading settings file: <project>/openmw/build/OpenMW.app/Contents/Resources/defaults.bin
[03:05:43.415 I] Loading settings file: <project>/harness/config/settings.cfg
[03:05:43.416 I] Loading settings file: <project>/harness/results/20260906-0305-85eda9729-m4-heavy-compat/overlay/settings.cfg
[03:05:43.416 W] int [Game] actors processing range setting value is out of allowed values set: 14336, sanitized to 7168
[03:05:43.416 I] Using default (English) font encoding.
[03:05:43.416 W] No such dir: <home>/Library/Application Support/openmw/data
[03:05:43.416 I] OSG version: 3.6.5
[03:05:43.416 I] SDL version: 2.32.10
[03:05:43.416 I] Loading shader settings file: <project>/harness/results/20260906-0305-85eda9729-m4-heavy-compat/overlay/shaders.yaml
[03:05:43.435 E] Error: Failed to read window icon, no png readerwriter found
[03:05:43.460 I] OpenGL Vendor: Apple
[03:05:43.460 I] OpenGL Renderer: Apple M5 Pro
[03:05:43.460 I] OpenGL Version: 2.1 Metal - 90.5
[03:05:43.460 W] GL_ARB_clip_control not supported: disabling reverse-z depth buffer
[03:05:43.460 I] Adding BSA archive <project>/Morrowind/Data Files/Morrowind.bsa
[03:05:43.461 I] Adding BSA archive <project>/Morrowind/Data Files/Tribunal.bsa
[03:05:43.462 I] Adding BSA archive <project>/Morrowind/Data Files/Bloodmoon.bsa
[03:05:43.462 I] Adding data directory <project>/openmw/build/OpenMW.app/Contents/Resources/../Resources/resources/vfs
[03:05:43.463 I] Adding data directory <project>/openmw/build/OpenMW.app/Contents/Resources/../Resources/resources/vfs-mw
[03:05:43.463 I] Adding data directory <project>/Morrowind/Data Files
[03:05:43.478 I] Adding data directory <project>/harness/mod
[03:05:43.482 I] Preferred locales: gmst en
[03:05:43.482 I] Initializing LuaUtil::LuaState without profiler
[03:05:43.482 I] Lua version: Lua 5.1.4 (LuaJIT 2.1.1767980792)
[03:05:43.483 I] Loading TrueType font file fonts/mysticcards.omwfont
[03:05:43.485 I] Loading TrueType font file fonts/demonicletters.omwfont
[03:05:43.486 I] Loading TrueType font file fonts/dejavulgcsansmono.omwfont
[03:05:43.495 I] Sound disabled.
[03:05:43.498 I] Loading content file builtin.omwscripts
[03:05:43.498 I] Loading content file Morrowind.esm
[03:05:43.498 E] Error loading splash/splash_hunger.tga: no readerwriter for 'tga' found
[03:05:43.665 I] Loading content file Tribunal.esm
[03:05:43.683 I] Loading content file Bloodmoon.esm
[03:05:43.713 I] Loading content file bench.omwscripts
[03:05:43.713 V] Lua scripts configuration (45 scripts):
[03:05:43.713 V] #0 MENU PLAYER : scripts/omw/mwui/init.lua
[03:05:43.713 V] #1 MENU : scripts/omw/settings/menu.lua
[03:05:43.713 V] #2 PLAYER : scripts/omw/settings/player.lua
[03:05:43.713 V] #3 GLOBAL : scripts/omw/settings/global.lua
[03:05:43.713 V] #4 GLOBAL : scripts/omw/activationhandlers.lua
[03:05:43.713 V] #5 GLOBAL : scripts/omw/usehandlers.lua
[03:05:43.713 V] #6 GLOBAL : scripts/omw/worldeventhandlers.lua
[03:05:43.713 V] #7 GLOBAL : scripts/omw/crimes.lua
[03:05:43.713 V] #8 PLAYER CREATURE NPC : scripts/omw/mechanics/animationcontroller.lua
[03:05:43.713 V] #9 PLAYER : scripts/omw/skillhandlers.lua
[03:05:43.713 V] #10 PLAYER : scripts/omw/mechanics/playercontroller.lua
[03:05:43.713 V] #11 MENU : scripts/omw/camera/settings.lua
[03:05:43.713 V] #12 MENU : scripts/omw/input/settings.lua
[03:05:43.713 V] #13 PLAYER : scripts/omw/input/playercontrols.lua
[03:05:43.713 V] #14 PLAYER : scripts/omw/camera/camera.lua
[03:05:43.713 V] #15 PLAYER : scripts/omw/input/actionbindings.lua
[03:05:43.713 V] #16 PLAYER : scripts/omw/input/smoothmovement.lua
[03:05:43.713 V] #17 PLAYER : scripts/omw/input/gamepadcontrols.lua
[03:05:43.713 V] #18 NPC CREATURE : scripts/omw/ai.lua
[03:05:43.713 V] #19 GLOBAL : scripts/omw/mechanics/globalcontroller.lua
[03:05:43.713 V] #20 PLAYER CREATURE NPC : scripts/omw/mechanics/actorcontroller.lua
[03:05:43.713 V] #21 PLAYER NPC CREATURE : scripts/omw/combat/interface_local.lua
[03:05:43.713 V] #22 GLOBAL : scripts/omw/combat/interface_global.lua
[03:05:43.713 V] #23 PLAYER CREATURE NPC : scripts/omw/spellcasting/interface_local.lua
[03:05:43.713 V] #24 GLOBAL : scripts/omw/spellcasting/interface_global.lua
[03:05:43.713 V] #25 GLOBAL : scripts/omw/mechanics/projectiles.lua
[03:05:43.713 V] #26 PLAYER : scripts/omw/ui.lua
[03:05:43.713 V] #27 MENU : scripts/omw/console/menu.lua
[03:05:43.713 V] #28 PLAYER : scripts/omw/console/player.lua
[03:05:43.713 V] #29 GLOBAL : scripts/omw/console/global.lua
[03:05:43.713 V] #30 CUSTOM : scripts/omw/console/local.lua
[03:05:43.713 V] #31 NPC CREATURE : scripts/omw/music/actor.lua
[03:05:43.713 V] #32 GLOBAL : scripts/omw/cellhandlers.lua
[03:05:43.713 V] #33 GLOBAL : scripts/omw/combat/global.lua
[03:05:43.713 V] #34 PLAYER : scripts/omw/combat/settingspage.lua
[03:05:43.713 V] #35 PLAYER NPC CREATURE : scripts/omw/combat/local.lua
[03:05:43.713 V] #36 PLAYER : scripts/omw/music/music.lua
[03:05:43.713 V] #37 MENU : scripts/omw/music/settings.lua
[03:05:43.713 V] #38 PLAYER : scripts/omw/playerskillhandlers.lua
[03:05:43.713 V] #39 LOAD : scripts/omw/esmfallbacks.lua
[03:05:43.713 V] #40 PLAYER CREATURE NPC : scripts/omw/spellcasting/local.lua
[03:05:43.713 V] #41 DOOR CONTAINER : scripts/omw/spellcasting/lockable.lua
[03:05:43.713 V] #42 GLOBAL : scripts/omw/spellcasting/global.lua
[03:05:43.713 V] #43 GLOBAL : scripts/bench/global.lua
[03:05:43.713 V] #44 PLAYER : scripts/bench/player.lua
[03:05:43.723 V] Enchantment "test magic axe": dropping unexpected skill argument of "FortifyMaximumMagicka" effect
[03:05:43.794 I] Using 1 async physics threads
[03:05:43.794 I] Using <project>/harness/userdata/navmesh.db to store navigation mesh cache
[03:05:43.796 V] Using idle priority for thread=0x16e25b000
[03:05:43.796 I] Reserving texture units for shadow maps: 13..15
[03:05:43.797 I] Reserving texture unit for opaque depth texture: 12
[03:05:43.797 I] Reserving texture unit for opaque color texture: 11
[03:05:43.797 V] Disabling Multiview (disabled by config)
[03:05:43.800 I] Initialized fallback fragment shader pipeline for water ripples
[03:05:43.802 E] Error loading textures/omw/water_nm.png: no readerwriter for 'png' found
[03:05:43.802 V] Language file "l10n/Interface/gmst.yaml" is enabled
[03:05:43.802 V] Language file "l10n/Interface/en.yaml" is enabled
[03:05:43.811 V] Language file "l10n/OMWEngine/gmst.yaml" is enabled
[03:05:43.812 V] Language file "l10n/OMWEngine/en.yaml" is enabled
[03:05:43.822 V] Language file "l10n/OMWShaders/en.yaml" is enabled
[03:05:43.828 V] Language file "l10n/OMWCamera/en.yaml" is enabled
[03:05:43.829 V] Language file "l10n/OMWControls/en.yaml" is enabled
[03:05:43.829 V] Language file "l10n/interface/gmst.yaml" is enabled
[03:05:43.829 V] Language file "l10n/interface/en.yaml" is enabled
[03:05:43.829 V] Language file "l10n/Calendar/gmst.yaml" is enabled
[03:05:43.830 V] Language file "l10n/Calendar/en.yaml" is enabled
[03:05:43.830 V] Language file "l10n/OMWMusic/en.yaml" is enabled
[03:05:43.830 I] OSG stats will be written to: <project>/harness/results/20260906-0305-85eda9729-m4-heavy-compat/seyda-r1-stats.txt
[03:05:43.834 I] Starting a new game
[03:05:43.837 V] Language file "l10n/Mechanics/gmst.yaml" is enabled
[03:05:43.849 E] Error loading splash/splash_nixhound.tga: no readerwriter for 'tga' found
[03:05:44.040 E] Error loading splash/splash_netch.tga: no readerwriter for 'tga' found
[03:05:44.040 I] Loading cell Seyda Neen (-2, -9)
[03:05:44.043 V] Controller R2_Claw02 present more than once in meshes/r/xsiltstrider.kf, ignoring later version
[03:05:44.062 I] Loading cell Bitter Coast Region (-2, -8)
[03:05:44.072 I] Loading cell Bitter Coast Region (-1, -9)
[03:05:44.074 I] Loading cell Bitter Coast Region (-3, -9)
[03:05:44.082 I] Loading cell Seyda Neen (-2, -10)
[03:05:44.082 I] Warning: lookoutScript[local variables] line 41, column 37 (=): invalid operator =, treating it as ==
[03:05:44.084 I] Loading cell Ascadian Isles Region (-1, -8)
[03:05:44.088 I] Loading cell Bitter Coast Region (-3, -8)
[03:05:44.097 I] Loading cell Bitter Coast Region (-1, -10)
[03:05:44.098 I] Loading cell Bitter Coast Region (-3, -10)
[03:05:44.103 V] Language file "l10n/OMWCombat/en.yaml" is enabled
[03:05:44.116 I] AiTravel: -8914, -73093, 126
[03:05:44.116 I] Warning: lookoutScript line 41, column 37 (=): invalid operator =, treating it as ==
[03:05:44.117 I] Warning: fallingScript line 46, column 6 (endif): endif without matching if/elseif
[03:05:44.155 I] Global[scripts/bench/global.lua]:	BENCH station=seyda startcell="seyda neen" frame=1
[03:05:44.375 I] L@0x1[scripts/bench/player.lua]:	BENCH camera station=seyda yaw=160 pitch=4
[03:05:44.897 I] Global[scripts/bench/global.lua]:	BENCH station=seyda ready frame=40 simtime=0.78
[03:06:37.490 I] Saving shader settings file: <project>/harness/results/20260906-0305-85eda9729-m4-heavy-compat/overlay/shaders.yaml
[03:06:37.490 I] Saving Lua storage "<project>/harness/results/20260906-0305-85eda9729-m4-heavy-compat/overlay/global_storage.bin" (140 bytes)
[03:06:37.491 I] Saving Lua storage "<project>/harness/results/20260906-0305-85eda9729-m4-heavy-compat/overlay/player_storage.bin" (878 bytes)
[03:06:37.534 I] Saved input bindings: <project>/harness/results/20260906-0305-85eda9729-m4-heavy-compat/overlay/input_v3.xml
[03:06:37.584 I] Quitting peacefully.
