[03:07:32.241 *] Crash handler installed
[03:07:32.318 *] Loading config file: <project>/openmw/build/OpenMW.app/Contents/Resources/openmw.cfg
[03:07:32.318 *] Loading config file: <project>/harness/config/openmw.cfg
[03:07:32.319 *] Loading config file: <project>/harness/results/20260906-0305-85eda9729-m4-heavy-compat/overlay/openmw.cfg
[03:07:32.319 *] Logs dir: <project>/harness/results/20260906-0305-85eda9729-m4-heavy-compat/overlay
[03:07:32.319 *] User data dir: <project>/harness/userdata
[03:07:32.319 *] Screenshots dir: <project>/harness/userdata/screenshots
[03:07:32.319 I] OpenMW version 0.52.0
[03:07:32.319 I] Revision: adc79c9835
[03:07:32.319 I] Loading settings file: <project>/openmw/build/OpenMW.app/Contents/Resources/defaults.bin
[03:07:32.319 I] Loading settings file: <project>/harness/config/settings.cfg
[03:07:32.320 I] Loading settings file: <project>/harness/results/20260906-0305-85eda9729-m4-heavy-compat/overlay/settings.cfg
[03:07:32.320 W] int [Game] actors processing range setting value is out of allowed values set: 14336, sanitized to 7168
[03:07:32.320 I] Using default (English) font encoding.
[03:07:32.320 W] No such dir: <home>/Library/Application Support/openmw/data
[03:07:32.320 I] OSG version: 3.6.5
[03:07:32.320 I] SDL version: 2.32.10
[03:07:32.320 I] Loading shader settings file: <project>/harness/results/20260906-0305-85eda9729-m4-heavy-compat/overlay/shaders.yaml
[03:07:32.341 E] Error: Failed to read window icon, no png readerwriter found
[03:07:32.364 I] OpenGL Vendor: Apple
[03:07:32.364 I] OpenGL Renderer: Apple M5 Pro
[03:07:32.364 I] OpenGL Version: 2.1 Metal - 90.5
[03:07:32.364 W] GL_ARB_clip_control not supported: disabling reverse-z depth buffer
[03:07:32.364 I] Adding BSA archive <project>/Morrowind/Data Files/Morrowind.bsa
[03:07:32.366 I] Adding BSA archive <project>/Morrowind/Data Files/Tribunal.bsa
[03:07:32.366 I] Adding BSA archive <project>/Morrowind/Data Files/Bloodmoon.bsa
[03:07:32.366 I] Adding data directory <project>/openmw/build/OpenMW.app/Contents/Resources/../Resources/resources/vfs
[03:07:32.367 I] Adding data directory <project>/openmw/build/OpenMW.app/Contents/Resources/../Resources/resources/vfs-mw
[03:07:32.367 I] Adding data directory <project>/Morrowind/Data Files
[03:07:32.381 I] Adding data directory <project>/harness/mod
[03:07:32.386 I] Preferred locales: gmst en
[03:07:32.386 I] Initializing LuaUtil::LuaState without profiler
[03:07:32.386 I] Lua version: Lua 5.1.4 (LuaJIT 2.1.1767980792)
[03:07:32.386 I] Loading keybindings file: <project>/harness/results/20260906-0305-85eda9729-m4-heavy-compat/overlay/input_v3.xml
[03:07:32.387 I] Loading TrueType font file fonts/mysticcards.omwfont
[03:07:32.389 I] Loading TrueType font file fonts/demonicletters.omwfont
[03:07:32.390 I] Loading TrueType font file fonts/dejavulgcsansmono.omwfont
[03:07:32.399 I] Sound disabled.
[03:07:32.399 I] Loading Lua storage "<project>/harness/results/20260906-0305-85eda9729-m4-heavy-compat/overlay/global_storage.bin" (140 bytes)
[03:07:32.399 I] Loading Lua storage "<project>/harness/results/20260906-0305-85eda9729-m4-heavy-compat/overlay/player_storage.bin" (878 bytes)
[03:07:32.402 I] Loading content file builtin.omwscripts
[03:07:32.402 E] Error loading splash/splash_clanndaddy.tga: no readerwriter for 'tga' found
[03:07:32.402 I] Loading content file Morrowind.esm
[03:07:32.569 I] Loading content file Tribunal.esm
[03:07:32.588 I] Loading content file Bloodmoon.esm
[03:07:32.614 I] Loading content file bench.omwscripts
[03:07:32.614 V] Lua scripts configuration (45 scripts):
[03:07:32.614 V] #0 MENU PLAYER : scripts/omw/mwui/init.lua
[03:07:32.614 V] #1 MENU : scripts/omw/settings/menu.lua
[03:07:32.614 V] #2 PLAYER : scripts/omw/settings/player.lua
[03:07:32.614 V] #3 GLOBAL : scripts/omw/settings/global.lua
[03:07:32.614 V] #4 GLOBAL : scripts/omw/activationhandlers.lua
[03:07:32.614 V] #5 GLOBAL : scripts/omw/usehandlers.lua
[03:07:32.614 V] #6 GLOBAL : scripts/omw/worldeventhandlers.lua
[03:07:32.614 V] #7 GLOBAL : scripts/omw/crimes.lua
[03:07:32.614 V] #8 PLAYER CREATURE NPC : scripts/omw/mechanics/animationcontroller.lua
[03:07:32.614 V] #9 PLAYER : scripts/omw/skillhandlers.lua
[03:07:32.614 V] #10 PLAYER : scripts/omw/mechanics/playercontroller.lua
[03:07:32.614 V] #11 MENU : scripts/omw/camera/settings.lua
[03:07:32.614 V] #12 MENU : scripts/omw/input/settings.lua
[03:07:32.614 V] #13 PLAYER : scripts/omw/input/playercontrols.lua
[03:07:32.614 V] #14 PLAYER : scripts/omw/camera/camera.lua
[03:07:32.614 V] #15 PLAYER : scripts/omw/input/actionbindings.lua
[03:07:32.614 V] #16 PLAYER : scripts/omw/input/smoothmovement.lua
[03:07:32.614 V] #17 PLAYER : scripts/omw/input/gamepadcontrols.lua
[03:07:32.614 V] #18 NPC CREATURE : scripts/omw/ai.lua
[03:07:32.614 V] #19 GLOBAL : scripts/omw/mechanics/globalcontroller.lua
[03:07:32.614 V] #20 PLAYER CREATURE NPC : scripts/omw/mechanics/actorcontroller.lua
[03:07:32.614 V] #21 PLAYER NPC CREATURE : scripts/omw/combat/interface_local.lua
[03:07:32.614 V] #22 GLOBAL : scripts/omw/combat/interface_global.lua
[03:07:32.614 V] #23 PLAYER CREATURE NPC : scripts/omw/spellcasting/interface_local.lua
[03:07:32.614 V] #24 GLOBAL : scripts/omw/spellcasting/interface_global.lua
[03:07:32.614 V] #25 GLOBAL : scripts/omw/mechanics/projectiles.lua
[03:07:32.614 V] #26 PLAYER : scripts/omw/ui.lua
[03:07:32.614 V] #27 MENU : scripts/omw/console/menu.lua
[03:07:32.614 V] #28 PLAYER : scripts/omw/console/player.lua
[03:07:32.614 V] #29 GLOBAL : scripts/omw/console/global.lua
[03:07:32.614 V] #30 CUSTOM : scripts/omw/console/local.lua
[03:07:32.614 V] #31 NPC CREATURE : scripts/omw/music/actor.lua
[03:07:32.614 V] #32 GLOBAL : scripts/omw/cellhandlers.lua
[03:07:32.614 V] #33 GLOBAL : scripts/omw/combat/global.lua
[03:07:32.614 V] #34 PLAYER : scripts/omw/combat/settingspage.lua
[03:07:32.614 V] #35 PLAYER NPC CREATURE : scripts/omw/combat/local.lua
[03:07:32.614 V] #36 PLAYER : scripts/omw/music/music.lua
[03:07:32.614 V] #37 MENU : scripts/omw/music/settings.lua
[03:07:32.614 V] #38 PLAYER : scripts/omw/playerskillhandlers.lua
[03:07:32.614 V] #39 LOAD : scripts/omw/esmfallbacks.lua
[03:07:32.614 V] #40 PLAYER CREATURE NPC : scripts/omw/spellcasting/local.lua
[03:07:32.614 V] #41 DOOR CONTAINER : scripts/omw/spellcasting/lockable.lua
[03:07:32.614 V] #42 GLOBAL : scripts/omw/spellcasting/global.lua
[03:07:32.614 V] #43 GLOBAL : scripts/bench/global.lua
[03:07:32.614 V] #44 PLAYER : scripts/bench/player.lua
[03:07:32.624 V] Enchantment "test magic axe": dropping unexpected skill argument of "FortifyMaximumMagicka" effect
[03:07:32.695 I] Using 1 async physics threads
[03:07:32.695 I] Using <project>/harness/userdata/navmesh.db to store navigation mesh cache
[03:07:32.695 V] Using idle priority for thread=0x16dd33000
[03:07:32.695 I] Reserving texture units for shadow maps: 13..15
[03:07:32.696 I] Reserving texture unit for opaque depth texture: 12
[03:07:32.696 I] Reserving texture unit for opaque color texture: 11
[03:07:32.696 V] Disabling Multiview (disabled by config)
[03:07:32.699 I] Initialized fallback fragment shader pipeline for water ripples
[03:07:32.700 E] Error loading textures/omw/water_nm.png: no readerwriter for 'png' found
[03:07:32.701 V] Language file "l10n/Interface/gmst.yaml" is enabled
[03:07:32.701 V] Language file "l10n/Interface/en.yaml" is enabled
[03:07:32.710 V] Language file "l10n/OMWEngine/gmst.yaml" is enabled
[03:07:32.711 V] Language file "l10n/OMWEngine/en.yaml" is enabled
[03:07:32.720 V] Language file "l10n/OMWShaders/en.yaml" is enabled
[03:07:32.726 V] Language file "l10n/OMWCamera/en.yaml" is enabled
[03:07:32.727 V] Language file "l10n/OMWControls/en.yaml" is enabled
[03:07:32.727 V] Language file "l10n/interface/gmst.yaml" is enabled
[03:07:32.727 V] Language file "l10n/interface/en.yaml" is enabled
[03:07:32.728 V] Language file "l10n/Calendar/gmst.yaml" is enabled
[03:07:32.728 V] Language file "l10n/Calendar/en.yaml" is enabled
[03:07:32.728 V] Language file "l10n/OMWMusic/en.yaml" is enabled
[03:07:32.728 I] OSG stats will be written to: <project>/harness/results/20260906-0305-85eda9729-m4-heavy-compat/seyda-r3-stats.txt
[03:07:32.733 I] Starting a new game
[03:07:32.735 V] Language file "l10n/Mechanics/gmst.yaml" is enabled
[03:07:32.747 E] Error loading splash/splash_nixhound.tga: no readerwriter for 'tga' found
[03:07:32.933 E] Error loading splash/splash_siltstriker.tga: no readerwriter for 'tga' found
[03:07:32.933 I] Loading cell Seyda Neen (-2, -9)
[03:07:32.937 V] Controller R2_Claw02 present more than once in meshes/r/xsiltstrider.kf, ignoring later version
[03:07:32.954 I] Loading cell Bitter Coast Region (-2, -8)
[03:07:32.959 I] Loading cell Bitter Coast Region (-1, -9)
[03:07:32.961 I] Loading cell Bitter Coast Region (-3, -9)
[03:07:32.969 I] Loading cell Seyda Neen (-2, -10)
[03:07:32.969 I] Warning: lookoutScript[local variables] line 41, column 37 (=): invalid operator =, treating it as ==
[03:07:32.971 I] Loading cell Ascadian Isles Region (-1, -8)
[03:07:32.979 I] Loading cell Bitter Coast Region (-3, -8)
[03:07:32.982 I] Loading cell Bitter Coast Region (-1, -10)
[03:07:32.983 I] Loading cell Bitter Coast Region (-3, -10)
[03:07:32.987 V] Language file "l10n/OMWCombat/en.yaml" is enabled
[03:07:33.000 I] AiTravel: -8914, -73093, 126
[03:07:33.000 I] Warning: lookoutScript line 41, column 37 (=): invalid operator =, treating it as ==
[03:07:33.000 I] Warning: fallingScript line 46, column 6 (endif): endif without matching if/elseif
[03:07:33.038 I] Global[scripts/bench/global.lua]:	BENCH station=seyda startcell="seyda neen" frame=1
[03:07:33.251 I] L@0x1[scripts/bench/player.lua]:	BENCH camera station=seyda yaw=160 pitch=4
[03:07:33.812 I] Global[scripts/bench/global.lua]:	BENCH station=seyda ready frame=40 simtime=0.81
[03:08:26.244 I] Saving shader settings file: <project>/harness/results/20260906-0305-85eda9729-m4-heavy-compat/overlay/shaders.yaml
[03:08:26.244 I] Saving Lua storage "<project>/harness/results/20260906-0305-85eda9729-m4-heavy-compat/overlay/global_storage.bin" (140 bytes)
[03:08:26.244 I] Saving Lua storage "<project>/harness/results/20260906-0305-85eda9729-m4-heavy-compat/overlay/player_storage.bin" (878 bytes)
[03:08:26.287 I] Saved input bindings: <project>/harness/results/20260906-0305-85eda9729-m4-heavy-compat/overlay/input_v3.xml
[03:08:26.335 I] Quitting peacefully.
