[03:10:15.477 *] Crash handler installed
[03:10:15.552 *] Loading config file: <project>/openmw/build/OpenMW.app/Contents/Resources/openmw.cfg
[03:10:15.553 *] Loading config file: <project>/harness/config/openmw.cfg
[03:10:15.553 *] Loading config file: <project>/harness/results/20260906-0305-85eda9729-m4-heavy-compat/overlay/openmw.cfg
[03:10:15.553 *] Logs dir: <project>/harness/results/20260906-0305-85eda9729-m4-heavy-compat/overlay
[03:10:15.553 *] User data dir: <project>/harness/userdata
[03:10:15.553 *] Screenshots dir: <project>/harness/userdata/screenshots
[03:10:15.553 I] OpenMW version 0.52.0
[03:10:15.553 I] Revision: adc79c9835
[03:10:15.554 I] Loading settings file: <project>/openmw/build/OpenMW.app/Contents/Resources/defaults.bin
[03:10:15.554 I] Loading settings file: <project>/harness/config/settings.cfg
[03:10:15.554 I] Loading settings file: <project>/harness/results/20260906-0305-85eda9729-m4-heavy-compat/overlay/settings.cfg
[03:10:15.554 W] int [Game] actors processing range setting value is out of allowed values set: 14336, sanitized to 7168
[03:10:15.554 I] Using default (English) font encoding.
[03:10:15.554 W] No such dir: <home>/Library/Application Support/openmw/data
[03:10:15.555 I] OSG version: 3.6.5
[03:10:15.555 I] SDL version: 2.32.10
[03:10:15.555 I] Loading shader settings file: <project>/harness/results/20260906-0305-85eda9729-m4-heavy-compat/overlay/shaders.yaml
[03:10:15.573 E] Error: Failed to read window icon, no png readerwriter found
[03:10:15.598 I] OpenGL Vendor: Apple
[03:10:15.598 I] OpenGL Renderer: Apple M5 Pro
[03:10:15.598 I] OpenGL Version: 2.1 Metal - 90.5
[03:10:15.598 W] GL_ARB_clip_control not supported: disabling reverse-z depth buffer
[03:10:15.598 I] Adding BSA archive <project>/Morrowind/Data Files/Morrowind.bsa
[03:10:15.599 I] Adding BSA archive <project>/Morrowind/Data Files/Tribunal.bsa
[03:10:15.600 I] Adding BSA archive <project>/Morrowind/Data Files/Bloodmoon.bsa
[03:10:15.600 I] Adding data directory <project>/openmw/build/OpenMW.app/Contents/Resources/../Resources/resources/vfs
[03:10:15.600 I] Adding data directory <project>/openmw/build/OpenMW.app/Contents/Resources/../Resources/resources/vfs-mw
[03:10:15.601 I] Adding data directory <project>/Morrowind/Data Files
[03:10:15.616 I] Adding data directory <project>/harness/mod
[03:10:15.621 I] Preferred locales: gmst en
[03:10:15.621 I] Initializing LuaUtil::LuaState without profiler
[03:10:15.621 I] Lua version: Lua 5.1.4 (LuaJIT 2.1.1767980792)
[03:10:15.621 I] Loading keybindings file: <project>/harness/results/20260906-0305-85eda9729-m4-heavy-compat/overlay/input_v3.xml
[03:10:15.621 I] Loading TrueType font file fonts/mysticcards.omwfont
[03:10:15.624 I] Loading TrueType font file fonts/demonicletters.omwfont
[03:10:15.625 I] Loading TrueType font file fonts/dejavulgcsansmono.omwfont
[03:10:15.633 I] Sound disabled.
[03:10:15.634 I] Loading Lua storage "<project>/harness/results/20260906-0305-85eda9729-m4-heavy-compat/overlay/global_storage.bin" (140 bytes)
[03:10:15.634 I] Loading Lua storage "<project>/harness/results/20260906-0305-85eda9729-m4-heavy-compat/overlay/player_storage.bin" (878 bytes)
[03:10:15.637 I] Loading content file builtin.omwscripts
[03:10:15.637 I] Loading content file Morrowind.esm
[03:10:15.637 E] Error loading splash/splash_daedroth.tga: no readerwriter for 'tga' found
[03:10:15.808 I] Loading content file Tribunal.esm
[03:10:15.827 I] Loading content file Bloodmoon.esm
[03:10:15.856 I] Loading content file bench.omwscripts
[03:10:15.856 V] Lua scripts configuration (45 scripts):
[03:10:15.856 V] #0 MENU PLAYER : scripts/omw/mwui/init.lua
[03:10:15.856 V] #1 MENU : scripts/omw/settings/menu.lua
[03:10:15.856 V] #2 PLAYER : scripts/omw/settings/player.lua
[03:10:15.856 V] #3 GLOBAL : scripts/omw/settings/global.lua
[03:10:15.856 V] #4 GLOBAL : scripts/omw/activationhandlers.lua
[03:10:15.856 V] #5 GLOBAL : scripts/omw/usehandlers.lua
[03:10:15.856 V] #6 GLOBAL : scripts/omw/worldeventhandlers.lua
[03:10:15.856 V] #7 GLOBAL : scripts/omw/crimes.lua
[03:10:15.856 V] #8 PLAYER CREATURE NPC : scripts/omw/mechanics/animationcontroller.lua
[03:10:15.856 V] #9 PLAYER : scripts/omw/skillhandlers.lua
[03:10:15.856 V] #10 PLAYER : scripts/omw/mechanics/playercontroller.lua
[03:10:15.856 V] #11 MENU : scripts/omw/camera/settings.lua
[03:10:15.856 V] #12 MENU : scripts/omw/input/settings.lua
[03:10:15.856 V] #13 PLAYER : scripts/omw/input/playercontrols.lua
[03:10:15.856 V] #14 PLAYER : scripts/omw/camera/camera.lua
[03:10:15.856 V] #15 PLAYER : scripts/omw/input/actionbindings.lua
[03:10:15.856 V] #16 PLAYER : scripts/omw/input/smoothmovement.lua
[03:10:15.856 V] #17 PLAYER : scripts/omw/input/gamepadcontrols.lua
[03:10:15.856 V] #18 NPC CREATURE : scripts/omw/ai.lua
[03:10:15.856 V] #19 GLOBAL : scripts/omw/mechanics/globalcontroller.lua
[03:10:15.856 V] #20 PLAYER CREATURE NPC : scripts/omw/mechanics/actorcontroller.lua
[03:10:15.856 V] #21 PLAYER NPC CREATURE : scripts/omw/combat/interface_local.lua
[03:10:15.856 V] #22 GLOBAL : scripts/omw/combat/interface_global.lua
[03:10:15.856 V] #23 PLAYER CREATURE NPC : scripts/omw/spellcasting/interface_local.lua
[03:10:15.856 V] #24 GLOBAL : scripts/omw/spellcasting/interface_global.lua
[03:10:15.856 V] #25 GLOBAL : scripts/omw/mechanics/projectiles.lua
[03:10:15.856 V] #26 PLAYER : scripts/omw/ui.lua
[03:10:15.856 V] #27 MENU : scripts/omw/console/menu.lua
[03:10:15.856 V] #28 PLAYER : scripts/omw/console/player.lua
[03:10:15.856 V] #29 GLOBAL : scripts/omw/console/global.lua
[03:10:15.856 V] #30 CUSTOM : scripts/omw/console/local.lua
[03:10:15.856 V] #31 NPC CREATURE : scripts/omw/music/actor.lua
[03:10:15.856 V] #32 GLOBAL : scripts/omw/cellhandlers.lua
[03:10:15.856 V] #33 GLOBAL : scripts/omw/combat/global.lua
[03:10:15.856 V] #34 PLAYER : scripts/omw/combat/settingspage.lua
[03:10:15.856 V] #35 PLAYER NPC CREATURE : scripts/omw/combat/local.lua
[03:10:15.856 V] #36 PLAYER : scripts/omw/music/music.lua
[03:10:15.856 V] #37 MENU : scripts/omw/music/settings.lua
[03:10:15.856 V] #38 PLAYER : scripts/omw/playerskillhandlers.lua
[03:10:15.856 V] #39 LOAD : scripts/omw/esmfallbacks.lua
[03:10:15.856 V] #40 PLAYER CREATURE NPC : scripts/omw/spellcasting/local.lua
[03:10:15.856 V] #41 DOOR CONTAINER : scripts/omw/spellcasting/lockable.lua
[03:10:15.856 V] #42 GLOBAL : scripts/omw/spellcasting/global.lua
[03:10:15.856 V] #43 GLOBAL : scripts/bench/global.lua
[03:10:15.856 V] #44 PLAYER : scripts/bench/player.lua
[03:10:15.867 V] Enchantment "test magic axe": dropping unexpected skill argument of "FortifyMaximumMagicka" effect
[03:10:15.941 I] Using 1 async physics threads
[03:10:15.941 I] Using <project>/harness/userdata/navmesh.db to store navigation mesh cache
[03:10:15.941 V] Using idle priority for thread=0x16c34b000
[03:10:15.941 I] Reserving texture units for shadow maps: 13..15
[03:10:15.942 I] Reserving texture unit for opaque depth texture: 12
[03:10:15.942 I] Reserving texture unit for opaque color texture: 11
[03:10:15.942 V] Disabling Multiview (disabled by config)
[03:10:15.945 I] Initialized fallback fragment shader pipeline for water ripples
[03:10:15.946 E] Error loading textures/omw/water_nm.png: no readerwriter for 'png' found
[03:10:15.947 V] Language file "l10n/Interface/gmst.yaml" is enabled
[03:10:15.947 V] Language file "l10n/Interface/en.yaml" is enabled
[03:10:15.956 V] Language file "l10n/OMWEngine/gmst.yaml" is enabled
[03:10:15.957 V] Language file "l10n/OMWEngine/en.yaml" is enabled
[03:10:15.967 V] Language file "l10n/OMWShaders/en.yaml" is enabled
[03:10:15.973 V] Language file "l10n/OMWCamera/en.yaml" is enabled
[03:10:15.974 V] Language file "l10n/OMWControls/en.yaml" is enabled
[03:10:15.974 V] Language file "l10n/interface/gmst.yaml" is enabled
[03:10:15.974 V] Language file "l10n/interface/en.yaml" is enabled
[03:10:15.974 V] Language file "l10n/Calendar/gmst.yaml" is enabled
[03:10:15.975 V] Language file "l10n/Calendar/en.yaml" is enabled
[03:10:15.975 V] Language file "l10n/OMWMusic/en.yaml" is enabled
[03:10:15.975 I] OSG stats will be written to: <project>/harness/results/20260906-0305-85eda9729-m4-heavy-compat/vivec-r3-stats.txt
[03:10:15.980 I] Starting a new game
[03:10:15.982 V] Language file "l10n/Mechanics/gmst.yaml" is enabled
[03:10:15.994 E] Error loading splash/splash_clannfear.tga: no readerwriter for 'tga' found
[03:10:16.221 E] Error loading splash/splash_skeleton.tga: no readerwriter for 'tga' found
[03:10:16.221 I] Loading cell Vivec, Arena (4, -11)
[03:10:16.232 I] Loading cell Vivec, Redoran (3, -11)
[03:10:16.240 I] Loading cell Vivec, Foreign Quarter (4, -10)
[03:10:16.242 I] Loading cell Vivec, St. Olms (4, -12)
[03:10:16.244 I] Loading cell Vivec, Telvanni (5, -11)
[03:10:16.246 I] Loading cell Vivec, Foreign Quarter (3, -10)
[03:10:16.248 I] Loading cell Vivec, St. Delyn (3, -12)
[03:10:16.251 I] Loading cell Vivec (5, -10)
[03:10:16.255 I] Loading cell Ascadian Isles Region (5, -12)
[03:10:16.262 V] Language file "l10n/OMWCombat/en.yaml" is enabled
[03:10:16.304 I] Global[scripts/bench/global.lua]:	BENCH station=vivec startcell="vivec, arena" frame=1
[03:10:16.602 I] L@0x1[scripts/bench/player.lua]:	BENCH camera station=vivec yaw=180 pitch=12
[03:10:17.323 I] Global[scripts/bench/global.lua]:	BENCH station=vivec ready frame=40 simtime=1.04
[03:11:09.511 I] Saving shader settings file: <project>/harness/results/20260906-0305-85eda9729-m4-heavy-compat/overlay/shaders.yaml
[03:11:09.511 I] Saving Lua storage "<project>/harness/results/20260906-0305-85eda9729-m4-heavy-compat/overlay/global_storage.bin" (140 bytes)
[03:11:09.511 I] Saving Lua storage "<project>/harness/results/20260906-0305-85eda9729-m4-heavy-compat/overlay/player_storage.bin" (878 bytes)
[03:11:09.553 I] Saved input bindings: <project>/harness/results/20260906-0305-85eda9729-m4-heavy-compat/overlay/input_v3.xml
[03:11:09.599 I] Quitting peacefully.
