[00:58:54.696 *] Crash handler installed
[00:58:54.767 *] Loading config file: <project>/openmw/build/OpenMW.app/Contents/Resources/openmw.cfg
[00:58:54.767 *] Loading config file: <project>/harness/config/openmw.cfg
[00:58:54.768 *] Loading config file: <project>/harness/results/20260906-0049-0b30e7ff4-m2c-core/overlay/openmw.cfg
[00:58:54.768 *] Logs dir: <project>/harness/results/20260906-0049-0b30e7ff4-m2c-core/overlay
[00:58:54.768 *] User data dir: <project>/harness/userdata
[00:58:54.768 *] Screenshots dir: <project>/harness/userdata/screenshots
[00:58:54.768 I] OpenMW version 0.52.0
[00:58:54.768 I] Revision: 0b30e7ff48
[00:58:54.768 I] Loading settings file: <project>/openmw/build/OpenMW.app/Contents/Resources/defaults.bin
[00:58:54.769 I] Loading settings file: <project>/harness/config/settings.cfg
[00:58:54.769 I] Loading settings file: <project>/harness/results/20260906-0049-0b30e7ff4-m2c-core/overlay/settings.cfg
[00:58:54.769 I] Using default (English) font encoding.
[00:58:54.769 W] No such dir: <home>/Library/Application Support/openmw/data
[00:58:54.770 I] OSG version: 3.6.5
[00:58:54.770 I] SDL version: 2.32.10
[00:58:54.770 I] Loading shader settings file: <project>/harness/results/20260906-0049-0b30e7ff4-m2c-core/overlay/shaders.yaml
[00:58:54.792 E] Error: Failed to read window icon, no png readerwriter found
[00:58:54.792 W] Requesting OpenGL 4.1 core profile context
[00:58:54.819 I] OpenGL Vendor: Apple
[00:58:54.819 I] OpenGL Renderer: Apple M5 Pro
[00:58:54.819 I] OpenGL Version: 4.1 Metal - 90.5
[00:58:54.819 I] Core profile: granted 19 version-implied GL features on a GL 4.1 context
[00:58:54.819 I] Core profile: vertex attribute aliasing and matrix uniforms enabled, 26 fixed-function modes disabled
[00:58:54.819 W] GL_ARB_clip_control not supported: disabling reverse-z depth buffer
[00:58:54.819 I] Adding BSA archive <project>/Morrowind/Data Files/Morrowind.bsa
[00:58:54.820 I] Adding BSA archive <project>/Morrowind/Data Files/Tribunal.bsa
[00:58:54.820 I] Adding BSA archive <project>/Morrowind/Data Files/Bloodmoon.bsa
[00:58:54.820 I] Adding data directory <project>/openmw/build/OpenMW.app/Contents/Resources/../Resources/resources/vfs
[00:58:54.821 I] Adding data directory <project>/openmw/build/OpenMW.app/Contents/Resources/../Resources/resources/vfs-mw
[00:58:54.821 I] Adding data directory <project>/Morrowind/Data Files
[00:58:54.839 I] Adding data directory <project>/harness/mod
[00:58:54.844 I] Preferred locales: gmst en
[00:58:54.844 I] Initializing LuaUtil::LuaState without profiler
[00:58:54.844 I] Lua version: Lua 5.1.4 (LuaJIT 2.1.1767980792)
[00:58:54.844 I] Loading keybindings file: <project>/harness/results/20260906-0049-0b30e7ff4-m2c-core/overlay/input_v3.xml
[00:58:54.844 I] Loading TrueType font file fonts/mysticcards.omwfont
[00:58:54.847 I] Loading TrueType font file fonts/demonicletters.omwfont
[00:58:54.848 I] Loading TrueType font file fonts/dejavulgcsansmono.omwfont
[00:58:54.856 I] Sound disabled.
[00:58:54.857 I] Loading Lua storage "<project>/harness/results/20260906-0049-0b30e7ff4-m2c-core/overlay/global_storage.bin" (140 bytes)
[00:58:54.857 I] Loading Lua storage "<project>/harness/results/20260906-0049-0b30e7ff4-m2c-core/overlay/player_storage.bin" (878 bytes)
[00:58:54.860 I] Loading content file builtin.omwscripts
[00:58:54.860 I] Loading content file Morrowind.esm
[00:58:54.860 E] Error loading splash/splash_bonelord.tga: no readerwriter for 'tga' found
[00:58:55.013 I] Loading content file Tribunal.esm
[00:58:55.034 I] Loading content file Bloodmoon.esm
[00:58:55.059 I] Loading content file bench.omwscripts
[00:58:55.059 V] Lua scripts configuration (45 scripts):
[00:58:55.059 V] #0 MENU PLAYER : scripts/omw/mwui/init.lua
[00:58:55.059 V] #1 MENU : scripts/omw/settings/menu.lua
[00:58:55.059 V] #2 PLAYER : scripts/omw/settings/player.lua
[00:58:55.059 V] #3 GLOBAL : scripts/omw/settings/global.lua
[00:58:55.059 V] #4 GLOBAL : scripts/omw/activationhandlers.lua
[00:58:55.059 V] #5 GLOBAL : scripts/omw/usehandlers.lua
[00:58:55.059 V] #6 GLOBAL : scripts/omw/worldeventhandlers.lua
[00:58:55.059 V] #7 GLOBAL : scripts/omw/crimes.lua
[00:58:55.059 V] #8 PLAYER CREATURE NPC : scripts/omw/mechanics/animationcontroller.lua
[00:58:55.059 V] #9 PLAYER : scripts/omw/skillhandlers.lua
[00:58:55.059 V] #10 PLAYER : scripts/omw/mechanics/playercontroller.lua
[00:58:55.059 V] #11 MENU : scripts/omw/camera/settings.lua
[00:58:55.059 V] #12 MENU : scripts/omw/input/settings.lua
[00:58:55.059 V] #13 PLAYER : scripts/omw/input/playercontrols.lua
[00:58:55.059 V] #14 PLAYER : scripts/omw/camera/camera.lua
[00:58:55.059 V] #15 PLAYER : scripts/omw/input/actionbindings.lua
[00:58:55.059 V] #16 PLAYER : scripts/omw/input/smoothmovement.lua
[00:58:55.059 V] #17 PLAYER : scripts/omw/input/gamepadcontrols.lua
[00:58:55.059 V] #18 NPC CREATURE : scripts/omw/ai.lua
[00:58:55.059 V] #19 GLOBAL : scripts/omw/mechanics/globalcontroller.lua
[00:58:55.059 V] #20 PLAYER CREATURE NPC : scripts/omw/mechanics/actorcontroller.lua
[00:58:55.059 V] #21 PLAYER NPC CREATURE : scripts/omw/combat/interface_local.lua
[00:58:55.059 V] #22 GLOBAL : scripts/omw/combat/interface_global.lua
[00:58:55.059 V] #23 PLAYER CREATURE NPC : scripts/omw/spellcasting/interface_local.lua
[00:58:55.059 V] #24 GLOBAL : scripts/omw/spellcasting/interface_global.lua
[00:58:55.059 V] #25 GLOBAL : scripts/omw/mechanics/projectiles.lua
[00:58:55.059 V] #26 PLAYER : scripts/omw/ui.lua
[00:58:55.059 V] #27 MENU : scripts/omw/console/menu.lua
[00:58:55.059 V] #28 PLAYER : scripts/omw/console/player.lua
[00:58:55.059 V] #29 GLOBAL : scripts/omw/console/global.lua
[00:58:55.059 V] #30 CUSTOM : scripts/omw/console/local.lua
[00:58:55.059 V] #31 NPC CREATURE : scripts/omw/music/actor.lua
[00:58:55.059 V] #32 GLOBAL : scripts/omw/cellhandlers.lua
[00:58:55.059 V] #33 GLOBAL : scripts/omw/combat/global.lua
[00:58:55.059 V] #34 PLAYER : scripts/omw/combat/settingspage.lua
[00:58:55.059 V] #35 PLAYER NPC CREATURE : scripts/omw/combat/local.lua
[00:58:55.059 V] #36 PLAYER : scripts/omw/music/music.lua
[00:58:55.059 V] #37 MENU : scripts/omw/music/settings.lua
[00:58:55.059 V] #38 PLAYER : scripts/omw/playerskillhandlers.lua
[00:58:55.059 V] #39 LOAD : scripts/omw/esmfallbacks.lua
[00:58:55.059 V] #40 PLAYER CREATURE NPC : scripts/omw/spellcasting/local.lua
[00:58:55.059 V] #41 DOOR CONTAINER : scripts/omw/spellcasting/lockable.lua
[00:58:55.060 V] #42 GLOBAL : scripts/omw/spellcasting/global.lua
[00:58:55.060 V] #43 GLOBAL : scripts/bench/global.lua
[00:58:55.060 V] #44 PLAYER : scripts/bench/player.lua
[00:58:55.070 V] Enchantment "test magic axe": dropping unexpected skill argument of "FortifyMaximumMagicka" effect
[00:58:55.143 I] Using 1 async physics threads
[00:58:55.143 I] Using <project>/harness/userdata/navmesh.db to store navigation mesh cache
[00:58:55.143 V] Using idle priority for thread=0x16bc0b000
[00:58:55.143 I] Reserving texture units for shadow maps: 13..15
[00:58:55.145 I] Reserving texture unit for opaque depth texture: 12
[00:58:55.145 I] Reserving texture unit for opaque color texture: 11
[00:58:55.145 V] Disabling Multiview (disabled by config)
[00:58:55.149 V] Language file "l10n/Interface/gmst.yaml" is enabled
[00:58:55.149 V] Language file "l10n/Interface/en.yaml" is enabled
[00:58:55.158 V] Language file "l10n/OMWEngine/gmst.yaml" is enabled
[00:58:55.158 V] Language file "l10n/OMWEngine/en.yaml" is enabled
[00:58:55.168 V] Language file "l10n/OMWShaders/en.yaml" is enabled
[00:58:55.177 V] Language file "l10n/OMWCamera/en.yaml" is enabled
[00:58:55.178 V] Language file "l10n/OMWControls/en.yaml" is enabled
[00:58:55.178 V] Language file "l10n/interface/gmst.yaml" is enabled
[00:58:55.178 V] Language file "l10n/interface/en.yaml" is enabled
[00:58:55.179 V] Language file "l10n/Calendar/gmst.yaml" is enabled
[00:58:55.179 V] Language file "l10n/Calendar/en.yaml" is enabled
[00:58:55.179 V] Language file "l10n/OMWMusic/en.yaml" is enabled
[00:58:55.179 I] OSG stats will be written to: <project>/harness/results/20260906-0049-0b30e7ff4-m2c-core/aldruhn-r2-stats.txt
[00:58:55.184 I] Starting a new game
[00:58:55.187 V] Language file "l10n/Mechanics/gmst.yaml" is enabled
[00:58:55.188 E] Error loading splash/splash_skeleton.tga: no readerwriter for 'tga' found
[00:58:55.213 I] Loading cell Ald-ruhn (-2, 7)
[00:58:55.230 I] Loading cell Ald-ruhn (-2, 6)
[00:58:55.255 I] Loading cell Ashlands Region (-1, 7)
[00:58:55.259 I] Loading cell Ashlands Region (-3, 7)
[00:58:55.264 I] Loading cell Ashlands Region (-2, 8)
[00:58:55.265 I] Loading cell Ashlands Region (-1, 6)
[00:58:55.274 I] Loading cell Ald-ruhn (-3, 6)
[00:58:55.276 V] Controller R2_Claw02 present more than once in meshes/r/xsiltstrider.kf, ignoring later version
[00:58:55.283 I] Loading cell Ashlands Region (-1, 8)
[00:58:55.287 I] Loading cell Ashlands Region (-3, 8)
[00:58:55.290 V] Language file "l10n/OMWCombat/en.yaml" is enabled
[00:58:55.303 I] Warning: OutsideBanner line 38, column 6 (endif): endif without matching if/elseif
[00:58:55.317 I] Global[scripts/bench/global.lua]:	BENCH station=aldruhn startcell="ald-ruhn" frame=1
[00:58:55.373 I] Unloading cell Ashlands Region (-3, 8)
[00:58:55.373 I] Unloading cell Ashlands Region (-2, 8)
[00:58:55.373 I] Unloading cell Ashlands Region (-1, 8)
[00:58:55.374 I] Loading cell Buckmoth Legion Fort (-2, 5)
[00:58:55.386 I] Loading cell Ashlands Region (-1, 5)
[00:58:55.389 I] Loading cell Ashlands Region (-3, 5)
[00:58:55.404 I] L@0x1[scripts/bench/player.lua]:	BENCH camera station=aldruhn yaw=330 pitch=14
[00:58:55.681 I] Global[scripts/bench/global.lua]:	BENCH station=aldruhn ready frame=40 simtime=0.38
[00:59:48.692 I] Saving shader settings file: <project>/harness/results/20260906-0049-0b30e7ff4-m2c-core/overlay/shaders.yaml
[00:59:48.692 I] Saving Lua storage "<project>/harness/results/20260906-0049-0b30e7ff4-m2c-core/overlay/global_storage.bin" (140 bytes)
[00:59:48.692 I] Saving Lua storage "<project>/harness/results/20260906-0049-0b30e7ff4-m2c-core/overlay/player_storage.bin" (878 bytes)
[00:59:48.726 I] Saved input bindings: <project>/harness/results/20260906-0049-0b30e7ff4-m2c-core/overlay/input_v3.xml
[00:59:48.760 I] Quitting peacefully.
