[00:53:27.188 *] Crash handler installed
[00:53:27.260 *] Loading config file: <project>/openmw/build/OpenMW.app/Contents/Resources/openmw.cfg
[00:53:27.261 *] Loading config file: <project>/harness/config/openmw.cfg
[00:53:27.262 *] Loading config file: <project>/harness/results/20260906-0049-0b30e7ff4-m2c-core/overlay/openmw.cfg
[00:53:27.262 *] Logs dir: <project>/harness/results/20260906-0049-0b30e7ff4-m2c-core/overlay
[00:53:27.262 *] User data dir: <project>/harness/userdata
[00:53:27.262 *] Screenshots dir: <project>/harness/userdata/screenshots
[00:53:27.262 I] OpenMW version 0.52.0
[00:53:27.262 I] Revision: 0b30e7ff48
[00:53:27.262 I] Loading settings file: <project>/openmw/build/OpenMW.app/Contents/Resources/defaults.bin
[00:53:27.262 I] Loading settings file: <project>/harness/config/settings.cfg
[00:53:27.263 I] Loading settings file: <project>/harness/results/20260906-0049-0b30e7ff4-m2c-core/overlay/settings.cfg
[00:53:27.263 I] Using default (English) font encoding.
[00:53:27.263 W] No such dir: <home>/Library/Application Support/openmw/data
[00:53:27.263 I] OSG version: 3.6.5
[00:53:27.263 I] SDL version: 2.32.10
[00:53:27.263 I] Loading shader settings file: <project>/harness/results/20260906-0049-0b30e7ff4-m2c-core/overlay/shaders.yaml
[00:53:27.288 E] Error: Failed to read window icon, no png readerwriter found
[00:53:27.288 W] Requesting OpenGL 4.1 core profile context
[00:53:27.315 I] OpenGL Vendor: Apple
[00:53:27.315 I] OpenGL Renderer: Apple M5 Pro
[00:53:27.315 I] OpenGL Version: 4.1 Metal - 90.5
[00:53:27.315 I] Core profile: granted 19 version-implied GL features on a GL 4.1 context
[00:53:27.315 I] Core profile: vertex attribute aliasing and matrix uniforms enabled, 26 fixed-function modes disabled
[00:53:27.315 W] GL_ARB_clip_control not supported: disabling reverse-z depth buffer
[00:53:27.315 I] Adding BSA archive <project>/Morrowind/Data Files/Morrowind.bsa
[00:53:27.316 I] Adding BSA archive <project>/Morrowind/Data Files/Tribunal.bsa
[00:53:27.317 I] Adding BSA archive <project>/Morrowind/Data Files/Bloodmoon.bsa
[00:53:27.317 I] Adding data directory <project>/openmw/build/OpenMW.app/Contents/Resources/../Resources/resources/vfs
[00:53:27.317 I] Adding data directory <project>/openmw/build/OpenMW.app/Contents/Resources/../Resources/resources/vfs-mw
[00:53:27.318 I] Adding data directory <project>/Morrowind/Data Files
[00:53:27.333 I] Adding data directory <project>/harness/mod
[00:53:27.338 I] Preferred locales: gmst en
[00:53:27.338 I] Initializing LuaUtil::LuaState without profiler
[00:53:27.338 I] Lua version: Lua 5.1.4 (LuaJIT 2.1.1767980792)
[00:53:27.338 I] Loading keybindings file: <project>/harness/results/20260906-0049-0b30e7ff4-m2c-core/overlay/input_v3.xml
[00:53:27.339 I] Loading TrueType font file fonts/mysticcards.omwfont
[00:53:27.341 I] Loading TrueType font file fonts/demonicletters.omwfont
[00:53:27.342 I] Loading TrueType font file fonts/dejavulgcsansmono.omwfont
[00:53:27.352 I] Sound disabled.
[00:53:27.353 I] Loading Lua storage "<project>/harness/results/20260906-0049-0b30e7ff4-m2c-core/overlay/global_storage.bin" (140 bytes)
[00:53:27.353 I] Loading Lua storage "<project>/harness/results/20260906-0049-0b30e7ff4-m2c-core/overlay/player_storage.bin" (878 bytes)
[00:53:27.356 I] Loading content file builtin.omwscripts
[00:53:27.356 E] Error loading splash/splash_nixhound.tga: no readerwriter for 'tga' found
[00:53:27.356 I] Loading content file Morrowind.esm
[00:53:27.513 I] Loading content file Tribunal.esm
[00:53:27.533 I] Loading content file Bloodmoon.esm
[00:53:27.562 I] Loading content file bench.omwscripts
[00:53:27.562 V] Lua scripts configuration (45 scripts):
[00:53:27.562 V] #0 MENU PLAYER : scripts/omw/mwui/init.lua
[00:53:27.562 V] #1 MENU : scripts/omw/settings/menu.lua
[00:53:27.562 V] #2 PLAYER : scripts/omw/settings/player.lua
[00:53:27.562 V] #3 GLOBAL : scripts/omw/settings/global.lua
[00:53:27.562 V] #4 GLOBAL : scripts/omw/activationhandlers.lua
[00:53:27.562 V] #5 GLOBAL : scripts/omw/usehandlers.lua
[00:53:27.562 V] #6 GLOBAL : scripts/omw/worldeventhandlers.lua
[00:53:27.562 V] #7 GLOBAL : scripts/omw/crimes.lua
[00:53:27.562 V] #8 PLAYER CREATURE NPC : scripts/omw/mechanics/animationcontroller.lua
[00:53:27.562 V] #9 PLAYER : scripts/omw/skillhandlers.lua
[00:53:27.562 V] #10 PLAYER : scripts/omw/mechanics/playercontroller.lua
[00:53:27.562 V] #11 MENU : scripts/omw/camera/settings.lua
[00:53:27.562 V] #12 MENU : scripts/omw/input/settings.lua
[00:53:27.562 V] #13 PLAYER : scripts/omw/input/playercontrols.lua
[00:53:27.562 V] #14 PLAYER : scripts/omw/camera/camera.lua
[00:53:27.562 V] #15 PLAYER : scripts/omw/input/actionbindings.lua
[00:53:27.562 V] #16 PLAYER : scripts/omw/input/smoothmovement.lua
[00:53:27.562 V] #17 PLAYER : scripts/omw/input/gamepadcontrols.lua
[00:53:27.562 V] #18 NPC CREATURE : scripts/omw/ai.lua
[00:53:27.562 V] #19 GLOBAL : scripts/omw/mechanics/globalcontroller.lua
[00:53:27.562 V] #20 PLAYER CREATURE NPC : scripts/omw/mechanics/actorcontroller.lua
[00:53:27.562 V] #21 PLAYER NPC CREATURE : scripts/omw/combat/interface_local.lua
[00:53:27.562 V] #22 GLOBAL : scripts/omw/combat/interface_global.lua
[00:53:27.562 V] #23 PLAYER CREATURE NPC : scripts/omw/spellcasting/interface_local.lua
[00:53:27.562 V] #24 GLOBAL : scripts/omw/spellcasting/interface_global.lua
[00:53:27.562 V] #25 GLOBAL : scripts/omw/mechanics/projectiles.lua
[00:53:27.562 V] #26 PLAYER : scripts/omw/ui.lua
[00:53:27.562 V] #27 MENU : scripts/omw/console/menu.lua
[00:53:27.562 V] #28 PLAYER : scripts/omw/console/player.lua
[00:53:27.562 V] #29 GLOBAL : scripts/omw/console/global.lua
[00:53:27.562 V] #30 CUSTOM : scripts/omw/console/local.lua
[00:53:27.562 V] #31 NPC CREATURE : scripts/omw/music/actor.lua
[00:53:27.562 V] #32 GLOBAL : scripts/omw/cellhandlers.lua
[00:53:27.562 V] #33 GLOBAL : scripts/omw/combat/global.lua
[00:53:27.562 V] #34 PLAYER : scripts/omw/combat/settingspage.lua
[00:53:27.562 V] #35 PLAYER NPC CREATURE : scripts/omw/combat/local.lua
[00:53:27.562 V] #36 PLAYER : scripts/omw/music/music.lua
[00:53:27.562 V] #37 MENU : scripts/omw/music/settings.lua
[00:53:27.562 V] #38 PLAYER : scripts/omw/playerskillhandlers.lua
[00:53:27.562 V] #39 LOAD : scripts/omw/esmfallbacks.lua
[00:53:27.562 V] #40 PLAYER CREATURE NPC : scripts/omw/spellcasting/local.lua
[00:53:27.562 V] #41 DOOR CONTAINER : scripts/omw/spellcasting/lockable.lua
[00:53:27.562 V] #42 GLOBAL : scripts/omw/spellcasting/global.lua
[00:53:27.562 V] #43 GLOBAL : scripts/bench/global.lua
[00:53:27.562 V] #44 PLAYER : scripts/bench/player.lua
[00:53:27.573 V] Enchantment "test magic axe": dropping unexpected skill argument of "FortifyMaximumMagicka" effect
[00:53:27.647 I] Using 1 async physics threads
[00:53:27.647 I] Using <project>/harness/userdata/navmesh.db to store navigation mesh cache
[00:53:27.647 V] Using idle priority for thread=0x16dc9b000
[00:53:27.647 I] Reserving texture units for shadow maps: 13..15
[00:53:27.649 I] Reserving texture unit for opaque depth texture: 12
[00:53:27.649 I] Reserving texture unit for opaque color texture: 11
[00:53:27.649 V] Disabling Multiview (disabled by config)
[00:53:27.653 V] Language file "l10n/Interface/gmst.yaml" is enabled
[00:53:27.653 V] Language file "l10n/Interface/en.yaml" is enabled
[00:53:27.662 V] Language file "l10n/OMWEngine/gmst.yaml" is enabled
[00:53:27.663 V] Language file "l10n/OMWEngine/en.yaml" is enabled
[00:53:27.673 V] Language file "l10n/OMWShaders/en.yaml" is enabled
[00:53:27.680 V] Language file "l10n/OMWCamera/en.yaml" is enabled
[00:53:27.682 V] Language file "l10n/OMWControls/en.yaml" is enabled
[00:53:27.682 V] Language file "l10n/interface/gmst.yaml" is enabled
[00:53:27.682 V] Language file "l10n/interface/en.yaml" is enabled
[00:53:27.682 V] Language file "l10n/Calendar/gmst.yaml" is enabled
[00:53:27.683 V] Language file "l10n/Calendar/en.yaml" is enabled
[00:53:27.683 V] Language file "l10n/OMWMusic/en.yaml" is enabled
[00:53:27.683 I] OSG stats will be written to: <project>/harness/results/20260906-0049-0b30e7ff4-m2c-core/balmora-r2-stats.txt
[00:53:27.688 I] Starting a new game
[00:53:27.690 V] Language file "l10n/Mechanics/gmst.yaml" is enabled
[00:53:27.690 E] Error loading splash/splash_skeleton.tga: no readerwriter for 'tga' found
[00:53:27.717 E] Error loading splash/splash_siltstriker.tga: no readerwriter for 'tga' found
[00:53:27.717 I] Loading cell Balmora (-2, -2)
[00:53:27.733 I] Loading cell West Gash Region (-2, -1)
[00:53:27.742 I] Loading cell West Gash Region (-1, -2)
[00:53:27.748 I] Loading cell Balmora (-3, -2)
[00:53:27.772 I] Loading cell West Gash Region (-2, -3)
[00:53:27.777 I] Loading cell West Gash Region (-1, -1)
[00:53:27.780 I] Loading cell West Gash Region (-3, -1)
[00:53:27.782 I] Loading cell Moonmoth Legion Fort (-1, -3)
[00:53:27.795 I] Loading cell Balmora (-3, -3)
[00:53:27.802 V] Controller R2_Claw02 present more than once in meshes/r/xsiltstrider.kf, ignoring later version
[00:53:27.818 V] Language file "l10n/OMWCombat/en.yaml" is enabled
[00:53:27.831 I] Warning: OutsideBanner line 38, column 6 (endif): endif without matching if/elseif
[00:53:27.847 I] Global[scripts/bench/global.lua]:	BENCH station=balmora startcell="balmora" frame=1
[00:53:27.921 I] Unloading cell West Gash Region (-3, -1)
[00:53:27.922 I] Unloading cell West Gash Region (-2, -1)
[00:53:27.922 I] Unloading cell Moonmoth Legion Fort (-1, -3)
[00:53:27.922 I] Unloading cell West Gash Region (-1, -2)
[00:53:27.923 I] Unloading cell West Gash Region (-1, -1)
[00:53:27.924 I] Loading cell West Gash Region (-4, -3)
[00:53:27.934 I] Loading cell Ascadian Isles Region (-3, -4)
[00:53:27.941 I] Loading cell Balmora (-4, -2)
[00:53:27.945 I] Loading cell Ascadian Isles Region (-2, -4)
[00:53:27.946 I] Loading cell Ascadian Isles Region (-4, -4)
[00:53:27.961 I] L@0x1[scripts/bench/player.lua]:	BENCH camera station=balmora yaw=0 pitch=2
[00:53:28.302 I] Global[scripts/bench/global.lua]:	BENCH station=balmora ready frame=40 simtime=0.47
[00:54:21.184 I] Saving shader settings file: <project>/harness/results/20260906-0049-0b30e7ff4-m2c-core/overlay/shaders.yaml
[00:54:21.184 I] Saving Lua storage "<project>/harness/results/20260906-0049-0b30e7ff4-m2c-core/overlay/global_storage.bin" (140 bytes)
[00:54:21.184 I] Saving Lua storage "<project>/harness/results/20260906-0049-0b30e7ff4-m2c-core/overlay/player_storage.bin" (878 bytes)
[00:54:21.218 I] Saved input bindings: <project>/harness/results/20260906-0049-0b30e7ff4-m2c-core/overlay/input_v3.xml
[00:54:21.256 I] Quitting peacefully.
