[01:02:33.697 *] Crash handler installed
[01:02:33.755 *] Loading config file: <project>/openmw/build/OpenMW.app/Contents/Resources/openmw.cfg
[01:02:33.756 *] Loading config file: <project>/harness/config/openmw.cfg
[01:02:33.756 *] Loading config file: <project>/harness/results/20260906-0049-0b30e7ff4-m2c-core/overlay/openmw.cfg
[01:02:33.756 *] Logs dir: <project>/harness/results/20260906-0049-0b30e7ff4-m2c-core/overlay
[01:02:33.756 *] User data dir: <project>/harness/userdata
[01:02:33.756 *] Screenshots dir: <project>/harness/userdata/screenshots
[01:02:33.756 I] OpenMW version 0.52.0
[01:02:33.756 I] Revision: 0b30e7ff48
[01:02:33.757 I] Loading settings file: <project>/openmw/build/OpenMW.app/Contents/Resources/defaults.bin
[01:02:33.757 I] Loading settings file: <project>/harness/config/settings.cfg
[01:02:33.757 I] Loading settings file: <project>/harness/results/20260906-0049-0b30e7ff4-m2c-core/overlay/settings.cfg
[01:02:33.757 I] Using default (English) font encoding.
[01:02:33.757 W] No such dir: <home>/Library/Application Support/openmw/data
[01:02:33.758 I] OSG version: 3.6.5
[01:02:33.758 I] SDL version: 2.32.10
[01:02:33.758 I] Loading shader settings file: <project>/harness/results/20260906-0049-0b30e7ff4-m2c-core/overlay/shaders.yaml
[01:02:33.776 E] Error: Failed to read window icon, no png readerwriter found
[01:02:33.777 W] Requesting OpenGL 4.1 core profile context
[01:02:33.800 I] OpenGL Vendor: Apple
[01:02:33.800 I] OpenGL Renderer: Apple M5 Pro
[01:02:33.800 I] OpenGL Version: 4.1 Metal - 90.5
[01:02:33.800 I] Core profile: granted 19 version-implied GL features on a GL 4.1 context
[01:02:33.800 I] Core profile: vertex attribute aliasing and matrix uniforms enabled, 26 fixed-function modes disabled
[01:02:33.800 W] GL_ARB_clip_control not supported: disabling reverse-z depth buffer
[01:02:33.800 I] Adding BSA archive <project>/Morrowind/Data Files/Morrowind.bsa
[01:02:33.801 I] Adding BSA archive <project>/Morrowind/Data Files/Tribunal.bsa
[01:02:33.801 I] Adding BSA archive <project>/Morrowind/Data Files/Bloodmoon.bsa
[01:02:33.802 I] Adding data directory <project>/openmw/build/OpenMW.app/Contents/Resources/../Resources/resources/vfs
[01:02:33.802 I] Adding data directory <project>/openmw/build/OpenMW.app/Contents/Resources/../Resources/resources/vfs-mw
[01:02:33.803 I] Adding data directory <project>/Morrowind/Data Files
[01:02:33.818 I] Adding data directory <project>/harness/mod
[01:02:33.822 I] Preferred locales: gmst en
[01:02:33.822 I] Initializing LuaUtil::LuaState without profiler
[01:02:33.823 I] Lua version: Lua 5.1.4 (LuaJIT 2.1.1767980792)
[01:02:33.823 I] Loading keybindings file: <project>/harness/results/20260906-0049-0b30e7ff4-m2c-core/overlay/input_v3.xml
[01:02:33.823 I] Loading TrueType font file fonts/mysticcards.omwfont
[01:02:33.825 I] Loading TrueType font file fonts/demonicletters.omwfont
[01:02:33.826 I] Loading TrueType font file fonts/dejavulgcsansmono.omwfont
[01:02:33.835 I] Sound disabled.
[01:02:33.835 I] Loading Lua storage "<project>/harness/results/20260906-0049-0b30e7ff4-m2c-core/overlay/global_storage.bin" (140 bytes)
[01:02:33.835 I] Loading Lua storage "<project>/harness/results/20260906-0049-0b30e7ff4-m2c-core/overlay/player_storage.bin" (878 bytes)
[01:02:33.838 I] Loading content file builtin.omwscripts
[01:02:33.838 I] Loading content file Morrowind.esm
[01:02:33.838 E] Error loading splash/splash_daedroth.tga: no readerwriter for 'tga' found
[01:02:33.993 I] Loading content file Tribunal.esm
[01:02:34.014 I] Loading content file Bloodmoon.esm
[01:02:34.043 I] Loading content file bench.omwscripts
[01:02:34.044 V] Lua scripts configuration (45 scripts):
[01:02:34.044 V] #0 MENU PLAYER : scripts/omw/mwui/init.lua
[01:02:34.044 V] #1 MENU : scripts/omw/settings/menu.lua
[01:02:34.044 V] #2 PLAYER : scripts/omw/settings/player.lua
[01:02:34.044 V] #3 GLOBAL : scripts/omw/settings/global.lua
[01:02:34.044 V] #4 GLOBAL : scripts/omw/activationhandlers.lua
[01:02:34.044 V] #5 GLOBAL : scripts/omw/usehandlers.lua
[01:02:34.044 V] #6 GLOBAL : scripts/omw/worldeventhandlers.lua
[01:02:34.044 V] #7 GLOBAL : scripts/omw/crimes.lua
[01:02:34.044 V] #8 PLAYER CREATURE NPC : scripts/omw/mechanics/animationcontroller.lua
[01:02:34.044 V] #9 PLAYER : scripts/omw/skillhandlers.lua
[01:02:34.044 V] #10 PLAYER : scripts/omw/mechanics/playercontroller.lua
[01:02:34.044 V] #11 MENU : scripts/omw/camera/settings.lua
[01:02:34.044 V] #12 MENU : scripts/omw/input/settings.lua
[01:02:34.044 V] #13 PLAYER : scripts/omw/input/playercontrols.lua
[01:02:34.044 V] #14 PLAYER : scripts/omw/camera/camera.lua
[01:02:34.044 V] #15 PLAYER : scripts/omw/input/actionbindings.lua
[01:02:34.044 V] #16 PLAYER : scripts/omw/input/smoothmovement.lua
[01:02:34.044 V] #17 PLAYER : scripts/omw/input/gamepadcontrols.lua
[01:02:34.044 V] #18 NPC CREATURE : scripts/omw/ai.lua
[01:02:34.044 V] #19 GLOBAL : scripts/omw/mechanics/globalcontroller.lua
[01:02:34.044 V] #20 PLAYER CREATURE NPC : scripts/omw/mechanics/actorcontroller.lua
[01:02:34.044 V] #21 PLAYER NPC CREATURE : scripts/omw/combat/interface_local.lua
[01:02:34.044 V] #22 GLOBAL : scripts/omw/combat/interface_global.lua
[01:02:34.044 V] #23 PLAYER CREATURE NPC : scripts/omw/spellcasting/interface_local.lua
[01:02:34.044 V] #24 GLOBAL : scripts/omw/spellcasting/interface_global.lua
[01:02:34.044 V] #25 GLOBAL : scripts/omw/mechanics/projectiles.lua
[01:02:34.044 V] #26 PLAYER : scripts/omw/ui.lua
[01:02:34.044 V] #27 MENU : scripts/omw/console/menu.lua
[01:02:34.044 V] #28 PLAYER : scripts/omw/console/player.lua
[01:02:34.044 V] #29 GLOBAL : scripts/omw/console/global.lua
[01:02:34.044 V] #30 CUSTOM : scripts/omw/console/local.lua
[01:02:34.044 V] #31 NPC CREATURE : scripts/omw/music/actor.lua
[01:02:34.044 V] #32 GLOBAL : scripts/omw/cellhandlers.lua
[01:02:34.044 V] #33 GLOBAL : scripts/omw/combat/global.lua
[01:02:34.044 V] #34 PLAYER : scripts/omw/combat/settingspage.lua
[01:02:34.044 V] #35 PLAYER NPC CREATURE : scripts/omw/combat/local.lua
[01:02:34.044 V] #36 PLAYER : scripts/omw/music/music.lua
[01:02:34.044 V] #37 MENU : scripts/omw/music/settings.lua
[01:02:34.044 V] #38 PLAYER : scripts/omw/playerskillhandlers.lua
[01:02:34.044 V] #39 LOAD : scripts/omw/esmfallbacks.lua
[01:02:34.044 V] #40 PLAYER CREATURE NPC : scripts/omw/spellcasting/local.lua
[01:02:34.044 V] #41 DOOR CONTAINER : scripts/omw/spellcasting/lockable.lua
[01:02:34.044 V] #42 GLOBAL : scripts/omw/spellcasting/global.lua
[01:02:34.044 V] #43 GLOBAL : scripts/bench/global.lua
[01:02:34.044 V] #44 PLAYER : scripts/bench/player.lua
[01:02:34.055 V] Enchantment "test magic axe": dropping unexpected skill argument of "FortifyMaximumMagicka" effect
[01:02:34.128 I] Using 1 async physics threads
[01:02:34.128 I] Using <project>/harness/userdata/navmesh.db to store navigation mesh cache
[01:02:34.128 V] Using idle priority for thread=0x16df67000
[01:02:34.128 I] Reserving texture units for shadow maps: 13..15
[01:02:34.129 I] Reserving texture unit for opaque depth texture: 12
[01:02:34.129 I] Reserving texture unit for opaque color texture: 11
[01:02:34.130 V] Disabling Multiview (disabled by config)
[01:02:34.133 V] Language file "l10n/Interface/gmst.yaml" is enabled
[01:02:34.133 V] Language file "l10n/Interface/en.yaml" is enabled
[01:02:34.142 V] Language file "l10n/OMWEngine/gmst.yaml" is enabled
[01:02:34.143 V] Language file "l10n/OMWEngine/en.yaml" is enabled
[01:02:34.152 V] Language file "l10n/OMWShaders/en.yaml" is enabled
[01:02:34.160 V] Language file "l10n/OMWCamera/en.yaml" is enabled
[01:02:34.161 V] Language file "l10n/OMWControls/en.yaml" is enabled
[01:02:34.162 V] Language file "l10n/interface/gmst.yaml" is enabled
[01:02:34.162 V] Language file "l10n/interface/en.yaml" is enabled
[01:02:34.162 V] Language file "l10n/Calendar/gmst.yaml" is enabled
[01:02:34.162 V] Language file "l10n/Calendar/en.yaml" is enabled
[01:02:34.163 V] Language file "l10n/OMWMusic/en.yaml" is enabled
[01:02:34.163 I] OSG stats will be written to: <project>/harness/results/20260906-0049-0b30e7ff4-m2c-core/grazelands-r3-stats.txt
[01:02:34.168 I] Starting a new game
[01:02:34.171 V] Language file "l10n/Mechanics/gmst.yaml" is enabled
[01:02:34.171 E] Error loading splash/splash_clanndaddy.tga: no readerwriter for 'tga' found
[01:02:34.198 E] Error loading splash/splash_clannfear.tga: no readerwriter for 'tga' found
[01:02:34.198 I] Loading cell Grazelands Region (13, 8)
[01:02:34.213 I] Loading cell Grazelands Region (12, 8)
[01:02:34.215 I] Loading cell Grazelands Region (13, 7)
[01:02:34.226 I] Loading cell Azura's Coast Region (13, 9)
[01:02:34.237 I] Loading cell Azura's Coast Region (14, 8)
[01:02:34.239 I] Loading cell Grazelands Region (12, 7)
[01:02:34.252 I] Loading cell Grazelands Region (12, 9)
[01:02:34.254 I] Loading cell Azura's Coast Region (14, 7)
[01:02:34.256 I] Loading cell Azura's Coast Region (14, 9)
[01:02:34.269 V] Language file "l10n/OMWCombat/en.yaml" is enabled
[01:02:34.310 I] Global[scripts/bench/global.lua]:	BENCH station=grazelands startcell="grazelands region" frame=1
[01:02:34.371 I] Unloading cell Grazelands Region (13, 8)
[01:02:34.371 E] Error: Unable to write fog, can't find a png ReaderWriter
[01:02:34.371 I] Unloading cell Grazelands Region (12, 7)
[01:02:34.372 I] Unloading cell Grazelands Region (12, 8)
[01:02:34.372 I] Unloading cell Grazelands Region (12, 9)
[01:02:34.372 I] Unloading cell Grazelands Region (13, 7)
[01:02:34.373 I] Unloading cell Azura's Coast Region (13, 9)
[01:02:34.373 I] Unloading cell Azura's Coast Region (14, 7)
[01:02:34.373 I] Unloading cell Azura's Coast Region (14, 8)
[01:02:34.373 I] Unloading cell Azura's Coast Region (14, 9)
[01:02:34.374 I] Loading cell Grazelands Region (10, 10)
[01:02:34.381 I] Loading cell Zainab Camp (9, 10)
[01:02:34.390 I] Loading cell Grazelands Region (10, 9)
[01:02:34.391 I] Loading cell Grazelands Region (10, 11)
[01:02:34.394 I] Loading cell Grazelands Region (11, 10)
[01:02:34.396 I] Loading cell Grazelands Region (9, 9)
[01:02:34.397 I] Loading cell Grazelands Region (9, 11)
[01:02:34.399 I] Loading cell Grazelands Region (11, 9)
[01:02:34.402 I] Loading cell Grazelands Region (11, 11)
[01:02:34.405 I] Warning: OutsideBanner line 38, column 6 (endif): endif without matching if/elseif
[01:02:34.447 I] L@0x1[scripts/bench/player.lua]:	BENCH camera station=grazelands yaw=0 pitch=4
[01:02:34.609 I] Global[scripts/bench/global.lua]:	BENCH station=grazelands ready frame=40 simtime=0.33
[01:03:27.683 I] Saving shader settings file: <project>/harness/results/20260906-0049-0b30e7ff4-m2c-core/overlay/shaders.yaml
[01:03:27.683 I] Saving Lua storage "<project>/harness/results/20260906-0049-0b30e7ff4-m2c-core/overlay/global_storage.bin" (140 bytes)
[01:03:27.683 I] Saving Lua storage "<project>/harness/results/20260906-0049-0b30e7ff4-m2c-core/overlay/player_storage.bin" (878 bytes)
[01:03:27.718 I] Saved input bindings: <project>/harness/results/20260906-0049-0b30e7ff4-m2c-core/overlay/input_v3.xml
[01:03:27.740 I] Quitting peacefully.
