[01:05:17.704 *] Crash handler installed
[01:05:17.776 *] Loading config file: <project>/openmw/build/OpenMW.app/Contents/Resources/openmw.cfg
[01:05:17.776 *] Loading config file: <project>/harness/config/openmw.cfg
[01:05:17.777 *] Loading config file: <project>/harness/results/20260906-0049-0b30e7ff4-m2c-core/overlay/openmw.cfg
[01:05:17.777 *] Logs dir: <project>/harness/results/20260906-0049-0b30e7ff4-m2c-core/overlay
[01:05:17.777 *] User data dir: <project>/harness/userdata
[01:05:17.777 *] Screenshots dir: <project>/harness/userdata/screenshots
[01:05:17.777 I] OpenMW version 0.52.0
[01:05:17.777 I] Revision: 0b30e7ff48
[01:05:17.777 I] Loading settings file: <project>/openmw/build/OpenMW.app/Contents/Resources/defaults.bin
[01:05:17.778 I] Loading settings file: <project>/harness/config/settings.cfg
[01:05:17.778 I] Loading settings file: <project>/harness/results/20260906-0049-0b30e7ff4-m2c-core/overlay/settings.cfg
[01:05:17.778 I] Using default (English) font encoding.
[01:05:17.778 W] No such dir: <home>/Library/Application Support/openmw/data
[01:05:17.778 I] OSG version: 3.6.5
[01:05:17.778 I] SDL version: 2.32.10
[01:05:17.778 I] Loading shader settings file: <project>/harness/results/20260906-0049-0b30e7ff4-m2c-core/overlay/shaders.yaml
[01:05:17.804 E] Error: Failed to read window icon, no png readerwriter found
[01:05:17.804 W] Requesting OpenGL 4.1 core profile context
[01:05:17.830 I] OpenGL Vendor: Apple
[01:05:17.830 I] OpenGL Renderer: Apple M5 Pro
[01:05:17.830 I] OpenGL Version: 4.1 Metal - 90.5
[01:05:17.830 I] Core profile: granted 19 version-implied GL features on a GL 4.1 context
[01:05:17.830 I] Core profile: vertex attribute aliasing and matrix uniforms enabled, 26 fixed-function modes disabled
[01:05:17.830 W] GL_ARB_clip_control not supported: disabling reverse-z depth buffer
[01:05:17.830 I] Adding BSA archive <project>/Morrowind/Data Files/Morrowind.bsa
[01:05:17.832 I] Adding BSA archive <project>/Morrowind/Data Files/Tribunal.bsa
[01:05:17.832 I] Adding BSA archive <project>/Morrowind/Data Files/Bloodmoon.bsa
[01:05:17.832 I] Adding data directory <project>/openmw/build/OpenMW.app/Contents/Resources/../Resources/resources/vfs
[01:05:17.833 I] Adding data directory <project>/openmw/build/OpenMW.app/Contents/Resources/../Resources/resources/vfs-mw
[01:05:17.833 I] Adding data directory <project>/Morrowind/Data Files
[01:05:17.848 I] Adding data directory <project>/harness/mod
[01:05:17.853 I] Preferred locales: gmst en
[01:05:17.853 I] Initializing LuaUtil::LuaState without profiler
[01:05:17.853 I] Lua version: Lua 5.1.4 (LuaJIT 2.1.1767980792)
[01:05:17.853 I] Loading keybindings file: <project>/harness/results/20260906-0049-0b30e7ff4-m2c-core/overlay/input_v3.xml
[01:05:17.853 I] Loading TrueType font file fonts/mysticcards.omwfont
[01:05:17.856 I] Loading TrueType font file fonts/demonicletters.omwfont
[01:05:17.857 I] Loading TrueType font file fonts/dejavulgcsansmono.omwfont
[01:05:17.869 I] Sound disabled.
[01:05:17.869 I] Loading Lua storage "<project>/harness/results/20260906-0049-0b30e7ff4-m2c-core/overlay/global_storage.bin" (140 bytes)
[01:05:17.869 I] Loading Lua storage "<project>/harness/results/20260906-0049-0b30e7ff4-m2c-core/overlay/player_storage.bin" (878 bytes)
[01:05:17.872 I] Loading content file builtin.omwscripts
[01:05:17.872 I] Loading content file Morrowind.esm
[01:05:17.872 E] Error loading splash/splash_kwamawarrior.tga: no readerwriter for 'tga' found
[01:05:18.027 I] Loading content file Tribunal.esm
[01:05:18.048 I] Loading content file Bloodmoon.esm
[01:05:18.077 I] Loading content file bench.omwscripts
[01:05:18.077 V] Lua scripts configuration (45 scripts):
[01:05:18.077 V] #0 MENU PLAYER : scripts/omw/mwui/init.lua
[01:05:18.077 V] #1 MENU : scripts/omw/settings/menu.lua
[01:05:18.077 V] #2 PLAYER : scripts/omw/settings/player.lua
[01:05:18.077 V] #3 GLOBAL : scripts/omw/settings/global.lua
[01:05:18.077 V] #4 GLOBAL : scripts/omw/activationhandlers.lua
[01:05:18.077 V] #5 GLOBAL : scripts/omw/usehandlers.lua
[01:05:18.077 V] #6 GLOBAL : scripts/omw/worldeventhandlers.lua
[01:05:18.077 V] #7 GLOBAL : scripts/omw/crimes.lua
[01:05:18.077 V] #8 PLAYER CREATURE NPC : scripts/omw/mechanics/animationcontroller.lua
[01:05:18.077 V] #9 PLAYER : scripts/omw/skillhandlers.lua
[01:05:18.077 V] #10 PLAYER : scripts/omw/mechanics/playercontroller.lua
[01:05:18.077 V] #11 MENU : scripts/omw/camera/settings.lua
[01:05:18.077 V] #12 MENU : scripts/omw/input/settings.lua
[01:05:18.077 V] #13 PLAYER : scripts/omw/input/playercontrols.lua
[01:05:18.077 V] #14 PLAYER : scripts/omw/camera/camera.lua
[01:05:18.077 V] #15 PLAYER : scripts/omw/input/actionbindings.lua
[01:05:18.077 V] #16 PLAYER : scripts/omw/input/smoothmovement.lua
[01:05:18.077 V] #17 PLAYER : scripts/omw/input/gamepadcontrols.lua
[01:05:18.077 V] #18 NPC CREATURE : scripts/omw/ai.lua
[01:05:18.077 V] #19 GLOBAL : scripts/omw/mechanics/globalcontroller.lua
[01:05:18.077 V] #20 PLAYER CREATURE NPC : scripts/omw/mechanics/actorcontroller.lua
[01:05:18.077 V] #21 PLAYER NPC CREATURE : scripts/omw/combat/interface_local.lua
[01:05:18.077 V] #22 GLOBAL : scripts/omw/combat/interface_global.lua
[01:05:18.077 V] #23 PLAYER CREATURE NPC : scripts/omw/spellcasting/interface_local.lua
[01:05:18.077 V] #24 GLOBAL : scripts/omw/spellcasting/interface_global.lua
[01:05:18.077 V] #25 GLOBAL : scripts/omw/mechanics/projectiles.lua
[01:05:18.077 V] #26 PLAYER : scripts/omw/ui.lua
[01:05:18.077 V] #27 MENU : scripts/omw/console/menu.lua
[01:05:18.077 V] #28 PLAYER : scripts/omw/console/player.lua
[01:05:18.077 V] #29 GLOBAL : scripts/omw/console/global.lua
[01:05:18.077 V] #30 CUSTOM : scripts/omw/console/local.lua
[01:05:18.077 V] #31 NPC CREATURE : scripts/omw/music/actor.lua
[01:05:18.077 V] #32 GLOBAL : scripts/omw/cellhandlers.lua
[01:05:18.077 V] #33 GLOBAL : scripts/omw/combat/global.lua
[01:05:18.077 V] #34 PLAYER : scripts/omw/combat/settingspage.lua
[01:05:18.077 V] #35 PLAYER NPC CREATURE : scripts/omw/combat/local.lua
[01:05:18.077 V] #36 PLAYER : scripts/omw/music/music.lua
[01:05:18.077 V] #37 MENU : scripts/omw/music/settings.lua
[01:05:18.077 V] #38 PLAYER : scripts/omw/playerskillhandlers.lua
[01:05:18.077 V] #39 LOAD : scripts/omw/esmfallbacks.lua
[01:05:18.077 V] #40 PLAYER CREATURE NPC : scripts/omw/spellcasting/local.lua
[01:05:18.077 V] #41 DOOR CONTAINER : scripts/omw/spellcasting/lockable.lua
[01:05:18.077 V] #42 GLOBAL : scripts/omw/spellcasting/global.lua
[01:05:18.077 V] #43 GLOBAL : scripts/bench/global.lua
[01:05:18.077 V] #44 PLAYER : scripts/bench/player.lua
[01:05:18.088 V] Enchantment "test magic axe": dropping unexpected skill argument of "FortifyMaximumMagicka" effect
[01:05:18.162 I] Using 1 async physics threads
[01:05:18.162 I] Using <project>/harness/userdata/navmesh.db to store navigation mesh cache
[01:05:18.163 V] Using idle priority for thread=0x16d5af000
[01:05:18.163 I] Reserving texture units for shadow maps: 13..15
[01:05:18.164 I] Reserving texture unit for opaque depth texture: 12
[01:05:18.164 I] Reserving texture unit for opaque color texture: 11
[01:05:18.164 V] Disabling Multiview (disabled by config)
[01:05:18.168 V] Language file "l10n/Interface/gmst.yaml" is enabled
[01:05:18.168 V] Language file "l10n/Interface/en.yaml" is enabled
[01:05:18.177 V] Language file "l10n/OMWEngine/gmst.yaml" is enabled
[01:05:18.178 V] Language file "l10n/OMWEngine/en.yaml" is enabled
[01:05:18.187 V] Language file "l10n/OMWShaders/en.yaml" is enabled
[01:05:18.195 V] Language file "l10n/OMWCamera/en.yaml" is enabled
[01:05:18.196 V] Language file "l10n/OMWControls/en.yaml" is enabled
[01:05:18.197 V] Language file "l10n/interface/gmst.yaml" is enabled
[01:05:18.197 V] Language file "l10n/interface/en.yaml" is enabled
[01:05:18.197 V] Language file "l10n/Calendar/gmst.yaml" is enabled
[01:05:18.197 V] Language file "l10n/Calendar/en.yaml" is enabled
[01:05:18.197 V] Language file "l10n/OMWMusic/en.yaml" is enabled
[01:05:18.198 I] OSG stats will be written to: <project>/harness/results/20260906-0049-0b30e7ff4-m2c-core/interior-r3-stats.txt
[01:05:18.203 I] Starting a new game
[01:05:18.206 V] Language file "l10n/Mechanics/gmst.yaml" is enabled
[01:05:18.206 E] Error loading splash/splash_daedroth.tga: no readerwriter for 'tga' found
[01:05:18.209 I] Changing to interior
[01:05:18.209 I] Loading cell Vivec, Foreign Quarter Lower Waistworks
[01:05:18.248 V] Language file "l10n/OMWCombat/en.yaml" is enabled
[01:05:18.290 I] Global[scripts/bench/global.lua]:	BENCH station=interior startcell="vivec, foreign quarter lower waistworks" frame=1
[01:05:18.313 V] Controller R2_Claw02 present more than once in meshes/r/xsiltstrider.kf, ignoring later version
[01:05:18.371 I] L@0x1[scripts/bench/player.lua]:	BENCH camera station=interior yaw=90 pitch=0
[01:05:18.644 I] Global[scripts/bench/global.lua]:	BENCH station=interior ready frame=40 simtime=0.39
[01:06:11.693 I] Saving shader settings file: <project>/harness/results/20260906-0049-0b30e7ff4-m2c-core/overlay/shaders.yaml
[01:06:11.695 I] Saving Lua storage "<project>/harness/results/20260906-0049-0b30e7ff4-m2c-core/overlay/global_storage.bin" (140 bytes)
[01:06:11.695 I] Saving Lua storage "<project>/harness/results/20260906-0049-0b30e7ff4-m2c-core/overlay/player_storage.bin" (878 bytes)
[01:06:11.724 I] Saved input bindings: <project>/harness/results/20260906-0049-0b30e7ff4-m2c-core/overlay/input_v3.xml
[01:06:11.752 I] Quitting peacefully.
