[01:07:07.198 *] Crash handler installed
[01:07:07.264 *] Loading config file: <project>/openmw/build/OpenMW.app/Contents/Resources/openmw.cfg
[01:07:07.265 *] Loading config file: <project>/harness/config/openmw.cfg
[01:07:07.265 *] Loading config file: <project>/harness/results/20260906-0049-0b30e7ff4-m2c-core/overlay/openmw.cfg
[01:07:07.266 *] Logs dir: <project>/harness/results/20260906-0049-0b30e7ff4-m2c-core/overlay
[01:07:07.266 *] User data dir: <project>/harness/userdata
[01:07:07.266 *] Screenshots dir: <project>/harness/userdata/screenshots
[01:07:07.266 I] OpenMW version 0.52.0
[01:07:07.266 I] Revision: 0b30e7ff48
[01:07:07.266 I] Loading settings file: <project>/openmw/build/OpenMW.app/Contents/Resources/defaults.bin
[01:07:07.266 I] Loading settings file: <project>/harness/config/settings.cfg
[01:07:07.266 I] Loading settings file: <project>/harness/results/20260906-0049-0b30e7ff4-m2c-core/overlay/settings.cfg
[01:07:07.267 I] Using default (English) font encoding.
[01:07:07.267 W] No such dir: <home>/Library/Application Support/openmw/data
[01:07:07.267 I] OSG version: 3.6.5
[01:07:07.267 I] SDL version: 2.32.10
[01:07:07.267 I] Loading shader settings file: <project>/harness/results/20260906-0049-0b30e7ff4-m2c-core/overlay/shaders.yaml
[01:07:07.286 E] Error: Failed to read window icon, no png readerwriter found
[01:07:07.286 W] Requesting OpenGL 4.1 core profile context
[01:07:07.309 I] OpenGL Vendor: Apple
[01:07:07.309 I] OpenGL Renderer: Apple M5 Pro
[01:07:07.309 I] OpenGL Version: 4.1 Metal - 90.5
[01:07:07.309 I] Core profile: granted 19 version-implied GL features on a GL 4.1 context
[01:07:07.309 I] Core profile: vertex attribute aliasing and matrix uniforms enabled, 26 fixed-function modes disabled
[01:07:07.309 W] GL_ARB_clip_control not supported: disabling reverse-z depth buffer
[01:07:07.309 I] Adding BSA archive <project>/Morrowind/Data Files/Morrowind.bsa
[01:07:07.311 I] Adding BSA archive <project>/Morrowind/Data Files/Tribunal.bsa
[01:07:07.311 I] Adding BSA archive <project>/Morrowind/Data Files/Bloodmoon.bsa
[01:07:07.311 I] Adding data directory <project>/openmw/build/OpenMW.app/Contents/Resources/../Resources/resources/vfs
[01:07:07.312 I] Adding data directory <project>/openmw/build/OpenMW.app/Contents/Resources/../Resources/resources/vfs-mw
[01:07:07.312 I] Adding data directory <project>/Morrowind/Data Files
[01:07:07.327 I] Adding data directory <project>/harness/mod
[01:07:07.332 I] Preferred locales: gmst en
[01:07:07.332 I] Initializing LuaUtil::LuaState without profiler
[01:07:07.332 I] Lua version: Lua 5.1.4 (LuaJIT 2.1.1767980792)
[01:07:07.332 I] Loading keybindings file: <project>/harness/results/20260906-0049-0b30e7ff4-m2c-core/overlay/input_v3.xml
[01:07:07.332 I] Loading TrueType font file fonts/mysticcards.omwfont
[01:07:07.335 I] Loading TrueType font file fonts/demonicletters.omwfont
[01:07:07.335 I] Loading TrueType font file fonts/dejavulgcsansmono.omwfont
[01:07:07.344 I] Sound disabled.
[01:07:07.345 I] Loading Lua storage "<project>/harness/results/20260906-0049-0b30e7ff4-m2c-core/overlay/global_storage.bin" (140 bytes)
[01:07:07.345 I] Loading Lua storage "<project>/harness/results/20260906-0049-0b30e7ff4-m2c-core/overlay/player_storage.bin" (878 bytes)
[01:07:07.347 I] Loading content file builtin.omwscripts
[01:07:07.347 E] Error loading splash/splash_nixhound.tga: no readerwriter for 'tga' found
[01:07:07.347 I] Loading content file Morrowind.esm
[01:07:07.500 I] Loading content file Tribunal.esm
[01:07:07.521 I] Loading content file Bloodmoon.esm
[01:07:07.547 I] Loading content file bench.omwscripts
[01:07:07.547 V] Lua scripts configuration (45 scripts):
[01:07:07.547 V] #0 MENU PLAYER : scripts/omw/mwui/init.lua
[01:07:07.547 V] #1 MENU : scripts/omw/settings/menu.lua
[01:07:07.547 V] #2 PLAYER : scripts/omw/settings/player.lua
[01:07:07.547 V] #3 GLOBAL : scripts/omw/settings/global.lua
[01:07:07.547 V] #4 GLOBAL : scripts/omw/activationhandlers.lua
[01:07:07.547 V] #5 GLOBAL : scripts/omw/usehandlers.lua
[01:07:07.547 V] #6 GLOBAL : scripts/omw/worldeventhandlers.lua
[01:07:07.547 V] #7 GLOBAL : scripts/omw/crimes.lua
[01:07:07.547 V] #8 PLAYER CREATURE NPC : scripts/omw/mechanics/animationcontroller.lua
[01:07:07.547 V] #9 PLAYER : scripts/omw/skillhandlers.lua
[01:07:07.547 V] #10 PLAYER : scripts/omw/mechanics/playercontroller.lua
[01:07:07.547 V] #11 MENU : scripts/omw/camera/settings.lua
[01:07:07.547 V] #12 MENU : scripts/omw/input/settings.lua
[01:07:07.547 V] #13 PLAYER : scripts/omw/input/playercontrols.lua
[01:07:07.547 V] #14 PLAYER : scripts/omw/camera/camera.lua
[01:07:07.547 V] #15 PLAYER : scripts/omw/input/actionbindings.lua
[01:07:07.547 V] #16 PLAYER : scripts/omw/input/smoothmovement.lua
[01:07:07.547 V] #17 PLAYER : scripts/omw/input/gamepadcontrols.lua
[01:07:07.547 V] #18 NPC CREATURE : scripts/omw/ai.lua
[01:07:07.547 V] #19 GLOBAL : scripts/omw/mechanics/globalcontroller.lua
[01:07:07.547 V] #20 PLAYER CREATURE NPC : scripts/omw/mechanics/actorcontroller.lua
[01:07:07.547 V] #21 PLAYER NPC CREATURE : scripts/omw/combat/interface_local.lua
[01:07:07.547 V] #22 GLOBAL : scripts/omw/combat/interface_global.lua
[01:07:07.547 V] #23 PLAYER CREATURE NPC : scripts/omw/spellcasting/interface_local.lua
[01:07:07.547 V] #24 GLOBAL : scripts/omw/spellcasting/interface_global.lua
[01:07:07.547 V] #25 GLOBAL : scripts/omw/mechanics/projectiles.lua
[01:07:07.547 V] #26 PLAYER : scripts/omw/ui.lua
[01:07:07.547 V] #27 MENU : scripts/omw/console/menu.lua
[01:07:07.547 V] #28 PLAYER : scripts/omw/console/player.lua
[01:07:07.547 V] #29 GLOBAL : scripts/omw/console/global.lua
[01:07:07.547 V] #30 CUSTOM : scripts/omw/console/local.lua
[01:07:07.547 V] #31 NPC CREATURE : scripts/omw/music/actor.lua
[01:07:07.547 V] #32 GLOBAL : scripts/omw/cellhandlers.lua
[01:07:07.547 V] #33 GLOBAL : scripts/omw/combat/global.lua
[01:07:07.547 V] #34 PLAYER : scripts/omw/combat/settingspage.lua
[01:07:07.547 V] #35 PLAYER NPC CREATURE : scripts/omw/combat/local.lua
[01:07:07.547 V] #36 PLAYER : scripts/omw/music/music.lua
[01:07:07.547 V] #37 MENU : scripts/omw/music/settings.lua
[01:07:07.547 V] #38 PLAYER : scripts/omw/playerskillhandlers.lua
[01:07:07.547 V] #39 LOAD : scripts/omw/esmfallbacks.lua
[01:07:07.547 V] #40 PLAYER CREATURE NPC : scripts/omw/spellcasting/local.lua
[01:07:07.547 V] #41 DOOR CONTAINER : scripts/omw/spellcasting/lockable.lua
[01:07:07.547 V] #42 GLOBAL : scripts/omw/spellcasting/global.lua
[01:07:07.547 V] #43 GLOBAL : scripts/bench/global.lua
[01:07:07.547 V] #44 PLAYER : scripts/bench/player.lua
[01:07:07.558 V] Enchantment "test magic axe": dropping unexpected skill argument of "FortifyMaximumMagicka" effect
[01:07:07.633 I] Using 1 async physics threads
[01:07:07.633 I] Using <project>/harness/userdata/navmesh.db to store navigation mesh cache
[01:07:07.633 I] Reserving texture units for shadow maps: 13..15
[01:07:07.635 I] Reserving texture unit for opaque depth texture: 12
[01:07:07.635 I] Reserving texture unit for opaque color texture: 11
[01:07:07.635 V] Disabling Multiview (disabled by config)
[01:07:07.639 V] Language file "l10n/Interface/gmst.yaml" is enabled
[01:07:07.640 V] Language file "l10n/Interface/en.yaml" is enabled
[01:07:07.640 V] Using idle priority for thread=0x16d6f3000
[01:07:07.649 V] Language file "l10n/OMWEngine/gmst.yaml" is enabled
[01:07:07.649 V] Language file "l10n/OMWEngine/en.yaml" is enabled
[01:07:07.659 V] Language file "l10n/OMWShaders/en.yaml" is enabled
[01:07:07.668 V] Language file "l10n/OMWCamera/en.yaml" is enabled
[01:07:07.669 V] Language file "l10n/OMWControls/en.yaml" is enabled
[01:07:07.669 V] Language file "l10n/interface/gmst.yaml" is enabled
[01:07:07.669 V] Language file "l10n/interface/en.yaml" is enabled
[01:07:07.670 V] Language file "l10n/Calendar/gmst.yaml" is enabled
[01:07:07.670 V] Language file "l10n/Calendar/en.yaml" is enabled
[01:07:07.670 V] Language file "l10n/OMWMusic/en.yaml" is enabled
[01:07:07.670 I] OSG stats will be written to: <project>/harness/results/20260906-0049-0b30e7ff4-m2c-core/route-r2-stats.txt
[01:07:07.675 I] Starting a new game
[01:07:07.678 V] Language file "l10n/Mechanics/gmst.yaml" is enabled
[01:07:07.678 E] Error loading splash/splash_clannfear.tga: no readerwriter for 'tga' found
[01:07:07.705 I] Loading cell Bitter Coast Region (0, -10)
[01:07:07.726 I] Loading cell Ascadian Isles Region (0, -9)
[01:07:07.749 I] Loading cell Bitter Coast Region (-1, -10)
[01:07:07.754 I] Loading cell Bitter Coast Region (0, -11)
[01:07:07.756 I] Loading cell Ascadian Isles Region (1, -10)
[01:07:07.762 I] Loading cell Bitter Coast Region (-1, -9)
[01:07:07.767 I] Loading cell Ascadian Isles Region (1, -9)
[01:07:07.774 I] Loading cell Bitter Coast Region (-1, -11)
[01:07:07.780 I] Loading cell Ascadian Isles Region (1, -11)
[01:07:07.790 V] Language file "l10n/OMWCombat/en.yaml" is enabled
[01:07:07.820 I] Global[scripts/bench/global.lua]:	BENCH station=route startcell="bitter coast region" frame=1
[01:07:07.912 I] Unloading cell Bitter Coast Region (0, -10)
[01:07:07.913 E] Error: Unable to write fog, can't find a png ReaderWriter
[01:07:07.913 I] Unloading cell Bitter Coast Region (-1, -11)
[01:07:07.914 I] Unloading cell Bitter Coast Region (0, -11)
[01:07:07.914 I] Unloading cell Ascadian Isles Region (0, -9)
[01:07:07.914 I] Unloading cell Ascadian Isles Region (1, -11)
[01:07:07.914 I] Unloading cell Ascadian Isles Region (1, -10)
[01:07:07.914 I] Unloading cell Ascadian Isles Region (1, -9)
[01:07:07.916 I] Loading cell Seyda Neen (-2, -9)
[01:07:07.921 V] Controller R2_Claw02 present more than once in meshes/r/xsiltstrider.kf, ignoring later version
[01:07:07.939 I] Loading cell Bitter Coast Region (-2, -8)
[01:07:07.943 I] Loading cell Bitter Coast Region (-3, -9)
[01:07:07.946 I] Loading cell Seyda Neen (-2, -10)
[01:07:07.946 I] Warning: lookoutScript[local variables] line 41, column 37 (=): invalid operator =, treating it as ==
[01:07:07.949 I] Loading cell Ascadian Isles Region (-1, -8)
[01:07:07.954 I] Loading cell Bitter Coast Region (-3, -8)
[01:07:07.957 I] Loading cell Bitter Coast Region (-3, -10)
[01:07:07.960 I] AiTravel: -8914, -73093, 126
[01:07:07.961 I] Warning: lookoutScript line 41, column 37 (=): invalid operator =, treating it as ==
[01:07:07.961 I] Warning: fallingScript line 46, column 6 (endif): endif without matching if/elseif
[01:07:08.131 I] L@0x1[scripts/bench/player.lua]:	BENCH camera station=route yaw=0 pitch=6
[01:07:08.369 I] Global[scripts/bench/global.lua]:	BENCH station=route ready frame=40 simtime=0.55
[01:07:08.369 I] Global[scripts/bench/global.lua]:	BENCH route cell=-2,-9 pos=(-11000,-69991) simtime=0.55
[01:07:12.832 I] Unloading cell Bitter Coast Region (-3, -10)
[01:07:12.832 I] Unloading cell Seyda Neen (-2, -10)
[01:07:12.833 I] Unloading cell Bitter Coast Region (-1, -10)
[01:07:12.833 I] Loading cell Ascadian Isles Region (-2, -7)
[01:07:12.834 I] Loading cell Ascadian Isles Region (-1, -7)
[01:07:12.835 I] Loading cell Ascadian Isles Region (-3, -7)
[01:07:12.839 I] Global[scripts/bench/global.lua]:	BENCH route cell=-2,-8 pos=(-11000,-65527) simtime=5.02
[01:07:21.167 I] Unloading cell Seyda Neen (-2, -9)
[01:07:21.168 E] Error: Unable to write fog, can't find a png ReaderWriter
[01:07:21.168 I] Unloading cell Bitter Coast Region (-3, -9)
[01:07:21.168 I] Unloading cell Bitter Coast Region (-1, -9)
[01:07:21.169 I] Loading cell Ascadian Isles Region (-2, -6)
[01:07:21.172 I] Loading cell Ascadian Isles Region (-1, -6)
[01:07:21.174 I] Loading cell Ascadian Isles Region (-3, -6)
[01:07:21.181 I] Global[scripts/bench/global.lua]:	BENCH route cell=-2,-7 pos=(-12166,-57335) simtime=13.35
[01:07:29.618 I] Unloading cell Bitter Coast Region (-3, -8)
[01:07:29.619 I] Unloading cell Bitter Coast Region (-2, -8)
[01:07:29.619 E] Error: Unable to write fog, can't find a png ReaderWriter
[01:07:29.619 I] Unloading cell Ascadian Isles Region (-1, -8)
[01:07:29.620 I] Loading cell Ascadian Isles Region (-2, -5)
[01:07:29.621 I] Loading cell Ascadian Isles Region (-1, -5)
[01:07:29.622 I] Loading cell Ascadian Isles Region (-3, -5)
[01:07:29.626 I] Global[scripts/bench/global.lua]:	BENCH route cell=-2,-6 pos=(-14215,-49136) simtime=21.80
[01:07:38.054 I] Unloading cell Ascadian Isles Region (-1, -7)
[01:07:38.055 I] Unloading cell Ascadian Isles Region (-2, -7)
[01:07:38.055 E] Error: Unable to write fog, can't find a png ReaderWriter
[01:07:38.055 I] Unloading cell Ascadian Isles Region (-3, -7)
[01:07:38.055 I] Loading cell Ascadian Isles Region (-2, -4)
[01:07:38.056 I] Loading cell Ascadian Isles Region (-1, -4)
[01:07:38.058 I] Loading cell Ascadian Isles Region (-3, -4)
[01:07:38.064 I] Global[scripts/bench/global.lua]:	BENCH route cell=-2,-5 pos=(-16261,-40952) simtime=30.24
[01:07:38.562 I] Unloading cell Ascadian Isles Region (-1, -6)
[01:07:38.562 I] Unloading cell Ascadian Isles Region (-1, -4)
[01:07:38.562 I] Unloading cell Ascadian Isles Region (-1, -5)
[01:07:38.563 I] Loading cell Ascadian Isles Region (-4, -5)
[01:07:38.564 I] Loading cell Ascadian Isles Region (-4, -4)
[01:07:38.567 I] Loading cell Bitter Coast Region (-4, -6)
[01:07:38.572 I] Global[scripts/bench/global.lua]:	BENCH route cell=-3,-5 pos=(-16384,-40460) simtime=30.75
[01:07:44.996 V] Controller R2_Claw02 present more than once in meshes/r/xsiltstrider.kf, ignoring later version
[01:07:46.495 I] Unloading cell Ascadian Isles Region (-2, -6)
[01:07:46.496 E] Error: Unable to write fog, can't find a png ReaderWriter
[01:07:46.496 I] Unloading cell Ascadian Isles Region (-3, -6)
[01:07:46.497 E] Error: Unable to write fog, can't find a png ReaderWriter
[01:07:46.497 I] Unloading cell Bitter Coast Region (-4, -6)
[01:07:46.497 I] Loading cell Balmora (-3, -3)
[01:07:46.503 I] Loading cell West Gash Region (-2, -3)
[01:07:46.505 I] Loading cell West Gash Region (-4, -3)
[01:07:46.507 I] Warning: OutsideBanner line 38, column 6 (endif): endif without matching if/elseif
[01:07:46.511 I] Global[scripts/bench/global.lua]:	BENCH route cell=-3,-4 pos=(-18309,-32763) simtime=38.68
[01:07:54.776 I] Unloading cell Ascadian Isles Region (-4, -5)
[01:07:54.777 I] Unloading cell Ascadian Isles Region (-2, -5)
[01:07:54.777 E] Error: Unable to write fog, can't find a png ReaderWriter
[01:07:54.777 I] Unloading cell Ascadian Isles Region (-3, -5)
[01:07:54.777 E] Error: Unable to write fog, can't find a png ReaderWriter
[01:07:54.778 I] Loading cell Balmora (-3, -2)
[01:07:54.788 I] Loading cell Balmora (-2, -2)
[01:07:54.789 I] Loading cell Balmora (-4, -2)
[01:07:54.799 I] Global[scripts/bench/global.lua]:	BENCH route cell=-3,-3 pos=(-19000,-24567) simtime=46.96
[01:08:01.184 I] Saving shader settings file: <project>/harness/results/20260906-0049-0b30e7ff4-m2c-core/overlay/shaders.yaml
[01:08:01.185 I] Saving Lua storage "<project>/harness/results/20260906-0049-0b30e7ff4-m2c-core/overlay/global_storage.bin" (140 bytes)
[01:08:01.185 I] Saving Lua storage "<project>/harness/results/20260906-0049-0b30e7ff4-m2c-core/overlay/player_storage.bin" (878 bytes)
[01:08:01.225 I] Saved input bindings: <project>/harness/results/20260906-0049-0b30e7ff4-m2c-core/overlay/input_v3.xml
[01:08:01.270 I] Quitting peacefully.
