[01:06:12.265 *] Crash handler installed
[01:06:12.349 *] Loading config file: <project>/openmw/build/OpenMW.app/Contents/Resources/openmw.cfg
[01:06:12.349 *] Loading config file: <project>/harness/config/openmw.cfg
[01:06:12.350 *] Loading config file: <project>/harness/results/20260906-0049-0b30e7ff4-m2c-core/overlay/openmw.cfg
[01:06:12.350 *] Logs dir: <project>/harness/results/20260906-0049-0b30e7ff4-m2c-core/overlay
[01:06:12.350 *] User data dir: <project>/harness/userdata
[01:06:12.350 *] Screenshots dir: <project>/harness/userdata/screenshots
[01:06:12.350 I] OpenMW version 0.52.0
[01:06:12.350 I] Revision: 0b30e7ff48
[01:06:12.350 I] Loading settings file: <project>/openmw/build/OpenMW.app/Contents/Resources/defaults.bin
[01:06:12.351 I] Loading settings file: <project>/harness/config/settings.cfg
[01:06:12.351 I] Loading settings file: <project>/harness/results/20260906-0049-0b30e7ff4-m2c-core/overlay/settings.cfg
[01:06:12.351 I] Using default (English) font encoding.
[01:06:12.351 W] No such dir: <home>/Library/Application Support/openmw/data
[01:06:12.351 I] OSG version: 3.6.5
[01:06:12.351 I] SDL version: 2.32.10
[01:06:12.351 I] Loading shader settings file: <project>/harness/results/20260906-0049-0b30e7ff4-m2c-core/overlay/shaders.yaml
[01:06:12.375 E] Error: Failed to read window icon, no png readerwriter found
[01:06:12.375 W] Requesting OpenGL 4.1 core profile context
[01:06:12.400 I] OpenGL Vendor: Apple
[01:06:12.400 I] OpenGL Renderer: Apple M5 Pro
[01:06:12.400 I] OpenGL Version: 4.1 Metal - 90.5
[01:06:12.400 I] Core profile: granted 19 version-implied GL features on a GL 4.1 context
[01:06:12.400 I] Core profile: vertex attribute aliasing and matrix uniforms enabled, 26 fixed-function modes disabled
[01:06:12.400 W] GL_ARB_clip_control not supported: disabling reverse-z depth buffer
[01:06:12.400 I] Adding BSA archive <project>/Morrowind/Data Files/Morrowind.bsa
[01:06:12.401 I] Adding BSA archive <project>/Morrowind/Data Files/Tribunal.bsa
[01:06:12.402 I] Adding BSA archive <project>/Morrowind/Data Files/Bloodmoon.bsa
[01:06:12.402 I] Adding data directory <project>/openmw/build/OpenMW.app/Contents/Resources/../Resources/resources/vfs
[01:06:12.403 I] Adding data directory <project>/openmw/build/OpenMW.app/Contents/Resources/../Resources/resources/vfs-mw
[01:06:12.403 I] Adding data directory <project>/Morrowind/Data Files
[01:06:12.418 I] Adding data directory <project>/harness/mod
[01:06:12.423 I] Preferred locales: gmst en
[01:06:12.423 I] Initializing LuaUtil::LuaState without profiler
[01:06:12.423 I] Lua version: Lua 5.1.4 (LuaJIT 2.1.1767980792)
[01:06:12.423 I] Loading keybindings file: <project>/harness/results/20260906-0049-0b30e7ff4-m2c-core/overlay/input_v3.xml
[01:06:12.424 I] Loading TrueType font file fonts/mysticcards.omwfont
[01:06:12.426 I] Loading TrueType font file fonts/demonicletters.omwfont
[01:06:12.427 I] Loading TrueType font file fonts/dejavulgcsansmono.omwfont
[01:06:12.436 I] Sound disabled.
[01:06:12.436 I] Loading Lua storage "<project>/harness/results/20260906-0049-0b30e7ff4-m2c-core/overlay/global_storage.bin" (140 bytes)
[01:06:12.436 I] Loading Lua storage "<project>/harness/results/20260906-0049-0b30e7ff4-m2c-core/overlay/player_storage.bin" (878 bytes)
[01:06:12.439 I] Loading content file builtin.omwscripts
[01:06:12.439 I] Loading content file Morrowind.esm
[01:06:12.439 E] Error loading splash/splash_clannfear.tga: no readerwriter for 'tga' found
[01:06:12.643 I] Loading content file Tribunal.esm
[01:06:12.663 I] Loading content file Bloodmoon.esm
[01:06:12.694 I] Loading content file bench.omwscripts
[01:06:12.694 V] Lua scripts configuration (45 scripts):
[01:06:12.694 V] #0 MENU PLAYER : scripts/omw/mwui/init.lua
[01:06:12.694 V] #1 MENU : scripts/omw/settings/menu.lua
[01:06:12.694 V] #2 PLAYER : scripts/omw/settings/player.lua
[01:06:12.694 V] #3 GLOBAL : scripts/omw/settings/global.lua
[01:06:12.694 V] #4 GLOBAL : scripts/omw/activationhandlers.lua
[01:06:12.694 V] #5 GLOBAL : scripts/omw/usehandlers.lua
[01:06:12.694 V] #6 GLOBAL : scripts/omw/worldeventhandlers.lua
[01:06:12.694 V] #7 GLOBAL : scripts/omw/crimes.lua
[01:06:12.694 V] #8 PLAYER CREATURE NPC : scripts/omw/mechanics/animationcontroller.lua
[01:06:12.694 V] #9 PLAYER : scripts/omw/skillhandlers.lua
[01:06:12.694 V] #10 PLAYER : scripts/omw/mechanics/playercontroller.lua
[01:06:12.694 V] #11 MENU : scripts/omw/camera/settings.lua
[01:06:12.694 V] #12 MENU : scripts/omw/input/settings.lua
[01:06:12.694 V] #13 PLAYER : scripts/omw/input/playercontrols.lua
[01:06:12.694 V] #14 PLAYER : scripts/omw/camera/camera.lua
[01:06:12.694 V] #15 PLAYER : scripts/omw/input/actionbindings.lua
[01:06:12.694 V] #16 PLAYER : scripts/omw/input/smoothmovement.lua
[01:06:12.694 V] #17 PLAYER : scripts/omw/input/gamepadcontrols.lua
[01:06:12.694 V] #18 NPC CREATURE : scripts/omw/ai.lua
[01:06:12.694 V] #19 GLOBAL : scripts/omw/mechanics/globalcontroller.lua
[01:06:12.694 V] #20 PLAYER CREATURE NPC : scripts/omw/mechanics/actorcontroller.lua
[01:06:12.694 V] #21 PLAYER NPC CREATURE : scripts/omw/combat/interface_local.lua
[01:06:12.694 V] #22 GLOBAL : scripts/omw/combat/interface_global.lua
[01:06:12.694 V] #23 PLAYER CREATURE NPC : scripts/omw/spellcasting/interface_local.lua
[01:06:12.694 V] #24 GLOBAL : scripts/omw/spellcasting/interface_global.lua
[01:06:12.694 V] #25 GLOBAL : scripts/omw/mechanics/projectiles.lua
[01:06:12.694 V] #26 PLAYER : scripts/omw/ui.lua
[01:06:12.694 V] #27 MENU : scripts/omw/console/menu.lua
[01:06:12.694 V] #28 PLAYER : scripts/omw/console/player.lua
[01:06:12.694 V] #29 GLOBAL : scripts/omw/console/global.lua
[01:06:12.694 V] #30 CUSTOM : scripts/omw/console/local.lua
[01:06:12.694 V] #31 NPC CREATURE : scripts/omw/music/actor.lua
[01:06:12.694 V] #32 GLOBAL : scripts/omw/cellhandlers.lua
[01:06:12.694 V] #33 GLOBAL : scripts/omw/combat/global.lua
[01:06:12.694 V] #34 PLAYER : scripts/omw/combat/settingspage.lua
[01:06:12.694 V] #35 PLAYER NPC CREATURE : scripts/omw/combat/local.lua
[01:06:12.694 V] #36 PLAYER : scripts/omw/music/music.lua
[01:06:12.694 V] #37 MENU : scripts/omw/music/settings.lua
[01:06:12.694 V] #38 PLAYER : scripts/omw/playerskillhandlers.lua
[01:06:12.694 V] #39 LOAD : scripts/omw/esmfallbacks.lua
[01:06:12.694 V] #40 PLAYER CREATURE NPC : scripts/omw/spellcasting/local.lua
[01:06:12.694 V] #41 DOOR CONTAINER : scripts/omw/spellcasting/lockable.lua
[01:06:12.694 V] #42 GLOBAL : scripts/omw/spellcasting/global.lua
[01:06:12.694 V] #43 GLOBAL : scripts/bench/global.lua
[01:06:12.694 V] #44 PLAYER : scripts/bench/player.lua
[01:06:12.705 V] Enchantment "test magic axe": dropping unexpected skill argument of "FortifyMaximumMagicka" effect
[01:06:12.781 I] Using 1 async physics threads
[01:06:12.781 I] Using <project>/harness/userdata/navmesh.db to store navigation mesh cache
[01:06:12.781 V] Using idle priority for thread=0x16f9d3000
[01:06:12.782 I] Reserving texture units for shadow maps: 13..15
[01:06:12.783 I] Reserving texture unit for opaque depth texture: 12
[01:06:12.783 I] Reserving texture unit for opaque color texture: 11
[01:06:12.783 V] Disabling Multiview (disabled by config)
[01:06:12.787 V] Language file "l10n/Interface/gmst.yaml" is enabled
[01:06:12.788 V] Language file "l10n/Interface/en.yaml" is enabled
[01:06:12.797 V] Language file "l10n/OMWEngine/gmst.yaml" is enabled
[01:06:12.797 V] Language file "l10n/OMWEngine/en.yaml" is enabled
[01:06:12.807 V] Language file "l10n/OMWShaders/en.yaml" is enabled
[01:06:12.814 V] Language file "l10n/OMWCamera/en.yaml" is enabled
[01:06:12.816 V] Language file "l10n/OMWControls/en.yaml" is enabled
[01:06:12.816 V] Language file "l10n/interface/gmst.yaml" is enabled
[01:06:12.816 V] Language file "l10n/interface/en.yaml" is enabled
[01:06:12.816 V] Language file "l10n/Calendar/gmst.yaml" is enabled
[01:06:12.816 V] Language file "l10n/Calendar/en.yaml" is enabled
[01:06:12.817 V] Language file "l10n/OMWMusic/en.yaml" is enabled
[01:06:12.817 I] OSG stats will be written to: <project>/harness/results/20260906-0049-0b30e7ff4-m2c-core/route-r1-stats.txt
[01:06:12.822 I] Starting a new game
[01:06:12.825 V] Language file "l10n/Mechanics/gmst.yaml" is enabled
[01:06:12.825 E] Error loading splash/splash_spherecenturion.tga: no readerwriter for 'tga' found
[01:06:12.851 E] Error loading splash/splash_bonelord.tga: no readerwriter for 'tga' found
[01:06:12.851 I] Loading cell Bitter Coast Region (0, -10)
[01:06:12.870 I] Loading cell Ascadian Isles Region (0, -9)
[01:06:12.889 I] Loading cell Bitter Coast Region (-1, -10)
[01:06:12.896 I] Loading cell Bitter Coast Region (0, -11)
[01:06:12.898 I] Loading cell Ascadian Isles Region (1, -10)
[01:06:12.903 I] Loading cell Bitter Coast Region (-1, -9)
[01:06:12.910 I] Loading cell Ascadian Isles Region (1, -9)
[01:06:12.920 I] Loading cell Bitter Coast Region (-1, -11)
[01:06:12.925 I] Loading cell Ascadian Isles Region (1, -11)
[01:06:12.932 V] Language file "l10n/OMWCombat/en.yaml" is enabled
[01:06:12.961 I] Global[scripts/bench/global.lua]:	BENCH station=route startcell="bitter coast region" frame=1
[01:06:13.056 I] Unloading cell Bitter Coast Region (0, -10)
[01:06:13.057 E] Error: Unable to write fog, can't find a png ReaderWriter
[01:06:13.057 I] Unloading cell Bitter Coast Region (-1, -11)
[01:06:13.058 I] Unloading cell Bitter Coast Region (0, -11)
[01:06:13.058 I] Unloading cell Ascadian Isles Region (0, -9)
[01:06:13.058 I] Unloading cell Ascadian Isles Region (1, -11)
[01:06:13.058 I] Unloading cell Ascadian Isles Region (1, -10)
[01:06:13.059 I] Unloading cell Ascadian Isles Region (1, -9)
[01:06:13.060 I] Loading cell Seyda Neen (-2, -9)
[01:06:13.065 V] Controller R2_Claw02 present more than once in meshes/r/xsiltstrider.kf, ignoring later version
[01:06:13.083 I] Loading cell Bitter Coast Region (-2, -8)
[01:06:13.087 I] Loading cell Bitter Coast Region (-3, -9)
[01:06:13.089 I] Loading cell Seyda Neen (-2, -10)
[01:06:13.089 I] Warning: lookoutScript[local variables] line 41, column 37 (=): invalid operator =, treating it as ==
[01:06:13.092 I] Loading cell Ascadian Isles Region (-1, -8)
[01:06:13.097 I] Loading cell Bitter Coast Region (-3, -8)
[01:06:13.100 I] Loading cell Bitter Coast Region (-3, -10)
[01:06:13.103 I] AiTravel: -8914, -73093, 126
[01:06:13.103 I] Warning: lookoutScript line 41, column 37 (=): invalid operator =, treating it as ==
[01:06:13.103 I] Warning: fallingScript line 46, column 6 (endif): endif without matching if/elseif
[01:06:13.263 I] L@0x1[scripts/bench/player.lua]:	BENCH camera station=route yaw=0 pitch=6
[01:06:13.493 I] Global[scripts/bench/global.lua]:	BENCH station=route ready frame=40 simtime=0.55
[01:06:13.493 I] Global[scripts/bench/global.lua]:	BENCH route cell=-2,-9 pos=(-11000,-69994) simtime=0.55
[01:06:17.955 I] Unloading cell Bitter Coast Region (-1, -10)
[01:06:17.955 I] Unloading cell Bitter Coast Region (-3, -10)
[01:06:17.956 I] Unloading cell Seyda Neen (-2, -10)
[01:06:17.956 I] Loading cell Ascadian Isles Region (-2, -7)
[01:06:17.957 I] Loading cell Ascadian Isles Region (-1, -7)
[01:06:17.959 I] Loading cell Ascadian Isles Region (-3, -7)
[01:06:17.964 I] Global[scripts/bench/global.lua]:	BENCH route cell=-2,-8 pos=(-11000,-65531) simtime=5.01
[01:06:26.291 I] Unloading cell Bitter Coast Region (-1, -9)
[01:06:26.292 I] Unloading cell Seyda Neen (-2, -9)
[01:06:26.293 E] Error: Unable to write fog, can't find a png ReaderWriter
[01:06:26.293 I] Unloading cell Bitter Coast Region (-3, -9)
[01:06:26.293 I] Loading cell Ascadian Isles Region (-2, -6)
[01:06:26.296 I] Loading cell Ascadian Isles Region (-1, -6)
[01:06:26.299 I] Loading cell Ascadian Isles Region (-3, -6)
[01:06:26.306 I] Global[scripts/bench/global.lua]:	BENCH route cell=-2,-7 pos=(-12165,-57338) simtime=13.35
[01:06:34.738 I] Unloading cell Ascadian Isles Region (-1, -8)
[01:06:34.739 I] Unloading cell Bitter Coast Region (-3, -8)
[01:06:34.739 I] Unloading cell Bitter Coast Region (-2, -8)
[01:06:34.740 E] Error: Unable to write fog, can't find a png ReaderWriter
[01:06:34.740 I] Loading cell Ascadian Isles Region (-2, -5)
[01:06:34.741 I] Loading cell Ascadian Isles Region (-1, -5)
[01:06:34.742 I] Loading cell Ascadian Isles Region (-3, -5)
[01:06:34.746 I] Global[scripts/bench/global.lua]:	BENCH route cell=-2,-6 pos=(-14214,-49143) simtime=21.79
[01:06:43.179 I] Unloading cell Ascadian Isles Region (-1, -7)
[01:06:43.179 I] Unloading cell Ascadian Isles Region (-3, -7)
[01:06:43.179 I] Unloading cell Ascadian Isles Region (-2, -7)
[01:06:43.180 E] Error: Unable to write fog, can't find a png ReaderWriter
[01:06:43.180 I] Loading cell Ascadian Isles Region (-2, -4)
[01:06:43.181 I] Loading cell Ascadian Isles Region (-1, -4)
[01:06:43.182 I] Loading cell Ascadian Isles Region (-3, -4)
[01:06:43.187 I] Global[scripts/bench/global.lua]:	BENCH route cell=-2,-5 pos=(-16261,-40955) simtime=30.24
[01:06:43.689 I] Unloading cell Ascadian Isles Region (-1, -4)
[01:06:43.690 I] Unloading cell Ascadian Isles Region (-1, -6)
[01:06:43.690 I] Unloading cell Ascadian Isles Region (-1, -5)
[01:06:43.690 I] Loading cell Ascadian Isles Region (-4, -5)
[01:06:43.692 I] Loading cell Ascadian Isles Region (-4, -4)
[01:06:43.695 I] Loading cell Bitter Coast Region (-4, -6)
[01:06:43.701 I] Global[scripts/bench/global.lua]:	BENCH route cell=-3,-5 pos=(-16385,-40459) simtime=30.75
[01:06:43.707 V] Controller R2_Claw02 present more than once in meshes/r/xsiltstrider.kf, ignoring later version
[01:06:51.625 I] Unloading cell Ascadian Isles Region (-2, -6)
[01:06:51.626 E] Error: Unable to write fog, can't find a png ReaderWriter
[01:06:51.626 I] Unloading cell Ascadian Isles Region (-3, -6)
[01:06:51.626 E] Error: Unable to write fog, can't find a png ReaderWriter
[01:06:51.626 I] Unloading cell Bitter Coast Region (-4, -6)
[01:06:51.627 I] Loading cell Balmora (-3, -3)
[01:06:51.633 I] Loading cell West Gash Region (-2, -3)
[01:06:51.634 I] Loading cell West Gash Region (-4, -3)
[01:06:51.636 I] Warning: OutsideBanner line 38, column 6 (endif): endif without matching if/elseif
[01:06:51.640 I] Global[scripts/bench/global.lua]:	BENCH route cell=-3,-4 pos=(-18309,-32761) simtime=38.68
[01:06:59.905 I] Unloading cell Ascadian Isles Region (-3, -5)
[01:06:59.905 E] Error: Unable to write fog, can't find a png ReaderWriter
[01:06:59.905 I] Unloading cell Ascadian Isles Region (-2, -5)
[01:06:59.906 E] Error: Unable to write fog, can't find a png ReaderWriter
[01:06:59.906 I] Unloading cell Ascadian Isles Region (-4, -5)
[01:06:59.906 I] Loading cell Balmora (-3, -2)
[01:06:59.917 I] Loading cell Balmora (-2, -2)
[01:06:59.919 I] Loading cell Balmora (-4, -2)
[01:06:59.926 I] Global[scripts/bench/global.lua]:	BENCH route cell=-3,-3 pos=(-19000,-24566) simtime=46.96
[01:07:06.414 I] Saving shader settings file: <project>/harness/results/20260906-0049-0b30e7ff4-m2c-core/overlay/shaders.yaml
[01:07:06.414 I] Saving Lua storage "<project>/harness/results/20260906-0049-0b30e7ff4-m2c-core/overlay/global_storage.bin" (140 bytes)
[01:07:06.414 I] Saving Lua storage "<project>/harness/results/20260906-0049-0b30e7ff4-m2c-core/overlay/player_storage.bin" (878 bytes)
[01:07:06.452 I] Saved input bindings: <project>/harness/results/20260906-0049-0b30e7ff4-m2c-core/overlay/input_v3.xml
[01:07:06.503 I] Quitting peacefully.
