[01:08:01.951 *] Crash handler installed
[01:08:02.021 *] Loading config file: <project>/openmw/build/OpenMW.app/Contents/Resources/openmw.cfg
[01:08:02.022 *] Loading config file: <project>/harness/config/openmw.cfg
[01:08:02.022 *] Loading config file: <project>/harness/results/20260906-0049-0b30e7ff4-m2c-core/overlay/openmw.cfg
[01:08:02.023 *] Logs dir: <project>/harness/results/20260906-0049-0b30e7ff4-m2c-core/overlay
[01:08:02.023 *] User data dir: <project>/harness/userdata
[01:08:02.023 *] Screenshots dir: <project>/harness/userdata/screenshots
[01:08:02.023 I] OpenMW version 0.52.0
[01:08:02.023 I] Revision: 0b30e7ff48
[01:08:02.023 I] Loading settings file: <project>/openmw/build/OpenMW.app/Contents/Resources/defaults.bin
[01:08:02.023 I] Loading settings file: <project>/harness/config/settings.cfg
[01:08:02.024 I] Loading settings file: <project>/harness/results/20260906-0049-0b30e7ff4-m2c-core/overlay/settings.cfg
[01:08:02.024 I] Using default (English) font encoding.
[01:08:02.024 W] No such dir: <home>/Library/Application Support/openmw/data
[01:08:02.024 I] OSG version: 3.6.5
[01:08:02.024 I] SDL version: 2.32.10
[01:08:02.024 I] Loading shader settings file: <project>/harness/results/20260906-0049-0b30e7ff4-m2c-core/overlay/shaders.yaml
[01:08:02.043 E] Error: Failed to read window icon, no png readerwriter found
[01:08:02.043 W] Requesting OpenGL 4.1 core profile context
[01:08:02.067 I] OpenGL Vendor: Apple
[01:08:02.067 I] OpenGL Renderer: Apple M5 Pro
[01:08:02.067 I] OpenGL Version: 4.1 Metal - 90.5
[01:08:02.067 I] Core profile: granted 19 version-implied GL features on a GL 4.1 context
[01:08:02.067 I] Core profile: vertex attribute aliasing and matrix uniforms enabled, 26 fixed-function modes disabled
[01:08:02.067 W] GL_ARB_clip_control not supported: disabling reverse-z depth buffer
[01:08:02.067 I] Adding BSA archive <project>/Morrowind/Data Files/Morrowind.bsa
[01:08:02.068 I] Adding BSA archive <project>/Morrowind/Data Files/Tribunal.bsa
[01:08:02.069 I] Adding BSA archive <project>/Morrowind/Data Files/Bloodmoon.bsa
[01:08:02.069 I] Adding data directory <project>/openmw/build/OpenMW.app/Contents/Resources/../Resources/resources/vfs
[01:08:02.069 I] Adding data directory <project>/openmw/build/OpenMW.app/Contents/Resources/../Resources/resources/vfs-mw
[01:08:02.070 I] Adding data directory <project>/Morrowind/Data Files
[01:08:02.084 I] Adding data directory <project>/harness/mod
[01:08:02.089 I] Preferred locales: gmst en
[01:08:02.089 I] Initializing LuaUtil::LuaState without profiler
[01:08:02.089 I] Lua version: Lua 5.1.4 (LuaJIT 2.1.1767980792)
[01:08:02.089 I] Loading keybindings file: <project>/harness/results/20260906-0049-0b30e7ff4-m2c-core/overlay/input_v3.xml
[01:08:02.090 I] Loading TrueType font file fonts/mysticcards.omwfont
[01:08:02.093 I] Loading TrueType font file fonts/demonicletters.omwfont
[01:08:02.093 I] Loading TrueType font file fonts/dejavulgcsansmono.omwfont
[01:08:02.103 I] Sound disabled.
[01:08:02.104 I] Loading Lua storage "<project>/harness/results/20260906-0049-0b30e7ff4-m2c-core/overlay/global_storage.bin" (140 bytes)
[01:08:02.104 I] Loading Lua storage "<project>/harness/results/20260906-0049-0b30e7ff4-m2c-core/overlay/player_storage.bin" (878 bytes)
[01:08:02.106 I] Loading content file builtin.omwscripts
[01:08:02.107 I] Loading content file Morrowind.esm
[01:08:02.107 E] Error loading splash/splash_siltstriker.tga: no readerwriter for 'tga' found
[01:08:02.320 I] Loading content file Tribunal.esm
[01:08:02.341 I] Loading content file Bloodmoon.esm
[01:08:02.376 I] Loading content file bench.omwscripts
[01:08:02.376 V] Lua scripts configuration (45 scripts):
[01:08:02.376 V] #0 MENU PLAYER : scripts/omw/mwui/init.lua
[01:08:02.376 V] #1 MENU : scripts/omw/settings/menu.lua
[01:08:02.376 V] #2 PLAYER : scripts/omw/settings/player.lua
[01:08:02.376 V] #3 GLOBAL : scripts/omw/settings/global.lua
[01:08:02.376 V] #4 GLOBAL : scripts/omw/activationhandlers.lua
[01:08:02.376 V] #5 GLOBAL : scripts/omw/usehandlers.lua
[01:08:02.376 V] #6 GLOBAL : scripts/omw/worldeventhandlers.lua
[01:08:02.376 V] #7 GLOBAL : scripts/omw/crimes.lua
[01:08:02.376 V] #8 PLAYER CREATURE NPC : scripts/omw/mechanics/animationcontroller.lua
[01:08:02.376 V] #9 PLAYER : scripts/omw/skillhandlers.lua
[01:08:02.376 V] #10 PLAYER : scripts/omw/mechanics/playercontroller.lua
[01:08:02.376 V] #11 MENU : scripts/omw/camera/settings.lua
[01:08:02.376 V] #12 MENU : scripts/omw/input/settings.lua
[01:08:02.376 V] #13 PLAYER : scripts/omw/input/playercontrols.lua
[01:08:02.376 V] #14 PLAYER : scripts/omw/camera/camera.lua
[01:08:02.376 V] #15 PLAYER : scripts/omw/input/actionbindings.lua
[01:08:02.376 V] #16 PLAYER : scripts/omw/input/smoothmovement.lua
[01:08:02.376 V] #17 PLAYER : scripts/omw/input/gamepadcontrols.lua
[01:08:02.376 V] #18 NPC CREATURE : scripts/omw/ai.lua
[01:08:02.376 V] #19 GLOBAL : scripts/omw/mechanics/globalcontroller.lua
[01:08:02.376 V] #20 PLAYER CREATURE NPC : scripts/omw/mechanics/actorcontroller.lua
[01:08:02.376 V] #21 PLAYER NPC CREATURE : scripts/omw/combat/interface_local.lua
[01:08:02.376 V] #22 GLOBAL : scripts/omw/combat/interface_global.lua
[01:08:02.376 V] #23 PLAYER CREATURE NPC : scripts/omw/spellcasting/interface_local.lua
[01:08:02.376 V] #24 GLOBAL : scripts/omw/spellcasting/interface_global.lua
[01:08:02.376 V] #25 GLOBAL : scripts/omw/mechanics/projectiles.lua
[01:08:02.376 V] #26 PLAYER : scripts/omw/ui.lua
[01:08:02.376 V] #27 MENU : scripts/omw/console/menu.lua
[01:08:02.376 V] #28 PLAYER : scripts/omw/console/player.lua
[01:08:02.376 V] #29 GLOBAL : scripts/omw/console/global.lua
[01:08:02.376 V] #30 CUSTOM : scripts/omw/console/local.lua
[01:08:02.376 V] #31 NPC CREATURE : scripts/omw/music/actor.lua
[01:08:02.376 V] #32 GLOBAL : scripts/omw/cellhandlers.lua
[01:08:02.376 V] #33 GLOBAL : scripts/omw/combat/global.lua
[01:08:02.376 V] #34 PLAYER : scripts/omw/combat/settingspage.lua
[01:08:02.376 V] #35 PLAYER NPC CREATURE : scripts/omw/combat/local.lua
[01:08:02.376 V] #36 PLAYER : scripts/omw/music/music.lua
[01:08:02.376 V] #37 MENU : scripts/omw/music/settings.lua
[01:08:02.376 V] #38 PLAYER : scripts/omw/playerskillhandlers.lua
[01:08:02.376 V] #39 LOAD : scripts/omw/esmfallbacks.lua
[01:08:02.376 V] #40 PLAYER CREATURE NPC : scripts/omw/spellcasting/local.lua
[01:08:02.376 V] #41 DOOR CONTAINER : scripts/omw/spellcasting/lockable.lua
[01:08:02.376 V] #42 GLOBAL : scripts/omw/spellcasting/global.lua
[01:08:02.376 V] #43 GLOBAL : scripts/bench/global.lua
[01:08:02.376 V] #44 PLAYER : scripts/bench/player.lua
[01:08:02.388 V] Enchantment "test magic axe": dropping unexpected skill argument of "FortifyMaximumMagicka" effect
[01:08:02.465 I] Using 1 async physics threads
[01:08:02.465 I] Using <project>/harness/userdata/navmesh.db to store navigation mesh cache
[01:08:02.465 V] Using idle priority for thread=0x16f68f000
[01:08:02.466 I] Reserving texture units for shadow maps: 13..15
[01:08:02.467 I] Reserving texture unit for opaque depth texture: 12
[01:08:02.467 I] Reserving texture unit for opaque color texture: 11
[01:08:02.467 V] Disabling Multiview (disabled by config)
[01:08:02.471 V] Language file "l10n/Interface/gmst.yaml" is enabled
[01:08:02.472 V] Language file "l10n/Interface/en.yaml" is enabled
[01:08:02.481 V] Language file "l10n/OMWEngine/gmst.yaml" is enabled
[01:08:02.481 V] Language file "l10n/OMWEngine/en.yaml" is enabled
[01:08:02.491 V] Language file "l10n/OMWShaders/en.yaml" is enabled
[01:08:02.499 V] Language file "l10n/OMWCamera/en.yaml" is enabled
[01:08:02.500 V] Language file "l10n/OMWControls/en.yaml" is enabled
[01:08:02.500 V] Language file "l10n/interface/gmst.yaml" is enabled
[01:08:02.500 V] Language file "l10n/interface/en.yaml" is enabled
[01:08:02.501 V] Language file "l10n/Calendar/gmst.yaml" is enabled
[01:08:02.501 V] Language file "l10n/Calendar/en.yaml" is enabled
[01:08:02.501 V] Language file "l10n/OMWMusic/en.yaml" is enabled
[01:08:02.501 I] OSG stats will be written to: <project>/harness/results/20260906-0049-0b30e7ff4-m2c-core/route-r3-stats.txt
[01:08:02.506 I] Starting a new game
[01:08:02.508 V] Language file "l10n/Mechanics/gmst.yaml" is enabled
[01:08:02.509 E] Error loading splash/splash_clannfear.tga: no readerwriter for 'tga' found
[01:08:02.535 E] Error loading splash/splash_spherecenturion.tga: no readerwriter for 'tga' found
[01:08:02.535 I] Loading cell Bitter Coast Region (0, -10)
[01:08:02.553 I] Loading cell Ascadian Isles Region (0, -9)
[01:08:02.574 I] Loading cell Bitter Coast Region (-1, -10)
[01:08:02.581 I] Loading cell Bitter Coast Region (0, -11)
[01:08:02.583 I] Loading cell Ascadian Isles Region (1, -10)
[01:08:02.588 I] Loading cell Bitter Coast Region (-1, -9)
[01:08:02.594 I] Loading cell Ascadian Isles Region (1, -9)
[01:08:02.604 I] Loading cell Bitter Coast Region (-1, -11)
[01:08:02.610 I] Loading cell Ascadian Isles Region (1, -11)
[01:08:02.616 V] Language file "l10n/OMWCombat/en.yaml" is enabled
[01:08:02.646 I] Global[scripts/bench/global.lua]:	BENCH station=route startcell="bitter coast region" frame=1
[01:08:02.744 I] Unloading cell Bitter Coast Region (0, -10)
[01:08:02.745 E] Error: Unable to write fog, can't find a png ReaderWriter
[01:08:02.745 I] Unloading cell Bitter Coast Region (-1, -11)
[01:08:02.745 I] Unloading cell Bitter Coast Region (0, -11)
[01:08:02.745 I] Unloading cell Ascadian Isles Region (0, -9)
[01:08:02.746 I] Unloading cell Ascadian Isles Region (1, -11)
[01:08:02.746 I] Unloading cell Ascadian Isles Region (1, -10)
[01:08:02.746 I] Unloading cell Ascadian Isles Region (1, -9)
[01:08:02.747 I] Loading cell Seyda Neen (-2, -9)
[01:08:02.752 V] Controller R2_Claw02 present more than once in meshes/r/xsiltstrider.kf, ignoring later version
[01:08:02.770 I] Loading cell Bitter Coast Region (-2, -8)
[01:08:02.774 I] Loading cell Bitter Coast Region (-3, -9)
[01:08:02.777 I] Loading cell Seyda Neen (-2, -10)
[01:08:02.777 I] Warning: lookoutScript[local variables] line 41, column 37 (=): invalid operator =, treating it as ==
[01:08:02.780 I] Loading cell Ascadian Isles Region (-1, -8)
[01:08:02.785 I] Loading cell Bitter Coast Region (-3, -8)
[01:08:02.788 I] Loading cell Bitter Coast Region (-3, -10)
[01:08:02.791 I] AiTravel: -8914, -73093, 126
[01:08:02.791 I] Warning: lookoutScript line 41, column 37 (=): invalid operator =, treating it as ==
[01:08:02.791 I] Warning: fallingScript line 46, column 6 (endif): endif without matching if/elseif
[01:08:02.890 I] L@0x1[scripts/bench/player.lua]:	BENCH camera station=route yaw=0 pitch=6
[01:08:03.138 I] Global[scripts/bench/global.lua]:	BENCH station=route ready frame=40 simtime=0.51
[01:08:03.138 I] Global[scripts/bench/global.lua]:	BENCH route cell=-2,-9 pos=(-11000,-69993) simtime=0.51
[01:08:07.601 I] Unloading cell Bitter Coast Region (-1, -10)
[01:08:07.602 I] Unloading cell Seyda Neen (-2, -10)
[01:08:07.602 I] Unloading cell Bitter Coast Region (-3, -10)
[01:08:07.603 I] Loading cell Ascadian Isles Region (-2, -7)
[01:08:07.604 I] Loading cell Ascadian Isles Region (-1, -7)
[01:08:07.605 I] Loading cell Ascadian Isles Region (-3, -7)
[01:08:07.611 I] Global[scripts/bench/global.lua]:	BENCH route cell=-2,-8 pos=(-11000,-65528) simtime=4.98
[01:08:15.934 I] Unloading cell Bitter Coast Region (-1, -9)
[01:08:15.935 I] Unloading cell Bitter Coast Region (-3, -9)
[01:08:15.935 I] Unloading cell Seyda Neen (-2, -9)
[01:08:15.936 E] Error: Unable to write fog, can't find a png ReaderWriter
[01:08:15.936 I] Loading cell Ascadian Isles Region (-2, -6)
[01:08:15.939 I] Loading cell Ascadian Isles Region (-1, -6)
[01:08:15.941 I] Loading cell Ascadian Isles Region (-3, -6)
[01:08:15.950 I] Global[scripts/bench/global.lua]:	BENCH route cell=-2,-7 pos=(-12165,-57339) simtime=13.31
[01:08:24.385 I] Unloading cell Ascadian Isles Region (-1, -8)
[01:08:24.385 I] Unloading cell Bitter Coast Region (-2, -8)
[01:08:24.386 E] Error: Unable to write fog, can't find a png ReaderWriter
[01:08:24.386 I] Unloading cell Bitter Coast Region (-3, -8)
[01:08:24.386 I] Loading cell Ascadian Isles Region (-2, -5)
[01:08:24.387 I] Loading cell Ascadian Isles Region (-1, -5)
[01:08:24.389 I] Loading cell Ascadian Isles Region (-3, -5)
[01:08:24.394 I] Global[scripts/bench/global.lua]:	BENCH route cell=-2,-6 pos=(-14214,-49141) simtime=21.76
[01:08:32.820 I] Unloading cell Ascadian Isles Region (-2, -7)
[01:08:32.821 E] Error: Unable to write fog, can't find a png ReaderWriter
[01:08:32.821 I] Unloading cell Ascadian Isles Region (-3, -7)
[01:08:32.821 I] Unloading cell Ascadian Isles Region (-1, -7)
[01:08:32.821 I] Loading cell Ascadian Isles Region (-2, -4)
[01:08:32.822 I] Loading cell Ascadian Isles Region (-1, -4)
[01:08:32.823 I] Loading cell Ascadian Isles Region (-3, -4)
[01:08:32.829 I] Global[scripts/bench/global.lua]:	BENCH route cell=-2,-5 pos=(-16260,-40957) simtime=30.20
[01:08:33.336 I] Unloading cell Ascadian Isles Region (-1, -5)
[01:08:33.336 I] Unloading cell Ascadian Isles Region (-1, -6)
[01:08:33.336 I] Unloading cell Ascadian Isles Region (-1, -4)
[01:08:33.337 I] Loading cell Ascadian Isles Region (-4, -5)
[01:08:33.338 I] Loading cell Ascadian Isles Region (-4, -4)
[01:08:33.341 I] Loading cell Bitter Coast Region (-4, -6)
[01:08:33.345 I] Global[scripts/bench/global.lua]:	BENCH route cell=-3,-5 pos=(-16385,-40457) simtime=30.72
[01:08:39.797 V] Controller R2_Claw02 present more than once in meshes/r/xsiltstrider.kf, ignoring later version
[01:08:41.268 I] Unloading cell Bitter Coast Region (-4, -6)
[01:08:41.269 I] Unloading cell Ascadian Isles Region (-3, -6)
[01:08:41.269 E] Error: Unable to write fog, can't find a png ReaderWriter
[01:08:41.269 I] Unloading cell Ascadian Isles Region (-2, -6)
[01:08:41.270 E] Error: Unable to write fog, can't find a png ReaderWriter
[01:08:41.270 I] Loading cell Balmora (-3, -3)
[01:08:41.276 I] Loading cell West Gash Region (-2, -3)
[01:08:41.277 I] Loading cell West Gash Region (-4, -3)
[01:08:41.279 I] Warning: OutsideBanner line 38, column 6 (endif): endif without matching if/elseif
[01:08:41.285 I] Global[scripts/bench/global.lua]:	BENCH route cell=-3,-4 pos=(-18309,-32761) simtime=38.65
[01:08:49.551 I] Unloading cell Ascadian Isles Region (-4, -5)
[01:08:49.551 I] Unloading cell Ascadian Isles Region (-2, -5)
[01:08:49.552 E] Error: Unable to write fog, can't find a png ReaderWriter
[01:08:49.552 I] Unloading cell Ascadian Isles Region (-3, -5)
[01:08:49.552 E] Error: Unable to write fog, can't find a png ReaderWriter
[01:08:49.553 I] Loading cell Balmora (-3, -2)
[01:08:49.563 I] Loading cell Balmora (-2, -2)
[01:08:49.565 I] Loading cell Balmora (-4, -2)
[01:08:49.577 I] Global[scripts/bench/global.lua]:	BENCH route cell=-3,-3 pos=(-19000,-24564) simtime=46.93
[01:08:55.942 I] Saving shader settings file: <project>/harness/results/20260906-0049-0b30e7ff4-m2c-core/overlay/shaders.yaml
[01:08:55.942 I] Saving Lua storage "<project>/harness/results/20260906-0049-0b30e7ff4-m2c-core/overlay/global_storage.bin" (140 bytes)
[01:08:55.942 I] Saving Lua storage "<project>/harness/results/20260906-0049-0b30e7ff4-m2c-core/overlay/player_storage.bin" (878 bytes)
[01:08:55.985 I] Saved input bindings: <project>/harness/results/20260906-0049-0b30e7ff4-m2c-core/overlay/input_v3.xml
[01:08:56.031 I] Quitting peacefully.
