[01:09:53.364 *] Crash handler installed
[01:09:53.423 *] Loading config file: <project>/openmw/build/OpenMW.app/Contents/Resources/openmw.cfg
[01:09:53.423 *] Loading config file: <project>/harness/config/openmw.cfg
[01:09:53.424 *] Loading config file: <project>/harness/results/20260906-0049-0b30e7ff4-m2c-core/overlay/openmw.cfg
[01:09:53.424 *] Logs dir: <project>/harness/results/20260906-0049-0b30e7ff4-m2c-core/overlay
[01:09:53.424 *] User data dir: <project>/harness/userdata
[01:09:53.424 *] Screenshots dir: <project>/harness/userdata/screenshots
[01:09:53.424 I] OpenMW version 0.52.0
[01:09:53.424 I] Revision: 0b30e7ff48
[01:09:53.424 I] Loading settings file: <project>/openmw/build/OpenMW.app/Contents/Resources/defaults.bin
[01:09:53.425 I] Loading settings file: <project>/harness/config/settings.cfg
[01:09:53.425 I] Loading settings file: <project>/harness/results/20260906-0049-0b30e7ff4-m2c-core/overlay/settings.cfg
[01:09:53.425 I] Using default (English) font encoding.
[01:09:53.425 W] No such dir: <home>/Library/Application Support/openmw/data
[01:09:53.425 I] OSG version: 3.6.5
[01:09:53.425 I] SDL version: 2.32.10
[01:09:53.425 I] Loading shader settings file: <project>/harness/results/20260906-0049-0b30e7ff4-m2c-core/overlay/shaders.yaml
[01:09:53.442 E] Error: Failed to read window icon, no png readerwriter found
[01:09:53.442 W] Requesting OpenGL 4.1 core profile context
[01:09:53.469 I] OpenGL Vendor: Apple
[01:09:53.469 I] OpenGL Renderer: Apple M5 Pro
[01:09:53.470 I] OpenGL Version: 4.1 Metal - 90.5
[01:09:53.470 I] Core profile: granted 19 version-implied GL features on a GL 4.1 context
[01:09:53.470 I] Core profile: vertex attribute aliasing and matrix uniforms enabled, 26 fixed-function modes disabled
[01:09:53.470 W] GL_ARB_clip_control not supported: disabling reverse-z depth buffer
[01:09:53.470 I] Adding BSA archive <project>/Morrowind/Data Files/Morrowind.bsa
[01:09:53.471 I] Adding BSA archive <project>/Morrowind/Data Files/Tribunal.bsa
[01:09:53.471 I] Adding BSA archive <project>/Morrowind/Data Files/Bloodmoon.bsa
[01:09:53.471 I] Adding data directory <project>/openmw/build/OpenMW.app/Contents/Resources/../Resources/resources/vfs
[01:09:53.472 I] Adding data directory <project>/openmw/build/OpenMW.app/Contents/Resources/../Resources/resources/vfs-mw
[01:09:53.472 I] Adding data directory <project>/Morrowind/Data Files
[01:09:53.487 I] Adding data directory <project>/harness/mod
[01:09:53.492 I] Preferred locales: gmst en
[01:09:53.492 I] Initializing LuaUtil::LuaState without profiler
[01:09:53.492 I] Lua version: Lua 5.1.4 (LuaJIT 2.1.1767980792)
[01:09:53.492 I] Loading keybindings file: <project>/harness/results/20260906-0049-0b30e7ff4-m2c-core/overlay/input_v3.xml
[01:09:53.492 I] Loading TrueType font file fonts/mysticcards.omwfont
[01:09:53.495 I] Loading TrueType font file fonts/demonicletters.omwfont
[01:09:53.496 I] Loading TrueType font file fonts/dejavulgcsansmono.omwfont
[01:09:53.504 I] Sound disabled.
[01:09:53.504 I] Loading Lua storage "<project>/harness/results/20260906-0049-0b30e7ff4-m2c-core/overlay/global_storage.bin" (140 bytes)
[01:09:53.504 I] Loading Lua storage "<project>/harness/results/20260906-0049-0b30e7ff4-m2c-core/overlay/player_storage.bin" (878 bytes)
[01:09:53.507 I] Loading content file builtin.omwscripts
[01:09:53.507 E] Error loading splash/splash_netch.tga: no readerwriter for 'tga' found
[01:09:53.507 I] Loading content file Morrowind.esm
[01:09:53.661 I] Loading content file Tribunal.esm
[01:09:53.681 I] Loading content file Bloodmoon.esm
[01:09:53.707 I] Loading content file bench.omwscripts
[01:09:53.707 V] Lua scripts configuration (45 scripts):
[01:09:53.707 V] #0 MENU PLAYER : scripts/omw/mwui/init.lua
[01:09:53.707 V] #1 MENU : scripts/omw/settings/menu.lua
[01:09:53.707 V] #2 PLAYER : scripts/omw/settings/player.lua
[01:09:53.707 V] #3 GLOBAL : scripts/omw/settings/global.lua
[01:09:53.707 V] #4 GLOBAL : scripts/omw/activationhandlers.lua
[01:09:53.707 V] #5 GLOBAL : scripts/omw/usehandlers.lua
[01:09:53.707 V] #6 GLOBAL : scripts/omw/worldeventhandlers.lua
[01:09:53.707 V] #7 GLOBAL : scripts/omw/crimes.lua
[01:09:53.707 V] #8 PLAYER CREATURE NPC : scripts/omw/mechanics/animationcontroller.lua
[01:09:53.707 V] #9 PLAYER : scripts/omw/skillhandlers.lua
[01:09:53.707 V] #10 PLAYER : scripts/omw/mechanics/playercontroller.lua
[01:09:53.707 V] #11 MENU : scripts/omw/camera/settings.lua
[01:09:53.708 V] #12 MENU : scripts/omw/input/settings.lua
[01:09:53.708 V] #13 PLAYER : scripts/omw/input/playercontrols.lua
[01:09:53.708 V] #14 PLAYER : scripts/omw/camera/camera.lua
[01:09:53.708 V] #15 PLAYER : scripts/omw/input/actionbindings.lua
[01:09:53.708 V] #16 PLAYER : scripts/omw/input/smoothmovement.lua
[01:09:53.708 V] #17 PLAYER : scripts/omw/input/gamepadcontrols.lua
[01:09:53.708 V] #18 NPC CREATURE : scripts/omw/ai.lua
[01:09:53.708 V] #19 GLOBAL : scripts/omw/mechanics/globalcontroller.lua
[01:09:53.708 V] #20 PLAYER CREATURE NPC : scripts/omw/mechanics/actorcontroller.lua
[01:09:53.708 V] #21 PLAYER NPC CREATURE : scripts/omw/combat/interface_local.lua
[01:09:53.708 V] #22 GLOBAL : scripts/omw/combat/interface_global.lua
[01:09:53.708 V] #23 PLAYER CREATURE NPC : scripts/omw/spellcasting/interface_local.lua
[01:09:53.708 V] #24 GLOBAL : scripts/omw/spellcasting/interface_global.lua
[01:09:53.708 V] #25 GLOBAL : scripts/omw/mechanics/projectiles.lua
[01:09:53.708 V] #26 PLAYER : scripts/omw/ui.lua
[01:09:53.708 V] #27 MENU : scripts/omw/console/menu.lua
[01:09:53.708 V] #28 PLAYER : scripts/omw/console/player.lua
[01:09:53.708 V] #29 GLOBAL : scripts/omw/console/global.lua
[01:09:53.708 V] #30 CUSTOM : scripts/omw/console/local.lua
[01:09:53.708 V] #31 NPC CREATURE : scripts/omw/music/actor.lua
[01:09:53.708 V] #32 GLOBAL : scripts/omw/cellhandlers.lua
[01:09:53.708 V] #33 GLOBAL : scripts/omw/combat/global.lua
[01:09:53.708 V] #34 PLAYER : scripts/omw/combat/settingspage.lua
[01:09:53.708 V] #35 PLAYER NPC CREATURE : scripts/omw/combat/local.lua
[01:09:53.708 V] #36 PLAYER : scripts/omw/music/music.lua
[01:09:53.708 V] #37 MENU : scripts/omw/music/settings.lua
[01:09:53.708 V] #38 PLAYER : scripts/omw/playerskillhandlers.lua
[01:09:53.708 V] #39 LOAD : scripts/omw/esmfallbacks.lua
[01:09:53.708 V] #40 PLAYER CREATURE NPC : scripts/omw/spellcasting/local.lua
[01:09:53.708 V] #41 DOOR CONTAINER : scripts/omw/spellcasting/lockable.lua
[01:09:53.708 V] #42 GLOBAL : scripts/omw/spellcasting/global.lua
[01:09:53.708 V] #43 GLOBAL : scripts/bench/global.lua
[01:09:53.708 V] #44 PLAYER : scripts/bench/player.lua
[01:09:53.718 V] Enchantment "test magic axe": dropping unexpected skill argument of "FortifyMaximumMagicka" effect
[01:09:53.790 I] Using 1 async physics threads
[01:09:53.790 I] Using <project>/harness/userdata/navmesh.db to store navigation mesh cache
[01:09:53.790 V] Using idle priority for thread=0x16b593000
[01:09:53.790 I] Reserving texture units for shadow maps: 13..15
[01:09:53.792 I] Reserving texture unit for opaque depth texture: 12
[01:09:53.792 I] Reserving texture unit for opaque color texture: 11
[01:09:53.792 V] Disabling Multiview (disabled by config)
[01:09:53.796 V] Language file "l10n/Interface/gmst.yaml" is enabled
[01:09:53.796 V] Language file "l10n/Interface/en.yaml" is enabled
[01:09:53.804 V] Language file "l10n/OMWEngine/gmst.yaml" is enabled
[01:09:53.805 V] Language file "l10n/OMWEngine/en.yaml" is enabled
[01:09:53.814 V] Language file "l10n/OMWShaders/en.yaml" is enabled
[01:09:53.822 V] Language file "l10n/OMWCamera/en.yaml" is enabled
[01:09:53.824 V] Language file "l10n/OMWControls/en.yaml" is enabled
[01:09:53.824 V] Language file "l10n/interface/gmst.yaml" is enabled
[01:09:53.824 V] Language file "l10n/interface/en.yaml" is enabled
[01:09:53.824 V] Language file "l10n/Calendar/gmst.yaml" is enabled
[01:09:53.824 V] Language file "l10n/Calendar/en.yaml" is enabled
[01:09:53.825 V] Language file "l10n/OMWMusic/en.yaml" is enabled
[01:09:53.825 I] OSG stats will be written to: <project>/harness/results/20260906-0049-0b30e7ff4-m2c-core/sky-r2-stats.txt
[01:09:53.830 I] Starting a new game
[01:09:53.833 V] Language file "l10n/Mechanics/gmst.yaml" is enabled
[01:09:53.834 E] Error loading splash/splash_daedroth.tga: no readerwriter for 'tga' found
[01:09:53.860 E] Error loading splash/splash_clanndaddy.tga: no readerwriter for 'tga' found
[01:09:53.860 I] Loading cell Pelagiad (0, -7)
[01:09:53.896 I] Loading cell Ascadian Isles Region (0, -6)
[01:09:53.906 I] Loading cell Ascadian Isles Region (-1, -7)
[01:09:53.918 I] Loading cell Pelagiad (0, -8)
[01:09:53.921 I] Loading cell Ascadian Isles Region (1, -7)
[01:09:53.931 I] Loading cell Ascadian Isles Region (-1, -6)
[01:09:53.934 I] Loading cell Ascadian Isles Region (1, -6)
[01:09:53.943 I] Loading cell Ascadian Isles Region (-1, -8)
[01:09:53.945 I] Loading cell Ascadian Isles Region (1, -8)
[01:09:53.953 V] Language file "l10n/OMWCombat/en.yaml" is enabled
[01:09:53.965 I] Warning: OutsideBanner line 38, column 6 (endif): endif without matching if/elseif
[01:09:53.981 I] Global[scripts/bench/global.lua]:	BENCH station=sky startcell="pelagiad" frame=1
[01:09:54.080 I] L@0x1[scripts/bench/player.lua]:	BENCH camera station=sky yaw=0 pitch=-60
[01:09:54.186 I] Global[scripts/bench/global.lua]:	BENCH station=sky ready frame=40 simtime=0.23
[01:10:47.356 I] Saving shader settings file: <project>/harness/results/20260906-0049-0b30e7ff4-m2c-core/overlay/shaders.yaml
[01:10:47.356 I] Saving Lua storage "<project>/harness/results/20260906-0049-0b30e7ff4-m2c-core/overlay/global_storage.bin" (140 bytes)
[01:10:47.356 I] Saving Lua storage "<project>/harness/results/20260906-0049-0b30e7ff4-m2c-core/overlay/player_storage.bin" (878 bytes)
[01:10:47.388 I] Saved input bindings: <project>/harness/results/20260906-0049-0b30e7ff4-m2c-core/overlay/input_v3.xml
[01:10:47.418 I] Quitting peacefully.
