[00:56:10.915 *] Crash handler installed
[00:56:10.988 *] Loading config file: <project>/openmw/build/OpenMW.app/Contents/Resources/openmw.cfg
[00:56:10.988 *] Loading config file: <project>/harness/config/openmw.cfg
[00:56:10.989 *] Loading config file: <project>/harness/results/20260906-0049-0b30e7ff4-m2c-core/overlay/openmw.cfg
[00:56:10.989 *] Logs dir: <project>/harness/results/20260906-0049-0b30e7ff4-m2c-core/overlay
[00:56:10.989 *] User data dir: <project>/harness/userdata
[00:56:10.989 *] Screenshots dir: <project>/harness/userdata/screenshots
[00:56:10.989 I] OpenMW version 0.52.0
[00:56:10.989 I] Revision: 0b30e7ff48
[00:56:10.989 I] Loading settings file: <project>/openmw/build/OpenMW.app/Contents/Resources/defaults.bin
[00:56:10.990 I] Loading settings file: <project>/harness/config/settings.cfg
[00:56:10.990 I] Loading settings file: <project>/harness/results/20260906-0049-0b30e7ff4-m2c-core/overlay/settings.cfg
[00:56:10.990 I] Using default (English) font encoding.
[00:56:10.990 W] No such dir: <home>/Library/Application Support/openmw/data
[00:56:10.990 I] OSG version: 3.6.5
[00:56:10.990 I] SDL version: 2.32.10
[00:56:10.990 I] Loading shader settings file: <project>/harness/results/20260906-0049-0b30e7ff4-m2c-core/overlay/shaders.yaml
[00:56:11.008 E] Error: Failed to read window icon, no png readerwriter found
[00:56:11.008 W] Requesting OpenGL 4.1 core profile context
[00:56:11.034 I] OpenGL Vendor: Apple
[00:56:11.034 I] OpenGL Renderer: Apple M5 Pro
[00:56:11.034 I] OpenGL Version: 4.1 Metal - 90.5
[00:56:11.034 I] Core profile: granted 19 version-implied GL features on a GL 4.1 context
[00:56:11.034 I] Core profile: vertex attribute aliasing and matrix uniforms enabled, 26 fixed-function modes disabled
[00:56:11.034 W] GL_ARB_clip_control not supported: disabling reverse-z depth buffer
[00:56:11.034 I] Adding BSA archive <project>/Morrowind/Data Files/Morrowind.bsa
[00:56:11.035 I] Adding BSA archive <project>/Morrowind/Data Files/Tribunal.bsa
[00:56:11.036 I] Adding BSA archive <project>/Morrowind/Data Files/Bloodmoon.bsa
[00:56:11.036 I] Adding data directory <project>/openmw/build/OpenMW.app/Contents/Resources/../Resources/resources/vfs
[00:56:11.037 I] Adding data directory <project>/openmw/build/OpenMW.app/Contents/Resources/../Resources/resources/vfs-mw
[00:56:11.037 I] Adding data directory <project>/Morrowind/Data Files
[00:56:11.051 I] Adding data directory <project>/harness/mod
[00:56:11.056 I] Preferred locales: gmst en
[00:56:11.056 I] Initializing LuaUtil::LuaState without profiler
[00:56:11.056 I] Lua version: Lua 5.1.4 (LuaJIT 2.1.1767980792)
[00:56:11.056 I] Loading keybindings file: <project>/harness/results/20260906-0049-0b30e7ff4-m2c-core/overlay/input_v3.xml
[00:56:11.057 I] Loading TrueType font file fonts/mysticcards.omwfont
[00:56:11.059 I] Loading TrueType font file fonts/demonicletters.omwfont
[00:56:11.060 I] Loading TrueType font file fonts/dejavulgcsansmono.omwfont
[00:56:11.070 I] Sound disabled.
[00:56:11.071 I] Loading Lua storage "<project>/harness/results/20260906-0049-0b30e7ff4-m2c-core/overlay/global_storage.bin" (140 bytes)
[00:56:11.071 I] Loading Lua storage "<project>/harness/results/20260906-0049-0b30e7ff4-m2c-core/overlay/player_storage.bin" (878 bytes)
[00:56:11.074 I] Loading content file builtin.omwscripts
[00:56:11.074 E] Error loading splash/splash_skeleton.tga: no readerwriter for 'tga' found
[00:56:11.074 I] Loading content file Morrowind.esm
[00:56:11.231 I] Loading content file Tribunal.esm
[00:56:11.251 I] Loading content file Bloodmoon.esm
[00:56:11.278 I] Loading content file bench.omwscripts
[00:56:11.278 V] Lua scripts configuration (45 scripts):
[00:56:11.278 V] #0 MENU PLAYER : scripts/omw/mwui/init.lua
[00:56:11.278 V] #1 MENU : scripts/omw/settings/menu.lua
[00:56:11.278 V] #2 PLAYER : scripts/omw/settings/player.lua
[00:56:11.278 V] #3 GLOBAL : scripts/omw/settings/global.lua
[00:56:11.278 V] #4 GLOBAL : scripts/omw/activationhandlers.lua
[00:56:11.278 V] #5 GLOBAL : scripts/omw/usehandlers.lua
[00:56:11.278 V] #6 GLOBAL : scripts/omw/worldeventhandlers.lua
[00:56:11.278 V] #7 GLOBAL : scripts/omw/crimes.lua
[00:56:11.278 V] #8 PLAYER CREATURE NPC : scripts/omw/mechanics/animationcontroller.lua
[00:56:11.278 V] #9 PLAYER : scripts/omw/skillhandlers.lua
[00:56:11.278 V] #10 PLAYER : scripts/omw/mechanics/playercontroller.lua
[00:56:11.278 V] #11 MENU : scripts/omw/camera/settings.lua
[00:56:11.278 V] #12 MENU : scripts/omw/input/settings.lua
[00:56:11.278 V] #13 PLAYER : scripts/omw/input/playercontrols.lua
[00:56:11.278 V] #14 PLAYER : scripts/omw/camera/camera.lua
[00:56:11.278 V] #15 PLAYER : scripts/omw/input/actionbindings.lua
[00:56:11.278 V] #16 PLAYER : scripts/omw/input/smoothmovement.lua
[00:56:11.278 V] #17 PLAYER : scripts/omw/input/gamepadcontrols.lua
[00:56:11.278 V] #18 NPC CREATURE : scripts/omw/ai.lua
[00:56:11.278 V] #19 GLOBAL : scripts/omw/mechanics/globalcontroller.lua
[00:56:11.278 V] #20 PLAYER CREATURE NPC : scripts/omw/mechanics/actorcontroller.lua
[00:56:11.278 V] #21 PLAYER NPC CREATURE : scripts/omw/combat/interface_local.lua
[00:56:11.278 V] #22 GLOBAL : scripts/omw/combat/interface_global.lua
[00:56:11.278 V] #23 PLAYER CREATURE NPC : scripts/omw/spellcasting/interface_local.lua
[00:56:11.278 V] #24 GLOBAL : scripts/omw/spellcasting/interface_global.lua
[00:56:11.278 V] #25 GLOBAL : scripts/omw/mechanics/projectiles.lua
[00:56:11.278 V] #26 PLAYER : scripts/omw/ui.lua
[00:56:11.278 V] #27 MENU : scripts/omw/console/menu.lua
[00:56:11.278 V] #28 PLAYER : scripts/omw/console/player.lua
[00:56:11.278 V] #29 GLOBAL : scripts/omw/console/global.lua
[00:56:11.278 V] #30 CUSTOM : scripts/omw/console/local.lua
[00:56:11.278 V] #31 NPC CREATURE : scripts/omw/music/actor.lua
[00:56:11.278 V] #32 GLOBAL : scripts/omw/cellhandlers.lua
[00:56:11.278 V] #33 GLOBAL : scripts/omw/combat/global.lua
[00:56:11.278 V] #34 PLAYER : scripts/omw/combat/settingspage.lua
[00:56:11.278 V] #35 PLAYER NPC CREATURE : scripts/omw/combat/local.lua
[00:56:11.278 V] #36 PLAYER : scripts/omw/music/music.lua
[00:56:11.278 V] #37 MENU : scripts/omw/music/settings.lua
[00:56:11.278 V] #38 PLAYER : scripts/omw/playerskillhandlers.lua
[00:56:11.278 V] #39 LOAD : scripts/omw/esmfallbacks.lua
[00:56:11.278 V] #40 PLAYER CREATURE NPC : scripts/omw/spellcasting/local.lua
[00:56:11.278 V] #41 DOOR CONTAINER : scripts/omw/spellcasting/lockable.lua
[00:56:11.278 V] #42 GLOBAL : scripts/omw/spellcasting/global.lua
[00:56:11.278 V] #43 GLOBAL : scripts/bench/global.lua
[00:56:11.278 V] #44 PLAYER : scripts/bench/player.lua
[00:56:11.289 V] Enchantment "test magic axe": dropping unexpected skill argument of "FortifyMaximumMagicka" effect
[00:56:11.361 I] Using 1 async physics threads
[00:56:11.361 I] Using <project>/harness/userdata/navmesh.db to store navigation mesh cache
[00:56:11.361 V] Using idle priority for thread=0x16c2df000
[00:56:11.361 I] Reserving texture units for shadow maps: 13..15
[00:56:11.363 I] Reserving texture unit for opaque depth texture: 12
[00:56:11.363 I] Reserving texture unit for opaque color texture: 11
[00:56:11.363 V] Disabling Multiview (disabled by config)
[00:56:11.367 V] Language file "l10n/Interface/gmst.yaml" is enabled
[00:56:11.367 V] Language file "l10n/Interface/en.yaml" is enabled
[00:56:11.376 V] Language file "l10n/OMWEngine/gmst.yaml" is enabled
[00:56:11.377 V] Language file "l10n/OMWEngine/en.yaml" is enabled
[00:56:11.386 V] Language file "l10n/OMWShaders/en.yaml" is enabled
[00:56:11.396 V] Language file "l10n/OMWCamera/en.yaml" is enabled
[00:56:11.397 V] Language file "l10n/OMWControls/en.yaml" is enabled
[00:56:11.398 V] Language file "l10n/interface/gmst.yaml" is enabled
[00:56:11.398 V] Language file "l10n/interface/en.yaml" is enabled
[00:56:11.398 V] Language file "l10n/Calendar/gmst.yaml" is enabled
[00:56:11.398 V] Language file "l10n/Calendar/en.yaml" is enabled
[00:56:11.398 V] Language file "l10n/OMWMusic/en.yaml" is enabled
[00:56:11.399 I] OSG stats will be written to: <project>/harness/results/20260906-0049-0b30e7ff4-m2c-core/vivec-r2-stats.txt
[00:56:11.404 I] Starting a new game
[00:56:11.406 V] Language file "l10n/Mechanics/gmst.yaml" is enabled
[00:56:11.407 E] Error loading splash/splash_hunger.tga: no readerwriter for 'tga' found
[00:56:11.432 E] Error loading splash/splash_clannfear.tga: no readerwriter for 'tga' found
[00:56:11.432 I] Loading cell Vivec, Arena (4, -11)
[00:56:11.447 I] Loading cell Vivec, Redoran (3, -11)
[00:56:11.454 I] Loading cell Vivec, Foreign Quarter (4, -10)
[00:56:11.464 I] Loading cell Vivec, St. Olms (4, -12)
[00:56:11.468 I] Loading cell Vivec, Telvanni (5, -11)
[00:56:11.471 I] Loading cell Vivec, Foreign Quarter (3, -10)
[00:56:11.479 I] Loading cell Vivec, St. Delyn (3, -12)
[00:56:11.487 I] Loading cell Vivec (5, -10)
[00:56:11.497 I] Loading cell Ascadian Isles Region (5, -12)
[00:56:11.505 V] Language file "l10n/OMWCombat/en.yaml" is enabled
[00:56:11.529 I] Global[scripts/bench/global.lua]:	BENCH station=vivec startcell="vivec, arena" frame=1
[00:56:11.626 I] L@0x1[scripts/bench/player.lua]:	BENCH camera station=vivec yaw=180 pitch=12
[00:56:11.924 I] Global[scripts/bench/global.lua]:	BENCH station=vivec ready frame=40 simtime=0.41
[00:57:04.916 I] Saving shader settings file: <project>/harness/results/20260906-0049-0b30e7ff4-m2c-core/overlay/shaders.yaml
[00:57:04.916 I] Saving Lua storage "<project>/harness/results/20260906-0049-0b30e7ff4-m2c-core/overlay/global_storage.bin" (140 bytes)
[00:57:04.916 I] Saving Lua storage "<project>/harness/results/20260906-0049-0b30e7ff4-m2c-core/overlay/player_storage.bin" (878 bytes)
[00:57:04.954 I] Saved input bindings: <project>/harness/results/20260906-0049-0b30e7ff4-m2c-core/overlay/input_v3.xml
[00:57:04.979 I] Quitting peacefully.
