[00:57:05.423 *] Crash handler installed
[00:57:05.492 *] Loading config file: <project>/openmw/build/OpenMW.app/Contents/Resources/openmw.cfg
[00:57:05.493 *] Loading config file: <project>/harness/config/openmw.cfg
[00:57:05.493 *] Loading config file: <project>/harness/results/20260906-0049-0b30e7ff4-m2c-core/overlay/openmw.cfg
[00:57:05.494 *] Logs dir: <project>/harness/results/20260906-0049-0b30e7ff4-m2c-core/overlay
[00:57:05.494 *] User data dir: <project>/harness/userdata
[00:57:05.494 *] Screenshots dir: <project>/harness/userdata/screenshots
[00:57:05.494 I] OpenMW version 0.52.0
[00:57:05.494 I] Revision: 0b30e7ff48
[00:57:05.494 I] Loading settings file: <project>/openmw/build/OpenMW.app/Contents/Resources/defaults.bin
[00:57:05.494 I] Loading settings file: <project>/harness/config/settings.cfg
[00:57:05.495 I] Loading settings file: <project>/harness/results/20260906-0049-0b30e7ff4-m2c-core/overlay/settings.cfg
[00:57:05.495 I] Using default (English) font encoding.
[00:57:05.495 W] No such dir: <home>/Library/Application Support/openmw/data
[00:57:05.495 I] OSG version: 3.6.5
[00:57:05.495 I] SDL version: 2.32.10
[00:57:05.495 I] Loading shader settings file: <project>/harness/results/20260906-0049-0b30e7ff4-m2c-core/overlay/shaders.yaml
[00:57:05.517 E] Error: Failed to read window icon, no png readerwriter found
[00:57:05.517 W] Requesting OpenGL 4.1 core profile context
[00:57:05.543 I] OpenGL Vendor: Apple
[00:57:05.543 I] OpenGL Renderer: Apple M5 Pro
[00:57:05.543 I] OpenGL Version: 4.1 Metal - 90.5
[00:57:05.543 I] Core profile: granted 19 version-implied GL features on a GL 4.1 context
[00:57:05.543 I] Core profile: vertex attribute aliasing and matrix uniforms enabled, 26 fixed-function modes disabled
[00:57:05.543 W] GL_ARB_clip_control not supported: disabling reverse-z depth buffer
[00:57:05.543 I] Adding BSA archive <project>/Morrowind/Data Files/Morrowind.bsa
[00:57:05.544 I] Adding BSA archive <project>/Morrowind/Data Files/Tribunal.bsa
[00:57:05.544 I] Adding BSA archive <project>/Morrowind/Data Files/Bloodmoon.bsa
[00:57:05.545 I] Adding data directory <project>/openmw/build/OpenMW.app/Contents/Resources/../Resources/resources/vfs
[00:57:05.545 I] Adding data directory <project>/openmw/build/OpenMW.app/Contents/Resources/../Resources/resources/vfs-mw
[00:57:05.545 I] Adding data directory <project>/Morrowind/Data Files
[00:57:05.560 I] Adding data directory <project>/harness/mod
[00:57:05.565 I] Preferred locales: gmst en
[00:57:05.565 I] Initializing LuaUtil::LuaState without profiler
[00:57:05.565 I] Lua version: Lua 5.1.4 (LuaJIT 2.1.1767980792)
[00:57:05.565 I] Loading keybindings file: <project>/harness/results/20260906-0049-0b30e7ff4-m2c-core/overlay/input_v3.xml
[00:57:05.566 I] Loading TrueType font file fonts/mysticcards.omwfont
[00:57:05.568 I] Loading TrueType font file fonts/demonicletters.omwfont
[00:57:05.569 I] Loading TrueType font file fonts/dejavulgcsansmono.omwfont
[00:57:05.580 I] Sound disabled.
[00:57:05.580 I] Loading Lua storage "<project>/harness/results/20260906-0049-0b30e7ff4-m2c-core/overlay/global_storage.bin" (140 bytes)
[00:57:05.580 I] Loading Lua storage "<project>/harness/results/20260906-0049-0b30e7ff4-m2c-core/overlay/player_storage.bin" (878 bytes)
[00:57:05.583 I] Loading content file builtin.omwscripts
[00:57:05.583 E] Error loading splash/splash_netch.tga: no readerwriter for 'tga' found
[00:57:05.583 I] Loading content file Morrowind.esm
[00:57:05.739 I] Loading content file Tribunal.esm
[00:57:05.759 I] Loading content file Bloodmoon.esm
[00:57:05.788 I] Loading content file bench.omwscripts
[00:57:05.788 V] Lua scripts configuration (45 scripts):
[00:57:05.788 V] #0 MENU PLAYER : scripts/omw/mwui/init.lua
[00:57:05.788 V] #1 MENU : scripts/omw/settings/menu.lua
[00:57:05.788 V] #2 PLAYER : scripts/omw/settings/player.lua
[00:57:05.788 V] #3 GLOBAL : scripts/omw/settings/global.lua
[00:57:05.788 V] #4 GLOBAL : scripts/omw/activationhandlers.lua
[00:57:05.788 V] #5 GLOBAL : scripts/omw/usehandlers.lua
[00:57:05.788 V] #6 GLOBAL : scripts/omw/worldeventhandlers.lua
[00:57:05.788 V] #7 GLOBAL : scripts/omw/crimes.lua
[00:57:05.788 V] #8 PLAYER CREATURE NPC : scripts/omw/mechanics/animationcontroller.lua
[00:57:05.788 V] #9 PLAYER : scripts/omw/skillhandlers.lua
[00:57:05.788 V] #10 PLAYER : scripts/omw/mechanics/playercontroller.lua
[00:57:05.788 V] #11 MENU : scripts/omw/camera/settings.lua
[00:57:05.788 V] #12 MENU : scripts/omw/input/settings.lua
[00:57:05.788 V] #13 PLAYER : scripts/omw/input/playercontrols.lua
[00:57:05.788 V] #14 PLAYER : scripts/omw/camera/camera.lua
[00:57:05.788 V] #15 PLAYER : scripts/omw/input/actionbindings.lua
[00:57:05.788 V] #16 PLAYER : scripts/omw/input/smoothmovement.lua
[00:57:05.788 V] #17 PLAYER : scripts/omw/input/gamepadcontrols.lua
[00:57:05.788 V] #18 NPC CREATURE : scripts/omw/ai.lua
[00:57:05.788 V] #19 GLOBAL : scripts/omw/mechanics/globalcontroller.lua
[00:57:05.788 V] #20 PLAYER CREATURE NPC : scripts/omw/mechanics/actorcontroller.lua
[00:57:05.788 V] #21 PLAYER NPC CREATURE : scripts/omw/combat/interface_local.lua
[00:57:05.788 V] #22 GLOBAL : scripts/omw/combat/interface_global.lua
[00:57:05.788 V] #23 PLAYER CREATURE NPC : scripts/omw/spellcasting/interface_local.lua
[00:57:05.788 V] #24 GLOBAL : scripts/omw/spellcasting/interface_global.lua
[00:57:05.788 V] #25 GLOBAL : scripts/omw/mechanics/projectiles.lua
[00:57:05.788 V] #26 PLAYER : scripts/omw/ui.lua
[00:57:05.788 V] #27 MENU : scripts/omw/console/menu.lua
[00:57:05.788 V] #28 PLAYER : scripts/omw/console/player.lua
[00:57:05.788 V] #29 GLOBAL : scripts/omw/console/global.lua
[00:57:05.788 V] #30 CUSTOM : scripts/omw/console/local.lua
[00:57:05.788 V] #31 NPC CREATURE : scripts/omw/music/actor.lua
[00:57:05.788 V] #32 GLOBAL : scripts/omw/cellhandlers.lua
[00:57:05.788 V] #33 GLOBAL : scripts/omw/combat/global.lua
[00:57:05.788 V] #34 PLAYER : scripts/omw/combat/settingspage.lua
[00:57:05.788 V] #35 PLAYER NPC CREATURE : scripts/omw/combat/local.lua
[00:57:05.788 V] #36 PLAYER : scripts/omw/music/music.lua
[00:57:05.788 V] #37 MENU : scripts/omw/music/settings.lua
[00:57:05.788 V] #38 PLAYER : scripts/omw/playerskillhandlers.lua
[00:57:05.788 V] #39 LOAD : scripts/omw/esmfallbacks.lua
[00:57:05.788 V] #40 PLAYER CREATURE NPC : scripts/omw/spellcasting/local.lua
[00:57:05.788 V] #41 DOOR CONTAINER : scripts/omw/spellcasting/lockable.lua
[00:57:05.788 V] #42 GLOBAL : scripts/omw/spellcasting/global.lua
[00:57:05.788 V] #43 GLOBAL : scripts/bench/global.lua
[00:57:05.788 V] #44 PLAYER : scripts/bench/player.lua
[00:57:05.800 V] Enchantment "test magic axe": dropping unexpected skill argument of "FortifyMaximumMagicka" effect
[00:57:05.872 I] Using 1 async physics threads
[00:57:05.872 I] Using <project>/harness/userdata/navmesh.db to store navigation mesh cache
[00:57:05.873 V] Using idle priority for thread=0x16d80b000
[00:57:05.873 I] Reserving texture units for shadow maps: 13..15
[00:57:05.874 I] Reserving texture unit for opaque depth texture: 12
[00:57:05.874 I] Reserving texture unit for opaque color texture: 11
[00:57:05.874 V] Disabling Multiview (disabled by config)
[00:57:05.878 V] Language file "l10n/Interface/gmst.yaml" is enabled
[00:57:05.878 V] Language file "l10n/Interface/en.yaml" is enabled
[00:57:05.887 V] Language file "l10n/OMWEngine/gmst.yaml" is enabled
[00:57:05.888 V] Language file "l10n/OMWEngine/en.yaml" is enabled
[00:57:05.897 V] Language file "l10n/OMWShaders/en.yaml" is enabled
[00:57:05.905 V] Language file "l10n/OMWCamera/en.yaml" is enabled
[00:57:05.906 V] Language file "l10n/OMWControls/en.yaml" is enabled
[00:57:05.907 V] Language file "l10n/interface/gmst.yaml" is enabled
[00:57:05.907 V] Language file "l10n/interface/en.yaml" is enabled
[00:57:05.907 V] Language file "l10n/Calendar/gmst.yaml" is enabled
[00:57:05.907 V] Language file "l10n/Calendar/en.yaml" is enabled
[00:57:05.907 V] Language file "l10n/OMWMusic/en.yaml" is enabled
[00:57:05.908 I] OSG stats will be written to: <project>/harness/results/20260906-0049-0b30e7ff4-m2c-core/vivec-r3-stats.txt
[00:57:05.913 I] Starting a new game
[00:57:05.915 V] Language file "l10n/Mechanics/gmst.yaml" is enabled
[00:57:05.916 E] Error loading splash/splash_siltstriker.tga: no readerwriter for 'tga' found
[00:57:05.942 E] Error loading splash/splash_kwamawarrior.tga: no readerwriter for 'tga' found
[00:57:05.943 I] Loading cell Vivec, Arena (4, -11)
[00:57:05.959 I] Loading cell Vivec, Redoran (3, -11)
[00:57:05.966 I] Loading cell Vivec, Foreign Quarter (4, -10)
[00:57:05.976 I] Loading cell Vivec, St. Olms (4, -12)
[00:57:05.981 I] Loading cell Vivec, Telvanni (5, -11)
[00:57:05.985 I] Loading cell Vivec, Foreign Quarter (3, -10)
[00:57:05.998 I] Loading cell Vivec, St. Delyn (3, -12)
[00:57:06.002 I] Loading cell Vivec (5, -10)
[00:57:06.012 I] Loading cell Ascadian Isles Region (5, -12)
[00:57:06.019 V] Language file "l10n/OMWCombat/en.yaml" is enabled
[00:57:06.044 I] Global[scripts/bench/global.lua]:	BENCH station=vivec startcell="vivec, arena" frame=1
[00:57:06.131 I] L@0x1[scripts/bench/player.lua]:	BENCH camera station=vivec yaw=180 pitch=12
[00:57:06.457 I] Global[scripts/bench/global.lua]:	BENCH station=vivec ready frame=40 simtime=0.42
[00:57:59.421 I] Saving shader settings file: <project>/harness/results/20260906-0049-0b30e7ff4-m2c-core/overlay/shaders.yaml
[00:57:59.421 I] Saving Lua storage "<project>/harness/results/20260906-0049-0b30e7ff4-m2c-core/overlay/global_storage.bin" (140 bytes)
[00:57:59.421 I] Saving Lua storage "<project>/harness/results/20260906-0049-0b30e7ff4-m2c-core/overlay/player_storage.bin" (878 bytes)
[00:57:59.455 I] Saved input bindings: <project>/harness/results/20260906-0049-0b30e7ff4-m2c-core/overlay/input_v3.xml
[00:57:59.480 I] Quitting peacefully.
