[00:40:40.894 *] Crash handler installed
[00:40:40.957 *] Loading config file: <project>/openmw-mr/build/OpenMW.app/Contents/Resources/openmw.cfg
[00:40:40.957 *] Loading config file: <project>/harness/config/openmw.cfg
[00:40:40.958 *] Loading config file: <project>/harness/results/20260907-0028-8f482b21a-mr5541-compat/overlay/openmw.cfg
[00:40:40.958 *] Logs dir: <project>/harness/results/20260907-0028-8f482b21a-mr5541-compat/overlay
[00:40:40.958 *] User data dir: <project>/harness/userdata
[00:40:40.958 *] Screenshots dir: <project>/harness/userdata/screenshots
[00:40:40.958 I] OpenMW version 0.52.0
[00:40:40.958 I] Revision: 8f482b21ac
[00:40:40.958 I] Loading settings file: <project>/openmw-mr/build/OpenMW.app/Contents/Resources/defaults.bin
[00:40:40.958 I] Loading settings file: <project>/harness/config/settings.cfg
[00:40:40.959 I] Using default (English) font encoding.
[00:40:40.959 W] No such dir: <home>/Library/Application Support/openmw/data
[00:40:40.959 I] OSG version: 3.6.5
[00:40:40.959 I] SDL version: 2.32.10
[00:40:40.959 I] Loading shader settings file: <project>/harness/results/20260907-0028-8f482b21a-mr5541-compat/overlay/shaders.yaml
[00:40:40.984 E] Error: Failed to read window icon, no png readerwriter found
[00:40:41.007 I] OpenGL Vendor: Apple
[00:40:41.007 I] OpenGL Renderer: Apple M5 Pro
[00:40:41.007 I] OpenGL Version: 2.1 Metal - 90.5
[00:40:41.007 W] GL_ARB_clip_control not supported: disabling reverse-z depth buffer
[00:40:41.007 I] Adding BSA archive <project>/Morrowind/Data Files/Morrowind.bsa
[00:40:41.008 I] Adding BSA archive <project>/Morrowind/Data Files/Tribunal.bsa
[00:40:41.008 I] Adding BSA archive <project>/Morrowind/Data Files/Bloodmoon.bsa
[00:40:41.009 I] Adding data directory <project>/openmw-mr/build/OpenMW.app/Contents/Resources/../Resources/resources/vfs
[00:40:41.009 I] Adding data directory <project>/openmw-mr/build/OpenMW.app/Contents/Resources/../Resources/resources/vfs-mw
[00:40:41.009 I] Adding data directory <project>/Morrowind/Data Files
[00:40:41.024 I] Adding data directory <project>/harness/mod
[00:40:41.029 I] Preferred locales: gmst en
[00:40:41.029 I] Initializing LuaUtil::LuaState without profiler
[00:40:41.029 I] Lua version: Lua 5.1.4 (LuaJIT 2.1.1767980792)
[00:40:41.029 I] Loading keybindings file: <project>/harness/results/20260907-0028-8f482b21a-mr5541-compat/overlay/input_v3.xml
[00:40:41.030 I] Loading TrueType font file fonts/mysticcards.omwfont
[00:40:41.032 I] Loading TrueType font file fonts/demonicletters.omwfont
[00:40:41.033 I] Loading TrueType font file fonts/dejavulgcsansmono.omwfont
[00:40:41.042 I] Sound disabled.
[00:40:41.042 I] Loading Lua storage "<project>/harness/results/20260907-0028-8f482b21a-mr5541-compat/overlay/global_storage.bin" (140 bytes)
[00:40:41.042 I] Loading Lua storage "<project>/harness/results/20260907-0028-8f482b21a-mr5541-compat/overlay/player_storage.bin" (878 bytes)
[00:40:41.045 I] Loading content file builtin.omwscripts
[00:40:41.045 I] Loading content file Morrowind.esm
[00:40:41.045 E] Error loading splash/splash_kwamawarrior.tga: no readerwriter for 'tga' found
[00:40:41.208 I] Loading content file Tribunal.esm
[00:40:41.228 I] Loading content file Bloodmoon.esm
[00:40:41.253 I] Loading content file bench.omwscripts
[00:40:41.253 V] Lua scripts configuration (42 scripts):
[00:40:41.253 V] #0 MENU PLAYER : scripts/omw/mwui/init.lua
[00:40:41.253 V] #1 MENU : scripts/omw/settings/menu.lua
[00:40:41.253 V] #2 PLAYER : scripts/omw/settings/player.lua
[00:40:41.253 V] #3 GLOBAL : scripts/omw/settings/global.lua
[00:40:41.253 V] #4 GLOBAL : scripts/omw/activationhandlers.lua
[00:40:41.253 V] #5 GLOBAL : scripts/omw/usehandlers.lua
[00:40:41.253 V] #6 GLOBAL : scripts/omw/worldeventhandlers.lua
[00:40:41.253 V] #7 GLOBAL : scripts/omw/crimes.lua
[00:40:41.253 V] #8 PLAYER CREATURE NPC : scripts/omw/mechanics/animationcontroller.lua
[00:40:41.253 V] #9 PLAYER : scripts/omw/skillhandlers.lua
[00:40:41.253 V] #10 PLAYER : scripts/omw/mechanics/playercontroller.lua
[00:40:41.253 V] #11 MENU : scripts/omw/camera/settings.lua
[00:40:41.253 V] #12 MENU : scripts/omw/input/settings.lua
[00:40:41.253 V] #13 PLAYER : scripts/omw/input/playercontrols.lua
[00:40:41.253 V] #14 PLAYER : scripts/omw/camera/camera.lua
[00:40:41.253 V] #15 PLAYER : scripts/omw/input/actionbindings.lua
[00:40:41.253 V] #16 PLAYER : scripts/omw/input/smoothmovement.lua
[00:40:41.253 V] #17 PLAYER : scripts/omw/input/gamepadcontrols.lua
[00:40:41.253 V] #18 NPC CREATURE : scripts/omw/ai.lua
[00:40:41.253 V] #19 GLOBAL : scripts/omw/mechanics/globalcontroller.lua
[00:40:41.253 V] #20 PLAYER CREATURE NPC : scripts/omw/mechanics/actorcontroller.lua
[00:40:41.253 V] #21 PLAYER NPC CREATURE : scripts/omw/combat/interface_local.lua
[00:40:41.253 V] #22 GLOBAL : scripts/omw/combat/interface_global.lua
[00:40:41.253 V] #23 PLAYER CREATURE NPC : scripts/omw/spellcasting/interface_local.lua
[00:40:41.253 V] #24 PLAYER : scripts/omw/ui.lua
[00:40:41.253 V] #25 MENU : scripts/omw/console/menu.lua
[00:40:41.253 V] #26 PLAYER : scripts/omw/console/player.lua
[00:40:41.253 V] #27 GLOBAL : scripts/omw/console/global.lua
[00:40:41.253 V] #28 CUSTOM : scripts/omw/console/local.lua
[00:40:41.253 V] #29 NPC CREATURE : scripts/omw/music/actor.lua
[00:40:41.253 V] #30 GLOBAL : scripts/omw/cellhandlers.lua
[00:40:41.253 V] #31 GLOBAL : scripts/omw/combat/global.lua
[00:40:41.253 V] #32 PLAYER : scripts/omw/combat/settingspage.lua
[00:40:41.253 V] #33 PLAYER NPC CREATURE : scripts/omw/combat/local.lua
[00:40:41.253 V] #34 PLAYER : scripts/omw/music/music.lua
[00:40:41.253 V] #35 MENU : scripts/omw/music/settings.lua
[00:40:41.253 V] #36 PLAYER : scripts/omw/playerskillhandlers.lua
[00:40:41.253 V] #37 LOAD : scripts/omw/esmfallbacks.lua
[00:40:41.253 V] #38 PLAYER CREATURE NPC : scripts/omw/spellcasting/local.lua
[00:40:41.253 V] #39 DOOR CONTAINER : scripts/omw/spellcasting/lockable.lua
[00:40:41.253 V] #40 GLOBAL : scripts/bench/global.lua
[00:40:41.253 V] #41 PLAYER : scripts/bench/player.lua
[00:40:41.264 V] Enchantment "test magic axe": dropping unexpected skill argument of "FortifyMaximumMagicka" effect
[00:40:41.336 I] Using 1 async physics threads
[00:40:41.336 I] Using <project>/harness/userdata/navmesh.db to store navigation mesh cache
[00:40:41.337 W] Idle thread priority is not supported on this system
[00:40:41.337 I] Reserving texture units for shadow maps: 13..15
[00:40:41.338 I] Reserving texture unit for opaque depth texture: 12
[00:40:41.338 I] Reserving texture unit for opaque color texture: 11
[00:40:41.338 V] Disabling Multiview (disabled by config)
[00:40:41.342 V] Language file "l10n/Interface/gmst.yaml" is enabled
[00:40:41.342 V] Language file "l10n/Interface/en.yaml" is enabled
[00:40:41.350 V] Language file "l10n/OMWEngine/gmst.yaml" is enabled
[00:40:41.351 V] Language file "l10n/OMWEngine/en.yaml" is enabled
[00:40:41.360 V] Language file "l10n/OMWShaders/en.yaml" is enabled
[00:40:41.368 V] Language file "l10n/OMWCamera/en.yaml" is enabled
[00:40:41.369 V] Language file "l10n/OMWControls/en.yaml" is enabled
[00:40:41.369 V] Language file "l10n/interface/gmst.yaml" is enabled
[00:40:41.370 V] Language file "l10n/interface/en.yaml" is enabled
[00:40:41.370 V] Language file "l10n/Calendar/gmst.yaml" is enabled
[00:40:41.370 V] Language file "l10n/Calendar/en.yaml" is enabled
[00:40:41.370 V] Language file "l10n/OMWMusic/en.yaml" is enabled
[00:40:41.370 I] OSG stats will be written to: <project>/harness/results/20260907-0028-8f482b21a-mr5541-compat/grazelands-r2-stats.txt
[00:40:41.375 I] Starting a new game
[00:40:41.378 E] Error loading splash/splash_siltstriker.tga: no readerwriter for 'tga' found
[00:40:41.381 V] Language file "l10n/Mechanics/gmst.yaml" is enabled
[00:40:41.403 E] Error loading splash/splash_clannfear.tga: no readerwriter for 'tga' found
[00:40:41.403 I] Loading cell Grazelands Region (13, 8)
[00:40:41.416 I] Loading cell Grazelands Region (12, 8)
[00:40:41.418 I] Loading cell Grazelands Region (13, 7)
[00:40:41.430 I] Loading cell Azura's Coast Region (13, 9)
[00:40:41.440 I] Loading cell Azura's Coast Region (14, 8)
[00:40:41.442 I] Loading cell Grazelands Region (12, 7)
[00:40:41.449 I] Loading cell Grazelands Region (12, 9)
[00:40:41.450 I] Loading cell Azura's Coast Region (14, 7)
[00:40:41.453 I] Loading cell Azura's Coast Region (14, 9)
[00:40:41.469 V] Language file "l10n/OMWCombat/en.yaml" is enabled
[00:40:41.506 I] Global[scripts/bench/global.lua]:	BENCH station=grazelands startcell="grazelands region" frame=1
[00:40:41.559 I] Unloading cell Grazelands Region (13, 8)
[00:40:41.560 E] Error: Unable to write fog, can't find a png ReaderWriter
[00:40:41.560 I] Unloading cell Grazelands Region (12, 7)
[00:40:41.560 I] Unloading cell Grazelands Region (12, 8)
[00:40:41.561 I] Unloading cell Grazelands Region (12, 9)
[00:40:41.561 I] Unloading cell Grazelands Region (13, 7)
[00:40:41.561 I] Unloading cell Azura's Coast Region (13, 9)
[00:40:41.562 I] Unloading cell Azura's Coast Region (14, 7)
[00:40:41.562 I] Unloading cell Azura's Coast Region (14, 8)
[00:40:41.562 I] Unloading cell Azura's Coast Region (14, 9)
[00:40:41.563 I] Loading cell Grazelands Region (10, 10)
[00:40:41.569 I] Loading cell Zainab Camp (9, 10)
[00:40:41.578 I] Loading cell Grazelands Region (10, 9)
[00:40:41.579 I] Loading cell Grazelands Region (10, 11)
[00:40:41.582 I] Loading cell Grazelands Region (11, 10)
[00:40:41.583 I] Loading cell Grazelands Region (9, 9)
[00:40:41.585 I] Loading cell Grazelands Region (9, 11)
[00:40:41.586 I] Loading cell Grazelands Region (11, 9)
[00:40:41.589 I] Loading cell Grazelands Region (11, 11)
[00:40:41.592 I] Warning: OutsideBanner line 38, column 6 (endif): endif without matching if/elseif
[00:40:41.633 I] L@0x1[scripts/bench/player.lua]:	BENCH camera station=grazelands yaw=0 pitch=4
[00:40:41.769 I] Global[scripts/bench/global.lua]:	BENCH station=grazelands ready frame=40 simtime=0.30
[00:41:34.837 I] Saving shader settings file: <project>/harness/results/20260907-0028-8f482b21a-mr5541-compat/overlay/shaders.yaml
[00:41:34.837 I] Saving Lua storage "<project>/harness/results/20260907-0028-8f482b21a-mr5541-compat/overlay/global_storage.bin" (140 bytes)
[00:41:34.837 I] Saving Lua storage "<project>/harness/results/20260907-0028-8f482b21a-mr5541-compat/overlay/player_storage.bin" (878 bytes)
[00:41:34.871 I] Saved input bindings: <project>/harness/results/20260907-0028-8f482b21a-mr5541-compat/overlay/input_v3.xml
[00:41:34.889 I] Quitting peacefully.
