[00:43:25.137 *] Crash handler installed
[00:43:25.216 *] Loading config file: <project>/openmw-mr/build/OpenMW.app/Contents/Resources/openmw.cfg
[00:43:25.217 *] Loading config file: <project>/harness/config/openmw.cfg
[00:43:25.218 *] Loading config file: <project>/harness/results/20260907-0028-8f482b21a-mr5541-compat/overlay/openmw.cfg
[00:43:25.218 *] Logs dir: <project>/harness/results/20260907-0028-8f482b21a-mr5541-compat/overlay
[00:43:25.218 *] User data dir: <project>/harness/userdata
[00:43:25.218 *] Screenshots dir: <project>/harness/userdata/screenshots
[00:43:25.218 I] OpenMW version 0.52.0
[00:43:25.218 I] Revision: 8f482b21ac
[00:43:25.218 I] Loading settings file: <project>/openmw-mr/build/OpenMW.app/Contents/Resources/defaults.bin
[00:43:25.218 I] Loading settings file: <project>/harness/config/settings.cfg
[00:43:25.219 I] Using default (English) font encoding.
[00:43:25.219 W] No such dir: <home>/Library/Application Support/openmw/data
[00:43:25.219 I] OSG version: 3.6.5
[00:43:25.219 I] SDL version: 2.32.10
[00:43:25.219 I] Loading shader settings file: <project>/harness/results/20260907-0028-8f482b21a-mr5541-compat/overlay/shaders.yaml
[00:43:25.240 E] Error: Failed to read window icon, no png readerwriter found
[00:43:25.267 I] OpenGL Vendor: Apple
[00:43:25.267 I] OpenGL Renderer: Apple M5 Pro
[00:43:25.267 I] OpenGL Version: 2.1 Metal - 90.5
[00:43:25.267 W] GL_ARB_clip_control not supported: disabling reverse-z depth buffer
[00:43:25.267 I] Adding BSA archive <project>/Morrowind/Data Files/Morrowind.bsa
[00:43:25.268 I] Adding BSA archive <project>/Morrowind/Data Files/Tribunal.bsa
[00:43:25.269 I] Adding BSA archive <project>/Morrowind/Data Files/Bloodmoon.bsa
[00:43:25.269 I] Adding data directory <project>/openmw-mr/build/OpenMW.app/Contents/Resources/../Resources/resources/vfs
[00:43:25.269 I] Adding data directory <project>/openmw-mr/build/OpenMW.app/Contents/Resources/../Resources/resources/vfs-mw
[00:43:25.270 I] Adding data directory <project>/Morrowind/Data Files
[00:43:25.285 I] Adding data directory <project>/harness/mod
[00:43:25.290 I] Preferred locales: gmst en
[00:43:25.290 I] Initializing LuaUtil::LuaState without profiler
[00:43:25.290 I] Lua version: Lua 5.1.4 (LuaJIT 2.1.1767980792)
[00:43:25.290 I] Loading keybindings file: <project>/harness/results/20260907-0028-8f482b21a-mr5541-compat/overlay/input_v3.xml
[00:43:25.290 I] Loading TrueType font file fonts/mysticcards.omwfont
[00:43:25.293 I] Loading TrueType font file fonts/demonicletters.omwfont
[00:43:25.294 I] Loading TrueType font file fonts/dejavulgcsansmono.omwfont
[00:43:25.304 I] Sound disabled.
[00:43:25.305 I] Loading Lua storage "<project>/harness/results/20260907-0028-8f482b21a-mr5541-compat/overlay/global_storage.bin" (140 bytes)
[00:43:25.305 I] Loading Lua storage "<project>/harness/results/20260907-0028-8f482b21a-mr5541-compat/overlay/player_storage.bin" (878 bytes)
[00:43:25.308 I] Loading content file builtin.omwscripts
[00:43:25.308 I] Loading content file Morrowind.esm
[00:43:25.308 E] Error loading splash/splash_spherecenturion.tga: no readerwriter for 'tga' found
[00:43:25.466 I] Loading content file Tribunal.esm
[00:43:25.486 I] Loading content file Bloodmoon.esm
[00:43:25.512 I] Loading content file bench.omwscripts
[00:43:25.512 V] Lua scripts configuration (42 scripts):
[00:43:25.512 V] #0 MENU PLAYER : scripts/omw/mwui/init.lua
[00:43:25.512 V] #1 MENU : scripts/omw/settings/menu.lua
[00:43:25.512 V] #2 PLAYER : scripts/omw/settings/player.lua
[00:43:25.512 V] #3 GLOBAL : scripts/omw/settings/global.lua
[00:43:25.512 V] #4 GLOBAL : scripts/omw/activationhandlers.lua
[00:43:25.512 V] #5 GLOBAL : scripts/omw/usehandlers.lua
[00:43:25.512 V] #6 GLOBAL : scripts/omw/worldeventhandlers.lua
[00:43:25.512 V] #7 GLOBAL : scripts/omw/crimes.lua
[00:43:25.512 V] #8 PLAYER CREATURE NPC : scripts/omw/mechanics/animationcontroller.lua
[00:43:25.512 V] #9 PLAYER : scripts/omw/skillhandlers.lua
[00:43:25.512 V] #10 PLAYER : scripts/omw/mechanics/playercontroller.lua
[00:43:25.512 V] #11 MENU : scripts/omw/camera/settings.lua
[00:43:25.512 V] #12 MENU : scripts/omw/input/settings.lua
[00:43:25.512 V] #13 PLAYER : scripts/omw/input/playercontrols.lua
[00:43:25.512 V] #14 PLAYER : scripts/omw/camera/camera.lua
[00:43:25.512 V] #15 PLAYER : scripts/omw/input/actionbindings.lua
[00:43:25.512 V] #16 PLAYER : scripts/omw/input/smoothmovement.lua
[00:43:25.512 V] #17 PLAYER : scripts/omw/input/gamepadcontrols.lua
[00:43:25.512 V] #18 NPC CREATURE : scripts/omw/ai.lua
[00:43:25.512 V] #19 GLOBAL : scripts/omw/mechanics/globalcontroller.lua
[00:43:25.512 V] #20 PLAYER CREATURE NPC : scripts/omw/mechanics/actorcontroller.lua
[00:43:25.512 V] #21 PLAYER NPC CREATURE : scripts/omw/combat/interface_local.lua
[00:43:25.512 V] #22 GLOBAL : scripts/omw/combat/interface_global.lua
[00:43:25.512 V] #23 PLAYER CREATURE NPC : scripts/omw/spellcasting/interface_local.lua
[00:43:25.512 V] #24 PLAYER : scripts/omw/ui.lua
[00:43:25.512 V] #25 MENU : scripts/omw/console/menu.lua
[00:43:25.512 V] #26 PLAYER : scripts/omw/console/player.lua
[00:43:25.512 V] #27 GLOBAL : scripts/omw/console/global.lua
[00:43:25.512 V] #28 CUSTOM : scripts/omw/console/local.lua
[00:43:25.512 V] #29 NPC CREATURE : scripts/omw/music/actor.lua
[00:43:25.512 V] #30 GLOBAL : scripts/omw/cellhandlers.lua
[00:43:25.512 V] #31 GLOBAL : scripts/omw/combat/global.lua
[00:43:25.512 V] #32 PLAYER : scripts/omw/combat/settingspage.lua
[00:43:25.512 V] #33 PLAYER NPC CREATURE : scripts/omw/combat/local.lua
[00:43:25.512 V] #34 PLAYER : scripts/omw/music/music.lua
[00:43:25.512 V] #35 MENU : scripts/omw/music/settings.lua
[00:43:25.512 V] #36 PLAYER : scripts/omw/playerskillhandlers.lua
[00:43:25.512 V] #37 LOAD : scripts/omw/esmfallbacks.lua
[00:43:25.512 V] #38 PLAYER CREATURE NPC : scripts/omw/spellcasting/local.lua
[00:43:25.512 V] #39 DOOR CONTAINER : scripts/omw/spellcasting/lockable.lua
[00:43:25.512 V] #40 GLOBAL : scripts/bench/global.lua
[00:43:25.512 V] #41 PLAYER : scripts/bench/player.lua
[00:43:25.523 V] Enchantment "test magic axe": dropping unexpected skill argument of "FortifyMaximumMagicka" effect
[00:43:25.595 I] Using 1 async physics threads
[00:43:25.595 I] Using <project>/harness/userdata/navmesh.db to store navigation mesh cache
[00:43:25.596 W] Idle thread priority is not supported on this system
[00:43:25.596 I] Reserving texture units for shadow maps: 13..15
[00:43:25.597 I] Reserving texture unit for opaque depth texture: 12
[00:43:25.597 I] Reserving texture unit for opaque color texture: 11
[00:43:25.597 V] Disabling Multiview (disabled by config)
[00:43:25.600 V] Language file "l10n/Interface/gmst.yaml" is enabled
[00:43:25.601 V] Language file "l10n/Interface/en.yaml" is enabled
[00:43:25.609 V] Language file "l10n/OMWEngine/gmst.yaml" is enabled
[00:43:25.610 V] Language file "l10n/OMWEngine/en.yaml" is enabled
[00:43:25.619 V] Language file "l10n/OMWShaders/en.yaml" is enabled
[00:43:25.627 V] Language file "l10n/OMWCamera/en.yaml" is enabled
[00:43:25.628 V] Language file "l10n/OMWControls/en.yaml" is enabled
[00:43:25.629 V] Language file "l10n/interface/gmst.yaml" is enabled
[00:43:25.629 V] Language file "l10n/interface/en.yaml" is enabled
[00:43:25.629 V] Language file "l10n/Calendar/gmst.yaml" is enabled
[00:43:25.629 V] Language file "l10n/Calendar/en.yaml" is enabled
[00:43:25.629 V] Language file "l10n/OMWMusic/en.yaml" is enabled
[00:43:25.629 I] OSG stats will be written to: <project>/harness/results/20260907-0028-8f482b21a-mr5541-compat/interior-r2-stats.txt
[00:43:25.634 I] Starting a new game
[00:43:25.637 E] Error loading splash/splash_bonelord.tga: no readerwriter for 'tga' found
[00:43:25.640 V] Language file "l10n/Mechanics/gmst.yaml" is enabled
[00:43:25.640 I] Changing to interior
[00:43:25.640 I] Loading cell Vivec, Foreign Quarter Lower Waistworks
[00:43:25.681 V] Language file "l10n/OMWCombat/en.yaml" is enabled
[00:43:25.720 I] Global[scripts/bench/global.lua]:	BENCH station=interior startcell="vivec, foreign quarter lower waistworks" frame=1
[00:43:25.739 V] Controller R2_Claw02 present more than once in meshes/r/xsiltstrider.kf, ignoring later version
[00:43:25.780 I] L@0x1[scripts/bench/player.lua]:	BENCH camera station=interior yaw=90 pitch=0
[00:43:26.047 I] Global[scripts/bench/global.lua]:	BENCH station=interior ready frame=40 simtime=0.36
[00:44:19.094 I] Saving shader settings file: <project>/harness/results/20260907-0028-8f482b21a-mr5541-compat/overlay/shaders.yaml
[00:44:19.094 I] Saving Lua storage "<project>/harness/results/20260907-0028-8f482b21a-mr5541-compat/overlay/global_storage.bin" (140 bytes)
[00:44:19.094 I] Saving Lua storage "<project>/harness/results/20260907-0028-8f482b21a-mr5541-compat/overlay/player_storage.bin" (878 bytes)
[00:44:19.122 I] Saved input bindings: <project>/harness/results/20260907-0028-8f482b21a-mr5541-compat/overlay/input_v3.xml
[00:44:19.140 I] Quitting peacefully.
