[00:42:30.516 *] Crash handler installed
[00:42:30.578 *] Loading config file: <project>/openmw-mr/build/OpenMW.app/Contents/Resources/openmw.cfg
[00:42:30.579 *] Loading config file: <project>/harness/config/openmw.cfg
[00:42:30.579 *] Loading config file: <project>/harness/results/20260907-0028-8f482b21a-mr5541-compat/overlay/openmw.cfg
[00:42:30.579 *] Logs dir: <project>/harness/results/20260907-0028-8f482b21a-mr5541-compat/overlay
[00:42:30.579 *] User data dir: <project>/harness/userdata
[00:42:30.579 *] Screenshots dir: <project>/harness/userdata/screenshots
[00:42:30.579 I] OpenMW version 0.52.0
[00:42:30.579 I] Revision: 8f482b21ac
[00:42:30.580 I] Loading settings file: <project>/openmw-mr/build/OpenMW.app/Contents/Resources/defaults.bin
[00:42:30.580 I] Loading settings file: <project>/harness/config/settings.cfg
[00:42:30.580 I] Using default (English) font encoding.
[00:42:30.580 W] No such dir: <home>/Library/Application Support/openmw/data
[00:42:30.581 I] OSG version: 3.6.5
[00:42:30.581 I] SDL version: 2.32.10
[00:42:30.581 I] Loading shader settings file: <project>/harness/results/20260907-0028-8f482b21a-mr5541-compat/overlay/shaders.yaml
[00:42:30.597 E] Error: Failed to read window icon, no png readerwriter found
[00:42:30.620 I] OpenGL Vendor: Apple
[00:42:30.620 I] OpenGL Renderer: Apple M5 Pro
[00:42:30.620 I] OpenGL Version: 2.1 Metal - 90.5
[00:42:30.620 W] GL_ARB_clip_control not supported: disabling reverse-z depth buffer
[00:42:30.620 I] Adding BSA archive <project>/Morrowind/Data Files/Morrowind.bsa
[00:42:30.621 I] Adding BSA archive <project>/Morrowind/Data Files/Tribunal.bsa
[00:42:30.622 I] Adding BSA archive <project>/Morrowind/Data Files/Bloodmoon.bsa
[00:42:30.622 I] Adding data directory <project>/openmw-mr/build/OpenMW.app/Contents/Resources/../Resources/resources/vfs
[00:42:30.622 I] Adding data directory <project>/openmw-mr/build/OpenMW.app/Contents/Resources/../Resources/resources/vfs-mw
[00:42:30.623 I] Adding data directory <project>/Morrowind/Data Files
[00:42:30.637 I] Adding data directory <project>/harness/mod
[00:42:30.642 I] Preferred locales: gmst en
[00:42:30.642 I] Initializing LuaUtil::LuaState without profiler
[00:42:30.642 I] Lua version: Lua 5.1.4 (LuaJIT 2.1.1767980792)
[00:42:30.642 I] Loading keybindings file: <project>/harness/results/20260907-0028-8f482b21a-mr5541-compat/overlay/input_v3.xml
[00:42:30.643 I] Loading TrueType font file fonts/mysticcards.omwfont
[00:42:30.645 I] Loading TrueType font file fonts/demonicletters.omwfont
[00:42:30.646 I] Loading TrueType font file fonts/dejavulgcsansmono.omwfont
[00:42:30.655 I] Sound disabled.
[00:42:30.655 I] Loading Lua storage "<project>/harness/results/20260907-0028-8f482b21a-mr5541-compat/overlay/global_storage.bin" (140 bytes)
[00:42:30.655 I] Loading Lua storage "<project>/harness/results/20260907-0028-8f482b21a-mr5541-compat/overlay/player_storage.bin" (878 bytes)
[00:42:30.658 I] Loading content file builtin.omwscripts
[00:42:30.658 I] Loading content file Morrowind.esm
[00:42:30.658 E] Error loading splash/splash_daedroth.tga: no readerwriter for 'tga' found
[00:42:30.821 I] Loading content file Tribunal.esm
[00:42:30.842 I] Loading content file Bloodmoon.esm
[00:42:30.867 I] Loading content file bench.omwscripts
[00:42:30.867 V] Lua scripts configuration (42 scripts):
[00:42:30.867 V] #0 MENU PLAYER : scripts/omw/mwui/init.lua
[00:42:30.867 V] #1 MENU : scripts/omw/settings/menu.lua
[00:42:30.867 V] #2 PLAYER : scripts/omw/settings/player.lua
[00:42:30.867 V] #3 GLOBAL : scripts/omw/settings/global.lua
[00:42:30.867 V] #4 GLOBAL : scripts/omw/activationhandlers.lua
[00:42:30.867 V] #5 GLOBAL : scripts/omw/usehandlers.lua
[00:42:30.867 V] #6 GLOBAL : scripts/omw/worldeventhandlers.lua
[00:42:30.867 V] #7 GLOBAL : scripts/omw/crimes.lua
[00:42:30.867 V] #8 PLAYER CREATURE NPC : scripts/omw/mechanics/animationcontroller.lua
[00:42:30.867 V] #9 PLAYER : scripts/omw/skillhandlers.lua
[00:42:30.867 V] #10 PLAYER : scripts/omw/mechanics/playercontroller.lua
[00:42:30.867 V] #11 MENU : scripts/omw/camera/settings.lua
[00:42:30.867 V] #12 MENU : scripts/omw/input/settings.lua
[00:42:30.867 V] #13 PLAYER : scripts/omw/input/playercontrols.lua
[00:42:30.867 V] #14 PLAYER : scripts/omw/camera/camera.lua
[00:42:30.867 V] #15 PLAYER : scripts/omw/input/actionbindings.lua
[00:42:30.867 V] #16 PLAYER : scripts/omw/input/smoothmovement.lua
[00:42:30.867 V] #17 PLAYER : scripts/omw/input/gamepadcontrols.lua
[00:42:30.867 V] #18 NPC CREATURE : scripts/omw/ai.lua
[00:42:30.867 V] #19 GLOBAL : scripts/omw/mechanics/globalcontroller.lua
[00:42:30.867 V] #20 PLAYER CREATURE NPC : scripts/omw/mechanics/actorcontroller.lua
[00:42:30.867 V] #21 PLAYER NPC CREATURE : scripts/omw/combat/interface_local.lua
[00:42:30.867 V] #22 GLOBAL : scripts/omw/combat/interface_global.lua
[00:42:30.867 V] #23 PLAYER CREATURE NPC : scripts/omw/spellcasting/interface_local.lua
[00:42:30.867 V] #24 PLAYER : scripts/omw/ui.lua
[00:42:30.867 V] #25 MENU : scripts/omw/console/menu.lua
[00:42:30.867 V] #26 PLAYER : scripts/omw/console/player.lua
[00:42:30.867 V] #27 GLOBAL : scripts/omw/console/global.lua
[00:42:30.867 V] #28 CUSTOM : scripts/omw/console/local.lua
[00:42:30.867 V] #29 NPC CREATURE : scripts/omw/music/actor.lua
[00:42:30.867 V] #30 GLOBAL : scripts/omw/cellhandlers.lua
[00:42:30.867 V] #31 GLOBAL : scripts/omw/combat/global.lua
[00:42:30.867 V] #32 PLAYER : scripts/omw/combat/settingspage.lua
[00:42:30.867 V] #33 PLAYER NPC CREATURE : scripts/omw/combat/local.lua
[00:42:30.867 V] #34 PLAYER : scripts/omw/music/music.lua
[00:42:30.867 V] #35 MENU : scripts/omw/music/settings.lua
[00:42:30.867 V] #36 PLAYER : scripts/omw/playerskillhandlers.lua
[00:42:30.867 V] #37 LOAD : scripts/omw/esmfallbacks.lua
[00:42:30.867 V] #38 PLAYER CREATURE NPC : scripts/omw/spellcasting/local.lua
[00:42:30.867 V] #39 DOOR CONTAINER : scripts/omw/spellcasting/lockable.lua
[00:42:30.867 V] #40 GLOBAL : scripts/bench/global.lua
[00:42:30.867 V] #41 PLAYER : scripts/bench/player.lua
[00:42:30.878 V] Enchantment "test magic axe": dropping unexpected skill argument of "FortifyMaximumMagicka" effect
[00:42:30.950 I] Using 1 async physics threads
[00:42:30.950 I] Using <project>/harness/userdata/navmesh.db to store navigation mesh cache
[00:42:30.951 W] Idle thread priority is not supported on this system
[00:42:30.951 I] Reserving texture units for shadow maps: 13..15
[00:42:30.952 I] Reserving texture unit for opaque depth texture: 12
[00:42:30.952 I] Reserving texture unit for opaque color texture: 11
[00:42:30.952 V] Disabling Multiview (disabled by config)
[00:42:30.956 V] Language file "l10n/Interface/gmst.yaml" is enabled
[00:42:30.956 V] Language file "l10n/Interface/en.yaml" is enabled
[00:42:30.965 V] Language file "l10n/OMWEngine/gmst.yaml" is enabled
[00:42:30.965 V] Language file "l10n/OMWEngine/en.yaml" is enabled
[00:42:30.975 V] Language file "l10n/OMWShaders/en.yaml" is enabled
[00:42:30.982 V] Language file "l10n/OMWCamera/en.yaml" is enabled
[00:42:30.984 V] Language file "l10n/OMWControls/en.yaml" is enabled
[00:42:30.984 V] Language file "l10n/interface/gmst.yaml" is enabled
[00:42:30.984 V] Language file "l10n/interface/en.yaml" is enabled
[00:42:30.985 V] Language file "l10n/Calendar/gmst.yaml" is enabled
[00:42:30.985 V] Language file "l10n/Calendar/en.yaml" is enabled
[00:42:30.985 V] Language file "l10n/OMWMusic/en.yaml" is enabled
[00:42:30.985 I] OSG stats will be written to: <project>/harness/results/20260907-0028-8f482b21a-mr5541-compat/interior-r1-stats.txt
[00:42:30.994 I] Starting a new game
[00:42:30.997 E] Error loading splash/splash_hunger.tga: no readerwriter for 'tga' found
[00:42:31.000 V] Language file "l10n/Mechanics/gmst.yaml" is enabled
[00:42:31.000 I] Changing to interior
[00:42:31.000 I] Loading cell Vivec, Foreign Quarter Lower Waistworks
[00:42:31.046 V] Language file "l10n/OMWCombat/en.yaml" is enabled
[00:42:31.085 I] Global[scripts/bench/global.lua]:	BENCH station=interior startcell="vivec, foreign quarter lower waistworks" frame=1
[00:42:31.106 V] Controller R2_Claw02 present more than once in meshes/r/xsiltstrider.kf, ignoring later version
[00:42:31.183 I] L@0x1[scripts/bench/player.lua]:	BENCH camera station=interior yaw=90 pitch=0
[00:42:31.454 I] Global[scripts/bench/global.lua]:	BENCH station=interior ready frame=40 simtime=0.40
[00:43:24.630 I] Saving shader settings file: <project>/harness/results/20260907-0028-8f482b21a-mr5541-compat/overlay/shaders.yaml
[00:43:24.631 I] Saving Lua storage "<project>/harness/results/20260907-0028-8f482b21a-mr5541-compat/overlay/global_storage.bin" (140 bytes)
[00:43:24.631 I] Saving Lua storage "<project>/harness/results/20260907-0028-8f482b21a-mr5541-compat/overlay/player_storage.bin" (878 bytes)
[00:43:24.658 I] Saved input bindings: <project>/harness/results/20260907-0028-8f482b21a-mr5541-compat/overlay/input_v3.xml
[00:43:24.677 I] Quitting peacefully.
