[00:47:03.794 *] Crash handler installed
[00:47:03.863 *] Loading config file: <project>/openmw-mr/build/OpenMW.app/Contents/Resources/openmw.cfg
[00:47:03.864 *] Loading config file: <project>/harness/config/openmw.cfg
[00:47:03.864 *] Loading config file: <project>/harness/results/20260907-0028-8f482b21a-mr5541-compat/overlay/openmw.cfg
[00:47:03.864 *] Logs dir: <project>/harness/results/20260907-0028-8f482b21a-mr5541-compat/overlay
[00:47:03.865 *] User data dir: <project>/harness/userdata
[00:47:03.865 *] Screenshots dir: <project>/harness/userdata/screenshots
[00:47:03.865 I] OpenMW version 0.52.0
[00:47:03.865 I] Revision: 8f482b21ac
[00:47:03.865 I] Loading settings file: <project>/openmw-mr/build/OpenMW.app/Contents/Resources/defaults.bin
[00:47:03.865 I] Loading settings file: <project>/harness/config/settings.cfg
[00:47:03.866 I] Using default (English) font encoding.
[00:47:03.866 W] No such dir: <home>/Library/Application Support/openmw/data
[00:47:03.866 I] OSG version: 3.6.5
[00:47:03.866 I] SDL version: 2.32.10
[00:47:03.866 I] Loading shader settings file: <project>/harness/results/20260907-0028-8f482b21a-mr5541-compat/overlay/shaders.yaml
[00:47:03.885 E] Error: Failed to read window icon, no png readerwriter found
[00:47:03.907 I] OpenGL Vendor: Apple
[00:47:03.907 I] OpenGL Renderer: Apple M5 Pro
[00:47:03.907 I] OpenGL Version: 2.1 Metal - 90.5
[00:47:03.908 W] GL_ARB_clip_control not supported: disabling reverse-z depth buffer
[00:47:03.908 I] Adding BSA archive <project>/Morrowind/Data Files/Morrowind.bsa
[00:47:03.909 I] Adding BSA archive <project>/Morrowind/Data Files/Tribunal.bsa
[00:47:03.909 I] Adding BSA archive <project>/Morrowind/Data Files/Bloodmoon.bsa
[00:47:03.909 I] Adding data directory <project>/openmw-mr/build/OpenMW.app/Contents/Resources/../Resources/resources/vfs
[00:47:03.910 I] Adding data directory <project>/openmw-mr/build/OpenMW.app/Contents/Resources/../Resources/resources/vfs-mw
[00:47:03.910 I] Adding data directory <project>/Morrowind/Data Files
[00:47:03.927 I] Adding data directory <project>/harness/mod
[00:47:03.931 I] Preferred locales: gmst en
[00:47:03.931 I] Initializing LuaUtil::LuaState without profiler
[00:47:03.931 I] Lua version: Lua 5.1.4 (LuaJIT 2.1.1767980792)
[00:47:03.931 I] Loading keybindings file: <project>/harness/results/20260907-0028-8f482b21a-mr5541-compat/overlay/input_v3.xml
[00:47:03.932 I] Loading TrueType font file fonts/mysticcards.omwfont
[00:47:03.934 I] Loading TrueType font file fonts/demonicletters.omwfont
[00:47:03.935 I] Loading TrueType font file fonts/dejavulgcsansmono.omwfont
[00:47:03.944 I] Sound disabled.
[00:47:03.944 I] Loading Lua storage "<project>/harness/results/20260907-0028-8f482b21a-mr5541-compat/overlay/global_storage.bin" (140 bytes)
[00:47:03.944 I] Loading Lua storage "<project>/harness/results/20260907-0028-8f482b21a-mr5541-compat/overlay/player_storage.bin" (878 bytes)
[00:47:03.947 I] Loading content file builtin.omwscripts
[00:47:03.947 I] Loading content file Morrowind.esm
[00:47:03.947 E] Error loading splash/splash_spherecenturion.tga: no readerwriter for 'tga' found
[00:47:04.105 I] Loading content file Tribunal.esm
[00:47:04.126 I] Loading content file Bloodmoon.esm
[00:47:04.152 I] Loading content file bench.omwscripts
[00:47:04.152 V] Lua scripts configuration (42 scripts):
[00:47:04.152 V] #0 MENU PLAYER : scripts/omw/mwui/init.lua
[00:47:04.152 V] #1 MENU : scripts/omw/settings/menu.lua
[00:47:04.152 V] #2 PLAYER : scripts/omw/settings/player.lua
[00:47:04.152 V] #3 GLOBAL : scripts/omw/settings/global.lua
[00:47:04.152 V] #4 GLOBAL : scripts/omw/activationhandlers.lua
[00:47:04.152 V] #5 GLOBAL : scripts/omw/usehandlers.lua
[00:47:04.152 V] #6 GLOBAL : scripts/omw/worldeventhandlers.lua
[00:47:04.152 V] #7 GLOBAL : scripts/omw/crimes.lua
[00:47:04.152 V] #8 PLAYER CREATURE NPC : scripts/omw/mechanics/animationcontroller.lua
[00:47:04.152 V] #9 PLAYER : scripts/omw/skillhandlers.lua
[00:47:04.152 V] #10 PLAYER : scripts/omw/mechanics/playercontroller.lua
[00:47:04.152 V] #11 MENU : scripts/omw/camera/settings.lua
[00:47:04.152 V] #12 MENU : scripts/omw/input/settings.lua
[00:47:04.152 V] #13 PLAYER : scripts/omw/input/playercontrols.lua
[00:47:04.152 V] #14 PLAYER : scripts/omw/camera/camera.lua
[00:47:04.152 V] #15 PLAYER : scripts/omw/input/actionbindings.lua
[00:47:04.152 V] #16 PLAYER : scripts/omw/input/smoothmovement.lua
[00:47:04.152 V] #17 PLAYER : scripts/omw/input/gamepadcontrols.lua
[00:47:04.152 V] #18 NPC CREATURE : scripts/omw/ai.lua
[00:47:04.152 V] #19 GLOBAL : scripts/omw/mechanics/globalcontroller.lua
[00:47:04.152 V] #20 PLAYER CREATURE NPC : scripts/omw/mechanics/actorcontroller.lua
[00:47:04.152 V] #21 PLAYER NPC CREATURE : scripts/omw/combat/interface_local.lua
[00:47:04.152 V] #22 GLOBAL : scripts/omw/combat/interface_global.lua
[00:47:04.152 V] #23 PLAYER CREATURE NPC : scripts/omw/spellcasting/interface_local.lua
[00:47:04.152 V] #24 PLAYER : scripts/omw/ui.lua
[00:47:04.152 V] #25 MENU : scripts/omw/console/menu.lua
[00:47:04.152 V] #26 PLAYER : scripts/omw/console/player.lua
[00:47:04.152 V] #27 GLOBAL : scripts/omw/console/global.lua
[00:47:04.152 V] #28 CUSTOM : scripts/omw/console/local.lua
[00:47:04.152 V] #29 NPC CREATURE : scripts/omw/music/actor.lua
[00:47:04.152 V] #30 GLOBAL : scripts/omw/cellhandlers.lua
[00:47:04.152 V] #31 GLOBAL : scripts/omw/combat/global.lua
[00:47:04.152 V] #32 PLAYER : scripts/omw/combat/settingspage.lua
[00:47:04.152 V] #33 PLAYER NPC CREATURE : scripts/omw/combat/local.lua
[00:47:04.152 V] #34 PLAYER : scripts/omw/music/music.lua
[00:47:04.152 V] #35 MENU : scripts/omw/music/settings.lua
[00:47:04.152 V] #36 PLAYER : scripts/omw/playerskillhandlers.lua
[00:47:04.152 V] #37 LOAD : scripts/omw/esmfallbacks.lua
[00:47:04.152 V] #38 PLAYER CREATURE NPC : scripts/omw/spellcasting/local.lua
[00:47:04.152 V] #39 DOOR CONTAINER : scripts/omw/spellcasting/lockable.lua
[00:47:04.152 V] #40 GLOBAL : scripts/bench/global.lua
[00:47:04.152 V] #41 PLAYER : scripts/bench/player.lua
[00:47:04.163 V] Enchantment "test magic axe": dropping unexpected skill argument of "FortifyMaximumMagicka" effect
[00:47:04.235 I] Using 1 async physics threads
[00:47:04.235 I] Using <project>/harness/userdata/navmesh.db to store navigation mesh cache
[00:47:04.236 W] Idle thread priority is not supported on this system
[00:47:04.236 I] Reserving texture units for shadow maps: 13..15
[00:47:04.237 I] Reserving texture unit for opaque depth texture: 12
[00:47:04.237 I] Reserving texture unit for opaque color texture: 11
[00:47:04.237 V] Disabling Multiview (disabled by config)
[00:47:04.240 V] Language file "l10n/Interface/gmst.yaml" is enabled
[00:47:04.241 V] Language file "l10n/Interface/en.yaml" is enabled
[00:47:04.249 V] Language file "l10n/OMWEngine/gmst.yaml" is enabled
[00:47:04.250 V] Language file "l10n/OMWEngine/en.yaml" is enabled
[00:47:04.259 V] Language file "l10n/OMWShaders/en.yaml" is enabled
[00:47:04.267 V] Language file "l10n/OMWCamera/en.yaml" is enabled
[00:47:04.268 V] Language file "l10n/OMWControls/en.yaml" is enabled
[00:47:04.268 V] Language file "l10n/interface/gmst.yaml" is enabled
[00:47:04.269 V] Language file "l10n/interface/en.yaml" is enabled
[00:47:04.269 V] Language file "l10n/Calendar/gmst.yaml" is enabled
[00:47:04.269 V] Language file "l10n/Calendar/en.yaml" is enabled
[00:47:04.269 V] Language file "l10n/OMWMusic/en.yaml" is enabled
[00:47:04.269 I] OSG stats will be written to: <project>/harness/results/20260907-0028-8f482b21a-mr5541-compat/route-r3-stats.txt
[00:47:04.277 I] Starting a new game
[00:47:04.282 V] Language file "l10n/Mechanics/gmst.yaml" is enabled
[00:47:04.304 E] Error loading splash/splash_nixhound.tga: no readerwriter for 'tga' found
[00:47:04.304 I] Loading cell Bitter Coast Region (0, -10)
[00:47:04.326 I] Loading cell Ascadian Isles Region (0, -9)
[00:47:04.345 I] Loading cell Bitter Coast Region (-1, -10)
[00:47:04.349 I] Loading cell Bitter Coast Region (0, -11)
[00:47:04.351 I] Loading cell Ascadian Isles Region (1, -10)
[00:47:04.356 I] Loading cell Bitter Coast Region (-1, -9)
[00:47:04.364 I] Loading cell Ascadian Isles Region (1, -9)
[00:47:04.370 I] Loading cell Bitter Coast Region (-1, -11)
[00:47:04.377 I] Loading cell Ascadian Isles Region (1, -11)
[00:47:04.384 V] Language file "l10n/OMWCombat/en.yaml" is enabled
[00:47:04.411 I] Global[scripts/bench/global.lua]:	BENCH station=route startcell="bitter coast region" frame=1
[00:47:04.487 I] Unloading cell Bitter Coast Region (0, -10)
[00:47:04.489 E] Error: Unable to write fog, can't find a png ReaderWriter
[00:47:04.489 I] Unloading cell Bitter Coast Region (-1, -11)
[00:47:04.489 I] Unloading cell Bitter Coast Region (0, -11)
[00:47:04.489 I] Unloading cell Ascadian Isles Region (0, -9)
[00:47:04.490 I] Unloading cell Ascadian Isles Region (1, -11)
[00:47:04.490 I] Unloading cell Ascadian Isles Region (1, -10)
[00:47:04.490 I] Unloading cell Ascadian Isles Region (1, -9)
[00:47:04.491 I] Loading cell Seyda Neen (-2, -9)
[00:47:04.496 V] Controller R2_Claw02 present more than once in meshes/r/xsiltstrider.kf, ignoring later version
[00:47:04.514 I] Loading cell Bitter Coast Region (-2, -8)
[00:47:04.518 I] Loading cell Bitter Coast Region (-3, -9)
[00:47:04.520 I] Loading cell Seyda Neen (-2, -10)
[00:47:04.520 I] Warning: lookoutScript[local variables] line 41, column 37 (=): invalid operator =, treating it as ==
[00:47:04.524 I] Loading cell Ascadian Isles Region (-1, -8)
[00:47:04.529 I] Loading cell Bitter Coast Region (-3, -8)
[00:47:04.532 I] Loading cell Bitter Coast Region (-3, -10)
[00:47:04.535 I] AiTravel: -8914, -73093, 126
[00:47:04.535 I] Warning: lookoutScript line 41, column 37 (=): invalid operator =, treating it as ==
[00:47:04.535 I] Warning: fallingScript line 46, column 6 (endif): endif without matching if/elseif
[00:47:04.567 I] L@0x1[scripts/bench/player.lua]:	BENCH camera station=route yaw=0 pitch=6
[00:47:04.763 I] Global[scripts/bench/global.lua]:	BENCH station=route ready frame=40 simtime=0.38
[00:47:04.763 I] Global[scripts/bench/global.lua]:	BENCH route cell=-2,-9 pos=(-11000,-69995) simtime=0.38
[00:47:09.228 I] Unloading cell Seyda Neen (-2, -10)
[00:47:09.229 I] Unloading cell Bitter Coast Region (-3, -10)
[00:47:09.229 I] Unloading cell Bitter Coast Region (-1, -10)
[00:47:09.230 I] Loading cell Ascadian Isles Region (-2, -7)
[00:47:09.231 I] Loading cell Ascadian Isles Region (-1, -7)
[00:47:09.232 I] Loading cell Ascadian Isles Region (-3, -7)
[00:47:09.239 I] Global[scripts/bench/global.lua]:	BENCH route cell=-2,-8 pos=(-11000,-65528) simtime=4.84
[00:47:17.562 I] Unloading cell Bitter Coast Region (-3, -9)
[00:47:17.563 I] Unloading cell Seyda Neen (-2, -9)
[00:47:17.563 E] Error: Unable to write fog, can't find a png ReaderWriter
[00:47:17.563 I] Unloading cell Bitter Coast Region (-1, -9)
[00:47:17.564 I] Loading cell Ascadian Isles Region (-2, -6)
[00:47:17.567 I] Loading cell Ascadian Isles Region (-1, -6)
[00:47:17.569 I] Loading cell Ascadian Isles Region (-3, -6)
[00:47:17.577 I] Global[scripts/bench/global.lua]:	BENCH route cell=-2,-7 pos=(-12165,-57338) simtime=13.18
[00:47:26.011 I] Unloading cell Bitter Coast Region (-3, -8)
[00:47:26.011 I] Unloading cell Bitter Coast Region (-2, -8)
[00:47:26.012 E] Error: Unable to write fog, can't find a png ReaderWriter
[00:47:26.012 I] Unloading cell Ascadian Isles Region (-1, -8)
[00:47:26.012 I] Loading cell Ascadian Isles Region (-2, -5)
[00:47:26.013 I] Loading cell Ascadian Isles Region (-1, -5)
[00:47:26.014 I] Loading cell Ascadian Isles Region (-3, -5)
[00:47:26.018 I] Global[scripts/bench/global.lua]:	BENCH route cell=-2,-6 pos=(-14214,-49142) simtime=21.62
[00:47:34.450 I] Unloading cell Ascadian Isles Region (-3, -7)
[00:47:34.451 I] Unloading cell Ascadian Isles Region (-2, -7)
[00:47:34.451 E] Error: Unable to write fog, can't find a png ReaderWriter
[00:47:34.451 I] Unloading cell Ascadian Isles Region (-1, -7)
[00:47:34.452 I] Loading cell Ascadian Isles Region (-2, -4)
[00:47:34.452 I] Loading cell Ascadian Isles Region (-1, -4)
[00:47:34.454 I] Loading cell Ascadian Isles Region (-3, -4)
[00:47:34.458 I] Global[scripts/bench/global.lua]:	BENCH route cell=-2,-5 pos=(-16261,-40954) simtime=30.06
[00:47:34.961 I] Unloading cell Ascadian Isles Region (-1, -4)
[00:47:34.961 I] Unloading cell Ascadian Isles Region (-1, -6)
[00:47:34.961 I] Unloading cell Ascadian Isles Region (-1, -5)
[00:47:34.962 I] Loading cell Ascadian Isles Region (-4, -5)
[00:47:34.963 I] Loading cell Ascadian Isles Region (-4, -4)
[00:47:34.966 I] Loading cell Bitter Coast Region (-4, -6)
[00:47:34.970 I] Global[scripts/bench/global.lua]:	BENCH route cell=-3,-5 pos=(-16385,-40459) simtime=30.58
[00:47:41.345 V] Controller R2_Claw02 present more than once in meshes/r/xsiltstrider.kf, ignoring later version
[00:47:42.893 I] Unloading cell Bitter Coast Region (-4, -6)
[00:47:42.894 I] Unloading cell Ascadian Isles Region (-3, -6)
[00:47:42.894 E] Error: Unable to write fog, can't find a png ReaderWriter
[00:47:42.894 I] Unloading cell Ascadian Isles Region (-2, -6)
[00:47:42.894 E] Error: Unable to write fog, can't find a png ReaderWriter
[00:47:42.895 I] Loading cell Balmora (-3, -3)
[00:47:42.900 I] Loading cell West Gash Region (-2, -3)
[00:47:42.901 I] Loading cell West Gash Region (-4, -3)
[00:47:42.903 I] Warning: OutsideBanner line 38, column 6 (endif): endif without matching if/elseif
[00:47:42.907 I] Global[scripts/bench/global.lua]:	BENCH route cell=-3,-4 pos=(-18309,-32763) simtime=38.51
[00:47:51.171 I] Unloading cell Ascadian Isles Region (-4, -5)
[00:47:51.171 I] Unloading cell Ascadian Isles Region (-2, -5)
[00:47:51.172 E] Error: Unable to write fog, can't find a png ReaderWriter
[00:47:51.172 I] Unloading cell Ascadian Isles Region (-3, -5)
[00:47:51.172 E] Error: Unable to write fog, can't find a png ReaderWriter
[00:47:51.173 I] Loading cell Balmora (-3, -2)
[00:47:51.183 I] Loading cell Balmora (-2, -2)
[00:47:51.185 I] Loading cell Balmora (-4, -2)
[00:47:51.192 I] Global[scripts/bench/global.lua]:	BENCH route cell=-3,-3 pos=(-19000,-24570) simtime=46.79
[00:47:57.749 I] Saving shader settings file: <project>/harness/results/20260907-0028-8f482b21a-mr5541-compat/overlay/shaders.yaml
[00:47:57.749 I] Saving Lua storage "<project>/harness/results/20260907-0028-8f482b21a-mr5541-compat/overlay/global_storage.bin" (140 bytes)
[00:47:57.749 I] Saving Lua storage "<project>/harness/results/20260907-0028-8f482b21a-mr5541-compat/overlay/player_storage.bin" (878 bytes)
[00:47:57.789 I] Saved input bindings: <project>/harness/results/20260907-0028-8f482b21a-mr5541-compat/overlay/input_v3.xml
[00:47:57.816 I] Quitting peacefully.
