[00:28:51.214 *] Crash handler installed
[00:28:51.274 *] Loading config file: <project>/openmw-mr/build/OpenMW.app/Contents/Resources/openmw.cfg
[00:28:51.275 *] Loading config file: <project>/harness/config/openmw.cfg
[00:28:51.275 *] Loading config file: <project>/harness/results/20260907-0028-8f482b21a-mr5541-compat/overlay/openmw.cfg
[00:28:51.275 *] Logs dir: <project>/harness/results/20260907-0028-8f482b21a-mr5541-compat/overlay
[00:28:51.275 *] User data dir: <project>/harness/userdata
[00:28:51.275 *] Screenshots dir: <project>/harness/userdata/screenshots
[00:28:51.275 I] OpenMW version 0.52.0
[00:28:51.275 I] Revision: 8f482b21ac
[00:28:51.276 I] Loading settings file: <project>/openmw-mr/build/OpenMW.app/Contents/Resources/defaults.bin
[00:28:51.276 I] Loading settings file: <project>/harness/config/settings.cfg
[00:28:51.276 I] Using default (English) font encoding.
[00:28:51.276 W] No such dir: <home>/Library/Application Support/openmw/data
[00:28:51.277 I] OSG version: 3.6.5
[00:28:51.277 I] SDL version: 2.32.10
[00:28:51.277 I] Loading shader settings file: <project>/harness/results/20260907-0028-8f482b21a-mr5541-compat/overlay/shaders.yaml
[00:28:51.296 E] Error: Failed to read window icon, no png readerwriter found
[00:28:51.317 I] OpenGL Vendor: Apple
[00:28:51.317 I] OpenGL Renderer: Apple M5 Pro
[00:28:51.317 I] OpenGL Version: 2.1 Metal - 90.5
[00:28:51.317 W] GL_ARB_clip_control not supported: disabling reverse-z depth buffer
[00:28:51.317 I] Adding BSA archive <project>/Morrowind/Data Files/Morrowind.bsa
[00:28:51.318 I] Adding BSA archive <project>/Morrowind/Data Files/Tribunal.bsa
[00:28:51.318 I] Adding BSA archive <project>/Morrowind/Data Files/Bloodmoon.bsa
[00:28:51.319 I] Adding data directory <project>/openmw-mr/build/OpenMW.app/Contents/Resources/../Resources/resources/vfs
[00:28:51.319 I] Adding data directory <project>/openmw-mr/build/OpenMW.app/Contents/Resources/../Resources/resources/vfs-mw
[00:28:51.319 I] Adding data directory <project>/Morrowind/Data Files
[00:28:51.334 I] Adding data directory <project>/harness/mod
[00:28:51.338 I] Preferred locales: gmst en
[00:28:51.338 I] Initializing LuaUtil::LuaState without profiler
[00:28:51.339 I] Lua version: Lua 5.1.4 (LuaJIT 2.1.1767980792)
[00:28:51.339 I] Loading TrueType font file fonts/mysticcards.omwfont
[00:28:51.341 I] Loading TrueType font file fonts/demonicletters.omwfont
[00:28:51.342 I] Loading TrueType font file fonts/dejavulgcsansmono.omwfont
[00:28:51.353 I] Sound disabled.
[00:28:51.356 I] Loading content file builtin.omwscripts
[00:28:51.356 I] Loading content file Morrowind.esm
[00:28:51.356 E] Error loading splash/splash_nixhound.tga: no readerwriter for 'tga' found
[00:28:51.499 I] Loading content file Tribunal.esm
[00:28:51.518 I] Loading content file Bloodmoon.esm
[00:28:51.541 I] Loading content file bench.omwscripts
[00:28:51.541 V] Lua scripts configuration (42 scripts):
[00:28:51.541 V] #0 MENU PLAYER : scripts/omw/mwui/init.lua
[00:28:51.541 V] #1 MENU : scripts/omw/settings/menu.lua
[00:28:51.541 V] #2 PLAYER : scripts/omw/settings/player.lua
[00:28:51.541 V] #3 GLOBAL : scripts/omw/settings/global.lua
[00:28:51.541 V] #4 GLOBAL : scripts/omw/activationhandlers.lua
[00:28:51.541 V] #5 GLOBAL : scripts/omw/usehandlers.lua
[00:28:51.541 V] #6 GLOBAL : scripts/omw/worldeventhandlers.lua
[00:28:51.541 V] #7 GLOBAL : scripts/omw/crimes.lua
[00:28:51.541 V] #8 PLAYER CREATURE NPC : scripts/omw/mechanics/animationcontroller.lua
[00:28:51.541 V] #9 PLAYER : scripts/omw/skillhandlers.lua
[00:28:51.541 V] #10 PLAYER : scripts/omw/mechanics/playercontroller.lua
[00:28:51.541 V] #11 MENU : scripts/omw/camera/settings.lua
[00:28:51.541 V] #12 MENU : scripts/omw/input/settings.lua
[00:28:51.541 V] #13 PLAYER : scripts/omw/input/playercontrols.lua
[00:28:51.541 V] #14 PLAYER : scripts/omw/camera/camera.lua
[00:28:51.541 V] #15 PLAYER : scripts/omw/input/actionbindings.lua
[00:28:51.541 V] #16 PLAYER : scripts/omw/input/smoothmovement.lua
[00:28:51.541 V] #17 PLAYER : scripts/omw/input/gamepadcontrols.lua
[00:28:51.541 V] #18 NPC CREATURE : scripts/omw/ai.lua
[00:28:51.541 V] #19 GLOBAL : scripts/omw/mechanics/globalcontroller.lua
[00:28:51.541 V] #20 PLAYER CREATURE NPC : scripts/omw/mechanics/actorcontroller.lua
[00:28:51.541 V] #21 PLAYER NPC CREATURE : scripts/omw/combat/interface_local.lua
[00:28:51.541 V] #22 GLOBAL : scripts/omw/combat/interface_global.lua
[00:28:51.541 V] #23 PLAYER CREATURE NPC : scripts/omw/spellcasting/interface_local.lua
[00:28:51.541 V] #24 PLAYER : scripts/omw/ui.lua
[00:28:51.541 V] #25 MENU : scripts/omw/console/menu.lua
[00:28:51.541 V] #26 PLAYER : scripts/omw/console/player.lua
[00:28:51.541 V] #27 GLOBAL : scripts/omw/console/global.lua
[00:28:51.541 V] #28 CUSTOM : scripts/omw/console/local.lua
[00:28:51.541 V] #29 NPC CREATURE : scripts/omw/music/actor.lua
[00:28:51.541 V] #30 GLOBAL : scripts/omw/cellhandlers.lua
[00:28:51.541 V] #31 GLOBAL : scripts/omw/combat/global.lua
[00:28:51.541 V] #32 PLAYER : scripts/omw/combat/settingspage.lua
[00:28:51.541 V] #33 PLAYER NPC CREATURE : scripts/omw/combat/local.lua
[00:28:51.541 V] #34 PLAYER : scripts/omw/music/music.lua
[00:28:51.541 V] #35 MENU : scripts/omw/music/settings.lua
[00:28:51.541 V] #36 PLAYER : scripts/omw/playerskillhandlers.lua
[00:28:51.541 V] #37 LOAD : scripts/omw/esmfallbacks.lua
[00:28:51.541 V] #38 PLAYER CREATURE NPC : scripts/omw/spellcasting/local.lua
[00:28:51.541 V] #39 DOOR CONTAINER : scripts/omw/spellcasting/lockable.lua
[00:28:51.541 V] #40 GLOBAL : scripts/bench/global.lua
[00:28:51.541 V] #41 PLAYER : scripts/bench/player.lua
[00:28:51.551 V] Enchantment "test magic axe": dropping unexpected skill argument of "FortifyMaximumMagicka" effect
[00:28:51.620 I] Using 1 async physics threads
[00:28:51.620 I] Using <project>/harness/userdata/navmesh.db to store navigation mesh cache
[00:28:51.620 W] Idle thread priority is not supported on this system
[00:28:51.620 I] Reserving texture units for shadow maps: 13..15
[00:28:51.621 I] Reserving texture unit for opaque depth texture: 12
[00:28:51.621 I] Reserving texture unit for opaque color texture: 11
[00:28:51.622 V] Disabling Multiview (disabled by config)
[00:28:51.625 V] Language file "l10n/Interface/gmst.yaml" is enabled
[00:28:51.625 V] Language file "l10n/Interface/en.yaml" is enabled
[00:28:51.633 V] Language file "l10n/OMWEngine/gmst.yaml" is enabled
[00:28:51.634 V] Language file "l10n/OMWEngine/en.yaml" is enabled
[00:28:51.643 V] Language file "l10n/OMWShaders/en.yaml" is enabled
[00:28:51.651 V] Language file "l10n/OMWCamera/en.yaml" is enabled
[00:28:51.652 V] Language file "l10n/OMWControls/en.yaml" is enabled
[00:28:51.652 V] Language file "l10n/interface/gmst.yaml" is enabled
[00:28:51.652 V] Language file "l10n/interface/en.yaml" is enabled
[00:28:51.652 V] Language file "l10n/Calendar/gmst.yaml" is enabled
[00:28:51.653 V] Language file "l10n/Calendar/en.yaml" is enabled
[00:28:51.653 V] Language file "l10n/OMWMusic/en.yaml" is enabled
[00:28:51.653 I] OSG stats will be written to: <project>/harness/results/20260907-0028-8f482b21a-mr5541-compat/seyda-r1-stats.txt
[00:28:51.658 I] Starting a new game
[00:28:51.661 E] Error loading splash/splash_siltstriker.tga: no readerwriter for 'tga' found
[00:28:51.663 V] Language file "l10n/Mechanics/gmst.yaml" is enabled
[00:28:51.687 E] Error loading splash/splash_spherecenturion.tga: no readerwriter for 'tga' found
[00:28:51.687 I] Loading cell Seyda Neen (-2, -9)
[00:28:51.691 V] Controller R2_Claw02 present more than once in meshes/r/xsiltstrider.kf, ignoring later version
[00:28:51.721 I] Loading cell Bitter Coast Region (-2, -8)
[00:28:51.728 I] Loading cell Bitter Coast Region (-1, -9)
[00:28:51.737 I] Loading cell Bitter Coast Region (-3, -9)
[00:28:51.745 I] Loading cell Seyda Neen (-2, -10)
[00:28:51.745 I] Warning: lookoutScript[local variables] line 41, column 37 (=): invalid operator =, treating it as ==
[00:28:51.749 I] Loading cell Ascadian Isles Region (-1, -8)
[00:28:51.764 I] Loading cell Bitter Coast Region (-3, -8)
[00:28:51.767 I] Loading cell Bitter Coast Region (-1, -10)
[00:28:51.769 I] Loading cell Bitter Coast Region (-3, -10)
[00:28:51.775 V] Language file "l10n/OMWCombat/en.yaml" is enabled
[00:28:51.788 I] AiTravel: -8914, -73093, 126
[00:28:51.788 I] Warning: lookoutScript line 41, column 37 (=): invalid operator =, treating it as ==
[00:28:51.788 I] Warning: fallingScript line 46, column 6 (endif): endif without matching if/elseif
[00:28:51.811 I] Global[scripts/bench/global.lua]:	BENCH station=seyda startcell="seyda neen" frame=1
[00:28:51.900 I] L@0x1[scripts/bench/player.lua]:	BENCH camera station=seyda yaw=160 pitch=4
[00:28:52.152 I] Global[scripts/bench/global.lua]:	BENCH station=seyda ready frame=40 simtime=0.37
[00:29:45.329 I] Saving shader settings file: <project>/harness/results/20260907-0028-8f482b21a-mr5541-compat/overlay/shaders.yaml
[00:29:45.329 I] Saving Lua storage "<project>/harness/results/20260907-0028-8f482b21a-mr5541-compat/overlay/global_storage.bin" (140 bytes)
[00:29:45.329 I] Saving Lua storage "<project>/harness/results/20260907-0028-8f482b21a-mr5541-compat/overlay/player_storage.bin" (878 bytes)
[00:29:45.363 I] Saved input bindings: <project>/harness/results/20260907-0028-8f482b21a-mr5541-compat/overlay/input_v3.xml
[00:29:45.388 I] Quitting peacefully.
