[00:30:40.318 *] Crash handler installed
[00:30:40.389 *] Loading config file: <project>/openmw-mr/build/OpenMW.app/Contents/Resources/openmw.cfg
[00:30:40.390 *] Loading config file: <project>/harness/config/openmw.cfg
[00:30:40.390 *] Loading config file: <project>/harness/results/20260907-0028-8f482b21a-mr5541-compat/overlay/openmw.cfg
[00:30:40.391 *] Logs dir: <project>/harness/results/20260907-0028-8f482b21a-mr5541-compat/overlay
[00:30:40.391 *] User data dir: <project>/harness/userdata
[00:30:40.391 *] Screenshots dir: <project>/harness/userdata/screenshots
[00:30:40.391 I] OpenMW version 0.52.0
[00:30:40.391 I] Revision: 8f482b21ac
[00:30:40.391 I] Loading settings file: <project>/openmw-mr/build/OpenMW.app/Contents/Resources/defaults.bin
[00:30:40.391 I] Loading settings file: <project>/harness/config/settings.cfg
[00:30:40.392 I] Using default (English) font encoding.
[00:30:40.392 W] No such dir: <home>/Library/Application Support/openmw/data
[00:30:40.392 I] OSG version: 3.6.5
[00:30:40.392 I] SDL version: 2.32.10
[00:30:40.392 I] Loading shader settings file: <project>/harness/results/20260907-0028-8f482b21a-mr5541-compat/overlay/shaders.yaml
[00:30:40.413 E] Error: Failed to read window icon, no png readerwriter found
[00:30:40.436 I] OpenGL Vendor: Apple
[00:30:40.436 I] OpenGL Renderer: Apple M5 Pro
[00:30:40.436 I] OpenGL Version: 2.1 Metal - 90.5
[00:30:40.436 W] GL_ARB_clip_control not supported: disabling reverse-z depth buffer
[00:30:40.436 I] Adding BSA archive <project>/Morrowind/Data Files/Morrowind.bsa
[00:30:40.438 I] Adding BSA archive <project>/Morrowind/Data Files/Tribunal.bsa
[00:30:40.438 I] Adding BSA archive <project>/Morrowind/Data Files/Bloodmoon.bsa
[00:30:40.438 I] Adding data directory <project>/openmw-mr/build/OpenMW.app/Contents/Resources/../Resources/resources/vfs
[00:30:40.439 I] Adding data directory <project>/openmw-mr/build/OpenMW.app/Contents/Resources/../Resources/resources/vfs-mw
[00:30:40.439 I] Adding data directory <project>/Morrowind/Data Files
[00:30:40.454 I] Adding data directory <project>/harness/mod
[00:30:40.459 I] Preferred locales: gmst en
[00:30:40.459 I] Initializing LuaUtil::LuaState without profiler
[00:30:40.459 I] Lua version: Lua 5.1.4 (LuaJIT 2.1.1767980792)
[00:30:40.459 I] Loading keybindings file: <project>/harness/results/20260907-0028-8f482b21a-mr5541-compat/overlay/input_v3.xml
[00:30:40.459 I] Loading TrueType font file fonts/mysticcards.omwfont
[00:30:40.462 I] Loading TrueType font file fonts/demonicletters.omwfont
[00:30:40.463 I] Loading TrueType font file fonts/dejavulgcsansmono.omwfont
[00:30:40.471 I] Sound disabled.
[00:30:40.472 I] Loading Lua storage "<project>/harness/results/20260907-0028-8f482b21a-mr5541-compat/overlay/global_storage.bin" (140 bytes)
[00:30:40.472 I] Loading Lua storage "<project>/harness/results/20260907-0028-8f482b21a-mr5541-compat/overlay/player_storage.bin" (878 bytes)
[00:30:40.474 I] Loading content file builtin.omwscripts
[00:30:40.474 I] Loading content file Morrowind.esm
[00:30:40.474 E] Error loading splash/splash_clannfear.tga: no readerwriter for 'tga' found
[00:30:40.633 I] Loading content file Tribunal.esm
[00:30:40.654 I] Loading content file Bloodmoon.esm
[00:30:40.680 I] Loading content file bench.omwscripts
[00:30:40.680 V] Lua scripts configuration (42 scripts):
[00:30:40.680 V] #0 MENU PLAYER : scripts/omw/mwui/init.lua
[00:30:40.680 V] #1 MENU : scripts/omw/settings/menu.lua
[00:30:40.680 V] #2 PLAYER : scripts/omw/settings/player.lua
[00:30:40.680 V] #3 GLOBAL : scripts/omw/settings/global.lua
[00:30:40.680 V] #4 GLOBAL : scripts/omw/activationhandlers.lua
[00:30:40.680 V] #5 GLOBAL : scripts/omw/usehandlers.lua
[00:30:40.680 V] #6 GLOBAL : scripts/omw/worldeventhandlers.lua
[00:30:40.680 V] #7 GLOBAL : scripts/omw/crimes.lua
[00:30:40.680 V] #8 PLAYER CREATURE NPC : scripts/omw/mechanics/animationcontroller.lua
[00:30:40.680 V] #9 PLAYER : scripts/omw/skillhandlers.lua
[00:30:40.680 V] #10 PLAYER : scripts/omw/mechanics/playercontroller.lua
[00:30:40.680 V] #11 MENU : scripts/omw/camera/settings.lua
[00:30:40.680 V] #12 MENU : scripts/omw/input/settings.lua
[00:30:40.680 V] #13 PLAYER : scripts/omw/input/playercontrols.lua
[00:30:40.680 V] #14 PLAYER : scripts/omw/camera/camera.lua
[00:30:40.680 V] #15 PLAYER : scripts/omw/input/actionbindings.lua
[00:30:40.680 V] #16 PLAYER : scripts/omw/input/smoothmovement.lua
[00:30:40.680 V] #17 PLAYER : scripts/omw/input/gamepadcontrols.lua
[00:30:40.680 V] #18 NPC CREATURE : scripts/omw/ai.lua
[00:30:40.680 V] #19 GLOBAL : scripts/omw/mechanics/globalcontroller.lua
[00:30:40.680 V] #20 PLAYER CREATURE NPC : scripts/omw/mechanics/actorcontroller.lua
[00:30:40.680 V] #21 PLAYER NPC CREATURE : scripts/omw/combat/interface_local.lua
[00:30:40.680 V] #22 GLOBAL : scripts/omw/combat/interface_global.lua
[00:30:40.680 V] #23 PLAYER CREATURE NPC : scripts/omw/spellcasting/interface_local.lua
[00:30:40.680 V] #24 PLAYER : scripts/omw/ui.lua
[00:30:40.680 V] #25 MENU : scripts/omw/console/menu.lua
[00:30:40.680 V] #26 PLAYER : scripts/omw/console/player.lua
[00:30:40.680 V] #27 GLOBAL : scripts/omw/console/global.lua
[00:30:40.680 V] #28 CUSTOM : scripts/omw/console/local.lua
[00:30:40.680 V] #29 NPC CREATURE : scripts/omw/music/actor.lua
[00:30:40.680 V] #30 GLOBAL : scripts/omw/cellhandlers.lua
[00:30:40.680 V] #31 GLOBAL : scripts/omw/combat/global.lua
[00:30:40.680 V] #32 PLAYER : scripts/omw/combat/settingspage.lua
[00:30:40.680 V] #33 PLAYER NPC CREATURE : scripts/omw/combat/local.lua
[00:30:40.680 V] #34 PLAYER : scripts/omw/music/music.lua
[00:30:40.680 V] #35 MENU : scripts/omw/music/settings.lua
[00:30:40.680 V] #36 PLAYER : scripts/omw/playerskillhandlers.lua
[00:30:40.680 V] #37 LOAD : scripts/omw/esmfallbacks.lua
[00:30:40.680 V] #38 PLAYER CREATURE NPC : scripts/omw/spellcasting/local.lua
[00:30:40.680 V] #39 DOOR CONTAINER : scripts/omw/spellcasting/lockable.lua
[00:30:40.680 V] #40 GLOBAL : scripts/bench/global.lua
[00:30:40.680 V] #41 PLAYER : scripts/bench/player.lua
[00:30:40.691 V] Enchantment "test magic axe": dropping unexpected skill argument of "FortifyMaximumMagicka" effect
[00:30:40.763 I] Using 1 async physics threads
[00:30:40.763 I] Using <project>/harness/userdata/navmesh.db to store navigation mesh cache
[00:30:40.763 W] Idle thread priority is not supported on this system
[00:30:40.763 I] Reserving texture units for shadow maps: 13..15
[00:30:40.764 I] Reserving texture unit for opaque depth texture: 12
[00:30:40.764 I] Reserving texture unit for opaque color texture: 11
[00:30:40.765 V] Disabling Multiview (disabled by config)
[00:30:40.768 V] Language file "l10n/Interface/gmst.yaml" is enabled
[00:30:40.768 V] Language file "l10n/Interface/en.yaml" is enabled
[00:30:40.777 V] Language file "l10n/OMWEngine/gmst.yaml" is enabled
[00:30:40.777 V] Language file "l10n/OMWEngine/en.yaml" is enabled
[00:30:40.787 V] Language file "l10n/OMWShaders/en.yaml" is enabled
[00:30:40.796 V] Language file "l10n/OMWCamera/en.yaml" is enabled
[00:30:40.798 V] Language file "l10n/OMWControls/en.yaml" is enabled
[00:30:40.798 V] Language file "l10n/interface/gmst.yaml" is enabled
[00:30:40.798 V] Language file "l10n/interface/en.yaml" is enabled
[00:30:40.798 V] Language file "l10n/Calendar/gmst.yaml" is enabled
[00:30:40.799 V] Language file "l10n/Calendar/en.yaml" is enabled
[00:30:40.799 V] Language file "l10n/OMWMusic/en.yaml" is enabled
[00:30:40.799 I] OSG stats will be written to: <project>/harness/results/20260907-0028-8f482b21a-mr5541-compat/seyda-r3-stats.txt
[00:30:40.804 I] Starting a new game
[00:30:40.807 E] Error loading splash/splash_skeleton.tga: no readerwriter for 'tga' found
[00:30:40.810 V] Language file "l10n/Mechanics/gmst.yaml" is enabled
[00:30:40.832 E] Error loading splash/splash_bonelord.tga: no readerwriter for 'tga' found
[00:30:40.833 I] Loading cell Seyda Neen (-2, -9)
[00:30:40.838 V] Controller R2_Claw02 present more than once in meshes/r/xsiltstrider.kf, ignoring later version
[00:30:40.872 I] Loading cell Bitter Coast Region (-2, -8)
[00:30:40.880 I] Loading cell Bitter Coast Region (-1, -9)
[00:30:40.888 I] Loading cell Bitter Coast Region (-3, -9)
[00:30:40.898 I] Loading cell Seyda Neen (-2, -10)
[00:30:40.898 I] Warning: lookoutScript[local variables] line 41, column 37 (=): invalid operator =, treating it as ==
[00:30:40.902 I] Loading cell Ascadian Isles Region (-1, -8)
[00:30:40.916 I] Loading cell Bitter Coast Region (-3, -8)
[00:30:40.919 I] Loading cell Bitter Coast Region (-1, -10)
[00:30:40.921 I] Loading cell Bitter Coast Region (-3, -10)
[00:30:40.927 V] Language file "l10n/OMWCombat/en.yaml" is enabled
[00:30:40.941 I] AiTravel: -8914, -73093, 126
[00:30:40.941 I] Warning: lookoutScript line 41, column 37 (=): invalid operator =, treating it as ==
[00:30:40.941 I] Warning: fallingScript line 46, column 6 (endif): endif without matching if/elseif
[00:30:40.959 I] Global[scripts/bench/global.lua]:	BENCH station=seyda startcell="seyda neen" frame=1
[00:30:41.039 I] L@0x1[scripts/bench/player.lua]:	BENCH camera station=seyda yaw=160 pitch=4
[00:30:41.302 I] Global[scripts/bench/global.lua]:	BENCH station=seyda ready frame=40 simtime=0.37
[00:31:34.285 I] Saving shader settings file: <project>/harness/results/20260907-0028-8f482b21a-mr5541-compat/overlay/shaders.yaml
[00:31:34.285 I] Saving Lua storage "<project>/harness/results/20260907-0028-8f482b21a-mr5541-compat/overlay/global_storage.bin" (140 bytes)
[00:31:34.285 I] Saving Lua storage "<project>/harness/results/20260907-0028-8f482b21a-mr5541-compat/overlay/player_storage.bin" (878 bytes)
[00:31:34.320 I] Saved input bindings: <project>/harness/results/20260907-0028-8f482b21a-mr5541-compat/overlay/input_v3.xml
[00:31:34.343 I] Quitting peacefully.
