[00:48:55.039 *] Crash handler installed
[00:48:55.101 *] Loading config file: <project>/openmw-mr/build/OpenMW.app/Contents/Resources/openmw.cfg
[00:48:55.102 *] Loading config file: <project>/harness/config/openmw.cfg
[00:48:55.103 *] Loading config file: <project>/harness/results/20260907-0028-8f482b21a-mr5541-compat/overlay/openmw.cfg
[00:48:55.103 *] Logs dir: <project>/harness/results/20260907-0028-8f482b21a-mr5541-compat/overlay
[00:48:55.103 *] User data dir: <project>/harness/userdata
[00:48:55.103 *] Screenshots dir: <project>/harness/userdata/screenshots
[00:48:55.103 I] OpenMW version 0.52.0
[00:48:55.103 I] Revision: 8f482b21ac
[00:48:55.103 I] Loading settings file: <project>/openmw-mr/build/OpenMW.app/Contents/Resources/defaults.bin
[00:48:55.103 I] Loading settings file: <project>/harness/config/settings.cfg
[00:48:55.104 I] Using default (English) font encoding.
[00:48:55.104 W] No such dir: <home>/Library/Application Support/openmw/data
[00:48:55.104 I] OSG version: 3.6.5
[00:48:55.104 I] SDL version: 2.32.10
[00:48:55.104 I] Loading shader settings file: <project>/harness/results/20260907-0028-8f482b21a-mr5541-compat/overlay/shaders.yaml
[00:48:55.123 E] Error: Failed to read window icon, no png readerwriter found
[00:48:55.148 I] OpenGL Vendor: Apple
[00:48:55.148 I] OpenGL Renderer: Apple M5 Pro
[00:48:55.148 I] OpenGL Version: 2.1 Metal - 90.5
[00:48:55.148 W] GL_ARB_clip_control not supported: disabling reverse-z depth buffer
[00:48:55.149 I] Adding BSA archive <project>/Morrowind/Data Files/Morrowind.bsa
[00:48:55.150 I] Adding BSA archive <project>/Morrowind/Data Files/Tribunal.bsa
[00:48:55.150 I] Adding BSA archive <project>/Morrowind/Data Files/Bloodmoon.bsa
[00:48:55.150 I] Adding data directory <project>/openmw-mr/build/OpenMW.app/Contents/Resources/../Resources/resources/vfs
[00:48:55.151 I] Adding data directory <project>/openmw-mr/build/OpenMW.app/Contents/Resources/../Resources/resources/vfs-mw
[00:48:55.151 I] Adding data directory <project>/Morrowind/Data Files
[00:48:55.167 I] Adding data directory <project>/harness/mod
[00:48:55.172 I] Preferred locales: gmst en
[00:48:55.172 I] Initializing LuaUtil::LuaState without profiler
[00:48:55.172 I] Lua version: Lua 5.1.4 (LuaJIT 2.1.1767980792)
[00:48:55.172 I] Loading keybindings file: <project>/harness/results/20260907-0028-8f482b21a-mr5541-compat/overlay/input_v3.xml
[00:48:55.172 I] Loading TrueType font file fonts/mysticcards.omwfont
[00:48:55.175 I] Loading TrueType font file fonts/demonicletters.omwfont
[00:48:55.176 I] Loading TrueType font file fonts/dejavulgcsansmono.omwfont
[00:48:55.184 I] Sound disabled.
[00:48:55.185 I] Loading Lua storage "<project>/harness/results/20260907-0028-8f482b21a-mr5541-compat/overlay/global_storage.bin" (140 bytes)
[00:48:55.185 I] Loading Lua storage "<project>/harness/results/20260907-0028-8f482b21a-mr5541-compat/overlay/player_storage.bin" (878 bytes)
[00:48:55.187 I] Loading content file builtin.omwscripts
[00:48:55.187 E] Error loading splash/splash_daedroth.tga: no readerwriter for 'tga' found
[00:48:55.188 I] Loading content file Morrowind.esm
[00:48:55.348 I] Loading content file Tribunal.esm
[00:48:55.368 I] Loading content file Bloodmoon.esm
[00:48:55.393 I] Loading content file bench.omwscripts
[00:48:55.393 V] Lua scripts configuration (42 scripts):
[00:48:55.393 V] #0 MENU PLAYER : scripts/omw/mwui/init.lua
[00:48:55.393 V] #1 MENU : scripts/omw/settings/menu.lua
[00:48:55.393 V] #2 PLAYER : scripts/omw/settings/player.lua
[00:48:55.393 V] #3 GLOBAL : scripts/omw/settings/global.lua
[00:48:55.393 V] #4 GLOBAL : scripts/omw/activationhandlers.lua
[00:48:55.393 V] #5 GLOBAL : scripts/omw/usehandlers.lua
[00:48:55.393 V] #6 GLOBAL : scripts/omw/worldeventhandlers.lua
[00:48:55.393 V] #7 GLOBAL : scripts/omw/crimes.lua
[00:48:55.393 V] #8 PLAYER CREATURE NPC : scripts/omw/mechanics/animationcontroller.lua
[00:48:55.393 V] #9 PLAYER : scripts/omw/skillhandlers.lua
[00:48:55.393 V] #10 PLAYER : scripts/omw/mechanics/playercontroller.lua
[00:48:55.393 V] #11 MENU : scripts/omw/camera/settings.lua
[00:48:55.393 V] #12 MENU : scripts/omw/input/settings.lua
[00:48:55.393 V] #13 PLAYER : scripts/omw/input/playercontrols.lua
[00:48:55.393 V] #14 PLAYER : scripts/omw/camera/camera.lua
[00:48:55.393 V] #15 PLAYER : scripts/omw/input/actionbindings.lua
[00:48:55.393 V] #16 PLAYER : scripts/omw/input/smoothmovement.lua
[00:48:55.393 V] #17 PLAYER : scripts/omw/input/gamepadcontrols.lua
[00:48:55.393 V] #18 NPC CREATURE : scripts/omw/ai.lua
[00:48:55.393 V] #19 GLOBAL : scripts/omw/mechanics/globalcontroller.lua
[00:48:55.393 V] #20 PLAYER CREATURE NPC : scripts/omw/mechanics/actorcontroller.lua
[00:48:55.393 V] #21 PLAYER NPC CREATURE : scripts/omw/combat/interface_local.lua
[00:48:55.393 V] #22 GLOBAL : scripts/omw/combat/interface_global.lua
[00:48:55.393 V] #23 PLAYER CREATURE NPC : scripts/omw/spellcasting/interface_local.lua
[00:48:55.393 V] #24 PLAYER : scripts/omw/ui.lua
[00:48:55.393 V] #25 MENU : scripts/omw/console/menu.lua
[00:48:55.393 V] #26 PLAYER : scripts/omw/console/player.lua
[00:48:55.393 V] #27 GLOBAL : scripts/omw/console/global.lua
[00:48:55.393 V] #28 CUSTOM : scripts/omw/console/local.lua
[00:48:55.393 V] #29 NPC CREATURE : scripts/omw/music/actor.lua
[00:48:55.393 V] #30 GLOBAL : scripts/omw/cellhandlers.lua
[00:48:55.393 V] #31 GLOBAL : scripts/omw/combat/global.lua
[00:48:55.393 V] #32 PLAYER : scripts/omw/combat/settingspage.lua
[00:48:55.393 V] #33 PLAYER NPC CREATURE : scripts/omw/combat/local.lua
[00:48:55.393 V] #34 PLAYER : scripts/omw/music/music.lua
[00:48:55.393 V] #35 MENU : scripts/omw/music/settings.lua
[00:48:55.393 V] #36 PLAYER : scripts/omw/playerskillhandlers.lua
[00:48:55.393 V] #37 LOAD : scripts/omw/esmfallbacks.lua
[00:48:55.393 V] #38 PLAYER CREATURE NPC : scripts/omw/spellcasting/local.lua
[00:48:55.393 V] #39 DOOR CONTAINER : scripts/omw/spellcasting/lockable.lua
[00:48:55.393 V] #40 GLOBAL : scripts/bench/global.lua
[00:48:55.393 V] #41 PLAYER : scripts/bench/player.lua
[00:48:55.404 V] Enchantment "test magic axe": dropping unexpected skill argument of "FortifyMaximumMagicka" effect
[00:48:55.475 I] Using 1 async physics threads
[00:48:55.475 I] Using <project>/harness/userdata/navmesh.db to store navigation mesh cache
[00:48:55.476 W] Idle thread priority is not supported on this system
[00:48:55.476 I] Reserving texture units for shadow maps: 13..15
[00:48:55.477 I] Reserving texture unit for opaque depth texture: 12
[00:48:55.477 I] Reserving texture unit for opaque color texture: 11
[00:48:55.477 V] Disabling Multiview (disabled by config)
[00:48:55.481 V] Language file "l10n/Interface/gmst.yaml" is enabled
[00:48:55.481 V] Language file "l10n/Interface/en.yaml" is enabled
[00:48:55.489 V] Language file "l10n/OMWEngine/gmst.yaml" is enabled
[00:48:55.490 V] Language file "l10n/OMWEngine/en.yaml" is enabled
[00:48:55.499 V] Language file "l10n/OMWShaders/en.yaml" is enabled
[00:48:55.507 V] Language file "l10n/OMWCamera/en.yaml" is enabled
[00:48:55.508 V] Language file "l10n/OMWControls/en.yaml" is enabled
[00:48:55.509 V] Language file "l10n/interface/gmst.yaml" is enabled
[00:48:55.509 V] Language file "l10n/interface/en.yaml" is enabled
[00:48:55.509 V] Language file "l10n/Calendar/gmst.yaml" is enabled
[00:48:55.509 V] Language file "l10n/Calendar/en.yaml" is enabled
[00:48:55.509 V] Language file "l10n/OMWMusic/en.yaml" is enabled
[00:48:55.510 I] OSG stats will be written to: <project>/harness/results/20260907-0028-8f482b21a-mr5541-compat/sky-r2-stats.txt
[00:48:55.515 I] Starting a new game
[00:48:55.518 E] Error loading splash/splash_bonelord.tga: no readerwriter for 'tga' found
[00:48:55.521 V] Language file "l10n/Mechanics/gmst.yaml" is enabled
[00:48:55.544 I] Loading cell Pelagiad (0, -7)
[00:48:55.574 I] Loading cell Ascadian Isles Region (0, -6)
[00:48:55.582 I] Loading cell Ascadian Isles Region (-1, -7)
[00:48:55.601 I] Loading cell Pelagiad (0, -8)
[00:48:55.604 I] Loading cell Ascadian Isles Region (1, -7)
[00:48:55.613 I] Loading cell Ascadian Isles Region (-1, -6)
[00:48:55.616 I] Loading cell Ascadian Isles Region (1, -6)
[00:48:55.622 I] Loading cell Ascadian Isles Region (-1, -8)
[00:48:55.625 I] Loading cell Ascadian Isles Region (1, -8)
[00:48:55.634 V] Language file "l10n/OMWCombat/en.yaml" is enabled
[00:48:55.648 I] Warning: OutsideBanner line 38, column 6 (endif): endif without matching if/elseif
[00:48:55.663 I] Global[scripts/bench/global.lua]:	BENCH station=sky startcell="pelagiad" frame=1
[00:48:55.728 I] L@0x1[scripts/bench/player.lua]:	BENCH camera station=sky yaw=0 pitch=-60
[00:48:55.793 I] Global[scripts/bench/global.lua]:	BENCH station=sky ready frame=40 simtime=0.16
[00:49:48.995 I] Saving shader settings file: <project>/harness/results/20260907-0028-8f482b21a-mr5541-compat/overlay/shaders.yaml
[00:49:48.995 I] Saving Lua storage "<project>/harness/results/20260907-0028-8f482b21a-mr5541-compat/overlay/global_storage.bin" (140 bytes)
[00:49:48.995 I] Saving Lua storage "<project>/harness/results/20260907-0028-8f482b21a-mr5541-compat/overlay/player_storage.bin" (878 bytes)
[00:49:49.027 I] Saved input bindings: <project>/harness/results/20260907-0028-8f482b21a-mr5541-compat/overlay/input_v3.xml
[00:49:49.047 I] Quitting peacefully.
