[01:03:55.940 *] Crash handler installed
[01:03:55.999 *] Loading config file: <project>/openmw-mr5502/build/OpenMW.app/Contents/Resources/openmw.cfg
[01:03:55.999 *] Loading config file: <project>/harness/config/openmw.cfg
[01:03:56.000 *] Loading config file: <project>/harness/results/20260907-0103-c35ed1117-mr5502-core-macro/overlay/openmw.cfg
[01:03:56.000 *] Logs dir: <project>/harness/results/20260907-0103-c35ed1117-mr5502-core-macro/overlay
[01:03:56.000 *] User data dir: <project>/harness/userdata
[01:03:56.000 *] Screenshots dir: <project>/harness/userdata/screenshots
[01:03:56.000 I] OpenMW version 0.52.0
[01:03:56.000 I] Revision: c35ed11178
[01:03:56.001 I] Loading settings file: <project>/openmw-mr5502/build/OpenMW.app/Contents/Resources/defaults.bin
[01:03:56.001 I] Loading settings file: <project>/harness/config/settings.cfg
[01:03:56.001 I] Loading settings file: <project>/harness/results/20260907-0103-c35ed1117-mr5502-core-macro/overlay/settings.cfg
[01:03:56.001 I] Using default (English) font encoding.
[01:03:56.001 W] No such dir: <home>/Library/Application Support/openmw/data
[01:03:56.001 I] OSG version: 3.6.5
[01:03:56.001 I] SDL version: 2.32.10
[01:03:56.001 I] Loading shader settings file: <project>/harness/results/20260907-0103-c35ed1117-mr5502-core-macro/overlay/shaders.yaml
[01:03:56.024 E] Error: Failed to read window icon, no png readerwriter found
[01:03:56.024 W] Requesting an OpenGL 3.3 core profile context
[01:03:56.046 I] OpenGL Vendor: Apple
[01:03:56.046 I] OpenGL Renderer: Apple M5 Pro
[01:03:56.046 I] OpenGL Version: 4.1 Metal - 90.5
[01:03:56.046 I] Core profile: granted 19 version-implied GL features on a GL 4.1 context
[01:03:56.046 I] Core profile: vertex attribute aliasing and matrix uniforms enabled, 26 fixed-function modes disabled
[01:03:56.046 W] GL_ARB_clip_control not supported: disabling reverse-z depth buffer
[01:03:56.046 I] Adding BSA archive <project>/Morrowind/Data Files/Morrowind.bsa
[01:03:56.047 I] Adding BSA archive <project>/Morrowind/Data Files/Tribunal.bsa
[01:03:56.047 I] Adding BSA archive <project>/Morrowind/Data Files/Bloodmoon.bsa
[01:03:56.048 I] Adding data directory <project>/openmw-mr5502/build/OpenMW.app/Contents/Resources/../Resources/resources/vfs
[01:03:56.048 I] Adding data directory <project>/openmw-mr5502/build/OpenMW.app/Contents/Resources/../Resources/resources/vfs-mw
[01:03:56.048 I] Adding data directory <project>/Morrowind/Data Files
[01:03:56.062 I] Adding data directory <project>/harness/mod
[01:03:56.067 I] Preferred locales: gmst en
[01:03:56.067 I] Initializing LuaUtil::LuaState without profiler
[01:03:56.067 I] Lua version: Lua 5.1.4 (LuaJIT 2.1.1767980792)
[01:03:56.067 I] Loading TrueType font file fonts/mysticcards.omwfont
[01:03:56.070 I] Loading TrueType font file fonts/demonicletters.omwfont
[01:03:56.070 I] Loading TrueType font file fonts/dejavulgcsansmono.omwfont
[01:03:56.078 I] Sound disabled.
[01:03:56.082 I] Loading content file builtin.omwscripts
[01:03:56.082 E] Error loading splash/splash_siltstriker.tga: no readerwriter for 'tga' found
[01:03:56.082 I] Loading content file Morrowind.esm
[01:03:56.228 I] Loading content file Tribunal.esm
[01:03:56.246 I] Loading content file Bloodmoon.esm
[01:03:56.267 I] Loading content file bench.omwscripts
[01:03:56.267 V] Lua scripts configuration (45 scripts):
[01:03:56.267 V] #0 MENU PLAYER : scripts/omw/mwui/init.lua
[01:03:56.267 V] #1 MENU : scripts/omw/settings/menu.lua
[01:03:56.267 V] #2 PLAYER : scripts/omw/settings/player.lua
[01:03:56.267 V] #3 GLOBAL : scripts/omw/settings/global.lua
[01:03:56.267 V] #4 GLOBAL : scripts/omw/activationhandlers.lua
[01:03:56.267 V] #5 GLOBAL : scripts/omw/usehandlers.lua
[01:03:56.267 V] #6 GLOBAL : scripts/omw/worldeventhandlers.lua
[01:03:56.267 V] #7 GLOBAL : scripts/omw/crimes.lua
[01:03:56.267 V] #8 PLAYER CREATURE NPC : scripts/omw/mechanics/animationcontroller.lua
[01:03:56.267 V] #9 PLAYER : scripts/omw/skillhandlers.lua
[01:03:56.267 V] #10 PLAYER : scripts/omw/mechanics/playercontroller.lua
[01:03:56.267 V] #11 MENU : scripts/omw/camera/settings.lua
[01:03:56.267 V] #12 MENU : scripts/omw/input/settings.lua
[01:03:56.267 V] #13 PLAYER : scripts/omw/input/playercontrols.lua
[01:03:56.267 V] #14 PLAYER : scripts/omw/camera/camera.lua
[01:03:56.267 V] #15 PLAYER : scripts/omw/input/actionbindings.lua
[01:03:56.267 V] #16 PLAYER : scripts/omw/input/smoothmovement.lua
[01:03:56.267 V] #17 PLAYER : scripts/omw/input/gamepadcontrols.lua
[01:03:56.267 V] #18 NPC CREATURE : scripts/omw/ai.lua
[01:03:56.267 V] #19 GLOBAL : scripts/omw/mechanics/globalcontroller.lua
[01:03:56.267 V] #20 PLAYER CREATURE NPC : scripts/omw/mechanics/actorcontroller.lua
[01:03:56.267 V] #21 PLAYER NPC CREATURE : scripts/omw/combat/interface_local.lua
[01:03:56.267 V] #22 GLOBAL : scripts/omw/combat/interface_global.lua
[01:03:56.267 V] #23 PLAYER CREATURE NPC : scripts/omw/spellcasting/interface_local.lua
[01:03:56.267 V] #24 GLOBAL : scripts/omw/spellcasting/interface_global.lua
[01:03:56.267 V] #25 GLOBAL : scripts/omw/mechanics/projectiles.lua
[01:03:56.267 V] #26 PLAYER : scripts/omw/ui.lua
[01:03:56.267 V] #27 MENU : scripts/omw/console/menu.lua
[01:03:56.267 V] #28 PLAYER : scripts/omw/console/player.lua
[01:03:56.267 V] #29 GLOBAL : scripts/omw/console/global.lua
[01:03:56.267 V] #30 CUSTOM : scripts/omw/console/local.lua
[01:03:56.267 V] #31 NPC CREATURE : scripts/omw/music/actor.lua
[01:03:56.267 V] #32 GLOBAL : scripts/omw/cellhandlers.lua
[01:03:56.267 V] #33 GLOBAL : scripts/omw/combat/global.lua
[01:03:56.267 V] #34 PLAYER : scripts/omw/combat/settingspage.lua
[01:03:56.267 V] #35 PLAYER NPC CREATURE : scripts/omw/combat/local.lua
[01:03:56.267 V] #36 PLAYER : scripts/omw/music/music.lua
[01:03:56.267 V] #37 MENU : scripts/omw/music/settings.lua
[01:03:56.267 V] #38 PLAYER : scripts/omw/playerskillhandlers.lua
[01:03:56.267 V] #39 LOAD : scripts/omw/esmfallbacks.lua
[01:03:56.267 V] #40 PLAYER CREATURE NPC : scripts/omw/spellcasting/local.lua
[01:03:56.267 V] #41 DOOR CONTAINER : scripts/omw/spellcasting/lockable.lua
[01:03:56.267 V] #42 GLOBAL : scripts/omw/spellcasting/global.lua
[01:03:56.267 V] #43 GLOBAL : scripts/bench/global.lua
[01:03:56.267 V] #44 PLAYER : scripts/bench/player.lua
[01:03:56.277 V] Enchantment "test magic axe": dropping unexpected skill argument of "FortifyMaximumMagicka" effect
[01:03:56.341 I] Using 1 async physics threads
[01:03:56.342 I] Using <project>/harness/userdata/navmesh.db to store navigation mesh cache
[01:03:56.342 V] Using idle priority for thread=0x16f6bb000
[01:03:56.342 I] Reserving texture units for shadow maps: 13..15
[01:03:56.344 I] Reserving texture unit for opaque depth texture: 12
[01:03:56.344 I] Reserving texture unit for opaque color texture: 11
[01:03:56.344 V] Disabling Multiview (disabled by config)
[01:03:56.348 V] Language file "l10n/Interface/gmst.yaml" is enabled
[01:03:56.348 V] Language file "l10n/Interface/en.yaml" is enabled
[01:03:56.356 V] Language file "l10n/OMWEngine/gmst.yaml" is enabled
[01:03:56.356 V] Language file "l10n/OMWEngine/en.yaml" is enabled
[01:03:56.365 V] Language file "l10n/OMWShaders/en.yaml" is enabled
[01:03:56.372 V] Language file "l10n/OMWCamera/en.yaml" is enabled
[01:03:56.373 V] Language file "l10n/OMWControls/en.yaml" is enabled
[01:03:56.374 V] Language file "l10n/interface/gmst.yaml" is enabled
[01:03:56.374 V] Language file "l10n/interface/en.yaml" is enabled
[01:03:56.374 V] Language file "l10n/Calendar/gmst.yaml" is enabled
[01:03:56.374 V] Language file "l10n/Calendar/en.yaml" is enabled
[01:03:56.374 V] Language file "l10n/OMWMusic/en.yaml" is enabled
[01:03:56.374 I] OSG stats will be written to: <project>/harness/results/20260907-0103-c35ed1117-mr5502-core-macro/seyda-r1-stats.txt
[01:03:56.379 I] Starting a new game
[01:03:56.381 V] Language file "l10n/Mechanics/gmst.yaml" is enabled
[01:03:56.382 E] Error loading splash/splash_clanndaddy.tga: no readerwriter for 'tga' found
[01:03:56.405 E] Error loading splash/splash_kwamawarrior.tga: no readerwriter for 'tga' found
[01:03:56.405 I] Loading cell Seyda Neen (-2, -9)
[01:03:56.409 V] Controller R2_Claw02 present more than once in meshes/r/xsiltstrider.kf, ignoring later version
[01:03:56.445 I] Loading cell Bitter Coast Region (-2, -8)
[01:03:56.456 I] Loading cell Bitter Coast Region (-1, -9)
[01:03:56.463 I] Loading cell Bitter Coast Region (-3, -9)
[01:03:56.473 I] Loading cell Seyda Neen (-2, -10)
[01:03:56.473 I] Warning: lookoutScript[local variables] line 41, column 37 (=): invalid operator =, treating it as ==
[01:03:56.480 I] Loading cell Ascadian Isles Region (-1, -8)
[01:03:56.496 I] Loading cell Bitter Coast Region (-3, -8)
[01:03:56.499 I] Loading cell Bitter Coast Region (-1, -10)
[01:03:56.502 I] Loading cell Bitter Coast Region (-3, -10)
[01:03:56.506 V] Language file "l10n/OMWCombat/en.yaml" is enabled
[01:03:56.519 I] AiTravel: -8914, -73093, 126
[01:03:56.519 I] Warning: lookoutScript line 41, column 37 (=): invalid operator =, treating it as ==
[01:03:56.519 I] Warning: fallingScript line 46, column 6 (endif): endif without matching if/elseif
[01:03:56.537 I] Global[scripts/bench/global.lua]:	BENCH station=seyda startcell="seyda neen" frame=1
[01:03:56.863 I] L@0x1[scripts/bench/player.lua]:	BENCH camera station=seyda yaw=160 pitch=4
[01:03:57.235 I] Global[scripts/bench/global.lua]:	BENCH station=seyda ready frame=40 simtime=0.66
[01:04:28.067 I] Saving shader settings file: <project>/harness/results/20260907-0103-c35ed1117-mr5502-core-macro/overlay/shaders.yaml
[01:04:28.067 I] Saving Lua storage "<project>/harness/results/20260907-0103-c35ed1117-mr5502-core-macro/overlay/global_storage.bin" (140 bytes)
[01:04:28.067 I] Saving Lua storage "<project>/harness/results/20260907-0103-c35ed1117-mr5502-core-macro/overlay/player_storage.bin" (878 bytes)
[01:04:28.099 I] Saved input bindings: <project>/harness/results/20260907-0103-c35ed1117-mr5502-core-macro/overlay/input_v3.xml
[01:04:28.133 I] Quitting peacefully.
