[01:39:58.710 *] Crash handler installed
[01:39:58.781 *] Loading config file: <project>/openmw/build/OpenMW.app/Contents/Resources/openmw.cfg
[01:39:58.782 *] Loading config file: <project>/harness/config/openmw.cfg
[01:39:58.782 *] Loading config file: <project>/harness/results/20260906-0139-adc79c983-m3hdr-compat/overlay/openmw.cfg
[01:39:58.782 *] Logs dir: <project>/harness/results/20260906-0139-adc79c983-m3hdr-compat/overlay
[01:39:58.782 *] User data dir: <project>/harness/userdata
[01:39:58.782 *] Screenshots dir: <project>/harness/userdata/screenshots
[01:39:58.783 I] OpenMW version 0.52.0
[01:39:58.783 I] Revision: 0b30e7ff48
[01:39:58.783 I] Loading settings file: <project>/openmw/build/OpenMW.app/Contents/Resources/defaults.bin
[01:39:58.783 I] Loading settings file: <project>/harness/config/settings.cfg
[01:39:58.783 I] Loading settings file: <project>/harness/results/20260906-0139-adc79c983-m3hdr-compat/overlay/settings.cfg
[01:39:58.784 I] Using default (English) font encoding.
[01:39:58.784 W] No such dir: <home>/Library/Application Support/openmw/data
[01:39:58.784 I] OSG version: 3.6.5
[01:39:58.784 I] SDL version: 2.32.10
[01:39:58.784 I] Loading shader settings file: <project>/harness/results/20260906-0139-adc79c983-m3hdr-compat/overlay/shaders.yaml
[01:39:58.805 E] Error: Failed to read window icon, no png readerwriter found
[01:39:58.829 I] OpenGL Vendor: Apple
[01:39:58.829 I] OpenGL Renderer: Apple M5 Pro
[01:39:58.830 I] OpenGL Version: 2.1 Metal - 90.5
[01:39:58.830 W] GL_ARB_clip_control not supported: disabling reverse-z depth buffer
[01:39:58.830 I] Adding BSA archive <project>/Morrowind/Data Files/Morrowind.bsa
[01:39:58.831 I] Adding BSA archive <project>/Morrowind/Data Files/Tribunal.bsa
[01:39:58.831 I] Adding BSA archive <project>/Morrowind/Data Files/Bloodmoon.bsa
[01:39:58.831 I] Adding data directory <project>/openmw/build/OpenMW.app/Contents/Resources/../Resources/resources/vfs
[01:39:58.832 I] Adding data directory <project>/openmw/build/OpenMW.app/Contents/Resources/../Resources/resources/vfs-mw
[01:39:58.832 I] Adding data directory <project>/Morrowind/Data Files
[01:39:58.847 I] Adding data directory <project>/harness/mod
[01:39:58.851 I] Preferred locales: gmst en
[01:39:58.851 I] Initializing LuaUtil::LuaState without profiler
[01:39:58.852 I] Lua version: Lua 5.1.4 (LuaJIT 2.1.1767980792)
[01:39:58.852 I] Loading TrueType font file fonts/mysticcards.omwfont
[01:39:58.854 I] Loading TrueType font file fonts/demonicletters.omwfont
[01:39:58.855 I] Loading TrueType font file fonts/dejavulgcsansmono.omwfont
[01:39:58.867 I] Sound disabled.
[01:39:58.870 I] Loading content file builtin.omwscripts
[01:39:58.870 E] Error loading splash/splash_clanndaddy.tga: no readerwriter for 'tga' found
[01:39:58.870 I] Loading content file Morrowind.esm
[01:39:59.019 I] Loading content file Tribunal.esm
[01:39:59.038 I] Loading content file Bloodmoon.esm
[01:39:59.063 I] Loading content file bench.omwscripts
[01:39:59.063 V] Lua scripts configuration (45 scripts):
[01:39:59.063 V] #0 MENU PLAYER : scripts/omw/mwui/init.lua
[01:39:59.063 V] #1 MENU : scripts/omw/settings/menu.lua
[01:39:59.063 V] #2 PLAYER : scripts/omw/settings/player.lua
[01:39:59.063 V] #3 GLOBAL : scripts/omw/settings/global.lua
[01:39:59.063 V] #4 GLOBAL : scripts/omw/activationhandlers.lua
[01:39:59.063 V] #5 GLOBAL : scripts/omw/usehandlers.lua
[01:39:59.063 V] #6 GLOBAL : scripts/omw/worldeventhandlers.lua
[01:39:59.063 V] #7 GLOBAL : scripts/omw/crimes.lua
[01:39:59.063 V] #8 PLAYER CREATURE NPC : scripts/omw/mechanics/animationcontroller.lua
[01:39:59.063 V] #9 PLAYER : scripts/omw/skillhandlers.lua
[01:39:59.063 V] #10 PLAYER : scripts/omw/mechanics/playercontroller.lua
[01:39:59.063 V] #11 MENU : scripts/omw/camera/settings.lua
[01:39:59.063 V] #12 MENU : scripts/omw/input/settings.lua
[01:39:59.063 V] #13 PLAYER : scripts/omw/input/playercontrols.lua
[01:39:59.063 V] #14 PLAYER : scripts/omw/camera/camera.lua
[01:39:59.063 V] #15 PLAYER : scripts/omw/input/actionbindings.lua
[01:39:59.063 V] #16 PLAYER : scripts/omw/input/smoothmovement.lua
[01:39:59.063 V] #17 PLAYER : scripts/omw/input/gamepadcontrols.lua
[01:39:59.063 V] #18 NPC CREATURE : scripts/omw/ai.lua
[01:39:59.063 V] #19 GLOBAL : scripts/omw/mechanics/globalcontroller.lua
[01:39:59.063 V] #20 PLAYER CREATURE NPC : scripts/omw/mechanics/actorcontroller.lua
[01:39:59.063 V] #21 PLAYER NPC CREATURE : scripts/omw/combat/interface_local.lua
[01:39:59.063 V] #22 GLOBAL : scripts/omw/combat/interface_global.lua
[01:39:59.063 V] #23 PLAYER CREATURE NPC : scripts/omw/spellcasting/interface_local.lua
[01:39:59.063 V] #24 GLOBAL : scripts/omw/spellcasting/interface_global.lua
[01:39:59.063 V] #25 GLOBAL : scripts/omw/mechanics/projectiles.lua
[01:39:59.063 V] #26 PLAYER : scripts/omw/ui.lua
[01:39:59.063 V] #27 MENU : scripts/omw/console/menu.lua
[01:39:59.063 V] #28 PLAYER : scripts/omw/console/player.lua
[01:39:59.063 V] #29 GLOBAL : scripts/omw/console/global.lua
[01:39:59.063 V] #30 CUSTOM : scripts/omw/console/local.lua
[01:39:59.063 V] #31 NPC CREATURE : scripts/omw/music/actor.lua
[01:39:59.063 V] #32 GLOBAL : scripts/omw/cellhandlers.lua
[01:39:59.063 V] #33 GLOBAL : scripts/omw/combat/global.lua
[01:39:59.063 V] #34 PLAYER : scripts/omw/combat/settingspage.lua
[01:39:59.063 V] #35 PLAYER NPC CREATURE : scripts/omw/combat/local.lua
[01:39:59.063 V] #36 PLAYER : scripts/omw/music/music.lua
[01:39:59.063 V] #37 MENU : scripts/omw/music/settings.lua
[01:39:59.063 V] #38 PLAYER : scripts/omw/playerskillhandlers.lua
[01:39:59.063 V] #39 LOAD : scripts/omw/esmfallbacks.lua
[01:39:59.063 V] #40 PLAYER CREATURE NPC : scripts/omw/spellcasting/local.lua
[01:39:59.063 V] #41 DOOR CONTAINER : scripts/omw/spellcasting/lockable.lua
[01:39:59.063 V] #42 GLOBAL : scripts/omw/spellcasting/global.lua
[01:39:59.063 V] #43 GLOBAL : scripts/bench/global.lua
[01:39:59.063 V] #44 PLAYER : scripts/bench/player.lua
[01:39:59.074 V] Enchantment "test magic axe": dropping unexpected skill argument of "FortifyMaximumMagicka" effect
[01:39:59.147 I] Using 1 async physics threads
[01:39:59.147 I] Using <project>/harness/userdata/navmesh.db to store navigation mesh cache
[01:39:59.147 V] Using idle priority for thread=0x16fdf7000
[01:39:59.147 I] Reserving texture units for shadow maps: 13..15
[01:39:59.148 I] Reserving texture unit for opaque depth texture: 12
[01:39:59.148 I] Reserving texture unit for opaque color texture: 11
[01:39:59.149 V] Disabling Multiview (disabled by config)
[01:39:59.151 I] Initialized fallback fragment shader pipeline for water ripples
[01:39:59.152 E] Error loading textures/omw/water_nm.png: no readerwriter for 'png' found
[01:39:59.153 V] Language file "l10n/Interface/gmst.yaml" is enabled
[01:39:59.153 V] Language file "l10n/Interface/en.yaml" is enabled
[01:39:59.162 V] Language file "l10n/OMWEngine/gmst.yaml" is enabled
[01:39:59.163 V] Language file "l10n/OMWEngine/en.yaml" is enabled
[01:39:59.172 V] Language file "l10n/OMWShaders/en.yaml" is enabled
[01:39:59.180 V] Language file "l10n/OMWCamera/en.yaml" is enabled
[01:39:59.181 V] Language file "l10n/OMWControls/en.yaml" is enabled
[01:39:59.181 V] Language file "l10n/interface/gmst.yaml" is enabled
[01:39:59.181 V] Language file "l10n/interface/en.yaml" is enabled
[01:39:59.182 V] Language file "l10n/Calendar/gmst.yaml" is enabled
[01:39:59.182 V] Language file "l10n/Calendar/en.yaml" is enabled
[01:39:59.182 V] Language file "l10n/OMWMusic/en.yaml" is enabled
[01:39:59.182 I] OSG stats will be written to: <project>/harness/results/20260906-0139-adc79c983-m3hdr-compat/seyda-r1-stats.txt
[01:39:59.188 I] Starting a new game
[01:39:59.190 V] Language file "l10n/Mechanics/gmst.yaml" is enabled
[01:39:59.191 E] Error loading splash/splash_spherecenturion.tga: no readerwriter for 'tga' found
[01:39:59.228 E] Error loading splash/splash_netch.tga: no readerwriter for 'tga' found
[01:39:59.228 I] Loading cell Seyda Neen (-2, -9)
[01:39:59.233 V] Controller R2_Claw02 present more than once in meshes/r/xsiltstrider.kf, ignoring later version
[01:39:59.265 I] Loading cell Bitter Coast Region (-2, -8)
[01:39:59.273 I] Loading cell Bitter Coast Region (-1, -9)
[01:39:59.281 I] Loading cell Bitter Coast Region (-3, -9)
[01:39:59.291 I] Loading cell Seyda Neen (-2, -10)
[01:39:59.291 I] Warning: lookoutScript[local variables] line 41, column 37 (=): invalid operator =, treating it as ==
[01:39:59.295 I] Loading cell Ascadian Isles Region (-1, -8)
[01:39:59.311 I] Loading cell Bitter Coast Region (-3, -8)
[01:39:59.314 I] Loading cell Bitter Coast Region (-1, -10)
[01:39:59.316 I] Loading cell Bitter Coast Region (-3, -10)
[01:39:59.320 V] Language file "l10n/OMWCombat/en.yaml" is enabled
[01:39:59.334 I] AiTravel: -8914, -73093, 126
[01:39:59.334 I] Warning: lookoutScript line 41, column 37 (=): invalid operator =, treating it as ==
[01:39:59.334 I] Warning: fallingScript line 46, column 6 (endif): endif without matching if/elseif
[01:39:59.352 I] Global[scripts/bench/global.lua]:	BENCH station=seyda startcell="seyda neen" frame=1
[01:39:59.802 I] L@0x1[scripts/bench/player.lua]:	BENCH camera station=seyda yaw=160 pitch=4
[01:40:00.346 I] Global[scripts/bench/global.lua]:	BENCH station=seyda ready frame=40 simtime=0.84
[01:40:28.867 I] Saving shader settings file: <project>/harness/results/20260906-0139-adc79c983-m3hdr-compat/overlay/shaders.yaml
[01:40:28.867 I] Saving Lua storage "<project>/harness/results/20260906-0139-adc79c983-m3hdr-compat/overlay/global_storage.bin" (140 bytes)
[01:40:28.868 I] Saving Lua storage "<project>/harness/results/20260906-0139-adc79c983-m3hdr-compat/overlay/player_storage.bin" (878 bytes)
[01:40:28.903 I] Saved input bindings: <project>/harness/results/20260906-0139-adc79c983-m3hdr-compat/overlay/input_v3.xml
[01:40:28.928 I] Quitting peacefully.
