[02:26:08.007 *] Crash handler installed
[02:26:08.082 *] Loading config file: <project>/openmw/build/OpenMW.app/Contents/Resources/openmw.cfg
[02:26:08.082 *] Loading config file: <project>/harness/config/openmw.cfg
[02:26:08.083 *] Loading config file: <project>/harness/results/20260906-0216-85eda9729-m4-compat/overlay/openmw.cfg
[02:26:08.083 *] Logs dir: <project>/harness/results/20260906-0216-85eda9729-m4-compat/overlay
[02:26:08.083 *] User data dir: <project>/harness/userdata
[02:26:08.083 *] Screenshots dir: <project>/harness/userdata/screenshots
[02:26:08.083 I] OpenMW version 0.52.0
[02:26:08.083 I] Revision: adc79c9835
[02:26:08.084 I] Loading settings file: <project>/openmw/build/OpenMW.app/Contents/Resources/defaults.bin
[02:26:08.084 I] Loading settings file: <project>/harness/config/settings.cfg
[02:26:08.084 I] Using default (English) font encoding.
[02:26:08.084 W] No such dir: <home>/Library/Application Support/openmw/data
[02:26:08.084 I] OSG version: 3.6.5
[02:26:08.084 I] SDL version: 2.32.10
[02:26:08.085 I] Loading shader settings file: <project>/harness/results/20260906-0216-85eda9729-m4-compat/overlay/shaders.yaml
[02:26:08.103 E] Error: Failed to read window icon, no png readerwriter found
[02:26:08.126 I] OpenGL Vendor: Apple
[02:26:08.126 I] OpenGL Renderer: Apple M5 Pro
[02:26:08.126 I] OpenGL Version: 2.1 Metal - 90.5
[02:26:08.126 W] GL_ARB_clip_control not supported: disabling reverse-z depth buffer
[02:26:08.126 I] Adding BSA archive <project>/Morrowind/Data Files/Morrowind.bsa
[02:26:08.127 I] Adding BSA archive <project>/Morrowind/Data Files/Tribunal.bsa
[02:26:08.128 I] Adding BSA archive <project>/Morrowind/Data Files/Bloodmoon.bsa
[02:26:08.128 I] Adding data directory <project>/openmw/build/OpenMW.app/Contents/Resources/../Resources/resources/vfs
[02:26:08.128 I] Adding data directory <project>/openmw/build/OpenMW.app/Contents/Resources/../Resources/resources/vfs-mw
[02:26:08.129 I] Adding data directory <project>/Morrowind/Data Files
[02:26:08.144 I] Adding data directory <project>/harness/mod
[02:26:08.148 I] Preferred locales: gmst en
[02:26:08.148 I] Initializing LuaUtil::LuaState without profiler
[02:26:08.149 I] Lua version: Lua 5.1.4 (LuaJIT 2.1.1767980792)
[02:26:08.149 I] Loading keybindings file: <project>/harness/results/20260906-0216-85eda9729-m4-compat/overlay/input_v3.xml
[02:26:08.149 I] Loading TrueType font file fonts/mysticcards.omwfont
[02:26:08.152 I] Loading TrueType font file fonts/demonicletters.omwfont
[02:26:08.152 I] Loading TrueType font file fonts/dejavulgcsansmono.omwfont
[02:26:08.161 I] Sound disabled.
[02:26:08.162 I] Loading Lua storage "<project>/harness/results/20260906-0216-85eda9729-m4-compat/overlay/global_storage.bin" (140 bytes)
[02:26:08.162 I] Loading Lua storage "<project>/harness/results/20260906-0216-85eda9729-m4-compat/overlay/player_storage.bin" (878 bytes)
[02:26:08.164 I] Loading content file builtin.omwscripts
[02:26:08.165 I] Loading content file Morrowind.esm
[02:26:08.165 E] Error loading splash/splash_kwamawarrior.tga: no readerwriter for 'tga' found
[02:26:08.319 I] Loading content file Tribunal.esm
[02:26:08.339 I] Loading content file Bloodmoon.esm
[02:26:08.364 I] Loading content file bench.omwscripts
[02:26:08.364 V] Lua scripts configuration (45 scripts):
[02:26:08.364 V] #0 MENU PLAYER : scripts/omw/mwui/init.lua
[02:26:08.364 V] #1 MENU : scripts/omw/settings/menu.lua
[02:26:08.364 V] #2 PLAYER : scripts/omw/settings/player.lua
[02:26:08.364 V] #3 GLOBAL : scripts/omw/settings/global.lua
[02:26:08.364 V] #4 GLOBAL : scripts/omw/activationhandlers.lua
[02:26:08.364 V] #5 GLOBAL : scripts/omw/usehandlers.lua
[02:26:08.364 V] #6 GLOBAL : scripts/omw/worldeventhandlers.lua
[02:26:08.364 V] #7 GLOBAL : scripts/omw/crimes.lua
[02:26:08.364 V] #8 PLAYER CREATURE NPC : scripts/omw/mechanics/animationcontroller.lua
[02:26:08.364 V] #9 PLAYER : scripts/omw/skillhandlers.lua
[02:26:08.364 V] #10 PLAYER : scripts/omw/mechanics/playercontroller.lua
[02:26:08.364 V] #11 MENU : scripts/omw/camera/settings.lua
[02:26:08.364 V] #12 MENU : scripts/omw/input/settings.lua
[02:26:08.364 V] #13 PLAYER : scripts/omw/input/playercontrols.lua
[02:26:08.364 V] #14 PLAYER : scripts/omw/camera/camera.lua
[02:26:08.364 V] #15 PLAYER : scripts/omw/input/actionbindings.lua
[02:26:08.364 V] #16 PLAYER : scripts/omw/input/smoothmovement.lua
[02:26:08.364 V] #17 PLAYER : scripts/omw/input/gamepadcontrols.lua
[02:26:08.364 V] #18 NPC CREATURE : scripts/omw/ai.lua
[02:26:08.364 V] #19 GLOBAL : scripts/omw/mechanics/globalcontroller.lua
[02:26:08.364 V] #20 PLAYER CREATURE NPC : scripts/omw/mechanics/actorcontroller.lua
[02:26:08.364 V] #21 PLAYER NPC CREATURE : scripts/omw/combat/interface_local.lua
[02:26:08.364 V] #22 GLOBAL : scripts/omw/combat/interface_global.lua
[02:26:08.364 V] #23 PLAYER CREATURE NPC : scripts/omw/spellcasting/interface_local.lua
[02:26:08.364 V] #24 GLOBAL : scripts/omw/spellcasting/interface_global.lua
[02:26:08.364 V] #25 GLOBAL : scripts/omw/mechanics/projectiles.lua
[02:26:08.364 V] #26 PLAYER : scripts/omw/ui.lua
[02:26:08.364 V] #27 MENU : scripts/omw/console/menu.lua
[02:26:08.364 V] #28 PLAYER : scripts/omw/console/player.lua
[02:26:08.364 V] #29 GLOBAL : scripts/omw/console/global.lua
[02:26:08.364 V] #30 CUSTOM : scripts/omw/console/local.lua
[02:26:08.364 V] #31 NPC CREATURE : scripts/omw/music/actor.lua
[02:26:08.364 V] #32 GLOBAL : scripts/omw/cellhandlers.lua
[02:26:08.364 V] #33 GLOBAL : scripts/omw/combat/global.lua
[02:26:08.364 V] #34 PLAYER : scripts/omw/combat/settingspage.lua
[02:26:08.364 V] #35 PLAYER NPC CREATURE : scripts/omw/combat/local.lua
[02:26:08.364 V] #36 PLAYER : scripts/omw/music/music.lua
[02:26:08.364 V] #37 MENU : scripts/omw/music/settings.lua
[02:26:08.364 V] #38 PLAYER : scripts/omw/playerskillhandlers.lua
[02:26:08.364 V] #39 LOAD : scripts/omw/esmfallbacks.lua
[02:26:08.364 V] #40 PLAYER CREATURE NPC : scripts/omw/spellcasting/local.lua
[02:26:08.364 V] #41 DOOR CONTAINER : scripts/omw/spellcasting/lockable.lua
[02:26:08.364 V] #42 GLOBAL : scripts/omw/spellcasting/global.lua
[02:26:08.364 V] #43 GLOBAL : scripts/bench/global.lua
[02:26:08.364 V] #44 PLAYER : scripts/bench/player.lua
[02:26:08.375 V] Enchantment "test magic axe": dropping unexpected skill argument of "FortifyMaximumMagicka" effect
[02:26:08.449 I] Using 1 async physics threads
[02:26:08.449 I] Using <project>/harness/userdata/navmesh.db to store navigation mesh cache
[02:26:08.449 V] Using idle priority for thread=0x16c3d3000
[02:26:08.449 I] Reserving texture units for shadow maps: 13..15
[02:26:08.450 I] Reserving texture unit for opaque depth texture: 12
[02:26:08.450 I] Reserving texture unit for opaque color texture: 11
[02:26:08.451 V] Disabling Multiview (disabled by config)
[02:26:08.454 V] Language file "l10n/Interface/gmst.yaml" is enabled
[02:26:08.454 V] Language file "l10n/Interface/en.yaml" is enabled
[02:26:08.463 V] Language file "l10n/OMWEngine/gmst.yaml" is enabled
[02:26:08.464 V] Language file "l10n/OMWEngine/en.yaml" is enabled
[02:26:08.473 V] Language file "l10n/OMWShaders/en.yaml" is enabled
[02:26:08.481 V] Language file "l10n/OMWCamera/en.yaml" is enabled
[02:26:08.482 V] Language file "l10n/OMWControls/en.yaml" is enabled
[02:26:08.483 V] Language file "l10n/interface/gmst.yaml" is enabled
[02:26:08.483 V] Language file "l10n/interface/en.yaml" is enabled
[02:26:08.483 V] Language file "l10n/Calendar/gmst.yaml" is enabled
[02:26:08.483 V] Language file "l10n/Calendar/en.yaml" is enabled
[02:26:08.483 V] Language file "l10n/OMWMusic/en.yaml" is enabled
[02:26:08.483 I] OSG stats will be written to: <project>/harness/results/20260906-0216-85eda9729-m4-compat/aldruhn-r3-stats.txt
[02:26:08.488 I] Starting a new game
[02:26:08.491 V] Language file "l10n/Mechanics/gmst.yaml" is enabled
[02:26:08.491 E] Error loading splash/splash_daedroth.tga: no readerwriter for 'tga' found
[02:26:08.515 I] Loading cell Ald-ruhn (-2, 7)
[02:26:08.532 I] Loading cell Ald-ruhn (-2, 6)
[02:26:08.558 I] Loading cell Ashlands Region (-1, 7)
[02:26:08.560 I] Loading cell Ashlands Region (-3, 7)
[02:26:08.566 I] Loading cell Ashlands Region (-2, 8)
[02:26:08.566 I] Loading cell Ashlands Region (-1, 6)
[02:26:08.572 I] Loading cell Ald-ruhn (-3, 6)
[02:26:08.574 V] Controller R2_Claw02 present more than once in meshes/r/xsiltstrider.kf, ignoring later version
[02:26:08.578 I] Loading cell Ashlands Region (-1, 8)
[02:26:08.583 I] Loading cell Ashlands Region (-3, 8)
[02:26:08.587 V] Language file "l10n/OMWCombat/en.yaml" is enabled
[02:26:08.599 I] Warning: OutsideBanner line 38, column 6 (endif): endif without matching if/elseif
[02:26:08.614 I] Global[scripts/bench/global.lua]:	BENCH station=aldruhn startcell="ald-ruhn" frame=1
[02:26:08.659 I] Unloading cell Ashlands Region (-3, 8)
[02:26:08.659 I] Unloading cell Ashlands Region (-2, 8)
[02:26:08.659 I] Unloading cell Ashlands Region (-1, 8)
[02:26:08.660 I] Loading cell Buckmoth Legion Fort (-2, 5)
[02:26:08.672 I] Loading cell Ashlands Region (-1, 5)
[02:26:08.675 I] Loading cell Ashlands Region (-3, 5)
[02:26:08.688 I] L@0x1[scripts/bench/player.lua]:	BENCH camera station=aldruhn yaw=330 pitch=14
[02:26:08.925 I] Global[scripts/bench/global.lua]:	BENCH station=aldruhn ready frame=40 simtime=0.33
[02:27:01.993 I] Saving shader settings file: <project>/harness/results/20260906-0216-85eda9729-m4-compat/overlay/shaders.yaml
[02:27:01.993 I] Saving Lua storage "<project>/harness/results/20260906-0216-85eda9729-m4-compat/overlay/global_storage.bin" (140 bytes)
[02:27:01.993 I] Saving Lua storage "<project>/harness/results/20260906-0216-85eda9729-m4-compat/overlay/player_storage.bin" (878 bytes)
[02:27:02.026 I] Saved input bindings: <project>/harness/results/20260906-0216-85eda9729-m4-compat/overlay/input_v3.xml
[02:27:02.049 I] Quitting peacefully.
