[02:18:51.342 *] Crash handler installed
[02:18:51.412 *] Loading config file: <project>/openmw/build/OpenMW.app/Contents/Resources/openmw.cfg
[02:18:51.413 *] Loading config file: <project>/harness/config/openmw.cfg
[02:18:51.413 *] Loading config file: <project>/harness/results/20260906-0216-85eda9729-m4-compat/overlay/openmw.cfg
[02:18:51.413 *] Logs dir: <project>/harness/results/20260906-0216-85eda9729-m4-compat/overlay
[02:18:51.413 *] User data dir: <project>/harness/userdata
[02:18:51.413 *] Screenshots dir: <project>/harness/userdata/screenshots
[02:18:51.413 I] OpenMW version 0.52.0
[02:18:51.413 I] Revision: adc79c9835
[02:18:51.414 I] Loading settings file: <project>/openmw/build/OpenMW.app/Contents/Resources/defaults.bin
[02:18:51.414 I] Loading settings file: <project>/harness/config/settings.cfg
[02:18:51.414 I] Using default (English) font encoding.
[02:18:51.414 W] No such dir: <home>/Library/Application Support/openmw/data
[02:18:51.415 I] OSG version: 3.6.5
[02:18:51.415 I] SDL version: 2.32.10
[02:18:51.415 I] Loading shader settings file: <project>/harness/results/20260906-0216-85eda9729-m4-compat/overlay/shaders.yaml
[02:18:51.439 E] Error: Failed to read window icon, no png readerwriter found
[02:18:51.462 I] OpenGL Vendor: Apple
[02:18:51.462 I] OpenGL Renderer: Apple M5 Pro
[02:18:51.462 I] OpenGL Version: 2.1 Metal - 90.5
[02:18:51.462 W] GL_ARB_clip_control not supported: disabling reverse-z depth buffer
[02:18:51.462 I] Adding BSA archive <project>/Morrowind/Data Files/Morrowind.bsa
[02:18:51.463 I] Adding BSA archive <project>/Morrowind/Data Files/Tribunal.bsa
[02:18:51.463 I] Adding BSA archive <project>/Morrowind/Data Files/Bloodmoon.bsa
[02:18:51.464 I] Adding data directory <project>/openmw/build/OpenMW.app/Contents/Resources/../Resources/resources/vfs
[02:18:51.464 I] Adding data directory <project>/openmw/build/OpenMW.app/Contents/Resources/../Resources/resources/vfs-mw
[02:18:51.464 I] Adding data directory <project>/Morrowind/Data Files
[02:18:51.479 I] Adding data directory <project>/harness/mod
[02:18:51.484 I] Preferred locales: gmst en
[02:18:51.484 I] Initializing LuaUtil::LuaState without profiler
[02:18:51.484 I] Lua version: Lua 5.1.4 (LuaJIT 2.1.1767980792)
[02:18:51.484 I] Loading keybindings file: <project>/harness/results/20260906-0216-85eda9729-m4-compat/overlay/input_v3.xml
[02:18:51.485 I] Loading TrueType font file fonts/mysticcards.omwfont
[02:18:51.487 I] Loading TrueType font file fonts/demonicletters.omwfont
[02:18:51.488 I] Loading TrueType font file fonts/dejavulgcsansmono.omwfont
[02:18:51.497 I] Sound disabled.
[02:18:51.497 I] Loading Lua storage "<project>/harness/results/20260906-0216-85eda9729-m4-compat/overlay/global_storage.bin" (140 bytes)
[02:18:51.497 I] Loading Lua storage "<project>/harness/results/20260906-0216-85eda9729-m4-compat/overlay/player_storage.bin" (878 bytes)
[02:18:51.500 I] Loading content file builtin.omwscripts
[02:18:51.500 I] Loading content file Morrowind.esm
[02:18:51.500 E] Error loading splash/splash_netch.tga: no readerwriter for 'tga' found
[02:18:51.653 I] Loading content file Tribunal.esm
[02:18:51.673 I] Loading content file Bloodmoon.esm
[02:18:51.699 I] Loading content file bench.omwscripts
[02:18:51.699 V] Lua scripts configuration (45 scripts):
[02:18:51.699 V] #0 MENU PLAYER : scripts/omw/mwui/init.lua
[02:18:51.700 V] #1 MENU : scripts/omw/settings/menu.lua
[02:18:51.700 V] #2 PLAYER : scripts/omw/settings/player.lua
[02:18:51.700 V] #3 GLOBAL : scripts/omw/settings/global.lua
[02:18:51.700 V] #4 GLOBAL : scripts/omw/activationhandlers.lua
[02:18:51.700 V] #5 GLOBAL : scripts/omw/usehandlers.lua
[02:18:51.700 V] #6 GLOBAL : scripts/omw/worldeventhandlers.lua
[02:18:51.700 V] #7 GLOBAL : scripts/omw/crimes.lua
[02:18:51.700 V] #8 PLAYER CREATURE NPC : scripts/omw/mechanics/animationcontroller.lua
[02:18:51.700 V] #9 PLAYER : scripts/omw/skillhandlers.lua
[02:18:51.700 V] #10 PLAYER : scripts/omw/mechanics/playercontroller.lua
[02:18:51.700 V] #11 MENU : scripts/omw/camera/settings.lua
[02:18:51.700 V] #12 MENU : scripts/omw/input/settings.lua
[02:18:51.700 V] #13 PLAYER : scripts/omw/input/playercontrols.lua
[02:18:51.700 V] #14 PLAYER : scripts/omw/camera/camera.lua
[02:18:51.700 V] #15 PLAYER : scripts/omw/input/actionbindings.lua
[02:18:51.700 V] #16 PLAYER : scripts/omw/input/smoothmovement.lua
[02:18:51.700 V] #17 PLAYER : scripts/omw/input/gamepadcontrols.lua
[02:18:51.700 V] #18 NPC CREATURE : scripts/omw/ai.lua
[02:18:51.700 V] #19 GLOBAL : scripts/omw/mechanics/globalcontroller.lua
[02:18:51.700 V] #20 PLAYER CREATURE NPC : scripts/omw/mechanics/actorcontroller.lua
[02:18:51.700 V] #21 PLAYER NPC CREATURE : scripts/omw/combat/interface_local.lua
[02:18:51.700 V] #22 GLOBAL : scripts/omw/combat/interface_global.lua
[02:18:51.700 V] #23 PLAYER CREATURE NPC : scripts/omw/spellcasting/interface_local.lua
[02:18:51.700 V] #24 GLOBAL : scripts/omw/spellcasting/interface_global.lua
[02:18:51.700 V] #25 GLOBAL : scripts/omw/mechanics/projectiles.lua
[02:18:51.700 V] #26 PLAYER : scripts/omw/ui.lua
[02:18:51.700 V] #27 MENU : scripts/omw/console/menu.lua
[02:18:51.700 V] #28 PLAYER : scripts/omw/console/player.lua
[02:18:51.700 V] #29 GLOBAL : scripts/omw/console/global.lua
[02:18:51.700 V] #30 CUSTOM : scripts/omw/console/local.lua
[02:18:51.700 V] #31 NPC CREATURE : scripts/omw/music/actor.lua
[02:18:51.700 V] #32 GLOBAL : scripts/omw/cellhandlers.lua
[02:18:51.700 V] #33 GLOBAL : scripts/omw/combat/global.lua
[02:18:51.700 V] #34 PLAYER : scripts/omw/combat/settingspage.lua
[02:18:51.700 V] #35 PLAYER NPC CREATURE : scripts/omw/combat/local.lua
[02:18:51.700 V] #36 PLAYER : scripts/omw/music/music.lua
[02:18:51.700 V] #37 MENU : scripts/omw/music/settings.lua
[02:18:51.700 V] #38 PLAYER : scripts/omw/playerskillhandlers.lua
[02:18:51.700 V] #39 LOAD : scripts/omw/esmfallbacks.lua
[02:18:51.700 V] #40 PLAYER CREATURE NPC : scripts/omw/spellcasting/local.lua
[02:18:51.700 V] #41 DOOR CONTAINER : scripts/omw/spellcasting/lockable.lua
[02:18:51.700 V] #42 GLOBAL : scripts/omw/spellcasting/global.lua
[02:18:51.700 V] #43 GLOBAL : scripts/bench/global.lua
[02:18:51.700 V] #44 PLAYER : scripts/bench/player.lua
[02:18:51.711 V] Enchantment "test magic axe": dropping unexpected skill argument of "FortifyMaximumMagicka" effect
[02:18:51.784 I] Using 1 async physics threads
[02:18:51.784 I] Using <project>/harness/userdata/navmesh.db to store navigation mesh cache
[02:18:51.784 V] Using idle priority for thread=0x16d64f000
[02:18:51.784 I] Reserving texture units for shadow maps: 13..15
[02:18:51.785 I] Reserving texture unit for opaque depth texture: 12
[02:18:51.785 I] Reserving texture unit for opaque color texture: 11
[02:18:51.786 V] Disabling Multiview (disabled by config)
[02:18:51.789 V] Language file "l10n/Interface/gmst.yaml" is enabled
[02:18:51.789 V] Language file "l10n/Interface/en.yaml" is enabled
[02:18:51.798 V] Language file "l10n/OMWEngine/gmst.yaml" is enabled
[02:18:51.799 V] Language file "l10n/OMWEngine/en.yaml" is enabled
[02:18:51.808 V] Language file "l10n/OMWShaders/en.yaml" is enabled
[02:18:51.816 V] Language file "l10n/OMWCamera/en.yaml" is enabled
[02:18:51.817 V] Language file "l10n/OMWControls/en.yaml" is enabled
[02:18:51.817 V] Language file "l10n/interface/gmst.yaml" is enabled
[02:18:51.817 V] Language file "l10n/interface/en.yaml" is enabled
[02:18:51.818 V] Language file "l10n/Calendar/gmst.yaml" is enabled
[02:18:51.818 V] Language file "l10n/Calendar/en.yaml" is enabled
[02:18:51.818 V] Language file "l10n/OMWMusic/en.yaml" is enabled
[02:18:51.818 I] OSG stats will be written to: <project>/harness/results/20260906-0216-85eda9729-m4-compat/balmora-r1-stats.txt
[02:18:51.823 I] Starting a new game
[02:18:51.825 V] Language file "l10n/Mechanics/gmst.yaml" is enabled
[02:18:51.826 E] Error loading splash/splash_hunger.tga: no readerwriter for 'tga' found
[02:18:51.849 E] Error loading splash/splash_skeleton.tga: no readerwriter for 'tga' found
[02:18:51.849 I] Loading cell Balmora (-2, -2)
[02:18:51.884 I] Loading cell West Gash Region (-2, -1)
[02:18:51.896 I] Loading cell West Gash Region (-1, -2)
[02:18:51.907 I] Loading cell Balmora (-3, -2)
[02:18:51.958 I] Loading cell West Gash Region (-2, -3)
[02:18:51.963 I] Loading cell West Gash Region (-1, -1)
[02:18:51.967 I] Loading cell West Gash Region (-3, -1)
[02:18:51.971 I] Loading cell Moonmoth Legion Fort (-1, -3)
[02:18:51.989 I] Loading cell Balmora (-3, -3)
[02:18:51.991 V] Controller R2_Claw02 present more than once in meshes/r/xsiltstrider.kf, ignoring later version
[02:18:52.018 V] Language file "l10n/OMWCombat/en.yaml" is enabled
[02:18:52.030 I] Warning: OutsideBanner line 38, column 6 (endif): endif without matching if/elseif
[02:18:52.046 I] Global[scripts/bench/global.lua]:	BENCH station=balmora startcell="balmora" frame=1
[02:18:52.114 I] Unloading cell West Gash Region (-3, -1)
[02:18:52.115 I] Unloading cell West Gash Region (-2, -1)
[02:18:52.115 I] Unloading cell Moonmoth Legion Fort (-1, -3)
[02:18:52.115 I] Unloading cell West Gash Region (-1, -2)
[02:18:52.116 I] Unloading cell West Gash Region (-1, -1)
[02:18:52.117 I] Loading cell West Gash Region (-4, -3)
[02:18:52.128 I] Loading cell Ascadian Isles Region (-3, -4)
[02:18:52.136 I] Loading cell Balmora (-4, -2)
[02:18:52.144 I] Loading cell Ascadian Isles Region (-2, -4)
[02:18:52.146 I] Loading cell Ascadian Isles Region (-4, -4)
[02:18:52.229 I] L@0x1[scripts/bench/player.lua]:	BENCH camera station=balmora yaw=0 pitch=2
[02:18:52.496 I] Global[scripts/bench/global.lua]:	BENCH station=balmora ready frame=40 simtime=0.47
[02:19:45.473 I] Saving shader settings file: <project>/harness/results/20260906-0216-85eda9729-m4-compat/overlay/shaders.yaml
[02:19:45.473 I] Saving Lua storage "<project>/harness/results/20260906-0216-85eda9729-m4-compat/overlay/global_storage.bin" (140 bytes)
[02:19:45.473 I] Saving Lua storage "<project>/harness/results/20260906-0216-85eda9729-m4-compat/overlay/player_storage.bin" (878 bytes)
[02:19:45.506 I] Saved input bindings: <project>/harness/results/20260906-0216-85eda9729-m4-compat/overlay/input_v3.xml
[02:19:45.532 I] Quitting peacefully.
