[02:27:02.575 *] Crash handler installed
[02:27:02.638 *] Loading config file: <project>/openmw/build/OpenMW.app/Contents/Resources/openmw.cfg
[02:27:02.639 *] Loading config file: <project>/harness/config/openmw.cfg
[02:27:02.639 *] Loading config file: <project>/harness/results/20260906-0216-85eda9729-m4-compat/overlay/openmw.cfg
[02:27:02.640 *] Logs dir: <project>/harness/results/20260906-0216-85eda9729-m4-compat/overlay
[02:27:02.640 *] User data dir: <project>/harness/userdata
[02:27:02.640 *] Screenshots dir: <project>/harness/userdata/screenshots
[02:27:02.640 I] OpenMW version 0.52.0
[02:27:02.640 I] Revision: adc79c9835
[02:27:02.640 I] Loading settings file: <project>/openmw/build/OpenMW.app/Contents/Resources/defaults.bin
[02:27:02.640 I] Loading settings file: <project>/harness/config/settings.cfg
[02:27:02.641 I] Using default (English) font encoding.
[02:27:02.641 W] No such dir: <home>/Library/Application Support/openmw/data
[02:27:02.641 I] OSG version: 3.6.5
[02:27:02.641 I] SDL version: 2.32.10
[02:27:02.641 I] Loading shader settings file: <project>/harness/results/20260906-0216-85eda9729-m4-compat/overlay/shaders.yaml
[02:27:02.667 E] Error: Failed to read window icon, no png readerwriter found
[02:27:02.691 I] OpenGL Vendor: Apple
[02:27:02.691 I] OpenGL Renderer: Apple M5 Pro
[02:27:02.691 I] OpenGL Version: 2.1 Metal - 90.5
[02:27:02.691 W] GL_ARB_clip_control not supported: disabling reverse-z depth buffer
[02:27:02.691 I] Adding BSA archive <project>/Morrowind/Data Files/Morrowind.bsa
[02:27:02.692 I] Adding BSA archive <project>/Morrowind/Data Files/Tribunal.bsa
[02:27:02.693 I] Adding BSA archive <project>/Morrowind/Data Files/Bloodmoon.bsa
[02:27:02.693 I] Adding data directory <project>/openmw/build/OpenMW.app/Contents/Resources/../Resources/resources/vfs
[02:27:02.693 I] Adding data directory <project>/openmw/build/OpenMW.app/Contents/Resources/../Resources/resources/vfs-mw
[02:27:02.694 I] Adding data directory <project>/Morrowind/Data Files
[02:27:02.709 I] Adding data directory <project>/harness/mod
[02:27:02.714 I] Preferred locales: gmst en
[02:27:02.714 I] Initializing LuaUtil::LuaState without profiler
[02:27:02.714 I] Lua version: Lua 5.1.4 (LuaJIT 2.1.1767980792)
[02:27:02.714 I] Loading keybindings file: <project>/harness/results/20260906-0216-85eda9729-m4-compat/overlay/input_v3.xml
[02:27:02.714 I] Loading TrueType font file fonts/mysticcards.omwfont
[02:27:02.717 I] Loading TrueType font file fonts/demonicletters.omwfont
[02:27:02.717 I] Loading TrueType font file fonts/dejavulgcsansmono.omwfont
[02:27:02.726 I] Sound disabled.
[02:27:02.727 I] Loading Lua storage "<project>/harness/results/20260906-0216-85eda9729-m4-compat/overlay/global_storage.bin" (140 bytes)
[02:27:02.727 I] Loading Lua storage "<project>/harness/results/20260906-0216-85eda9729-m4-compat/overlay/player_storage.bin" (878 bytes)
[02:27:02.729 I] Loading content file builtin.omwscripts
[02:27:02.729 I] Loading content file Morrowind.esm
[02:27:02.729 E] Error loading splash/splash_nixhound.tga: no readerwriter for 'tga' found
[02:27:02.884 I] Loading content file Tribunal.esm
[02:27:02.905 I] Loading content file Bloodmoon.esm
[02:27:02.931 I] Loading content file bench.omwscripts
[02:27:02.931 V] Lua scripts configuration (45 scripts):
[02:27:02.931 V] #0 MENU PLAYER : scripts/omw/mwui/init.lua
[02:27:02.931 V] #1 MENU : scripts/omw/settings/menu.lua
[02:27:02.931 V] #2 PLAYER : scripts/omw/settings/player.lua
[02:27:02.931 V] #3 GLOBAL : scripts/omw/settings/global.lua
[02:27:02.931 V] #4 GLOBAL : scripts/omw/activationhandlers.lua
[02:27:02.931 V] #5 GLOBAL : scripts/omw/usehandlers.lua
[02:27:02.931 V] #6 GLOBAL : scripts/omw/worldeventhandlers.lua
[02:27:02.931 V] #7 GLOBAL : scripts/omw/crimes.lua
[02:27:02.931 V] #8 PLAYER CREATURE NPC : scripts/omw/mechanics/animationcontroller.lua
[02:27:02.931 V] #9 PLAYER : scripts/omw/skillhandlers.lua
[02:27:02.931 V] #10 PLAYER : scripts/omw/mechanics/playercontroller.lua
[02:27:02.931 V] #11 MENU : scripts/omw/camera/settings.lua
[02:27:02.931 V] #12 MENU : scripts/omw/input/settings.lua
[02:27:02.931 V] #13 PLAYER : scripts/omw/input/playercontrols.lua
[02:27:02.931 V] #14 PLAYER : scripts/omw/camera/camera.lua
[02:27:02.931 V] #15 PLAYER : scripts/omw/input/actionbindings.lua
[02:27:02.931 V] #16 PLAYER : scripts/omw/input/smoothmovement.lua
[02:27:02.931 V] #17 PLAYER : scripts/omw/input/gamepadcontrols.lua
[02:27:02.931 V] #18 NPC CREATURE : scripts/omw/ai.lua
[02:27:02.931 V] #19 GLOBAL : scripts/omw/mechanics/globalcontroller.lua
[02:27:02.931 V] #20 PLAYER CREATURE NPC : scripts/omw/mechanics/actorcontroller.lua
[02:27:02.931 V] #21 PLAYER NPC CREATURE : scripts/omw/combat/interface_local.lua
[02:27:02.931 V] #22 GLOBAL : scripts/omw/combat/interface_global.lua
[02:27:02.931 V] #23 PLAYER CREATURE NPC : scripts/omw/spellcasting/interface_local.lua
[02:27:02.931 V] #24 GLOBAL : scripts/omw/spellcasting/interface_global.lua
[02:27:02.931 V] #25 GLOBAL : scripts/omw/mechanics/projectiles.lua
[02:27:02.931 V] #26 PLAYER : scripts/omw/ui.lua
[02:27:02.931 V] #27 MENU : scripts/omw/console/menu.lua
[02:27:02.931 V] #28 PLAYER : scripts/omw/console/player.lua
[02:27:02.931 V] #29 GLOBAL : scripts/omw/console/global.lua
[02:27:02.931 V] #30 CUSTOM : scripts/omw/console/local.lua
[02:27:02.931 V] #31 NPC CREATURE : scripts/omw/music/actor.lua
[02:27:02.931 V] #32 GLOBAL : scripts/omw/cellhandlers.lua
[02:27:02.931 V] #33 GLOBAL : scripts/omw/combat/global.lua
[02:27:02.931 V] #34 PLAYER : scripts/omw/combat/settingspage.lua
[02:27:02.931 V] #35 PLAYER NPC CREATURE : scripts/omw/combat/local.lua
[02:27:02.931 V] #36 PLAYER : scripts/omw/music/music.lua
[02:27:02.931 V] #37 MENU : scripts/omw/music/settings.lua
[02:27:02.931 V] #38 PLAYER : scripts/omw/playerskillhandlers.lua
[02:27:02.931 V] #39 LOAD : scripts/omw/esmfallbacks.lua
[02:27:02.931 V] #40 PLAYER CREATURE NPC : scripts/omw/spellcasting/local.lua
[02:27:02.931 V] #41 DOOR CONTAINER : scripts/omw/spellcasting/lockable.lua
[02:27:02.931 V] #42 GLOBAL : scripts/omw/spellcasting/global.lua
[02:27:02.931 V] #43 GLOBAL : scripts/bench/global.lua
[02:27:02.931 V] #44 PLAYER : scripts/bench/player.lua
[02:27:02.942 V] Enchantment "test magic axe": dropping unexpected skill argument of "FortifyMaximumMagicka" effect
[02:27:03.016 I] Using 1 async physics threads
[02:27:03.016 I] Using <project>/harness/userdata/navmesh.db to store navigation mesh cache
[02:27:03.016 I] Reserving texture units for shadow maps: 13..15
[02:27:03.017 I] Reserving texture unit for opaque depth texture: 12
[02:27:03.017 I] Reserving texture unit for opaque color texture: 11
[02:27:03.018 V] Disabling Multiview (disabled by config)
[02:27:03.021 V] Language file "l10n/Interface/gmst.yaml" is enabled
[02:27:03.021 V] Language file "l10n/Interface/en.yaml" is enabled
[02:27:03.030 V] Language file "l10n/OMWEngine/gmst.yaml" is enabled
[02:27:03.031 V] Language file "l10n/OMWEngine/en.yaml" is enabled
[02:27:03.040 V] Language file "l10n/OMWShaders/en.yaml" is enabled
[02:27:03.048 V] Language file "l10n/OMWCamera/en.yaml" is enabled
[02:27:03.049 V] Language file "l10n/OMWControls/en.yaml" is enabled
[02:27:03.050 V] Language file "l10n/interface/gmst.yaml" is enabled
[02:27:03.050 V] Language file "l10n/interface/en.yaml" is enabled
[02:27:03.050 V] Language file "l10n/Calendar/gmst.yaml" is enabled
[02:27:03.050 V] Language file "l10n/Calendar/en.yaml" is enabled
[02:27:03.050 V] Language file "l10n/OMWMusic/en.yaml" is enabled
[02:27:03.051 I] OSG stats will be written to: <project>/harness/results/20260906-0216-85eda9729-m4-compat/grazelands-r1-stats.txt
[02:27:03.056 I] Starting a new game
[02:27:03.058 V] Language file "l10n/Mechanics/gmst.yaml" is enabled
[02:27:03.059 E] Error loading splash/splash_hunger.tga: no readerwriter for 'tga' found
[02:27:03.077 V] Using idle priority for thread=0x16bf9b000
[02:27:03.083 E] Error loading splash/splash_clanndaddy.tga: no readerwriter for 'tga' found
[02:27:03.083 I] Loading cell Grazelands Region (13, 8)
[02:27:03.115 I] Loading cell Grazelands Region (12, 8)
[02:27:03.119 I] Loading cell Grazelands Region (13, 7)
[02:27:03.135 I] Loading cell Azura's Coast Region (13, 9)
[02:27:03.143 I] Loading cell Azura's Coast Region (14, 8)
[02:27:03.147 I] Loading cell Grazelands Region (12, 7)
[02:27:03.151 I] Loading cell Grazelands Region (12, 9)
[02:27:03.153 I] Loading cell Azura's Coast Region (14, 7)
[02:27:03.156 I] Loading cell Azura's Coast Region (14, 9)
[02:27:03.173 V] Language file "l10n/OMWCombat/en.yaml" is enabled
[02:27:03.215 I] Global[scripts/bench/global.lua]:	BENCH station=grazelands startcell="grazelands region" frame=1
[02:27:03.262 I] Unloading cell Grazelands Region (13, 8)
[02:27:03.262 E] Error: Unable to write fog, can't find a png ReaderWriter
[02:27:03.262 I] Unloading cell Grazelands Region (12, 7)
[02:27:03.263 I] Unloading cell Grazelands Region (12, 8)
[02:27:03.263 I] Unloading cell Grazelands Region (12, 9)
[02:27:03.263 I] Unloading cell Grazelands Region (13, 7)
[02:27:03.263 I] Unloading cell Azura's Coast Region (13, 9)
[02:27:03.264 I] Unloading cell Azura's Coast Region (14, 7)
[02:27:03.264 I] Unloading cell Azura's Coast Region (14, 8)
[02:27:03.264 I] Unloading cell Azura's Coast Region (14, 9)
[02:27:03.265 I] Loading cell Grazelands Region (10, 10)
[02:27:03.273 I] Loading cell Zainab Camp (9, 10)
[02:27:03.289 I] Loading cell Grazelands Region (10, 9)
[02:27:03.291 I] Loading cell Grazelands Region (10, 11)
[02:27:03.295 I] Loading cell Grazelands Region (11, 10)
[02:27:03.298 I] Loading cell Grazelands Region (9, 9)
[02:27:03.299 I] Loading cell Grazelands Region (9, 11)
[02:27:03.300 I] Loading cell Grazelands Region (11, 9)
[02:27:03.305 I] Loading cell Grazelands Region (11, 11)
[02:27:03.308 I] Warning: OutsideBanner line 38, column 6 (endif): endif without matching if/elseif
[02:27:03.349 I] L@0x1[scripts/bench/player.lua]:	BENCH camera station=grazelands yaw=0 pitch=4
[02:27:03.474 I] Global[scripts/bench/global.lua]:	BENCH station=grazelands ready frame=40 simtime=0.30
[02:27:56.736 I] Saving shader settings file: <project>/harness/results/20260906-0216-85eda9729-m4-compat/overlay/shaders.yaml
[02:27:56.736 I] Saving Lua storage "<project>/harness/results/20260906-0216-85eda9729-m4-compat/overlay/global_storage.bin" (140 bytes)
[02:27:56.736 I] Saving Lua storage "<project>/harness/results/20260906-0216-85eda9729-m4-compat/overlay/player_storage.bin" (878 bytes)
[02:27:56.771 I] Saved input bindings: <project>/harness/results/20260906-0216-85eda9729-m4-compat/overlay/input_v3.xml
[02:27:56.789 I] Quitting peacefully.
