[02:27:57.568 *] Crash handler installed
[02:27:57.631 *] Loading config file: <project>/openmw/build/OpenMW.app/Contents/Resources/openmw.cfg
[02:27:57.631 *] Loading config file: <project>/harness/config/openmw.cfg
[02:27:57.632 *] Loading config file: <project>/harness/results/20260906-0216-85eda9729-m4-compat/overlay/openmw.cfg
[02:27:57.632 *] Logs dir: <project>/harness/results/20260906-0216-85eda9729-m4-compat/overlay
[02:27:57.632 *] User data dir: <project>/harness/userdata
[02:27:57.632 *] Screenshots dir: <project>/harness/userdata/screenshots
[02:27:57.632 I] OpenMW version 0.52.0
[02:27:57.632 I] Revision: adc79c9835
[02:27:57.633 I] Loading settings file: <project>/openmw/build/OpenMW.app/Contents/Resources/defaults.bin
[02:27:57.633 I] Loading settings file: <project>/harness/config/settings.cfg
[02:27:57.633 I] Using default (English) font encoding.
[02:27:57.633 W] No such dir: <home>/Library/Application Support/openmw/data
[02:27:57.633 I] OSG version: 3.6.5
[02:27:57.633 I] SDL version: 2.32.10
[02:27:57.633 I] Loading shader settings file: <project>/harness/results/20260906-0216-85eda9729-m4-compat/overlay/shaders.yaml
[02:27:57.657 E] Error: Failed to read window icon, no png readerwriter found
[02:27:57.684 I] OpenGL Vendor: Apple
[02:27:57.684 I] OpenGL Renderer: Apple M5 Pro
[02:27:57.684 I] OpenGL Version: 2.1 Metal - 90.5
[02:27:57.684 W] GL_ARB_clip_control not supported: disabling reverse-z depth buffer
[02:27:57.684 I] Adding BSA archive <project>/Morrowind/Data Files/Morrowind.bsa
[02:27:57.686 I] Adding BSA archive <project>/Morrowind/Data Files/Tribunal.bsa
[02:27:57.686 I] Adding BSA archive <project>/Morrowind/Data Files/Bloodmoon.bsa
[02:27:57.686 I] Adding data directory <project>/openmw/build/OpenMW.app/Contents/Resources/../Resources/resources/vfs
[02:27:57.687 I] Adding data directory <project>/openmw/build/OpenMW.app/Contents/Resources/../Resources/resources/vfs-mw
[02:27:57.687 I] Adding data directory <project>/Morrowind/Data Files
[02:27:57.702 I] Adding data directory <project>/harness/mod
[02:27:57.707 I] Preferred locales: gmst en
[02:27:57.707 I] Initializing LuaUtil::LuaState without profiler
[02:27:57.707 I] Lua version: Lua 5.1.4 (LuaJIT 2.1.1767980792)
[02:27:57.707 I] Loading keybindings file: <project>/harness/results/20260906-0216-85eda9729-m4-compat/overlay/input_v3.xml
[02:27:57.707 I] Loading TrueType font file fonts/mysticcards.omwfont
[02:27:57.710 I] Loading TrueType font file fonts/demonicletters.omwfont
[02:27:57.711 I] Loading TrueType font file fonts/dejavulgcsansmono.omwfont
[02:27:57.720 I] Sound disabled.
[02:27:57.721 I] Loading Lua storage "<project>/harness/results/20260906-0216-85eda9729-m4-compat/overlay/global_storage.bin" (140 bytes)
[02:27:57.721 I] Loading Lua storage "<project>/harness/results/20260906-0216-85eda9729-m4-compat/overlay/player_storage.bin" (878 bytes)
[02:27:57.723 I] Loading content file builtin.omwscripts
[02:27:57.723 I] Loading content file Morrowind.esm
[02:27:57.724 E] Error loading splash/splash_siltstriker.tga: no readerwriter for 'tga' found
[02:27:57.932 I] Loading content file Tribunal.esm
[02:27:57.952 I] Loading content file Bloodmoon.esm
[02:27:57.984 I] Loading content file bench.omwscripts
[02:27:57.984 V] Lua scripts configuration (45 scripts):
[02:27:57.984 V] #0 MENU PLAYER : scripts/omw/mwui/init.lua
[02:27:57.984 V] #1 MENU : scripts/omw/settings/menu.lua
[02:27:57.984 V] #2 PLAYER : scripts/omw/settings/player.lua
[02:27:57.984 V] #3 GLOBAL : scripts/omw/settings/global.lua
[02:27:57.984 V] #4 GLOBAL : scripts/omw/activationhandlers.lua
[02:27:57.984 V] #5 GLOBAL : scripts/omw/usehandlers.lua
[02:27:57.984 V] #6 GLOBAL : scripts/omw/worldeventhandlers.lua
[02:27:57.984 V] #7 GLOBAL : scripts/omw/crimes.lua
[02:27:57.985 V] #8 PLAYER CREATURE NPC : scripts/omw/mechanics/animationcontroller.lua
[02:27:57.985 V] #9 PLAYER : scripts/omw/skillhandlers.lua
[02:27:57.985 V] #10 PLAYER : scripts/omw/mechanics/playercontroller.lua
[02:27:57.985 V] #11 MENU : scripts/omw/camera/settings.lua
[02:27:57.985 V] #12 MENU : scripts/omw/input/settings.lua
[02:27:57.985 V] #13 PLAYER : scripts/omw/input/playercontrols.lua
[02:27:57.985 V] #14 PLAYER : scripts/omw/camera/camera.lua
[02:27:57.985 V] #15 PLAYER : scripts/omw/input/actionbindings.lua
[02:27:57.985 V] #16 PLAYER : scripts/omw/input/smoothmovement.lua
[02:27:57.985 V] #17 PLAYER : scripts/omw/input/gamepadcontrols.lua
[02:27:57.985 V] #18 NPC CREATURE : scripts/omw/ai.lua
[02:27:57.985 V] #19 GLOBAL : scripts/omw/mechanics/globalcontroller.lua
[02:27:57.985 V] #20 PLAYER CREATURE NPC : scripts/omw/mechanics/actorcontroller.lua
[02:27:57.985 V] #21 PLAYER NPC CREATURE : scripts/omw/combat/interface_local.lua
[02:27:57.985 V] #22 GLOBAL : scripts/omw/combat/interface_global.lua
[02:27:57.985 V] #23 PLAYER CREATURE NPC : scripts/omw/spellcasting/interface_local.lua
[02:27:57.985 V] #24 GLOBAL : scripts/omw/spellcasting/interface_global.lua
[02:27:57.985 V] #25 GLOBAL : scripts/omw/mechanics/projectiles.lua
[02:27:57.985 V] #26 PLAYER : scripts/omw/ui.lua
[02:27:57.985 V] #27 MENU : scripts/omw/console/menu.lua
[02:27:57.985 V] #28 PLAYER : scripts/omw/console/player.lua
[02:27:57.985 V] #29 GLOBAL : scripts/omw/console/global.lua
[02:27:57.985 V] #30 CUSTOM : scripts/omw/console/local.lua
[02:27:57.985 V] #31 NPC CREATURE : scripts/omw/music/actor.lua
[02:27:57.985 V] #32 GLOBAL : scripts/omw/cellhandlers.lua
[02:27:57.985 V] #33 GLOBAL : scripts/omw/combat/global.lua
[02:27:57.985 V] #34 PLAYER : scripts/omw/combat/settingspage.lua
[02:27:57.985 V] #35 PLAYER NPC CREATURE : scripts/omw/combat/local.lua
[02:27:57.985 V] #36 PLAYER : scripts/omw/music/music.lua
[02:27:57.985 V] #37 MENU : scripts/omw/music/settings.lua
[02:27:57.985 V] #38 PLAYER : scripts/omw/playerskillhandlers.lua
[02:27:57.985 V] #39 LOAD : scripts/omw/esmfallbacks.lua
[02:27:57.985 V] #40 PLAYER CREATURE NPC : scripts/omw/spellcasting/local.lua
[02:27:57.985 V] #41 DOOR CONTAINER : scripts/omw/spellcasting/lockable.lua
[02:27:57.985 V] #42 GLOBAL : scripts/omw/spellcasting/global.lua
[02:27:57.985 V] #43 GLOBAL : scripts/bench/global.lua
[02:27:57.985 V] #44 PLAYER : scripts/bench/player.lua
[02:27:57.996 V] Enchantment "test magic axe": dropping unexpected skill argument of "FortifyMaximumMagicka" effect
[02:27:58.073 I] Using 1 async physics threads
[02:27:58.073 I] Using <project>/harness/userdata/navmesh.db to store navigation mesh cache
[02:27:58.074 I] Reserving texture units for shadow maps: 13..15
[02:27:58.075 I] Reserving texture unit for opaque depth texture: 12
[02:27:58.075 I] Reserving texture unit for opaque color texture: 11
[02:27:58.075 V] Disabling Multiview (disabled by config)
[02:27:58.077 V] Using idle priority for thread=0x16fd3b000
[02:27:58.079 V] Language file "l10n/Interface/gmst.yaml" is enabled
[02:27:58.080 V] Language file "l10n/Interface/en.yaml" is enabled
[02:27:58.089 V] Language file "l10n/OMWEngine/gmst.yaml" is enabled
[02:27:58.090 V] Language file "l10n/OMWEngine/en.yaml" is enabled
[02:27:58.099 V] Language file "l10n/OMWShaders/en.yaml" is enabled
[02:27:58.107 V] Language file "l10n/OMWCamera/en.yaml" is enabled
[02:27:58.108 V] Language file "l10n/OMWControls/en.yaml" is enabled
[02:27:58.108 V] Language file "l10n/interface/gmst.yaml" is enabled
[02:27:58.108 V] Language file "l10n/interface/en.yaml" is enabled
[02:27:58.109 V] Language file "l10n/Calendar/gmst.yaml" is enabled
[02:27:58.109 V] Language file "l10n/Calendar/en.yaml" is enabled
[02:27:58.109 V] Language file "l10n/OMWMusic/en.yaml" is enabled
[02:27:58.109 I] OSG stats will be written to: <project>/harness/results/20260906-0216-85eda9729-m4-compat/grazelands-r2-stats.txt
[02:27:58.114 I] Starting a new game
[02:27:58.116 V] Language file "l10n/Mechanics/gmst.yaml" is enabled
[02:27:58.117 E] Error loading splash/splash_clanndaddy.tga: no readerwriter for 'tga' found
[02:27:58.141 E] Error loading splash/splash_kwamawarrior.tga: no readerwriter for 'tga' found
[02:27:58.141 I] Loading cell Grazelands Region (13, 8)
[02:27:58.159 I] Loading cell Grazelands Region (12, 8)
[02:27:58.161 I] Loading cell Grazelands Region (13, 7)
[02:27:58.176 I] Loading cell Azura's Coast Region (13, 9)
[02:27:58.184 I] Loading cell Azura's Coast Region (14, 8)
[02:27:58.187 I] Loading cell Grazelands Region (12, 7)
[02:27:58.191 I] Loading cell Grazelands Region (12, 9)
[02:27:58.192 I] Loading cell Azura's Coast Region (14, 7)
[02:27:58.195 I] Loading cell Azura's Coast Region (14, 9)
[02:27:58.207 V] Language file "l10n/OMWCombat/en.yaml" is enabled
[02:27:58.251 I] Global[scripts/bench/global.lua]:	BENCH station=grazelands startcell="grazelands region" frame=1
[02:27:58.310 I] Unloading cell Grazelands Region (13, 8)
[02:27:58.310 E] Error: Unable to write fog, can't find a png ReaderWriter
[02:27:58.310 I] Unloading cell Grazelands Region (12, 7)
[02:27:58.311 I] Unloading cell Grazelands Region (12, 8)
[02:27:58.311 I] Unloading cell Grazelands Region (12, 9)
[02:27:58.311 I] Unloading cell Grazelands Region (13, 7)
[02:27:58.312 I] Unloading cell Azura's Coast Region (13, 9)
[02:27:58.312 I] Unloading cell Azura's Coast Region (14, 7)
[02:27:58.312 I] Unloading cell Azura's Coast Region (14, 8)
[02:27:58.312 I] Unloading cell Azura's Coast Region (14, 9)
[02:27:58.313 I] Loading cell Grazelands Region (10, 10)
[02:27:58.318 I] Loading cell Zainab Camp (9, 10)
[02:27:58.327 I] Loading cell Grazelands Region (10, 9)
[02:27:58.329 I] Loading cell Grazelands Region (10, 11)
[02:27:58.331 I] Loading cell Grazelands Region (11, 10)
[02:27:58.333 I] Loading cell Grazelands Region (9, 9)
[02:27:58.335 I] Loading cell Grazelands Region (9, 11)
[02:27:58.336 I] Loading cell Grazelands Region (11, 9)
[02:27:58.339 I] Loading cell Grazelands Region (11, 11)
[02:27:58.342 I] Warning: OutsideBanner line 38, column 6 (endif): endif without matching if/elseif
[02:27:58.382 I] L@0x1[scripts/bench/player.lua]:	BENCH camera station=grazelands yaw=0 pitch=4
[02:27:58.508 I] Global[scripts/bench/global.lua]:	BENCH station=grazelands ready frame=40 simtime=0.30
[02:28:51.553 I] Saving shader settings file: <project>/harness/results/20260906-0216-85eda9729-m4-compat/overlay/shaders.yaml
[02:28:51.554 I] Saving Lua storage "<project>/harness/results/20260906-0216-85eda9729-m4-compat/overlay/global_storage.bin" (140 bytes)
[02:28:51.554 I] Saving Lua storage "<project>/harness/results/20260906-0216-85eda9729-m4-compat/overlay/player_storage.bin" (878 bytes)
[02:28:51.587 I] Saved input bindings: <project>/harness/results/20260906-0216-85eda9729-m4-compat/overlay/input_v3.xml
[02:28:51.604 I] Quitting peacefully.
