[02:33:25.651 *] Crash handler installed
[02:33:25.721 *] Loading config file: <project>/openmw/build/OpenMW.app/Contents/Resources/openmw.cfg
[02:33:25.721 *] Loading config file: <project>/harness/config/openmw.cfg
[02:33:25.722 *] Loading config file: <project>/harness/results/20260906-0216-85eda9729-m4-compat/overlay/openmw.cfg
[02:33:25.722 *] Logs dir: <project>/harness/results/20260906-0216-85eda9729-m4-compat/overlay
[02:33:25.722 *] User data dir: <project>/harness/userdata
[02:33:25.722 *] Screenshots dir: <project>/harness/userdata/screenshots
[02:33:25.722 I] OpenMW version 0.52.0
[02:33:25.722 I] Revision: adc79c9835
[02:33:25.722 I] Loading settings file: <project>/openmw/build/OpenMW.app/Contents/Resources/defaults.bin
[02:33:25.723 I] Loading settings file: <project>/harness/config/settings.cfg
[02:33:25.723 I] Using default (English) font encoding.
[02:33:25.723 W] No such dir: <home>/Library/Application Support/openmw/data
[02:33:25.723 I] OSG version: 3.6.5
[02:33:25.723 I] SDL version: 2.32.10
[02:33:25.723 I] Loading shader settings file: <project>/harness/results/20260906-0216-85eda9729-m4-compat/overlay/shaders.yaml
[02:33:25.750 E] Error: Failed to read window icon, no png readerwriter found
[02:33:25.774 I] OpenGL Vendor: Apple
[02:33:25.774 I] OpenGL Renderer: Apple M5 Pro
[02:33:25.774 I] OpenGL Version: 2.1 Metal - 90.5
[02:33:25.774 W] GL_ARB_clip_control not supported: disabling reverse-z depth buffer
[02:33:25.774 I] Adding BSA archive <project>/Morrowind/Data Files/Morrowind.bsa
[02:33:25.775 I] Adding BSA archive <project>/Morrowind/Data Files/Tribunal.bsa
[02:33:25.776 I] Adding BSA archive <project>/Morrowind/Data Files/Bloodmoon.bsa
[02:33:25.776 I] Adding data directory <project>/openmw/build/OpenMW.app/Contents/Resources/../Resources/resources/vfs
[02:33:25.777 I] Adding data directory <project>/openmw/build/OpenMW.app/Contents/Resources/../Resources/resources/vfs-mw
[02:33:25.777 I] Adding data directory <project>/Morrowind/Data Files
[02:33:25.792 I] Adding data directory <project>/harness/mod
[02:33:25.797 I] Preferred locales: gmst en
[02:33:25.797 I] Initializing LuaUtil::LuaState without profiler
[02:33:25.797 I] Lua version: Lua 5.1.4 (LuaJIT 2.1.1767980792)
[02:33:25.797 I] Loading keybindings file: <project>/harness/results/20260906-0216-85eda9729-m4-compat/overlay/input_v3.xml
[02:33:25.798 I] Loading TrueType font file fonts/mysticcards.omwfont
[02:33:25.800 I] Loading TrueType font file fonts/demonicletters.omwfont
[02:33:25.801 I] Loading TrueType font file fonts/dejavulgcsansmono.omwfont
[02:33:25.811 I] Sound disabled.
[02:33:25.811 I] Loading Lua storage "<project>/harness/results/20260906-0216-85eda9729-m4-compat/overlay/global_storage.bin" (140 bytes)
[02:33:25.811 I] Loading Lua storage "<project>/harness/results/20260906-0216-85eda9729-m4-compat/overlay/player_storage.bin" (878 bytes)
[02:33:25.814 I] Loading content file builtin.omwscripts
[02:33:25.814 I] Loading content file Morrowind.esm
[02:33:25.814 E] Error loading splash/splash_bonelord.tga: no readerwriter for 'tga' found
[02:33:26.013 I] Loading content file Tribunal.esm
[02:33:26.033 I] Loading content file Bloodmoon.esm
[02:33:26.066 I] Loading content file bench.omwscripts
[02:33:26.066 V] Lua scripts configuration (45 scripts):
[02:33:26.066 V] #0 MENU PLAYER : scripts/omw/mwui/init.lua
[02:33:26.066 V] #1 MENU : scripts/omw/settings/menu.lua
[02:33:26.066 V] #2 PLAYER : scripts/omw/settings/player.lua
[02:33:26.066 V] #3 GLOBAL : scripts/omw/settings/global.lua
[02:33:26.066 V] #4 GLOBAL : scripts/omw/activationhandlers.lua
[02:33:26.066 V] #5 GLOBAL : scripts/omw/usehandlers.lua
[02:33:26.066 V] #6 GLOBAL : scripts/omw/worldeventhandlers.lua
[02:33:26.066 V] #7 GLOBAL : scripts/omw/crimes.lua
[02:33:26.066 V] #8 PLAYER CREATURE NPC : scripts/omw/mechanics/animationcontroller.lua
[02:33:26.066 V] #9 PLAYER : scripts/omw/skillhandlers.lua
[02:33:26.066 V] #10 PLAYER : scripts/omw/mechanics/playercontroller.lua
[02:33:26.066 V] #11 MENU : scripts/omw/camera/settings.lua
[02:33:26.066 V] #12 MENU : scripts/omw/input/settings.lua
[02:33:26.066 V] #13 PLAYER : scripts/omw/input/playercontrols.lua
[02:33:26.066 V] #14 PLAYER : scripts/omw/camera/camera.lua
[02:33:26.066 V] #15 PLAYER : scripts/omw/input/actionbindings.lua
[02:33:26.066 V] #16 PLAYER : scripts/omw/input/smoothmovement.lua
[02:33:26.066 V] #17 PLAYER : scripts/omw/input/gamepadcontrols.lua
[02:33:26.066 V] #18 NPC CREATURE : scripts/omw/ai.lua
[02:33:26.066 V] #19 GLOBAL : scripts/omw/mechanics/globalcontroller.lua
[02:33:26.066 V] #20 PLAYER CREATURE NPC : scripts/omw/mechanics/actorcontroller.lua
[02:33:26.066 V] #21 PLAYER NPC CREATURE : scripts/omw/combat/interface_local.lua
[02:33:26.066 V] #22 GLOBAL : scripts/omw/combat/interface_global.lua
[02:33:26.066 V] #23 PLAYER CREATURE NPC : scripts/omw/spellcasting/interface_local.lua
[02:33:26.066 V] #24 GLOBAL : scripts/omw/spellcasting/interface_global.lua
[02:33:26.066 V] #25 GLOBAL : scripts/omw/mechanics/projectiles.lua
[02:33:26.066 V] #26 PLAYER : scripts/omw/ui.lua
[02:33:26.066 V] #27 MENU : scripts/omw/console/menu.lua
[02:33:26.066 V] #28 PLAYER : scripts/omw/console/player.lua
[02:33:26.066 V] #29 GLOBAL : scripts/omw/console/global.lua
[02:33:26.066 V] #30 CUSTOM : scripts/omw/console/local.lua
[02:33:26.066 V] #31 NPC CREATURE : scripts/omw/music/actor.lua
[02:33:26.066 V] #32 GLOBAL : scripts/omw/cellhandlers.lua
[02:33:26.066 V] #33 GLOBAL : scripts/omw/combat/global.lua
[02:33:26.066 V] #34 PLAYER : scripts/omw/combat/settingspage.lua
[02:33:26.066 V] #35 PLAYER NPC CREATURE : scripts/omw/combat/local.lua
[02:33:26.066 V] #36 PLAYER : scripts/omw/music/music.lua
[02:33:26.066 V] #37 MENU : scripts/omw/music/settings.lua
[02:33:26.066 V] #38 PLAYER : scripts/omw/playerskillhandlers.lua
[02:33:26.066 V] #39 LOAD : scripts/omw/esmfallbacks.lua
[02:33:26.066 V] #40 PLAYER CREATURE NPC : scripts/omw/spellcasting/local.lua
[02:33:26.066 V] #41 DOOR CONTAINER : scripts/omw/spellcasting/lockable.lua
[02:33:26.066 V] #42 GLOBAL : scripts/omw/spellcasting/global.lua
[02:33:26.066 V] #43 GLOBAL : scripts/bench/global.lua
[02:33:26.066 V] #44 PLAYER : scripts/bench/player.lua
[02:33:26.077 V] Enchantment "test magic axe": dropping unexpected skill argument of "FortifyMaximumMagicka" effect
[02:33:26.155 I] Using 1 async physics threads
[02:33:26.155 I] Using <project>/harness/userdata/navmesh.db to store navigation mesh cache
[02:33:26.156 V] Using idle priority for thread=0x16f6a7000
[02:33:26.156 I] Reserving texture units for shadow maps: 13..15
[02:33:26.157 I] Reserving texture unit for opaque depth texture: 12
[02:33:26.157 I] Reserving texture unit for opaque color texture: 11
[02:33:26.157 V] Disabling Multiview (disabled by config)
[02:33:26.161 V] Language file "l10n/Interface/gmst.yaml" is enabled
[02:33:26.162 V] Language file "l10n/Interface/en.yaml" is enabled
[02:33:26.171 V] Language file "l10n/OMWEngine/gmst.yaml" is enabled
[02:33:26.172 V] Language file "l10n/OMWEngine/en.yaml" is enabled
[02:33:26.182 V] Language file "l10n/OMWShaders/en.yaml" is enabled
[02:33:26.190 V] Language file "l10n/OMWCamera/en.yaml" is enabled
[02:33:26.191 V] Language file "l10n/OMWControls/en.yaml" is enabled
[02:33:26.191 V] Language file "l10n/interface/gmst.yaml" is enabled
[02:33:26.191 V] Language file "l10n/interface/en.yaml" is enabled
[02:33:26.192 V] Language file "l10n/Calendar/gmst.yaml" is enabled
[02:33:26.192 V] Language file "l10n/Calendar/en.yaml" is enabled
[02:33:26.192 V] Language file "l10n/OMWMusic/en.yaml" is enabled
[02:33:26.192 I] OSG stats will be written to: <project>/harness/results/20260906-0216-85eda9729-m4-compat/route-r2-stats.txt
[02:33:26.197 I] Starting a new game
[02:33:26.200 V] Language file "l10n/Mechanics/gmst.yaml" is enabled
[02:33:26.201 E] Error loading splash/splash_clannfear.tga: no readerwriter for 'tga' found
[02:33:26.226 E] Error loading splash/splash_skeleton.tga: no readerwriter for 'tga' found
[02:33:26.226 I] Loading cell Bitter Coast Region (0, -10)
[02:33:26.244 I] Loading cell Ascadian Isles Region (0, -9)
[02:33:26.266 I] Loading cell Bitter Coast Region (-1, -10)
[02:33:26.270 I] Loading cell Bitter Coast Region (0, -11)
[02:33:26.272 I] Loading cell Ascadian Isles Region (1, -10)
[02:33:26.276 I] Loading cell Bitter Coast Region (-1, -9)
[02:33:26.287 I] Loading cell Ascadian Isles Region (1, -9)
[02:33:26.295 I] Loading cell Bitter Coast Region (-1, -11)
[02:33:26.300 I] Loading cell Ascadian Isles Region (1, -11)
[02:33:26.305 V] Language file "l10n/OMWCombat/en.yaml" is enabled
[02:33:26.337 I] Global[scripts/bench/global.lua]:	BENCH station=route startcell="bitter coast region" frame=1
[02:33:26.428 I] Unloading cell Ascadian Isles Region (1, -10)
[02:33:26.429 I] Unloading cell Ascadian Isles Region (1, -9)
[02:33:26.429 I] Unloading cell Bitter Coast Region (0, -10)
[02:33:26.430 E] Error: Unable to write fog, can't find a png ReaderWriter
[02:33:26.430 I] Unloading cell Bitter Coast Region (-1, -11)
[02:33:26.430 I] Unloading cell Bitter Coast Region (0, -11)
[02:33:26.430 I] Unloading cell Ascadian Isles Region (0, -9)
[02:33:26.430 I] Unloading cell Ascadian Isles Region (1, -11)
[02:33:26.432 I] Loading cell Seyda Neen (-2, -9)
[02:33:26.436 V] Controller R2_Claw02 present more than once in meshes/r/xsiltstrider.kf, ignoring later version
[02:33:26.458 I] Loading cell Bitter Coast Region (-2, -8)
[02:33:26.462 I] Loading cell Bitter Coast Region (-3, -9)
[02:33:26.464 I] Loading cell Seyda Neen (-2, -10)
[02:33:26.464 I] Warning: lookoutScript[local variables] line 41, column 37 (=): invalid operator =, treating it as ==
[02:33:26.468 I] Loading cell Ascadian Isles Region (-1, -8)
[02:33:26.472 I] Loading cell Bitter Coast Region (-3, -8)
[02:33:26.475 I] Loading cell Bitter Coast Region (-3, -10)
[02:33:26.478 I] AiTravel: -8914, -73093, 126
[02:33:26.478 I] Warning: lookoutScript line 41, column 37 (=): invalid operator =, treating it as ==
[02:33:26.479 I] Warning: fallingScript line 46, column 6 (endif): endif without matching if/elseif
[02:33:26.648 I] L@0x1[scripts/bench/player.lua]:	BENCH camera station=route yaw=0 pitch=6
[02:33:26.818 I] Global[scripts/bench/global.lua]:	BENCH station=route ready frame=40 simtime=0.48
[02:33:26.818 I] Global[scripts/bench/global.lua]:	BENCH route cell=-2,-9 pos=(-11000,-69992) simtime=0.48
[02:33:31.278 I] Unloading cell Bitter Coast Region (-3, -10)
[02:33:31.279 I] Unloading cell Seyda Neen (-2, -10)
[02:33:31.279 I] Unloading cell Bitter Coast Region (-1, -10)
[02:33:31.280 I] Loading cell Ascadian Isles Region (-2, -7)
[02:33:31.281 I] Loading cell Ascadian Isles Region (-1, -7)
[02:33:31.282 I] Loading cell Ascadian Isles Region (-3, -7)
[02:33:31.288 I] Global[scripts/bench/global.lua]:	BENCH route cell=-2,-8 pos=(-11000,-65530) simtime=4.95
[02:33:39.615 I] Unloading cell Seyda Neen (-2, -9)
[02:33:39.616 E] Error: Unable to write fog, can't find a png ReaderWriter
[02:33:39.616 I] Unloading cell Bitter Coast Region (-3, -9)
[02:33:39.617 I] Unloading cell Bitter Coast Region (-1, -9)
[02:33:39.617 I] Loading cell Ascadian Isles Region (-2, -6)
[02:33:39.624 I] Loading cell Ascadian Isles Region (-1, -6)
[02:33:39.627 I] Loading cell Ascadian Isles Region (-3, -6)
[02:33:39.631 I] Global[scripts/bench/global.lua]:	BENCH route cell=-2,-7 pos=(-12165,-57337) simtime=13.28
[02:33:48.061 I] Unloading cell Bitter Coast Region (-3, -8)
[02:33:48.061 I] Unloading cell Bitter Coast Region (-2, -8)
[02:33:48.062 E] Error: Unable to write fog, can't find a png ReaderWriter
[02:33:48.062 I] Unloading cell Ascadian Isles Region (-1, -8)
[02:33:48.062 I] Loading cell Ascadian Isles Region (-2, -5)
[02:33:48.063 I] Loading cell Ascadian Isles Region (-1, -5)
[02:33:48.066 I] Loading cell Ascadian Isles Region (-3, -5)
[02:33:48.072 I] Global[scripts/bench/global.lua]:	BENCH route cell=-2,-6 pos=(-14214,-49143) simtime=21.73
[02:33:56.502 I] Unloading cell Ascadian Isles Region (-3, -7)
[02:33:56.502 I] Unloading cell Ascadian Isles Region (-2, -7)
[02:33:56.502 E] Error: Unable to write fog, can't find a png ReaderWriter
[02:33:56.502 I] Unloading cell Ascadian Isles Region (-1, -7)
[02:33:56.503 I] Loading cell Ascadian Isles Region (-2, -4)
[02:33:56.503 I] Loading cell Ascadian Isles Region (-1, -4)
[02:33:56.505 I] Loading cell Ascadian Isles Region (-3, -4)
[02:33:56.511 I] Global[scripts/bench/global.lua]:	BENCH route cell=-2,-5 pos=(-16261,-40955) simtime=30.17
[02:33:57.011 I] Unloading cell Ascadian Isles Region (-1, -6)
[02:33:57.012 I] Unloading cell Ascadian Isles Region (-1, -4)
[02:33:57.012 I] Unloading cell Ascadian Isles Region (-1, -5)
[02:33:57.012 I] Loading cell Ascadian Isles Region (-4, -5)
[02:33:57.014 I] Loading cell Ascadian Isles Region (-4, -4)
[02:33:57.017 I] Loading cell Bitter Coast Region (-4, -6)
[02:33:57.020 I] Global[scripts/bench/global.lua]:	BENCH route cell=-3,-5 pos=(-16384,-40460) simtime=30.68
[02:34:02.896 V] Controller R2_Claw02 present more than once in meshes/r/xsiltstrider.kf, ignoring later version
[02:34:04.949 I] Unloading cell Ascadian Isles Region (-3, -6)
[02:34:04.950 E] Error: Unable to write fog, can't find a png ReaderWriter
[02:34:04.950 I] Unloading cell Ascadian Isles Region (-2, -6)
[02:34:04.950 E] Error: Unable to write fog, can't find a png ReaderWriter
[02:34:04.950 I] Unloading cell Bitter Coast Region (-4, -6)
[02:34:04.951 I] Loading cell Balmora (-3, -3)
[02:34:04.959 I] Loading cell West Gash Region (-2, -3)
[02:34:04.960 I] Loading cell West Gash Region (-4, -3)
[02:34:04.962 I] Warning: OutsideBanner line 38, column 6 (endif): endif without matching if/elseif
[02:34:04.966 I] Global[scripts/bench/global.lua]:	BENCH route cell=-3,-4 pos=(-18310,-32759) simtime=38.62
[02:34:13.224 I] Unloading cell Ascadian Isles Region (-4, -5)
[02:34:13.225 I] Unloading cell Ascadian Isles Region (-2, -5)
[02:34:13.225 E] Error: Unable to write fog, can't find a png ReaderWriter
[02:34:13.225 I] Unloading cell Ascadian Isles Region (-3, -5)
[02:34:13.226 E] Error: Unable to write fog, can't find a png ReaderWriter
[02:34:13.226 I] Loading cell Balmora (-3, -2)
[02:34:13.236 I] Loading cell Balmora (-2, -2)
[02:34:13.238 I] Loading cell Balmora (-4, -2)
[02:34:13.245 I] Global[scripts/bench/global.lua]:	BENCH route cell=-3,-3 pos=(-19000,-24569) simtime=46.89
[02:34:19.649 I] Saving shader settings file: <project>/harness/results/20260906-0216-85eda9729-m4-compat/overlay/shaders.yaml
[02:34:19.649 I] Saving Lua storage "<project>/harness/results/20260906-0216-85eda9729-m4-compat/overlay/global_storage.bin" (140 bytes)
[02:34:19.649 I] Saving Lua storage "<project>/harness/results/20260906-0216-85eda9729-m4-compat/overlay/player_storage.bin" (878 bytes)
[02:34:19.691 I] Saved input bindings: <project>/harness/results/20260906-0216-85eda9729-m4-compat/overlay/input_v3.xml
[02:34:19.719 I] Quitting peacefully.
