[02:17:56.811 *] Crash handler installed
[02:17:56.875 *] Loading config file: <project>/openmw/build/OpenMW.app/Contents/Resources/openmw.cfg
[02:17:56.875 *] Loading config file: <project>/harness/config/openmw.cfg
[02:17:56.876 *] Loading config file: <project>/harness/results/20260906-0216-85eda9729-m4-compat/overlay/openmw.cfg
[02:17:56.876 *] Logs dir: <project>/harness/results/20260906-0216-85eda9729-m4-compat/overlay
[02:17:56.876 *] User data dir: <project>/harness/userdata
[02:17:56.876 *] Screenshots dir: <project>/harness/userdata/screenshots
[02:17:56.876 I] OpenMW version 0.52.0
[02:17:56.876 I] Revision: adc79c9835
[02:17:56.877 I] Loading settings file: <project>/openmw/build/OpenMW.app/Contents/Resources/defaults.bin
[02:17:56.877 I] Loading settings file: <project>/harness/config/settings.cfg
[02:17:56.877 I] Using default (English) font encoding.
[02:17:56.877 W] No such dir: <home>/Library/Application Support/openmw/data
[02:17:56.877 I] OSG version: 3.6.5
[02:17:56.878 I] SDL version: 2.32.10
[02:17:56.878 I] Loading shader settings file: <project>/harness/results/20260906-0216-85eda9729-m4-compat/overlay/shaders.yaml
[02:17:56.896 E] Error: Failed to read window icon, no png readerwriter found
[02:17:56.918 I] OpenGL Vendor: Apple
[02:17:56.919 I] OpenGL Renderer: Apple M5 Pro
[02:17:56.919 I] OpenGL Version: 2.1 Metal - 90.5
[02:17:56.919 W] GL_ARB_clip_control not supported: disabling reverse-z depth buffer
[02:17:56.919 I] Adding BSA archive <project>/Morrowind/Data Files/Morrowind.bsa
[02:17:56.920 I] Adding BSA archive <project>/Morrowind/Data Files/Tribunal.bsa
[02:17:56.920 I] Adding BSA archive <project>/Morrowind/Data Files/Bloodmoon.bsa
[02:17:56.920 I] Adding data directory <project>/openmw/build/OpenMW.app/Contents/Resources/../Resources/resources/vfs
[02:17:56.921 I] Adding data directory <project>/openmw/build/OpenMW.app/Contents/Resources/../Resources/resources/vfs-mw
[02:17:56.921 I] Adding data directory <project>/Morrowind/Data Files
[02:17:56.936 I] Adding data directory <project>/harness/mod
[02:17:56.941 I] Preferred locales: gmst en
[02:17:56.941 I] Initializing LuaUtil::LuaState without profiler
[02:17:56.941 I] Lua version: Lua 5.1.4 (LuaJIT 2.1.1767980792)
[02:17:56.941 I] Loading keybindings file: <project>/harness/results/20260906-0216-85eda9729-m4-compat/overlay/input_v3.xml
[02:17:56.941 I] Loading TrueType font file fonts/mysticcards.omwfont
[02:17:56.944 I] Loading TrueType font file fonts/demonicletters.omwfont
[02:17:56.945 I] Loading TrueType font file fonts/dejavulgcsansmono.omwfont
[02:17:56.954 I] Sound disabled.
[02:17:56.955 I] Loading Lua storage "<project>/harness/results/20260906-0216-85eda9729-m4-compat/overlay/global_storage.bin" (140 bytes)
[02:17:56.955 I] Loading Lua storage "<project>/harness/results/20260906-0216-85eda9729-m4-compat/overlay/player_storage.bin" (878 bytes)
[02:17:56.958 I] Loading content file builtin.omwscripts
[02:17:56.958 I] Loading content file Morrowind.esm
[02:17:56.958 E] Error loading splash/splash_netch.tga: no readerwriter for 'tga' found
[02:17:57.107 I] Loading content file Tribunal.esm
[02:17:57.126 I] Loading content file Bloodmoon.esm
[02:17:57.151 I] Loading content file bench.omwscripts
[02:17:57.151 V] Lua scripts configuration (45 scripts):
[02:17:57.151 V] #0 MENU PLAYER : scripts/omw/mwui/init.lua
[02:17:57.151 V] #1 MENU : scripts/omw/settings/menu.lua
[02:17:57.151 V] #2 PLAYER : scripts/omw/settings/player.lua
[02:17:57.151 V] #3 GLOBAL : scripts/omw/settings/global.lua
[02:17:57.151 V] #4 GLOBAL : scripts/omw/activationhandlers.lua
[02:17:57.151 V] #5 GLOBAL : scripts/omw/usehandlers.lua
[02:17:57.151 V] #6 GLOBAL : scripts/omw/worldeventhandlers.lua
[02:17:57.151 V] #7 GLOBAL : scripts/omw/crimes.lua
[02:17:57.151 V] #8 PLAYER CREATURE NPC : scripts/omw/mechanics/animationcontroller.lua
[02:17:57.151 V] #9 PLAYER : scripts/omw/skillhandlers.lua
[02:17:57.151 V] #10 PLAYER : scripts/omw/mechanics/playercontroller.lua
[02:17:57.151 V] #11 MENU : scripts/omw/camera/settings.lua
[02:17:57.151 V] #12 MENU : scripts/omw/input/settings.lua
[02:17:57.151 V] #13 PLAYER : scripts/omw/input/playercontrols.lua
[02:17:57.151 V] #14 PLAYER : scripts/omw/camera/camera.lua
[02:17:57.151 V] #15 PLAYER : scripts/omw/input/actionbindings.lua
[02:17:57.151 V] #16 PLAYER : scripts/omw/input/smoothmovement.lua
[02:17:57.151 V] #17 PLAYER : scripts/omw/input/gamepadcontrols.lua
[02:17:57.151 V] #18 NPC CREATURE : scripts/omw/ai.lua
[02:17:57.151 V] #19 GLOBAL : scripts/omw/mechanics/globalcontroller.lua
[02:17:57.151 V] #20 PLAYER CREATURE NPC : scripts/omw/mechanics/actorcontroller.lua
[02:17:57.151 V] #21 PLAYER NPC CREATURE : scripts/omw/combat/interface_local.lua
[02:17:57.151 V] #22 GLOBAL : scripts/omw/combat/interface_global.lua
[02:17:57.151 V] #23 PLAYER CREATURE NPC : scripts/omw/spellcasting/interface_local.lua
[02:17:57.151 V] #24 GLOBAL : scripts/omw/spellcasting/interface_global.lua
[02:17:57.151 V] #25 GLOBAL : scripts/omw/mechanics/projectiles.lua
[02:17:57.151 V] #26 PLAYER : scripts/omw/ui.lua
[02:17:57.151 V] #27 MENU : scripts/omw/console/menu.lua
[02:17:57.151 V] #28 PLAYER : scripts/omw/console/player.lua
[02:17:57.151 V] #29 GLOBAL : scripts/omw/console/global.lua
[02:17:57.151 V] #30 CUSTOM : scripts/omw/console/local.lua
[02:17:57.151 V] #31 NPC CREATURE : scripts/omw/music/actor.lua
[02:17:57.151 V] #32 GLOBAL : scripts/omw/cellhandlers.lua
[02:17:57.151 V] #33 GLOBAL : scripts/omw/combat/global.lua
[02:17:57.151 V] #34 PLAYER : scripts/omw/combat/settingspage.lua
[02:17:57.152 V] #35 PLAYER NPC CREATURE : scripts/omw/combat/local.lua
[02:17:57.152 V] #36 PLAYER : scripts/omw/music/music.lua
[02:17:57.152 V] #37 MENU : scripts/omw/music/settings.lua
[02:17:57.152 V] #38 PLAYER : scripts/omw/playerskillhandlers.lua
[02:17:57.152 V] #39 LOAD : scripts/omw/esmfallbacks.lua
[02:17:57.152 V] #40 PLAYER CREATURE NPC : scripts/omw/spellcasting/local.lua
[02:17:57.152 V] #41 DOOR CONTAINER : scripts/omw/spellcasting/lockable.lua
[02:17:57.152 V] #42 GLOBAL : scripts/omw/spellcasting/global.lua
[02:17:57.152 V] #43 GLOBAL : scripts/bench/global.lua
[02:17:57.152 V] #44 PLAYER : scripts/bench/player.lua
[02:17:57.162 V] Enchantment "test magic axe": dropping unexpected skill argument of "FortifyMaximumMagicka" effect
[02:17:57.234 I] Using 1 async physics threads
[02:17:57.234 I] Using <project>/harness/userdata/navmesh.db to store navigation mesh cache
[02:17:57.235 V] Using idle priority for thread=0x16c073000
[02:17:57.235 I] Reserving texture units for shadow maps: 13..15
[02:17:57.236 I] Reserving texture unit for opaque depth texture: 12
[02:17:57.236 I] Reserving texture unit for opaque color texture: 11
[02:17:57.236 V] Disabling Multiview (disabled by config)
[02:17:57.240 V] Language file "l10n/Interface/gmst.yaml" is enabled
[02:17:57.240 V] Language file "l10n/Interface/en.yaml" is enabled
[02:17:57.248 V] Language file "l10n/OMWEngine/gmst.yaml" is enabled
[02:17:57.249 V] Language file "l10n/OMWEngine/en.yaml" is enabled
[02:17:57.259 V] Language file "l10n/OMWShaders/en.yaml" is enabled
[02:17:57.266 V] Language file "l10n/OMWCamera/en.yaml" is enabled
[02:17:57.268 V] Language file "l10n/OMWControls/en.yaml" is enabled
[02:17:57.268 V] Language file "l10n/interface/gmst.yaml" is enabled
[02:17:57.268 V] Language file "l10n/interface/en.yaml" is enabled
[02:17:57.268 V] Language file "l10n/Calendar/gmst.yaml" is enabled
[02:17:57.268 V] Language file "l10n/Calendar/en.yaml" is enabled
[02:17:57.269 V] Language file "l10n/OMWMusic/en.yaml" is enabled
[02:17:57.269 I] OSG stats will be written to: <project>/harness/results/20260906-0216-85eda9729-m4-compat/seyda-r3-stats.txt
[02:17:57.274 I] Starting a new game
[02:17:57.276 V] Language file "l10n/Mechanics/gmst.yaml" is enabled
[02:17:57.277 E] Error loading splash/splash_clannfear.tga: no readerwriter for 'tga' found
[02:17:57.301 E] Error loading splash/splash_bonelord.tga: no readerwriter for 'tga' found
[02:17:57.301 I] Loading cell Seyda Neen (-2, -9)
[02:17:57.307 V] Controller R2_Claw02 present more than once in meshes/r/xsiltstrider.kf, ignoring later version
[02:17:57.341 I] Loading cell Bitter Coast Region (-2, -8)
[02:17:57.348 I] Loading cell Bitter Coast Region (-1, -9)
[02:17:57.355 I] Loading cell Bitter Coast Region (-3, -9)
[02:17:57.366 I] Loading cell Seyda Neen (-2, -10)
[02:17:57.366 I] Warning: lookoutScript[local variables] line 41, column 37 (=): invalid operator =, treating it as ==
[02:17:57.370 I] Loading cell Ascadian Isles Region (-1, -8)
[02:17:57.384 I] Loading cell Bitter Coast Region (-3, -8)
[02:17:57.387 I] Loading cell Bitter Coast Region (-1, -10)
[02:17:57.388 I] Loading cell Bitter Coast Region (-3, -10)
[02:17:57.393 V] Language file "l10n/OMWCombat/en.yaml" is enabled
[02:17:57.405 I] AiTravel: -8914, -73093, 126
[02:17:57.405 I] Warning: lookoutScript line 41, column 37 (=): invalid operator =, treating it as ==
[02:17:57.406 I] Warning: fallingScript line 46, column 6 (endif): endif without matching if/elseif
[02:17:57.423 I] Global[scripts/bench/global.lua]:	BENCH station=seyda startcell="seyda neen" frame=1
[02:17:57.513 I] L@0x1[scripts/bench/player.lua]:	BENCH camera station=seyda yaw=160 pitch=4
[02:17:57.830 I] Global[scripts/bench/global.lua]:	BENCH station=seyda ready frame=40 simtime=0.43
[02:18:50.802 I] Saving shader settings file: <project>/harness/results/20260906-0216-85eda9729-m4-compat/overlay/shaders.yaml
[02:18:50.803 I] Saving Lua storage "<project>/harness/results/20260906-0216-85eda9729-m4-compat/overlay/global_storage.bin" (140 bytes)
[02:18:50.803 I] Saving Lua storage "<project>/harness/results/20260906-0216-85eda9729-m4-compat/overlay/player_storage.bin" (878 bytes)
[02:18:50.836 I] Saved input bindings: <project>/harness/results/20260906-0216-85eda9729-m4-compat/overlay/input_v3.xml
[02:18:50.861 I] Quitting peacefully.
