[02:36:11.536 *] Crash handler installed
[02:36:11.602 *] Loading config file: <project>/openmw/build/OpenMW.app/Contents/Resources/openmw.cfg
[02:36:11.603 *] Loading config file: <project>/harness/config/openmw.cfg
[02:36:11.603 *] Loading config file: <project>/harness/results/20260906-0216-85eda9729-m4-compat/overlay/openmw.cfg
[02:36:11.604 *] Logs dir: <project>/harness/results/20260906-0216-85eda9729-m4-compat/overlay
[02:36:11.604 *] User data dir: <project>/harness/userdata
[02:36:11.604 *] Screenshots dir: <project>/harness/userdata/screenshots
[02:36:11.604 I] OpenMW version 0.52.0
[02:36:11.604 I] Revision: adc79c9835
[02:36:11.604 I] Loading settings file: <project>/openmw/build/OpenMW.app/Contents/Resources/defaults.bin
[02:36:11.604 I] Loading settings file: <project>/harness/config/settings.cfg
[02:36:11.605 I] Using default (English) font encoding.
[02:36:11.605 W] No such dir: <home>/Library/Application Support/openmw/data
[02:36:11.605 I] OSG version: 3.6.5
[02:36:11.605 I] SDL version: 2.32.10
[02:36:11.605 I] Loading shader settings file: <project>/harness/results/20260906-0216-85eda9729-m4-compat/overlay/shaders.yaml
[02:36:11.623 E] Error: Failed to read window icon, no png readerwriter found
[02:36:11.650 I] OpenGL Vendor: Apple
[02:36:11.650 I] OpenGL Renderer: Apple M5 Pro
[02:36:11.650 I] OpenGL Version: 2.1 Metal - 90.5
[02:36:11.650 W] GL_ARB_clip_control not supported: disabling reverse-z depth buffer
[02:36:11.650 I] Adding BSA archive <project>/Morrowind/Data Files/Morrowind.bsa
[02:36:11.652 I] Adding BSA archive <project>/Morrowind/Data Files/Tribunal.bsa
[02:36:11.652 I] Adding BSA archive <project>/Morrowind/Data Files/Bloodmoon.bsa
[02:36:11.652 I] Adding data directory <project>/openmw/build/OpenMW.app/Contents/Resources/../Resources/resources/vfs
[02:36:11.653 I] Adding data directory <project>/openmw/build/OpenMW.app/Contents/Resources/../Resources/resources/vfs-mw
[02:36:11.653 I] Adding data directory <project>/Morrowind/Data Files
[02:36:11.668 I] Adding data directory <project>/harness/mod
[02:36:11.672 I] Preferred locales: gmst en
[02:36:11.672 I] Initializing LuaUtil::LuaState without profiler
[02:36:11.673 I] Lua version: Lua 5.1.4 (LuaJIT 2.1.1767980792)
[02:36:11.673 I] Loading keybindings file: <project>/harness/results/20260906-0216-85eda9729-m4-compat/overlay/input_v3.xml
[02:36:11.673 I] Loading TrueType font file fonts/mysticcards.omwfont
[02:36:11.675 I] Loading TrueType font file fonts/demonicletters.omwfont
[02:36:11.676 I] Loading TrueType font file fonts/dejavulgcsansmono.omwfont
[02:36:11.685 I] Sound disabled.
[02:36:11.685 I] Loading Lua storage "<project>/harness/results/20260906-0216-85eda9729-m4-compat/overlay/global_storage.bin" (140 bytes)
[02:36:11.685 I] Loading Lua storage "<project>/harness/results/20260906-0216-85eda9729-m4-compat/overlay/player_storage.bin" (878 bytes)
[02:36:11.688 I] Loading content file builtin.omwscripts
[02:36:11.688 E] Error loading splash/splash_netch.tga: no readerwriter for 'tga' found
[02:36:11.688 I] Loading content file Morrowind.esm
[02:36:11.847 I] Loading content file Tribunal.esm
[02:36:11.867 I] Loading content file Bloodmoon.esm
[02:36:11.893 I] Loading content file bench.omwscripts
[02:36:11.893 V] Lua scripts configuration (45 scripts):
[02:36:11.893 V] #0 MENU PLAYER : scripts/omw/mwui/init.lua
[02:36:11.893 V] #1 MENU : scripts/omw/settings/menu.lua
[02:36:11.893 V] #2 PLAYER : scripts/omw/settings/player.lua
[02:36:11.893 V] #3 GLOBAL : scripts/omw/settings/global.lua
[02:36:11.893 V] #4 GLOBAL : scripts/omw/activationhandlers.lua
[02:36:11.893 V] #5 GLOBAL : scripts/omw/usehandlers.lua
[02:36:11.893 V] #6 GLOBAL : scripts/omw/worldeventhandlers.lua
[02:36:11.893 V] #7 GLOBAL : scripts/omw/crimes.lua
[02:36:11.893 V] #8 PLAYER CREATURE NPC : scripts/omw/mechanics/animationcontroller.lua
[02:36:11.893 V] #9 PLAYER : scripts/omw/skillhandlers.lua
[02:36:11.893 V] #10 PLAYER : scripts/omw/mechanics/playercontroller.lua
[02:36:11.893 V] #11 MENU : scripts/omw/camera/settings.lua
[02:36:11.893 V] #12 MENU : scripts/omw/input/settings.lua
[02:36:11.893 V] #13 PLAYER : scripts/omw/input/playercontrols.lua
[02:36:11.893 V] #14 PLAYER : scripts/omw/camera/camera.lua
[02:36:11.893 V] #15 PLAYER : scripts/omw/input/actionbindings.lua
[02:36:11.893 V] #16 PLAYER : scripts/omw/input/smoothmovement.lua
[02:36:11.893 V] #17 PLAYER : scripts/omw/input/gamepadcontrols.lua
[02:36:11.893 V] #18 NPC CREATURE : scripts/omw/ai.lua
[02:36:11.893 V] #19 GLOBAL : scripts/omw/mechanics/globalcontroller.lua
[02:36:11.893 V] #20 PLAYER CREATURE NPC : scripts/omw/mechanics/actorcontroller.lua
[02:36:11.893 V] #21 PLAYER NPC CREATURE : scripts/omw/combat/interface_local.lua
[02:36:11.893 V] #22 GLOBAL : scripts/omw/combat/interface_global.lua
[02:36:11.893 V] #23 PLAYER CREATURE NPC : scripts/omw/spellcasting/interface_local.lua
[02:36:11.893 V] #24 GLOBAL : scripts/omw/spellcasting/interface_global.lua
[02:36:11.893 V] #25 GLOBAL : scripts/omw/mechanics/projectiles.lua
[02:36:11.893 V] #26 PLAYER : scripts/omw/ui.lua
[02:36:11.893 V] #27 MENU : scripts/omw/console/menu.lua
[02:36:11.893 V] #28 PLAYER : scripts/omw/console/player.lua
[02:36:11.893 V] #29 GLOBAL : scripts/omw/console/global.lua
[02:36:11.893 V] #30 CUSTOM : scripts/omw/console/local.lua
[02:36:11.893 V] #31 NPC CREATURE : scripts/omw/music/actor.lua
[02:36:11.893 V] #32 GLOBAL : scripts/omw/cellhandlers.lua
[02:36:11.893 V] #33 GLOBAL : scripts/omw/combat/global.lua
[02:36:11.893 V] #34 PLAYER : scripts/omw/combat/settingspage.lua
[02:36:11.893 V] #35 PLAYER NPC CREATURE : scripts/omw/combat/local.lua
[02:36:11.893 V] #36 PLAYER : scripts/omw/music/music.lua
[02:36:11.893 V] #37 MENU : scripts/omw/music/settings.lua
[02:36:11.893 V] #38 PLAYER : scripts/omw/playerskillhandlers.lua
[02:36:11.893 V] #39 LOAD : scripts/omw/esmfallbacks.lua
[02:36:11.893 V] #40 PLAYER CREATURE NPC : scripts/omw/spellcasting/local.lua
[02:36:11.893 V] #41 DOOR CONTAINER : scripts/omw/spellcasting/lockable.lua
[02:36:11.893 V] #42 GLOBAL : scripts/omw/spellcasting/global.lua
[02:36:11.893 V] #43 GLOBAL : scripts/bench/global.lua
[02:36:11.893 V] #44 PLAYER : scripts/bench/player.lua
[02:36:11.904 V] Enchantment "test magic axe": dropping unexpected skill argument of "FortifyMaximumMagicka" effect
[02:36:11.977 I] Using 1 async physics threads
[02:36:11.977 I] Using <project>/harness/userdata/navmesh.db to store navigation mesh cache
[02:36:11.977 V] Using idle priority for thread=0x16f647000
[02:36:11.977 I] Reserving texture units for shadow maps: 13..15
[02:36:11.979 I] Reserving texture unit for opaque depth texture: 12
[02:36:11.979 I] Reserving texture unit for opaque color texture: 11
[02:36:11.979 V] Disabling Multiview (disabled by config)
[02:36:11.982 V] Language file "l10n/Interface/gmst.yaml" is enabled
[02:36:11.982 V] Language file "l10n/Interface/en.yaml" is enabled
[02:36:11.991 V] Language file "l10n/OMWEngine/gmst.yaml" is enabled
[02:36:11.992 V] Language file "l10n/OMWEngine/en.yaml" is enabled
[02:36:12.001 V] Language file "l10n/OMWShaders/en.yaml" is enabled
[02:36:12.009 V] Language file "l10n/OMWCamera/en.yaml" is enabled
[02:36:12.011 V] Language file "l10n/OMWControls/en.yaml" is enabled
[02:36:12.011 V] Language file "l10n/interface/gmst.yaml" is enabled
[02:36:12.011 V] Language file "l10n/interface/en.yaml" is enabled
[02:36:12.011 V] Language file "l10n/Calendar/gmst.yaml" is enabled
[02:36:12.011 V] Language file "l10n/Calendar/en.yaml" is enabled
[02:36:12.011 V] Language file "l10n/OMWMusic/en.yaml" is enabled
[02:36:12.012 I] OSG stats will be written to: <project>/harness/results/20260906-0216-85eda9729-m4-compat/sky-r2-stats.txt
[02:36:12.017 I] Starting a new game
[02:36:12.019 V] Language file "l10n/Mechanics/gmst.yaml" is enabled
[02:36:12.020 E] Error loading splash/splash_nixhound.tga: no readerwriter for 'tga' found
[02:36:12.045 E] Error loading splash/splash_clanndaddy.tga: no readerwriter for 'tga' found
[02:36:12.045 I] Loading cell Pelagiad (0, -7)
[02:36:12.078 I] Loading cell Ascadian Isles Region (0, -6)
[02:36:12.086 I] Loading cell Ascadian Isles Region (-1, -7)
[02:36:12.098 I] Loading cell Pelagiad (0, -8)
[02:36:12.100 I] Loading cell Ascadian Isles Region (1, -7)
[02:36:12.110 I] Loading cell Ascadian Isles Region (-1, -6)
[02:36:12.113 I] Loading cell Ascadian Isles Region (1, -6)
[02:36:12.121 I] Loading cell Ascadian Isles Region (-1, -8)
[02:36:12.124 I] Loading cell Ascadian Isles Region (1, -8)
[02:36:12.130 V] Language file "l10n/OMWCombat/en.yaml" is enabled
[02:36:12.143 I] Warning: OutsideBanner line 38, column 6 (endif): endif without matching if/elseif
[02:36:12.159 I] Global[scripts/bench/global.lua]:	BENCH station=sky startcell="pelagiad" frame=1
[02:36:12.227 I] L@0x1[scripts/bench/player.lua]:	BENCH camera station=sky yaw=0 pitch=-60
[02:36:12.292 I] Global[scripts/bench/global.lua]:	BENCH station=sky ready frame=40 simtime=0.16
[02:37:05.531 I] Saving shader settings file: <project>/harness/results/20260906-0216-85eda9729-m4-compat/overlay/shaders.yaml
[02:37:05.532 I] Saving Lua storage "<project>/harness/results/20260906-0216-85eda9729-m4-compat/overlay/global_storage.bin" (140 bytes)
[02:37:05.532 I] Saving Lua storage "<project>/harness/results/20260906-0216-85eda9729-m4-compat/overlay/player_storage.bin" (878 bytes)
[02:37:05.565 I] Saved input bindings: <project>/harness/results/20260906-0216-85eda9729-m4-compat/overlay/input_v3.xml
[02:37:05.586 I] Quitting peacefully.
