[02:39:56.563 *] Crash handler installed
[02:39:56.634 *] Loading config file: <project>/openmw/build/OpenMW.app/Contents/Resources/openmw.cfg
[02:39:56.634 *] Loading config file: <project>/harness/config/openmw.cfg
[02:39:56.635 *] Loading config file: <project>/harness/results/20260906-0216-85eda9729-m4-compat/overlay/openmw.cfg
[02:39:56.635 *] Logs dir: <project>/harness/results/20260906-0216-85eda9729-m4-compat/overlay
[02:39:56.635 *] User data dir: <project>/harness/userdata
[02:39:56.635 *] Screenshots dir: <project>/harness/userdata/screenshots
[02:39:56.635 I] OpenMW version 0.52.0
[02:39:56.635 I] Revision: adc79c9835
[02:39:56.635 I] Loading settings file: <project>/openmw/build/OpenMW.app/Contents/Resources/defaults.bin
[02:39:56.636 I] Loading settings file: <project>/harness/config/settings.cfg
[02:39:56.636 I] Using default (English) font encoding.
[02:39:56.636 W] No such dir: <home>/Library/Application Support/openmw/data
[02:39:56.636 I] OSG version: 3.6.5
[02:39:56.636 I] SDL version: 2.32.10
[02:39:56.636 I] Loading shader settings file: <project>/harness/results/20260906-0216-85eda9729-m4-compat/overlay/shaders.yaml
[02:39:56.655 E] Error: Failed to read window icon, no png readerwriter found
[02:39:56.680 I] OpenGL Vendor: Apple
[02:39:56.680 I] OpenGL Renderer: Apple M5 Pro
[02:39:56.680 I] OpenGL Version: 2.1 Metal - 90.5
[02:39:56.680 W] GL_ARB_clip_control not supported: disabling reverse-z depth buffer
[02:39:56.680 I] Adding BSA archive <project>/Morrowind/Data Files/Morrowind.bsa
[02:39:56.682 I] Adding BSA archive <project>/Morrowind/Data Files/Tribunal.bsa
[02:39:56.682 I] Adding BSA archive <project>/Morrowind/Data Files/Bloodmoon.bsa
[02:39:56.683 I] Adding data directory <project>/openmw/build/OpenMW.app/Contents/Resources/../Resources/resources/vfs
[02:39:56.683 I] Adding data directory <project>/openmw/build/OpenMW.app/Contents/Resources/../Resources/resources/vfs-mw
[02:39:56.683 I] Adding data directory <project>/Morrowind/Data Files
[02:39:56.699 I] Adding data directory <project>/harness/mod
[02:39:56.704 I] Preferred locales: gmst en
[02:39:56.704 I] Initializing LuaUtil::LuaState without profiler
[02:39:56.704 I] Lua version: Lua 5.1.4 (LuaJIT 2.1.1767980792)
[02:39:56.704 I] Loading keybindings file: <project>/harness/results/20260906-0216-85eda9729-m4-compat/overlay/input_v3.xml
[02:39:56.705 I] Loading TrueType font file fonts/mysticcards.omwfont
[02:39:56.707 I] Loading TrueType font file fonts/demonicletters.omwfont
[02:39:56.708 I] Loading TrueType font file fonts/dejavulgcsansmono.omwfont
[02:39:56.718 I] Sound disabled.
[02:39:56.718 I] Loading Lua storage "<project>/harness/results/20260906-0216-85eda9729-m4-compat/overlay/global_storage.bin" (140 bytes)
[02:39:56.718 I] Loading Lua storage "<project>/harness/results/20260906-0216-85eda9729-m4-compat/overlay/player_storage.bin" (878 bytes)
[02:39:56.721 I] Loading content file builtin.omwscripts
[02:39:56.721 E] Error loading splash/splash_kwamawarrior.tga: no readerwriter for 'tga' found
[02:39:56.721 I] Loading content file Morrowind.esm
[02:39:56.929 I] Loading content file Tribunal.esm
[02:39:56.949 I] Loading content file Bloodmoon.esm
[02:39:56.981 I] Loading content file bench.omwscripts
[02:39:56.981 V] Lua scripts configuration (45 scripts):
[02:39:56.981 V] #0 MENU PLAYER : scripts/omw/mwui/init.lua
[02:39:56.981 V] #1 MENU : scripts/omw/settings/menu.lua
[02:39:56.981 V] #2 PLAYER : scripts/omw/settings/player.lua
[02:39:56.981 V] #3 GLOBAL : scripts/omw/settings/global.lua
[02:39:56.981 V] #4 GLOBAL : scripts/omw/activationhandlers.lua
[02:39:56.981 V] #5 GLOBAL : scripts/omw/usehandlers.lua
[02:39:56.981 V] #6 GLOBAL : scripts/omw/worldeventhandlers.lua
[02:39:56.981 V] #7 GLOBAL : scripts/omw/crimes.lua
[02:39:56.981 V] #8 PLAYER CREATURE NPC : scripts/omw/mechanics/animationcontroller.lua
[02:39:56.981 V] #9 PLAYER : scripts/omw/skillhandlers.lua
[02:39:56.981 V] #10 PLAYER : scripts/omw/mechanics/playercontroller.lua
[02:39:56.981 V] #11 MENU : scripts/omw/camera/settings.lua
[02:39:56.981 V] #12 MENU : scripts/omw/input/settings.lua
[02:39:56.981 V] #13 PLAYER : scripts/omw/input/playercontrols.lua
[02:39:56.981 V] #14 PLAYER : scripts/omw/camera/camera.lua
[02:39:56.981 V] #15 PLAYER : scripts/omw/input/actionbindings.lua
[02:39:56.981 V] #16 PLAYER : scripts/omw/input/smoothmovement.lua
[02:39:56.981 V] #17 PLAYER : scripts/omw/input/gamepadcontrols.lua
[02:39:56.981 V] #18 NPC CREATURE : scripts/omw/ai.lua
[02:39:56.981 V] #19 GLOBAL : scripts/omw/mechanics/globalcontroller.lua
[02:39:56.981 V] #20 PLAYER CREATURE NPC : scripts/omw/mechanics/actorcontroller.lua
[02:39:56.981 V] #21 PLAYER NPC CREATURE : scripts/omw/combat/interface_local.lua
[02:39:56.981 V] #22 GLOBAL : scripts/omw/combat/interface_global.lua
[02:39:56.981 V] #23 PLAYER CREATURE NPC : scripts/omw/spellcasting/interface_local.lua
[02:39:56.981 V] #24 GLOBAL : scripts/omw/spellcasting/interface_global.lua
[02:39:56.981 V] #25 GLOBAL : scripts/omw/mechanics/projectiles.lua
[02:39:56.981 V] #26 PLAYER : scripts/omw/ui.lua
[02:39:56.981 V] #27 MENU : scripts/omw/console/menu.lua
[02:39:56.981 V] #28 PLAYER : scripts/omw/console/player.lua
[02:39:56.981 V] #29 GLOBAL : scripts/omw/console/global.lua
[02:39:56.981 V] #30 CUSTOM : scripts/omw/console/local.lua
[02:39:56.981 V] #31 NPC CREATURE : scripts/omw/music/actor.lua
[02:39:56.981 V] #32 GLOBAL : scripts/omw/cellhandlers.lua
[02:39:56.981 V] #33 GLOBAL : scripts/omw/combat/global.lua
[02:39:56.981 V] #34 PLAYER : scripts/omw/combat/settingspage.lua
[02:39:56.981 V] #35 PLAYER NPC CREATURE : scripts/omw/combat/local.lua
[02:39:56.981 V] #36 PLAYER : scripts/omw/music/music.lua
[02:39:56.981 V] #37 MENU : scripts/omw/music/settings.lua
[02:39:56.981 V] #38 PLAYER : scripts/omw/playerskillhandlers.lua
[02:39:56.981 V] #39 LOAD : scripts/omw/esmfallbacks.lua
[02:39:56.981 V] #40 PLAYER CREATURE NPC : scripts/omw/spellcasting/local.lua
[02:39:56.981 V] #41 DOOR CONTAINER : scripts/omw/spellcasting/lockable.lua
[02:39:56.981 V] #42 GLOBAL : scripts/omw/spellcasting/global.lua
[02:39:56.981 V] #43 GLOBAL : scripts/bench/global.lua
[02:39:56.981 V] #44 PLAYER : scripts/bench/player.lua
[02:39:56.993 V] Enchantment "test magic axe": dropping unexpected skill argument of "FortifyMaximumMagicka" effect
[02:39:57.069 I] Using 1 async physics threads
[02:39:57.069 I] Using <project>/harness/userdata/navmesh.db to store navigation mesh cache
[02:39:57.070 V] Using idle priority for thread=0x16febb000
[02:39:57.070 I] Reserving texture units for shadow maps: 13..15
[02:39:57.071 I] Reserving texture unit for opaque depth texture: 12
[02:39:57.071 I] Reserving texture unit for opaque color texture: 11
[02:39:57.071 V] Disabling Multiview (disabled by config)
[02:39:57.076 V] Language file "l10n/Interface/gmst.yaml" is enabled
[02:39:57.076 V] Language file "l10n/Interface/en.yaml" is enabled
[02:39:57.085 V] Language file "l10n/OMWEngine/gmst.yaml" is enabled
[02:39:57.086 V] Language file "l10n/OMWEngine/en.yaml" is enabled
[02:39:57.096 V] Language file "l10n/OMWShaders/en.yaml" is enabled
[02:39:57.104 V] Language file "l10n/OMWCamera/en.yaml" is enabled
[02:39:57.105 V] Language file "l10n/OMWControls/en.yaml" is enabled
[02:39:57.106 V] Language file "l10n/interface/gmst.yaml" is enabled
[02:39:57.106 V] Language file "l10n/interface/en.yaml" is enabled
[02:39:57.106 V] Language file "l10n/Calendar/gmst.yaml" is enabled
[02:39:57.106 V] Language file "l10n/Calendar/en.yaml" is enabled
[02:39:57.106 V] Language file "l10n/OMWMusic/en.yaml" is enabled
[02:39:57.107 I] OSG stats will be written to: <project>/harness/results/20260906-0216-85eda9729-m4-compat/ui-r3-stats.txt
[02:39:57.112 I] Starting a new game
[02:39:57.115 V] Language file "l10n/Mechanics/gmst.yaml" is enabled
[02:39:57.116 E] Error loading splash/splash_nixhound.tga: no readerwriter for 'tga' found
[02:39:57.118 I] Changing to interior
[02:39:57.119 I] Loading cell Balmora, Guild of Mages
[02:39:57.180 V] Language file "l10n/OMWCombat/en.yaml" is enabled
[02:39:57.222 I] Global[scripts/bench/global.lua]:	BENCH station=ui startcell="balmora, guild of mages" frame=1
[02:39:57.264 V] Controller R2_Claw02 present more than once in meshes/r/xsiltstrider.kf, ignoring later version
[02:39:57.270 I] L@0x1[scripts/bench/player.lua]:	BENCH camera station=ui yaw=0 pitch=0
[02:39:57.341 I] Global[scripts/bench/global.lua]:	BENCH station=ui ready frame=40 simtime=0.09
[02:40:50.605 I] Saving shader settings file: <project>/harness/results/20260906-0216-85eda9729-m4-compat/overlay/shaders.yaml
[02:40:50.606 I] Saving Lua storage "<project>/harness/results/20260906-0216-85eda9729-m4-compat/overlay/global_storage.bin" (140 bytes)
[02:40:50.606 I] Saving Lua storage "<project>/harness/results/20260906-0216-85eda9729-m4-compat/overlay/player_storage.bin" (878 bytes)
[02:40:50.634 I] Saved input bindings: <project>/harness/results/20260906-0216-85eda9729-m4-compat/overlay/input_v3.xml
[02:40:50.654 I] Quitting peacefully.
