[02:39:00.315 *] Crash handler installed
[02:39:00.378 *] Loading config file: <project>/openmw/build/OpenMW.app/Contents/Resources/openmw.cfg
[02:39:00.379 *] Loading config file: <project>/harness/config/openmw.cfg
[02:39:00.379 *] Loading config file: <project>/harness/results/20260906-0216-85eda9729-m4-compat/overlay/openmw.cfg
[02:39:00.380 *] Logs dir: <project>/harness/results/20260906-0216-85eda9729-m4-compat/overlay
[02:39:00.380 *] User data dir: <project>/harness/userdata
[02:39:00.380 *] Screenshots dir: <project>/harness/userdata/screenshots
[02:39:00.380 I] OpenMW version 0.52.0
[02:39:00.380 I] Revision: adc79c9835
[02:39:00.380 I] Loading settings file: <project>/openmw/build/OpenMW.app/Contents/Resources/defaults.bin
[02:39:00.380 I] Loading settings file: <project>/harness/config/settings.cfg
[02:39:00.381 I] Using default (English) font encoding.
[02:39:00.381 W] No such dir: <home>/Library/Application Support/openmw/data
[02:39:00.381 I] OSG version: 3.6.5
[02:39:00.381 I] SDL version: 2.32.10
[02:39:00.381 I] Loading shader settings file: <project>/harness/results/20260906-0216-85eda9729-m4-compat/overlay/shaders.yaml
[02:39:00.400 E] Error: Failed to read window icon, no png readerwriter found
[02:39:00.424 I] OpenGL Vendor: Apple
[02:39:00.424 I] OpenGL Renderer: Apple M5 Pro
[02:39:00.424 I] OpenGL Version: 2.1 Metal - 90.5
[02:39:00.424 W] GL_ARB_clip_control not supported: disabling reverse-z depth buffer
[02:39:00.424 I] Adding BSA archive <project>/Morrowind/Data Files/Morrowind.bsa
[02:39:00.426 I] Adding BSA archive <project>/Morrowind/Data Files/Tribunal.bsa
[02:39:00.426 I] Adding BSA archive <project>/Morrowind/Data Files/Bloodmoon.bsa
[02:39:00.426 I] Adding data directory <project>/openmw/build/OpenMW.app/Contents/Resources/../Resources/resources/vfs
[02:39:00.427 I] Adding data directory <project>/openmw/build/OpenMW.app/Contents/Resources/../Resources/resources/vfs-mw
[02:39:00.427 I] Adding data directory <project>/Morrowind/Data Files
[02:39:00.444 I] Adding data directory <project>/harness/mod
[02:39:00.448 I] Preferred locales: gmst en
[02:39:00.448 I] Initializing LuaUtil::LuaState without profiler
[02:39:00.448 I] Lua version: Lua 5.1.4 (LuaJIT 2.1.1767980792)
[02:39:00.448 I] Loading keybindings file: <project>/harness/results/20260906-0216-85eda9729-m4-compat/overlay/input_v3.xml
[02:39:00.449 I] Loading TrueType font file fonts/mysticcards.omwfont
[02:39:00.451 I] Loading TrueType font file fonts/demonicletters.omwfont
[02:39:00.452 I] Loading TrueType font file fonts/dejavulgcsansmono.omwfont
[02:39:00.461 I] Sound disabled.
[02:39:00.462 I] Loading Lua storage "<project>/harness/results/20260906-0216-85eda9729-m4-compat/overlay/global_storage.bin" (140 bytes)
[02:39:00.462 I] Loading Lua storage "<project>/harness/results/20260906-0216-85eda9729-m4-compat/overlay/player_storage.bin" (878 bytes)
[02:39:00.464 I] Loading content file builtin.omwscripts
[02:39:00.464 I] Loading content file Morrowind.esm
[02:39:00.464 E] Error loading splash/splash_spherecenturion.tga: no readerwriter for 'tga' found
[02:39:00.617 I] Loading content file Tribunal.esm
[02:39:00.637 I] Loading content file Bloodmoon.esm
[02:39:00.663 I] Loading content file bench.omwscripts
[02:39:00.663 V] Lua scripts configuration (45 scripts):
[02:39:00.663 V] #0 MENU PLAYER : scripts/omw/mwui/init.lua
[02:39:00.663 V] #1 MENU : scripts/omw/settings/menu.lua
[02:39:00.663 V] #2 PLAYER : scripts/omw/settings/player.lua
[02:39:00.663 V] #3 GLOBAL : scripts/omw/settings/global.lua
[02:39:00.663 V] #4 GLOBAL : scripts/omw/activationhandlers.lua
[02:39:00.663 V] #5 GLOBAL : scripts/omw/usehandlers.lua
[02:39:00.663 V] #6 GLOBAL : scripts/omw/worldeventhandlers.lua
[02:39:00.663 V] #7 GLOBAL : scripts/omw/crimes.lua
[02:39:00.663 V] #8 PLAYER CREATURE NPC : scripts/omw/mechanics/animationcontroller.lua
[02:39:00.663 V] #9 PLAYER : scripts/omw/skillhandlers.lua
[02:39:00.663 V] #10 PLAYER : scripts/omw/mechanics/playercontroller.lua
[02:39:00.663 V] #11 MENU : scripts/omw/camera/settings.lua
[02:39:00.663 V] #12 MENU : scripts/omw/input/settings.lua
[02:39:00.663 V] #13 PLAYER : scripts/omw/input/playercontrols.lua
[02:39:00.663 V] #14 PLAYER : scripts/omw/camera/camera.lua
[02:39:00.663 V] #15 PLAYER : scripts/omw/input/actionbindings.lua
[02:39:00.663 V] #16 PLAYER : scripts/omw/input/smoothmovement.lua
[02:39:00.663 V] #17 PLAYER : scripts/omw/input/gamepadcontrols.lua
[02:39:00.663 V] #18 NPC CREATURE : scripts/omw/ai.lua
[02:39:00.663 V] #19 GLOBAL : scripts/omw/mechanics/globalcontroller.lua
[02:39:00.663 V] #20 PLAYER CREATURE NPC : scripts/omw/mechanics/actorcontroller.lua
[02:39:00.663 V] #21 PLAYER NPC CREATURE : scripts/omw/combat/interface_local.lua
[02:39:00.663 V] #22 GLOBAL : scripts/omw/combat/interface_global.lua
[02:39:00.663 V] #23 PLAYER CREATURE NPC : scripts/omw/spellcasting/interface_local.lua
[02:39:00.663 V] #24 GLOBAL : scripts/omw/spellcasting/interface_global.lua
[02:39:00.663 V] #25 GLOBAL : scripts/omw/mechanics/projectiles.lua
[02:39:00.663 V] #26 PLAYER : scripts/omw/ui.lua
[02:39:00.663 V] #27 MENU : scripts/omw/console/menu.lua
[02:39:00.663 V] #28 PLAYER : scripts/omw/console/player.lua
[02:39:00.663 V] #29 GLOBAL : scripts/omw/console/global.lua
[02:39:00.663 V] #30 CUSTOM : scripts/omw/console/local.lua
[02:39:00.663 V] #31 NPC CREATURE : scripts/omw/music/actor.lua
[02:39:00.663 V] #32 GLOBAL : scripts/omw/cellhandlers.lua
[02:39:00.663 V] #33 GLOBAL : scripts/omw/combat/global.lua
[02:39:00.663 V] #34 PLAYER : scripts/omw/combat/settingspage.lua
[02:39:00.663 V] #35 PLAYER NPC CREATURE : scripts/omw/combat/local.lua
[02:39:00.663 V] #36 PLAYER : scripts/omw/music/music.lua
[02:39:00.663 V] #37 MENU : scripts/omw/music/settings.lua
[02:39:00.663 V] #38 PLAYER : scripts/omw/playerskillhandlers.lua
[02:39:00.663 V] #39 LOAD : scripts/omw/esmfallbacks.lua
[02:39:00.663 V] #40 PLAYER CREATURE NPC : scripts/omw/spellcasting/local.lua
[02:39:00.663 V] #41 DOOR CONTAINER : scripts/omw/spellcasting/lockable.lua
[02:39:00.663 V] #42 GLOBAL : scripts/omw/spellcasting/global.lua
[02:39:00.663 V] #43 GLOBAL : scripts/bench/global.lua
[02:39:00.663 V] #44 PLAYER : scripts/bench/player.lua
[02:39:00.674 V] Enchantment "test magic axe": dropping unexpected skill argument of "FortifyMaximumMagicka" effect
[02:39:00.749 I] Using 1 async physics threads
[02:39:00.749 I] Using <project>/harness/userdata/navmesh.db to store navigation mesh cache
[02:39:00.749 V] Using idle priority for thread=0x16df13000
[02:39:00.749 I] Reserving texture units for shadow maps: 13..15
[02:39:00.750 I] Reserving texture unit for opaque depth texture: 12
[02:39:00.750 I] Reserving texture unit for opaque color texture: 11
[02:39:00.751 V] Disabling Multiview (disabled by config)
[02:39:00.754 V] Language file "l10n/Interface/gmst.yaml" is enabled
[02:39:00.754 V] Language file "l10n/Interface/en.yaml" is enabled
[02:39:00.763 V] Language file "l10n/OMWEngine/gmst.yaml" is enabled
[02:39:00.763 V] Language file "l10n/OMWEngine/en.yaml" is enabled
[02:39:00.773 V] Language file "l10n/OMWShaders/en.yaml" is enabled
[02:39:00.780 V] Language file "l10n/OMWCamera/en.yaml" is enabled
[02:39:00.782 V] Language file "l10n/OMWControls/en.yaml" is enabled
[02:39:00.782 V] Language file "l10n/interface/gmst.yaml" is enabled
[02:39:00.782 V] Language file "l10n/interface/en.yaml" is enabled
[02:39:00.782 V] Language file "l10n/Calendar/gmst.yaml" is enabled
[02:39:00.783 V] Language file "l10n/Calendar/en.yaml" is enabled
[02:39:00.783 V] Language file "l10n/OMWMusic/en.yaml" is enabled
[02:39:00.783 I] OSG stats will be written to: <project>/harness/results/20260906-0216-85eda9729-m4-compat/ui-r2-stats.txt
[02:39:00.788 I] Starting a new game
[02:39:00.790 V] Language file "l10n/Mechanics/gmst.yaml" is enabled
[02:39:00.791 E] Error loading splash/splash_daedroth.tga: no readerwriter for 'tga' found
[02:39:00.793 I] Changing to interior
[02:39:00.794 I] Loading cell Balmora, Guild of Mages
[02:39:00.855 V] Language file "l10n/OMWCombat/en.yaml" is enabled
[02:39:00.897 I] Global[scripts/bench/global.lua]:	BENCH station=ui startcell="balmora, guild of mages" frame=1
[02:39:00.935 V] Controller R2_Claw02 present more than once in meshes/r/xsiltstrider.kf, ignoring later version
[02:39:00.944 I] L@0x1[scripts/bench/player.lua]:	BENCH camera station=ui yaw=0 pitch=0
[02:39:01.017 I] Global[scripts/bench/global.lua]:	BENCH station=ui ready frame=40 simtime=0.09
[02:39:54.305 I] Saving shader settings file: <project>/harness/results/20260906-0216-85eda9729-m4-compat/overlay/shaders.yaml
[02:39:54.306 I] Saving Lua storage "<project>/harness/results/20260906-0216-85eda9729-m4-compat/overlay/global_storage.bin" (140 bytes)
[02:39:54.306 I] Saving Lua storage "<project>/harness/results/20260906-0216-85eda9729-m4-compat/overlay/player_storage.bin" (878 bytes)
[02:39:54.333 I] Saved input bindings: <project>/harness/results/20260906-0216-85eda9729-m4-compat/overlay/input_v3.xml
[02:39:54.353 I] Quitting peacefully.
