[02:23:24.217 *] Crash handler installed
[02:23:24.290 *] Loading config file: <project>/openmw/build/OpenMW.app/Contents/Resources/openmw.cfg
[02:23:24.291 *] Loading config file: <project>/harness/config/openmw.cfg
[02:23:24.291 *] Loading config file: <project>/harness/results/20260906-0216-85eda9729-m4-compat/overlay/openmw.cfg
[02:23:24.292 *] Logs dir: <project>/harness/results/20260906-0216-85eda9729-m4-compat/overlay
[02:23:24.292 *] User data dir: <project>/harness/userdata
[02:23:24.292 *] Screenshots dir: <project>/harness/userdata/screenshots
[02:23:24.292 I] OpenMW version 0.52.0
[02:23:24.292 I] Revision: adc79c9835
[02:23:24.292 I] Loading settings file: <project>/openmw/build/OpenMW.app/Contents/Resources/defaults.bin
[02:23:24.292 I] Loading settings file: <project>/harness/config/settings.cfg
[02:23:24.293 I] Using default (English) font encoding.
[02:23:24.293 W] No such dir: <home>/Library/Application Support/openmw/data
[02:23:24.293 I] OSG version: 3.6.5
[02:23:24.293 I] SDL version: 2.32.10
[02:23:24.293 I] Loading shader settings file: <project>/harness/results/20260906-0216-85eda9729-m4-compat/overlay/shaders.yaml
[02:23:24.313 E] Error: Failed to read window icon, no png readerwriter found
[02:23:24.342 I] OpenGL Vendor: Apple
[02:23:24.342 I] OpenGL Renderer: Apple M5 Pro
[02:23:24.342 I] OpenGL Version: 2.1 Metal - 90.5
[02:23:24.342 W] GL_ARB_clip_control not supported: disabling reverse-z depth buffer
[02:23:24.342 I] Adding BSA archive <project>/Morrowind/Data Files/Morrowind.bsa
[02:23:24.343 I] Adding BSA archive <project>/Morrowind/Data Files/Tribunal.bsa
[02:23:24.344 I] Adding BSA archive <project>/Morrowind/Data Files/Bloodmoon.bsa
[02:23:24.344 I] Adding data directory <project>/openmw/build/OpenMW.app/Contents/Resources/../Resources/resources/vfs
[02:23:24.344 I] Adding data directory <project>/openmw/build/OpenMW.app/Contents/Resources/../Resources/resources/vfs-mw
[02:23:24.345 I] Adding data directory <project>/Morrowind/Data Files
[02:23:24.359 I] Adding data directory <project>/harness/mod
[02:23:24.364 I] Preferred locales: gmst en
[02:23:24.364 I] Initializing LuaUtil::LuaState without profiler
[02:23:24.364 I] Lua version: Lua 5.1.4 (LuaJIT 2.1.1767980792)
[02:23:24.364 I] Loading keybindings file: <project>/harness/results/20260906-0216-85eda9729-m4-compat/overlay/input_v3.xml
[02:23:24.365 I] Loading TrueType font file fonts/mysticcards.omwfont
[02:23:24.367 I] Loading TrueType font file fonts/demonicletters.omwfont
[02:23:24.368 I] Loading TrueType font file fonts/dejavulgcsansmono.omwfont
[02:23:24.377 I] Sound disabled.
[02:23:24.377 I] Loading Lua storage "<project>/harness/results/20260906-0216-85eda9729-m4-compat/overlay/global_storage.bin" (140 bytes)
[02:23:24.377 I] Loading Lua storage "<project>/harness/results/20260906-0216-85eda9729-m4-compat/overlay/player_storage.bin" (878 bytes)
[02:23:24.380 I] Loading content file builtin.omwscripts
[02:23:24.380 I] Loading content file Morrowind.esm
[02:23:24.380 E] Error loading splash/splash_netch.tga: no readerwriter for 'tga' found
[02:23:24.536 I] Loading content file Tribunal.esm
[02:23:24.556 I] Loading content file Bloodmoon.esm
[02:23:24.581 I] Loading content file bench.omwscripts
[02:23:24.581 V] Lua scripts configuration (45 scripts):
[02:23:24.581 V] #0 MENU PLAYER : scripts/omw/mwui/init.lua
[02:23:24.581 V] #1 MENU : scripts/omw/settings/menu.lua
[02:23:24.581 V] #2 PLAYER : scripts/omw/settings/player.lua
[02:23:24.581 V] #3 GLOBAL : scripts/omw/settings/global.lua
[02:23:24.581 V] #4 GLOBAL : scripts/omw/activationhandlers.lua
[02:23:24.581 V] #5 GLOBAL : scripts/omw/usehandlers.lua
[02:23:24.581 V] #6 GLOBAL : scripts/omw/worldeventhandlers.lua
[02:23:24.581 V] #7 GLOBAL : scripts/omw/crimes.lua
[02:23:24.581 V] #8 PLAYER CREATURE NPC : scripts/omw/mechanics/animationcontroller.lua
[02:23:24.581 V] #9 PLAYER : scripts/omw/skillhandlers.lua
[02:23:24.581 V] #10 PLAYER : scripts/omw/mechanics/playercontroller.lua
[02:23:24.581 V] #11 MENU : scripts/omw/camera/settings.lua
[02:23:24.581 V] #12 MENU : scripts/omw/input/settings.lua
[02:23:24.581 V] #13 PLAYER : scripts/omw/input/playercontrols.lua
[02:23:24.581 V] #14 PLAYER : scripts/omw/camera/camera.lua
[02:23:24.581 V] #15 PLAYER : scripts/omw/input/actionbindings.lua
[02:23:24.581 V] #16 PLAYER : scripts/omw/input/smoothmovement.lua
[02:23:24.581 V] #17 PLAYER : scripts/omw/input/gamepadcontrols.lua
[02:23:24.581 V] #18 NPC CREATURE : scripts/omw/ai.lua
[02:23:24.581 V] #19 GLOBAL : scripts/omw/mechanics/globalcontroller.lua
[02:23:24.581 V] #20 PLAYER CREATURE NPC : scripts/omw/mechanics/actorcontroller.lua
[02:23:24.581 V] #21 PLAYER NPC CREATURE : scripts/omw/combat/interface_local.lua
[02:23:24.581 V] #22 GLOBAL : scripts/omw/combat/interface_global.lua
[02:23:24.581 V] #23 PLAYER CREATURE NPC : scripts/omw/spellcasting/interface_local.lua
[02:23:24.581 V] #24 GLOBAL : scripts/omw/spellcasting/interface_global.lua
[02:23:24.581 V] #25 GLOBAL : scripts/omw/mechanics/projectiles.lua
[02:23:24.581 V] #26 PLAYER : scripts/omw/ui.lua
[02:23:24.581 V] #27 MENU : scripts/omw/console/menu.lua
[02:23:24.581 V] #28 PLAYER : scripts/omw/console/player.lua
[02:23:24.581 V] #29 GLOBAL : scripts/omw/console/global.lua
[02:23:24.581 V] #30 CUSTOM : scripts/omw/console/local.lua
[02:23:24.581 V] #31 NPC CREATURE : scripts/omw/music/actor.lua
[02:23:24.581 V] #32 GLOBAL : scripts/omw/cellhandlers.lua
[02:23:24.581 V] #33 GLOBAL : scripts/omw/combat/global.lua
[02:23:24.581 V] #34 PLAYER : scripts/omw/combat/settingspage.lua
[02:23:24.581 V] #35 PLAYER NPC CREATURE : scripts/omw/combat/local.lua
[02:23:24.582 V] #36 PLAYER : scripts/omw/music/music.lua
[02:23:24.582 V] #37 MENU : scripts/omw/music/settings.lua
[02:23:24.582 V] #38 PLAYER : scripts/omw/playerskillhandlers.lua
[02:23:24.582 V] #39 LOAD : scripts/omw/esmfallbacks.lua
[02:23:24.582 V] #40 PLAYER CREATURE NPC : scripts/omw/spellcasting/local.lua
[02:23:24.582 V] #41 DOOR CONTAINER : scripts/omw/spellcasting/lockable.lua
[02:23:24.582 V] #42 GLOBAL : scripts/omw/spellcasting/global.lua
[02:23:24.582 V] #43 GLOBAL : scripts/bench/global.lua
[02:23:24.582 V] #44 PLAYER : scripts/bench/player.lua
[02:23:24.592 V] Enchantment "test magic axe": dropping unexpected skill argument of "FortifyMaximumMagicka" effect
[02:23:24.665 I] Using 1 async physics threads
[02:23:24.665 I] Using <project>/harness/userdata/navmesh.db to store navigation mesh cache
[02:23:24.666 V] Using idle priority for thread=0x16dccf000
[02:23:24.666 I] Reserving texture units for shadow maps: 13..15
[02:23:24.667 I] Reserving texture unit for opaque depth texture: 12
[02:23:24.667 I] Reserving texture unit for opaque color texture: 11
[02:23:24.667 V] Disabling Multiview (disabled by config)
[02:23:24.670 V] Language file "l10n/Interface/gmst.yaml" is enabled
[02:23:24.671 V] Language file "l10n/Interface/en.yaml" is enabled
[02:23:24.679 V] Language file "l10n/OMWEngine/gmst.yaml" is enabled
[02:23:24.680 V] Language file "l10n/OMWEngine/en.yaml" is enabled
[02:23:24.690 V] Language file "l10n/OMWShaders/en.yaml" is enabled
[02:23:24.698 V] Language file "l10n/OMWCamera/en.yaml" is enabled
[02:23:24.699 V] Language file "l10n/OMWControls/en.yaml" is enabled
[02:23:24.699 V] Language file "l10n/interface/gmst.yaml" is enabled
[02:23:24.699 V] Language file "l10n/interface/en.yaml" is enabled
[02:23:24.700 V] Language file "l10n/Calendar/gmst.yaml" is enabled
[02:23:24.700 V] Language file "l10n/Calendar/en.yaml" is enabled
[02:23:24.700 V] Language file "l10n/OMWMusic/en.yaml" is enabled
[02:23:24.700 I] OSG stats will be written to: <project>/harness/results/20260906-0216-85eda9729-m4-compat/vivec-r3-stats.txt
[02:23:24.705 I] Starting a new game
[02:23:24.707 V] Language file "l10n/Mechanics/gmst.yaml" is enabled
[02:23:24.708 E] Error loading splash/splash_daedroth.tga: no readerwriter for 'tga' found
[02:23:24.731 E] Error loading splash/splash_nixhound.tga: no readerwriter for 'tga' found
[02:23:24.731 I] Loading cell Vivec, Arena (4, -11)
[02:23:24.748 I] Loading cell Vivec, Redoran (3, -11)
[02:23:24.753 I] Loading cell Vivec, Foreign Quarter (4, -10)
[02:23:24.771 I] Loading cell Vivec, St. Olms (4, -12)
[02:23:24.775 I] Loading cell Vivec, Telvanni (5, -11)
[02:23:24.778 I] Loading cell Vivec, Foreign Quarter (3, -10)
[02:23:24.785 I] Loading cell Vivec, St. Delyn (3, -12)
[02:23:24.789 I] Loading cell Vivec (5, -10)
[02:23:24.799 I] Loading cell Ascadian Isles Region (5, -12)
[02:23:24.806 V] Language file "l10n/OMWCombat/en.yaml" is enabled
[02:23:24.830 I] Global[scripts/bench/global.lua]:	BENCH station=vivec startcell="vivec, arena" frame=1
[02:23:24.921 I] L@0x1[scripts/bench/player.lua]:	BENCH camera station=vivec yaw=180 pitch=12
[02:23:25.223 I] Global[scripts/bench/global.lua]:	BENCH station=vivec ready frame=40 simtime=0.41
[02:24:18.201 I] Saving shader settings file: <project>/harness/results/20260906-0216-85eda9729-m4-compat/overlay/shaders.yaml
[02:24:18.202 I] Saving Lua storage "<project>/harness/results/20260906-0216-85eda9729-m4-compat/overlay/global_storage.bin" (140 bytes)
[02:24:18.202 I] Saving Lua storage "<project>/harness/results/20260906-0216-85eda9729-m4-compat/overlay/player_storage.bin" (878 bytes)
[02:24:18.238 I] Saved input bindings: <project>/harness/results/20260906-0216-85eda9729-m4-compat/overlay/input_v3.xml
[02:24:18.256 I] Quitting peacefully.
