[02:22:29.728 *] Crash handler installed
[02:22:29.806 *] Loading config file: <project>/openmw/build/OpenMW.app/Contents/Resources/openmw.cfg
[02:22:29.807 *] Loading config file: <project>/harness/config/openmw.cfg
[02:22:29.807 *] Loading config file: <project>/harness/results/20260906-0216-85eda9729-m4-compat/overlay/openmw.cfg
[02:22:29.808 *] Logs dir: <project>/harness/results/20260906-0216-85eda9729-m4-compat/overlay
[02:22:29.808 *] User data dir: <project>/harness/userdata
[02:22:29.808 *] Screenshots dir: <project>/harness/userdata/screenshots
[02:22:29.808 I] OpenMW version 0.52.0
[02:22:29.808 I] Revision: adc79c9835
[02:22:29.808 I] Loading settings file: <project>/openmw/build/OpenMW.app/Contents/Resources/defaults.bin
[02:22:29.808 I] Loading settings file: <project>/harness/config/settings.cfg
[02:22:29.809 I] Using default (English) font encoding.
[02:22:29.809 W] No such dir: <home>/Library/Application Support/openmw/data
[02:22:29.809 I] OSG version: 3.6.5
[02:22:29.809 I] SDL version: 2.32.10
[02:22:29.809 I] Loading shader settings file: <project>/harness/results/20260906-0216-85eda9729-m4-compat/overlay/shaders.yaml
[02:22:29.827 E] Error: Failed to read window icon, no png readerwriter found
[02:22:29.851 I] OpenGL Vendor: Apple
[02:22:29.851 I] OpenGL Renderer: Apple M5 Pro
[02:22:29.851 I] OpenGL Version: 2.1 Metal - 90.5
[02:22:29.851 W] GL_ARB_clip_control not supported: disabling reverse-z depth buffer
[02:22:29.851 I] Adding BSA archive <project>/Morrowind/Data Files/Morrowind.bsa
[02:22:29.852 I] Adding BSA archive <project>/Morrowind/Data Files/Tribunal.bsa
[02:22:29.852 I] Adding BSA archive <project>/Morrowind/Data Files/Bloodmoon.bsa
[02:22:29.853 I] Adding data directory <project>/openmw/build/OpenMW.app/Contents/Resources/../Resources/resources/vfs
[02:22:29.853 I] Adding data directory <project>/openmw/build/OpenMW.app/Contents/Resources/../Resources/resources/vfs-mw
[02:22:29.853 I] Adding data directory <project>/Morrowind/Data Files
[02:22:29.868 I] Adding data directory <project>/harness/mod
[02:22:29.873 I] Preferred locales: gmst en
[02:22:29.873 I] Initializing LuaUtil::LuaState without profiler
[02:22:29.873 I] Lua version: Lua 5.1.4 (LuaJIT 2.1.1767980792)
[02:22:29.873 I] Loading keybindings file: <project>/harness/results/20260906-0216-85eda9729-m4-compat/overlay/input_v3.xml
[02:22:29.873 I] Loading TrueType font file fonts/mysticcards.omwfont
[02:22:29.876 I] Loading TrueType font file fonts/demonicletters.omwfont
[02:22:29.877 I] Loading TrueType font file fonts/dejavulgcsansmono.omwfont
[02:22:29.888 I] Sound disabled.
[02:22:29.889 I] Loading Lua storage "<project>/harness/results/20260906-0216-85eda9729-m4-compat/overlay/global_storage.bin" (140 bytes)
[02:22:29.889 I] Loading Lua storage "<project>/harness/results/20260906-0216-85eda9729-m4-compat/overlay/player_storage.bin" (878 bytes)
[02:22:29.892 I] Loading content file builtin.omwscripts
[02:22:29.892 E] Error loading splash/splash_clanndaddy.tga: no readerwriter for 'tga' found
[02:22:29.892 I] Loading content file Morrowind.esm
[02:22:30.048 I] Loading content file Tribunal.esm
[02:22:30.068 I] Loading content file Bloodmoon.esm
[02:22:30.095 I] Loading content file bench.omwscripts
[02:22:30.096 V] Lua scripts configuration (45 scripts):
[02:22:30.096 V] #0 MENU PLAYER : scripts/omw/mwui/init.lua
[02:22:30.096 V] #1 MENU : scripts/omw/settings/menu.lua
[02:22:30.096 V] #2 PLAYER : scripts/omw/settings/player.lua
[02:22:30.096 V] #3 GLOBAL : scripts/omw/settings/global.lua
[02:22:30.096 V] #4 GLOBAL : scripts/omw/activationhandlers.lua
[02:22:30.096 V] #5 GLOBAL : scripts/omw/usehandlers.lua
[02:22:30.096 V] #6 GLOBAL : scripts/omw/worldeventhandlers.lua
[02:22:30.096 V] #7 GLOBAL : scripts/omw/crimes.lua
[02:22:30.096 V] #8 PLAYER CREATURE NPC : scripts/omw/mechanics/animationcontroller.lua
[02:22:30.096 V] #9 PLAYER : scripts/omw/skillhandlers.lua
[02:22:30.096 V] #10 PLAYER : scripts/omw/mechanics/playercontroller.lua
[02:22:30.096 V] #11 MENU : scripts/omw/camera/settings.lua
[02:22:30.096 V] #12 MENU : scripts/omw/input/settings.lua
[02:22:30.096 V] #13 PLAYER : scripts/omw/input/playercontrols.lua
[02:22:30.096 V] #14 PLAYER : scripts/omw/camera/camera.lua
[02:22:30.096 V] #15 PLAYER : scripts/omw/input/actionbindings.lua
[02:22:30.096 V] #16 PLAYER : scripts/omw/input/smoothmovement.lua
[02:22:30.096 V] #17 PLAYER : scripts/omw/input/gamepadcontrols.lua
[02:22:30.096 V] #18 NPC CREATURE : scripts/omw/ai.lua
[02:22:30.096 V] #19 GLOBAL : scripts/omw/mechanics/globalcontroller.lua
[02:22:30.096 V] #20 PLAYER CREATURE NPC : scripts/omw/mechanics/actorcontroller.lua
[02:22:30.096 V] #21 PLAYER NPC CREATURE : scripts/omw/combat/interface_local.lua
[02:22:30.096 V] #22 GLOBAL : scripts/omw/combat/interface_global.lua
[02:22:30.096 V] #23 PLAYER CREATURE NPC : scripts/omw/spellcasting/interface_local.lua
[02:22:30.096 V] #24 GLOBAL : scripts/omw/spellcasting/interface_global.lua
[02:22:30.096 V] #25 GLOBAL : scripts/omw/mechanics/projectiles.lua
[02:22:30.096 V] #26 PLAYER : scripts/omw/ui.lua
[02:22:30.096 V] #27 MENU : scripts/omw/console/menu.lua
[02:22:30.096 V] #28 PLAYER : scripts/omw/console/player.lua
[02:22:30.096 V] #29 GLOBAL : scripts/omw/console/global.lua
[02:22:30.096 V] #30 CUSTOM : scripts/omw/console/local.lua
[02:22:30.096 V] #31 NPC CREATURE : scripts/omw/music/actor.lua
[02:22:30.096 V] #32 GLOBAL : scripts/omw/cellhandlers.lua
[02:22:30.096 V] #33 GLOBAL : scripts/omw/combat/global.lua
[02:22:30.096 V] #34 PLAYER : scripts/omw/combat/settingspage.lua
[02:22:30.096 V] #35 PLAYER NPC CREATURE : scripts/omw/combat/local.lua
[02:22:30.096 V] #36 PLAYER : scripts/omw/music/music.lua
[02:22:30.096 V] #37 MENU : scripts/omw/music/settings.lua
[02:22:30.096 V] #38 PLAYER : scripts/omw/playerskillhandlers.lua
[02:22:30.096 V] #39 LOAD : scripts/omw/esmfallbacks.lua
[02:22:30.096 V] #40 PLAYER CREATURE NPC : scripts/omw/spellcasting/local.lua
[02:22:30.096 V] #41 DOOR CONTAINER : scripts/omw/spellcasting/lockable.lua
[02:22:30.096 V] #42 GLOBAL : scripts/omw/spellcasting/global.lua
[02:22:30.096 V] #43 GLOBAL : scripts/bench/global.lua
[02:22:30.096 V] #44 PLAYER : scripts/bench/player.lua
[02:22:30.106 V] Enchantment "test magic axe": dropping unexpected skill argument of "FortifyMaximumMagicka" effect
[02:22:30.179 I] Using 1 async physics threads
[02:22:30.179 I] Using <project>/harness/userdata/navmesh.db to store navigation mesh cache
[02:22:30.179 V] Using idle priority for thread=0x16fc97000
[02:22:30.179 I] Reserving texture units for shadow maps: 13..15
[02:22:30.181 I] Reserving texture unit for opaque depth texture: 12
[02:22:30.181 I] Reserving texture unit for opaque color texture: 11
[02:22:30.181 V] Disabling Multiview (disabled by config)
[02:22:30.184 V] Language file "l10n/Interface/gmst.yaml" is enabled
[02:22:30.184 V] Language file "l10n/Interface/en.yaml" is enabled
[02:22:30.193 V] Language file "l10n/OMWEngine/gmst.yaml" is enabled
[02:22:30.194 V] Language file "l10n/OMWEngine/en.yaml" is enabled
[02:22:30.203 V] Language file "l10n/OMWShaders/en.yaml" is enabled
[02:22:30.211 V] Language file "l10n/OMWCamera/en.yaml" is enabled
[02:22:30.212 V] Language file "l10n/OMWControls/en.yaml" is enabled
[02:22:30.212 V] Language file "l10n/interface/gmst.yaml" is enabled
[02:22:30.212 V] Language file "l10n/interface/en.yaml" is enabled
[02:22:30.213 V] Language file "l10n/Calendar/gmst.yaml" is enabled
[02:22:30.213 V] Language file "l10n/Calendar/en.yaml" is enabled
[02:22:30.213 V] Language file "l10n/OMWMusic/en.yaml" is enabled
[02:22:30.213 I] OSG stats will be written to: <project>/harness/results/20260906-0216-85eda9729-m4-compat/vivec-r2-stats.txt
[02:22:30.218 I] Starting a new game
[02:22:30.221 V] Language file "l10n/Mechanics/gmst.yaml" is enabled
[02:22:30.222 E] Error loading splash/splash_nixhound.tga: no readerwriter for 'tga' found
[02:22:30.246 E] Error loading splash/splash_bonelord.tga: no readerwriter for 'tga' found
[02:22:30.246 I] Loading cell Vivec, Arena (4, -11)
[02:22:30.261 I] Loading cell Vivec, Redoran (3, -11)
[02:22:30.267 I] Loading cell Vivec, Foreign Quarter (4, -10)
[02:22:30.281 I] Loading cell Vivec, St. Olms (4, -12)
[02:22:30.285 I] Loading cell Vivec, Telvanni (5, -11)
[02:22:30.288 I] Loading cell Vivec, Foreign Quarter (3, -10)
[02:22:30.295 I] Loading cell Vivec, St. Delyn (3, -12)
[02:22:30.298 I] Loading cell Vivec (5, -10)
[02:22:30.307 I] Loading cell Ascadian Isles Region (5, -12)
[02:22:30.315 V] Language file "l10n/OMWCombat/en.yaml" is enabled
[02:22:30.339 I] Global[scripts/bench/global.lua]:	BENCH station=vivec startcell="vivec, arena" frame=1
[02:22:30.422 I] L@0x1[scripts/bench/player.lua]:	BENCH camera station=vivec yaw=180 pitch=12
[02:22:30.706 I] Global[scripts/bench/global.lua]:	BENCH station=vivec ready frame=40 simtime=0.38
[02:23:23.726 I] Saving shader settings file: <project>/harness/results/20260906-0216-85eda9729-m4-compat/overlay/shaders.yaml
[02:23:23.727 I] Saving Lua storage "<project>/harness/results/20260906-0216-85eda9729-m4-compat/overlay/global_storage.bin" (140 bytes)
[02:23:23.727 I] Saving Lua storage "<project>/harness/results/20260906-0216-85eda9729-m4-compat/overlay/player_storage.bin" (878 bytes)
[02:23:23.759 I] Saved input bindings: <project>/harness/results/20260906-0216-85eda9729-m4-compat/overlay/input_v3.xml
[02:23:23.778 I] Quitting peacefully.
