[03:12:58.868 *] Crash handler installed
[03:12:58.940 *] Loading config file: <project>/openmw/build/OpenMW.app/Contents/Resources/openmw.cfg
[03:12:58.940 *] Loading config file: <project>/harness/config/openmw.cfg
[03:12:58.940 *] Loading config file: <project>/harness/results/20260906-0311-85eda9729-m4-heavy-core/overlay/openmw.cfg
[03:12:58.941 *] Logs dir: <project>/harness/results/20260906-0311-85eda9729-m4-heavy-core/overlay
[03:12:58.941 *] User data dir: <project>/harness/userdata
[03:12:58.941 *] Screenshots dir: <project>/harness/userdata/screenshots
[03:12:58.941 I] OpenMW version 0.52.0
[03:12:58.941 I] Revision: adc79c9835
[03:12:58.941 I] Loading settings file: <project>/openmw/build/OpenMW.app/Contents/Resources/defaults.bin
[03:12:58.941 I] Loading settings file: <project>/harness/config/settings.cfg
[03:12:58.941 I] Loading settings file: <project>/harness/results/20260906-0311-85eda9729-m4-heavy-core/overlay/settings.cfg
[03:12:58.942 W] int [Game] actors processing range setting value is out of allowed values set: 14336, sanitized to 7168
[03:12:58.942 I] Using default (English) font encoding.
[03:12:58.942 W] No such dir: <home>/Library/Application Support/openmw/data
[03:12:58.942 I] OSG version: 3.6.5
[03:12:58.942 I] SDL version: 2.32.10
[03:12:58.942 I] Loading shader settings file: <project>/harness/results/20260906-0311-85eda9729-m4-heavy-core/overlay/shaders.yaml
[03:12:58.960 E] Error: Failed to read window icon, no png readerwriter found
[03:12:58.960 W] Requesting OpenGL 4.1 core profile context
[03:12:58.982 I] OpenGL Vendor: Apple
[03:12:58.982 I] OpenGL Renderer: Apple M5 Pro
[03:12:58.982 I] OpenGL Version: 4.1 Metal - 90.5
[03:12:58.982 I] Core profile: granted 19 version-implied GL features on a GL 4.1 context
[03:12:58.982 I] Core profile: vertex attribute aliasing and matrix uniforms enabled, 26 fixed-function modes disabled
[03:12:58.982 W] GL_ARB_clip_control not supported: disabling reverse-z depth buffer
[03:12:58.982 I] Adding BSA archive <project>/Morrowind/Data Files/Morrowind.bsa
[03:12:58.983 I] Adding BSA archive <project>/Morrowind/Data Files/Tribunal.bsa
[03:12:58.983 I] Adding BSA archive <project>/Morrowind/Data Files/Bloodmoon.bsa
[03:12:58.984 I] Adding data directory <project>/openmw/build/OpenMW.app/Contents/Resources/../Resources/resources/vfs
[03:12:58.984 I] Adding data directory <project>/openmw/build/OpenMW.app/Contents/Resources/../Resources/resources/vfs-mw
[03:12:58.984 I] Adding data directory <project>/Morrowind/Data Files
[03:12:58.999 I] Adding data directory <project>/harness/mod
[03:12:59.004 I] Preferred locales: gmst en
[03:12:59.004 I] Initializing LuaUtil::LuaState without profiler
[03:12:59.004 I] Lua version: Lua 5.1.4 (LuaJIT 2.1.1767980792)
[03:12:59.004 I] Loading keybindings file: <project>/harness/results/20260906-0311-85eda9729-m4-heavy-core/overlay/input_v3.xml
[03:12:59.004 I] Loading TrueType font file fonts/mysticcards.omwfont
[03:12:59.007 I] Loading TrueType font file fonts/demonicletters.omwfont
[03:12:59.007 I] Loading TrueType font file fonts/dejavulgcsansmono.omwfont
[03:12:59.018 I] Sound disabled.
[03:12:59.018 I] Loading Lua storage "<project>/harness/results/20260906-0311-85eda9729-m4-heavy-core/overlay/global_storage.bin" (140 bytes)
[03:12:59.018 I] Loading Lua storage "<project>/harness/results/20260906-0311-85eda9729-m4-heavy-core/overlay/player_storage.bin" (878 bytes)
[03:12:59.021 I] Loading content file builtin.omwscripts
[03:12:59.021 I] Loading content file Morrowind.esm
[03:12:59.021 E] Error loading splash/splash_kwamawarrior.tga: no readerwriter for 'tga' found
[03:12:59.140 I] Loading content file Tribunal.esm
[03:12:59.158 I] Loading content file Bloodmoon.esm
[03:12:59.179 I] Loading content file bench.omwscripts
[03:12:59.180 V] Lua scripts configuration (45 scripts):
[03:12:59.180 V] #0 MENU PLAYER : scripts/omw/mwui/init.lua
[03:12:59.180 V] #1 MENU : scripts/omw/settings/menu.lua
[03:12:59.180 V] #2 PLAYER : scripts/omw/settings/player.lua
[03:12:59.180 V] #3 GLOBAL : scripts/omw/settings/global.lua
[03:12:59.180 V] #4 GLOBAL : scripts/omw/activationhandlers.lua
[03:12:59.180 V] #5 GLOBAL : scripts/omw/usehandlers.lua
[03:12:59.180 V] #6 GLOBAL : scripts/omw/worldeventhandlers.lua
[03:12:59.180 V] #7 GLOBAL : scripts/omw/crimes.lua
[03:12:59.180 V] #8 PLAYER CREATURE NPC : scripts/omw/mechanics/animationcontroller.lua
[03:12:59.180 V] #9 PLAYER : scripts/omw/skillhandlers.lua
[03:12:59.180 V] #10 PLAYER : scripts/omw/mechanics/playercontroller.lua
[03:12:59.180 V] #11 MENU : scripts/omw/camera/settings.lua
[03:12:59.180 V] #12 MENU : scripts/omw/input/settings.lua
[03:12:59.180 V] #13 PLAYER : scripts/omw/input/playercontrols.lua
[03:12:59.180 V] #14 PLAYER : scripts/omw/camera/camera.lua
[03:12:59.180 V] #15 PLAYER : scripts/omw/input/actionbindings.lua
[03:12:59.180 V] #16 PLAYER : scripts/omw/input/smoothmovement.lua
[03:12:59.180 V] #17 PLAYER : scripts/omw/input/gamepadcontrols.lua
[03:12:59.180 V] #18 NPC CREATURE : scripts/omw/ai.lua
[03:12:59.180 V] #19 GLOBAL : scripts/omw/mechanics/globalcontroller.lua
[03:12:59.180 V] #20 PLAYER CREATURE NPC : scripts/omw/mechanics/actorcontroller.lua
[03:12:59.180 V] #21 PLAYER NPC CREATURE : scripts/omw/combat/interface_local.lua
[03:12:59.180 V] #22 GLOBAL : scripts/omw/combat/interface_global.lua
[03:12:59.180 V] #23 PLAYER CREATURE NPC : scripts/omw/spellcasting/interface_local.lua
[03:12:59.180 V] #24 GLOBAL : scripts/omw/spellcasting/interface_global.lua
[03:12:59.180 V] #25 GLOBAL : scripts/omw/mechanics/projectiles.lua
[03:12:59.180 V] #26 PLAYER : scripts/omw/ui.lua
[03:12:59.180 V] #27 MENU : scripts/omw/console/menu.lua
[03:12:59.180 V] #28 PLAYER : scripts/omw/console/player.lua
[03:12:59.180 V] #29 GLOBAL : scripts/omw/console/global.lua
[03:12:59.180 V] #30 CUSTOM : scripts/omw/console/local.lua
[03:12:59.180 V] #31 NPC CREATURE : scripts/omw/music/actor.lua
[03:12:59.180 V] #32 GLOBAL : scripts/omw/cellhandlers.lua
[03:12:59.180 V] #33 GLOBAL : scripts/omw/combat/global.lua
[03:12:59.180 V] #34 PLAYER : scripts/omw/combat/settingspage.lua
[03:12:59.180 V] #35 PLAYER NPC CREATURE : scripts/omw/combat/local.lua
[03:12:59.180 V] #36 PLAYER : scripts/omw/music/music.lua
[03:12:59.180 V] #37 MENU : scripts/omw/music/settings.lua
[03:12:59.180 V] #38 PLAYER : scripts/omw/playerskillhandlers.lua
[03:12:59.180 V] #39 LOAD : scripts/omw/esmfallbacks.lua
[03:12:59.180 V] #40 PLAYER CREATURE NPC : scripts/omw/spellcasting/local.lua
[03:12:59.180 V] #41 DOOR CONTAINER : scripts/omw/spellcasting/lockable.lua
[03:12:59.180 V] #42 GLOBAL : scripts/omw/spellcasting/global.lua
[03:12:59.180 V] #43 GLOBAL : scripts/bench/global.lua
[03:12:59.180 V] #44 PLAYER : scripts/bench/player.lua
[03:12:59.190 V] Enchantment "test magic axe": dropping unexpected skill argument of "FortifyMaximumMagicka" effect
[03:12:59.258 I] Using 1 async physics threads
[03:12:59.258 I] Using <project>/harness/userdata/navmesh.db to store navigation mesh cache
[03:12:59.259 V] Using idle priority for thread=0x16f7bf000
[03:12:59.259 I] Reserving texture units for shadow maps: 13..15
[03:12:59.260 I] Reserving texture unit for opaque depth texture: 12
[03:12:59.260 I] Reserving texture unit for opaque color texture: 11
[03:12:59.260 V] Disabling Multiview (disabled by config)
[03:12:59.263 I] Initialized fallback fragment shader pipeline for water ripples
[03:12:59.264 E] Error loading textures/omw/water_nm.png: no readerwriter for 'png' found
[03:12:59.265 V] Language file "l10n/Interface/gmst.yaml" is enabled
[03:12:59.265 V] Language file "l10n/Interface/en.yaml" is enabled
[03:12:59.274 V] Language file "l10n/OMWEngine/gmst.yaml" is enabled
[03:12:59.274 V] Language file "l10n/OMWEngine/en.yaml" is enabled
[03:12:59.283 V] Language file "l10n/OMWShaders/en.yaml" is enabled
[03:12:59.289 V] Language file "l10n/OMWCamera/en.yaml" is enabled
[03:12:59.290 V] Language file "l10n/OMWControls/en.yaml" is enabled
[03:12:59.290 V] Language file "l10n/interface/gmst.yaml" is enabled
[03:12:59.291 V] Language file "l10n/interface/en.yaml" is enabled
[03:12:59.291 V] Language file "l10n/Calendar/gmst.yaml" is enabled
[03:12:59.291 V] Language file "l10n/Calendar/en.yaml" is enabled
[03:12:59.291 V] Language file "l10n/OMWMusic/en.yaml" is enabled
[03:12:59.291 I] OSG stats will be written to: <project>/harness/results/20260906-0311-85eda9729-m4-heavy-core/seyda-r3-stats.txt
[03:12:59.296 I] Starting a new game
[03:12:59.298 V] Language file "l10n/Mechanics/gmst.yaml" is enabled
[03:12:59.312 E] Error loading splash/splash_clannfear.tga: no readerwriter for 'tga' found
[03:12:59.509 E] Error loading splash/splash_netch.tga: no readerwriter for 'tga' found
[03:12:59.509 I] Loading cell Seyda Neen (-2, -9)
[03:12:59.512 V] Controller R2_Claw02 present more than once in meshes/r/xsiltstrider.kf, ignoring later version
[03:12:59.530 I] Loading cell Bitter Coast Region (-2, -8)
[03:12:59.534 I] Loading cell Bitter Coast Region (-1, -9)
[03:12:59.535 I] Loading cell Bitter Coast Region (-3, -9)
[03:12:59.544 I] Loading cell Seyda Neen (-2, -10)
[03:12:59.544 I] Warning: lookoutScript[local variables] line 41, column 37 (=): invalid operator =, treating it as ==
[03:12:59.546 I] Loading cell Ascadian Isles Region (-1, -8)
[03:12:59.553 I] Loading cell Bitter Coast Region (-3, -8)
[03:12:59.556 I] Loading cell Bitter Coast Region (-1, -10)
[03:12:59.556 I] Loading cell Bitter Coast Region (-3, -10)
[03:12:59.561 V] Language file "l10n/OMWCombat/en.yaml" is enabled
[03:12:59.574 I] AiTravel: -8914, -73093, 126
[03:12:59.574 I] Warning: lookoutScript line 41, column 37 (=): invalid operator =, treating it as ==
[03:12:59.574 I] Warning: fallingScript line 46, column 6 (endif): endif without matching if/elseif
[03:12:59.613 I] Global[scripts/bench/global.lua]:	BENCH station=seyda startcell="seyda neen" frame=1
[03:12:59.853 I] L@0x1[scripts/bench/player.lua]:	BENCH camera station=seyda yaw=160 pitch=4
[03:13:00.368 I] Global[scripts/bench/global.lua]:	BENCH station=seyda ready frame=40 simtime=0.79
[03:13:52.869 I] Saving shader settings file: <project>/harness/results/20260906-0311-85eda9729-m4-heavy-core/overlay/shaders.yaml
[03:13:52.869 I] Saving Lua storage "<project>/harness/results/20260906-0311-85eda9729-m4-heavy-core/overlay/global_storage.bin" (140 bytes)
[03:13:52.869 I] Saving Lua storage "<project>/harness/results/20260906-0311-85eda9729-m4-heavy-core/overlay/player_storage.bin" (878 bytes)
[03:13:52.912 I] Saved input bindings: <project>/harness/results/20260906-0311-85eda9729-m4-heavy-core/overlay/input_v3.xml
[03:13:52.971 I] Quitting peacefully.
