[02:49:58.886 *] Crash handler installed
[02:49:58.966 *] Loading config file: <project>/openmw/build/OpenMW.app/Contents/Resources/openmw.cfg
[02:49:58.967 *] Loading config file: <project>/harness/config/openmw.cfg
[02:49:58.967 *] Loading config file: <project>/harness/results/20260906-0240-85eda9729-m4-core/overlay/openmw.cfg
[02:49:58.967 *] Logs dir: <project>/harness/results/20260906-0240-85eda9729-m4-core/overlay
[02:49:58.967 *] User data dir: <project>/harness/userdata
[02:49:58.967 *] Screenshots dir: <project>/harness/userdata/screenshots
[02:49:58.968 I] OpenMW version 0.52.0
[02:49:58.968 I] Revision: adc79c9835
[02:49:58.968 I] Loading settings file: <project>/openmw/build/OpenMW.app/Contents/Resources/defaults.bin
[02:49:58.968 I] Loading settings file: <project>/harness/config/settings.cfg
[02:49:58.968 I] Loading settings file: <project>/harness/results/20260906-0240-85eda9729-m4-core/overlay/settings.cfg
[02:49:58.969 I] Using default (English) font encoding.
[02:49:58.969 W] No such dir: <home>/Library/Application Support/openmw/data
[02:49:58.969 I] OSG version: 3.6.5
[02:49:58.969 I] SDL version: 2.32.10
[02:49:58.969 I] Loading shader settings file: <project>/harness/results/20260906-0240-85eda9729-m4-core/overlay/shaders.yaml
[02:49:58.988 E] Error: Failed to read window icon, no png readerwriter found
[02:49:58.988 W] Requesting OpenGL 4.1 core profile context
[02:49:59.010 I] OpenGL Vendor: Apple
[02:49:59.010 I] OpenGL Renderer: Apple M5 Pro
[02:49:59.010 I] OpenGL Version: 4.1 Metal - 90.5
[02:49:59.010 I] Core profile: granted 19 version-implied GL features on a GL 4.1 context
[02:49:59.010 I] Core profile: vertex attribute aliasing and matrix uniforms enabled, 26 fixed-function modes disabled
[02:49:59.010 W] GL_ARB_clip_control not supported: disabling reverse-z depth buffer
[02:49:59.011 I] Adding BSA archive <project>/Morrowind/Data Files/Morrowind.bsa
[02:49:59.012 I] Adding BSA archive <project>/Morrowind/Data Files/Tribunal.bsa
[02:49:59.012 I] Adding BSA archive <project>/Morrowind/Data Files/Bloodmoon.bsa
[02:49:59.013 I] Adding data directory <project>/openmw/build/OpenMW.app/Contents/Resources/../Resources/resources/vfs
[02:49:59.013 I] Adding data directory <project>/openmw/build/OpenMW.app/Contents/Resources/../Resources/resources/vfs-mw
[02:49:59.013 I] Adding data directory <project>/Morrowind/Data Files
[02:49:59.028 I] Adding data directory <project>/harness/mod
[02:49:59.033 I] Preferred locales: gmst en
[02:49:59.033 I] Initializing LuaUtil::LuaState without profiler
[02:49:59.033 I] Lua version: Lua 5.1.4 (LuaJIT 2.1.1767980792)
[02:49:59.033 I] Loading keybindings file: <project>/harness/results/20260906-0240-85eda9729-m4-core/overlay/input_v3.xml
[02:49:59.033 I] Loading TrueType font file fonts/mysticcards.omwfont
[02:49:59.036 I] Loading TrueType font file fonts/demonicletters.omwfont
[02:49:59.037 I] Loading TrueType font file fonts/dejavulgcsansmono.omwfont
[02:49:59.046 I] Sound disabled.
[02:49:59.046 I] Loading Lua storage "<project>/harness/results/20260906-0240-85eda9729-m4-core/overlay/global_storage.bin" (140 bytes)
[02:49:59.046 I] Loading Lua storage "<project>/harness/results/20260906-0240-85eda9729-m4-core/overlay/player_storage.bin" (878 bytes)
[02:49:59.049 I] Loading content file builtin.omwscripts
[02:49:59.049 E] Error loading splash/splash_clannfear.tga: no readerwriter for 'tga' found
[02:49:59.049 I] Loading content file Morrowind.esm
[02:49:59.218 I] Loading content file Tribunal.esm
[02:49:59.237 I] Loading content file Bloodmoon.esm
[02:49:59.266 I] Loading content file bench.omwscripts
[02:49:59.266 V] Lua scripts configuration (45 scripts):
[02:49:59.266 V] #0 MENU PLAYER : scripts/omw/mwui/init.lua
[02:49:59.266 V] #1 MENU : scripts/omw/settings/menu.lua
[02:49:59.266 V] #2 PLAYER : scripts/omw/settings/player.lua
[02:49:59.266 V] #3 GLOBAL : scripts/omw/settings/global.lua
[02:49:59.266 V] #4 GLOBAL : scripts/omw/activationhandlers.lua
[02:49:59.266 V] #5 GLOBAL : scripts/omw/usehandlers.lua
[02:49:59.266 V] #6 GLOBAL : scripts/omw/worldeventhandlers.lua
[02:49:59.266 V] #7 GLOBAL : scripts/omw/crimes.lua
[02:49:59.266 V] #8 PLAYER CREATURE NPC : scripts/omw/mechanics/animationcontroller.lua
[02:49:59.266 V] #9 PLAYER : scripts/omw/skillhandlers.lua
[02:49:59.266 V] #10 PLAYER : scripts/omw/mechanics/playercontroller.lua
[02:49:59.266 V] #11 MENU : scripts/omw/camera/settings.lua
[02:49:59.266 V] #12 MENU : scripts/omw/input/settings.lua
[02:49:59.266 V] #13 PLAYER : scripts/omw/input/playercontrols.lua
[02:49:59.266 V] #14 PLAYER : scripts/omw/camera/camera.lua
[02:49:59.266 V] #15 PLAYER : scripts/omw/input/actionbindings.lua
[02:49:59.266 V] #16 PLAYER : scripts/omw/input/smoothmovement.lua
[02:49:59.266 V] #17 PLAYER : scripts/omw/input/gamepadcontrols.lua
[02:49:59.266 V] #18 NPC CREATURE : scripts/omw/ai.lua
[02:49:59.266 V] #19 GLOBAL : scripts/omw/mechanics/globalcontroller.lua
[02:49:59.266 V] #20 PLAYER CREATURE NPC : scripts/omw/mechanics/actorcontroller.lua
[02:49:59.266 V] #21 PLAYER NPC CREATURE : scripts/omw/combat/interface_local.lua
[02:49:59.266 V] #22 GLOBAL : scripts/omw/combat/interface_global.lua
[02:49:59.266 V] #23 PLAYER CREATURE NPC : scripts/omw/spellcasting/interface_local.lua
[02:49:59.266 V] #24 GLOBAL : scripts/omw/spellcasting/interface_global.lua
[02:49:59.266 V] #25 GLOBAL : scripts/omw/mechanics/projectiles.lua
[02:49:59.266 V] #26 PLAYER : scripts/omw/ui.lua
[02:49:59.266 V] #27 MENU : scripts/omw/console/menu.lua
[02:49:59.266 V] #28 PLAYER : scripts/omw/console/player.lua
[02:49:59.266 V] #29 GLOBAL : scripts/omw/console/global.lua
[02:49:59.266 V] #30 CUSTOM : scripts/omw/console/local.lua
[02:49:59.266 V] #31 NPC CREATURE : scripts/omw/music/actor.lua
[02:49:59.266 V] #32 GLOBAL : scripts/omw/cellhandlers.lua
[02:49:59.266 V] #33 GLOBAL : scripts/omw/combat/global.lua
[02:49:59.266 V] #34 PLAYER : scripts/omw/combat/settingspage.lua
[02:49:59.266 V] #35 PLAYER NPC CREATURE : scripts/omw/combat/local.lua
[02:49:59.266 V] #36 PLAYER : scripts/omw/music/music.lua
[02:49:59.266 V] #37 MENU : scripts/omw/music/settings.lua
[02:49:59.266 V] #38 PLAYER : scripts/omw/playerskillhandlers.lua
[02:49:59.266 V] #39 LOAD : scripts/omw/esmfallbacks.lua
[02:49:59.266 V] #40 PLAYER CREATURE NPC : scripts/omw/spellcasting/local.lua
[02:49:59.266 V] #41 DOOR CONTAINER : scripts/omw/spellcasting/lockable.lua
[02:49:59.266 V] #42 GLOBAL : scripts/omw/spellcasting/global.lua
[02:49:59.266 V] #43 GLOBAL : scripts/bench/global.lua
[02:49:59.266 V] #44 PLAYER : scripts/bench/player.lua
[02:49:59.276 V] Enchantment "test magic axe": dropping unexpected skill argument of "FortifyMaximumMagicka" effect
[02:49:59.347 I] Using 1 async physics threads
[02:49:59.347 I] Using <project>/harness/userdata/navmesh.db to store navigation mesh cache
[02:49:59.349 V] Using idle priority for thread=0x16c0df000
[02:49:59.349 I] Reserving texture units for shadow maps: 13..15
[02:49:59.350 I] Reserving texture unit for opaque depth texture: 12
[02:49:59.350 I] Reserving texture unit for opaque color texture: 11
[02:49:59.351 V] Disabling Multiview (disabled by config)
[02:49:59.354 V] Language file "l10n/Interface/gmst.yaml" is enabled
[02:49:59.355 V] Language file "l10n/Interface/en.yaml" is enabled
[02:49:59.364 V] Language file "l10n/OMWEngine/gmst.yaml" is enabled
[02:49:59.364 V] Language file "l10n/OMWEngine/en.yaml" is enabled
[02:49:59.374 V] Language file "l10n/OMWShaders/en.yaml" is enabled
[02:49:59.380 V] Language file "l10n/OMWCamera/en.yaml" is enabled
[02:49:59.381 V] Language file "l10n/OMWControls/en.yaml" is enabled
[02:49:59.381 V] Language file "l10n/interface/gmst.yaml" is enabled
[02:49:59.381 V] Language file "l10n/interface/en.yaml" is enabled
[02:49:59.382 V] Language file "l10n/Calendar/gmst.yaml" is enabled
[02:49:59.382 V] Language file "l10n/Calendar/en.yaml" is enabled
[02:49:59.382 V] Language file "l10n/OMWMusic/en.yaml" is enabled
[02:49:59.382 I] OSG stats will be written to: <project>/harness/results/20260906-0240-85eda9729-m4-core/aldruhn-r2-stats.txt
[02:49:59.386 I] Starting a new game
[02:49:59.389 V] Language file "l10n/Mechanics/gmst.yaml" is enabled
[02:49:59.389 E] Error loading splash/splash_bonelord.tga: no readerwriter for 'tga' found
[02:49:59.410 E] Error loading splash/splash_spherecenturion.tga: no readerwriter for 'tga' found
[02:49:59.410 I] Loading cell Ald-ruhn (-2, 7)
[02:49:59.427 I] Loading cell Ald-ruhn (-2, 6)
[02:49:59.448 I] Loading cell Ashlands Region (-1, 7)
[02:49:59.455 I] Loading cell Ashlands Region (-3, 7)
[02:49:59.460 I] Loading cell Ashlands Region (-2, 8)
[02:49:59.461 I] Loading cell Ashlands Region (-1, 6)
[02:49:59.467 I] Loading cell Ald-ruhn (-3, 6)
[02:49:59.469 V] Controller R2_Claw02 present more than once in meshes/r/xsiltstrider.kf, ignoring later version
[02:49:59.473 I] Loading cell Ashlands Region (-1, 8)
[02:49:59.478 I] Loading cell Ashlands Region (-3, 8)
[02:49:59.482 V] Language file "l10n/OMWCombat/en.yaml" is enabled
[02:49:59.495 I] Warning: OutsideBanner line 38, column 6 (endif): endif without matching if/elseif
[02:49:59.508 I] Global[scripts/bench/global.lua]:	BENCH station=aldruhn startcell="ald-ruhn" frame=1
[02:49:59.570 I] Unloading cell Ashlands Region (-2, 8)
[02:49:59.570 I] Unloading cell Ashlands Region (-1, 8)
[02:49:59.570 I] Unloading cell Ashlands Region (-3, 8)
[02:49:59.571 I] Loading cell Buckmoth Legion Fort (-2, 5)
[02:49:59.583 I] Loading cell Ashlands Region (-1, 5)
[02:49:59.586 I] Loading cell Ashlands Region (-3, 5)
[02:49:59.599 I] L@0x1[scripts/bench/player.lua]:	BENCH camera station=aldruhn yaw=330 pitch=14
[02:49:59.845 I] Global[scripts/bench/global.lua]:	BENCH station=aldruhn ready frame=40 simtime=0.36
[02:50:52.884 I] Saving shader settings file: <project>/harness/results/20260906-0240-85eda9729-m4-core/overlay/shaders.yaml
[02:50:52.884 I] Saving Lua storage "<project>/harness/results/20260906-0240-85eda9729-m4-core/overlay/global_storage.bin" (140 bytes)
[02:50:52.884 I] Saving Lua storage "<project>/harness/results/20260906-0240-85eda9729-m4-core/overlay/player_storage.bin" (878 bytes)
[02:50:52.916 I] Saved input bindings: <project>/harness/results/20260906-0240-85eda9729-m4-core/overlay/input_v3.xml
[02:50:52.948 I] Quitting peacefully.
