[02:50:53.433 *] Crash handler installed
[02:50:53.506 *] Loading config file: <project>/openmw/build/OpenMW.app/Contents/Resources/openmw.cfg
[02:50:53.507 *] Loading config file: <project>/harness/config/openmw.cfg
[02:50:53.507 *] Loading config file: <project>/harness/results/20260906-0240-85eda9729-m4-core/overlay/openmw.cfg
[02:50:53.507 *] Logs dir: <project>/harness/results/20260906-0240-85eda9729-m4-core/overlay
[02:50:53.507 *] User data dir: <project>/harness/userdata
[02:50:53.507 *] Screenshots dir: <project>/harness/userdata/screenshots
[02:50:53.507 I] OpenMW version 0.52.0
[02:50:53.507 I] Revision: adc79c9835
[02:50:53.508 I] Loading settings file: <project>/openmw/build/OpenMW.app/Contents/Resources/defaults.bin
[02:50:53.508 I] Loading settings file: <project>/harness/config/settings.cfg
[02:50:53.508 I] Loading settings file: <project>/harness/results/20260906-0240-85eda9729-m4-core/overlay/settings.cfg
[02:50:53.508 I] Using default (English) font encoding.
[02:50:53.508 W] No such dir: <home>/Library/Application Support/openmw/data
[02:50:53.509 I] OSG version: 3.6.5
[02:50:53.509 I] SDL version: 2.32.10
[02:50:53.509 I] Loading shader settings file: <project>/harness/results/20260906-0240-85eda9729-m4-core/overlay/shaders.yaml
[02:50:53.526 E] Error: Failed to read window icon, no png readerwriter found
[02:50:53.526 W] Requesting OpenGL 4.1 core profile context
[02:50:53.550 I] OpenGL Vendor: Apple
[02:50:53.550 I] OpenGL Renderer: Apple M5 Pro
[02:50:53.551 I] OpenGL Version: 4.1 Metal - 90.5
[02:50:53.551 I] Core profile: granted 19 version-implied GL features on a GL 4.1 context
[02:50:53.551 I] Core profile: vertex attribute aliasing and matrix uniforms enabled, 26 fixed-function modes disabled
[02:50:53.551 W] GL_ARB_clip_control not supported: disabling reverse-z depth buffer
[02:50:53.551 I] Adding BSA archive <project>/Morrowind/Data Files/Morrowind.bsa
[02:50:53.552 I] Adding BSA archive <project>/Morrowind/Data Files/Tribunal.bsa
[02:50:53.552 I] Adding BSA archive <project>/Morrowind/Data Files/Bloodmoon.bsa
[02:50:53.552 I] Adding data directory <project>/openmw/build/OpenMW.app/Contents/Resources/../Resources/resources/vfs
[02:50:53.553 I] Adding data directory <project>/openmw/build/OpenMW.app/Contents/Resources/../Resources/resources/vfs-mw
[02:50:53.553 I] Adding data directory <project>/Morrowind/Data Files
[02:50:53.568 I] Adding data directory <project>/harness/mod
[02:50:53.573 I] Preferred locales: gmst en
[02:50:53.573 I] Initializing LuaUtil::LuaState without profiler
[02:50:53.573 I] Lua version: Lua 5.1.4 (LuaJIT 2.1.1767980792)
[02:50:53.573 I] Loading keybindings file: <project>/harness/results/20260906-0240-85eda9729-m4-core/overlay/input_v3.xml
[02:50:53.573 I] Loading TrueType font file fonts/mysticcards.omwfont
[02:50:53.576 I] Loading TrueType font file fonts/demonicletters.omwfont
[02:50:53.576 I] Loading TrueType font file fonts/dejavulgcsansmono.omwfont
[02:50:53.588 I] Sound disabled.
[02:50:53.588 I] Loading Lua storage "<project>/harness/results/20260906-0240-85eda9729-m4-core/overlay/global_storage.bin" (140 bytes)
[02:50:53.588 I] Loading Lua storage "<project>/harness/results/20260906-0240-85eda9729-m4-core/overlay/player_storage.bin" (878 bytes)
[02:50:53.591 I] Loading content file builtin.omwscripts
[02:50:53.591 I] Loading content file Morrowind.esm
[02:50:53.591 E] Error loading splash/splash_bonelord.tga: no readerwriter for 'tga' found
[02:50:53.714 I] Loading content file Tribunal.esm
[02:50:53.731 I] Loading content file Bloodmoon.esm
[02:50:53.753 I] Loading content file bench.omwscripts
[02:50:53.753 V] Lua scripts configuration (45 scripts):
[02:50:53.753 V] #0 MENU PLAYER : scripts/omw/mwui/init.lua
[02:50:53.753 V] #1 MENU : scripts/omw/settings/menu.lua
[02:50:53.753 V] #2 PLAYER : scripts/omw/settings/player.lua
[02:50:53.753 V] #3 GLOBAL : scripts/omw/settings/global.lua
[02:50:53.753 V] #4 GLOBAL : scripts/omw/activationhandlers.lua
[02:50:53.753 V] #5 GLOBAL : scripts/omw/usehandlers.lua
[02:50:53.753 V] #6 GLOBAL : scripts/omw/worldeventhandlers.lua
[02:50:53.753 V] #7 GLOBAL : scripts/omw/crimes.lua
[02:50:53.753 V] #8 PLAYER CREATURE NPC : scripts/omw/mechanics/animationcontroller.lua
[02:50:53.753 V] #9 PLAYER : scripts/omw/skillhandlers.lua
[02:50:53.753 V] #10 PLAYER : scripts/omw/mechanics/playercontroller.lua
[02:50:53.753 V] #11 MENU : scripts/omw/camera/settings.lua
[02:50:53.753 V] #12 MENU : scripts/omw/input/settings.lua
[02:50:53.753 V] #13 PLAYER : scripts/omw/input/playercontrols.lua
[02:50:53.753 V] #14 PLAYER : scripts/omw/camera/camera.lua
[02:50:53.753 V] #15 PLAYER : scripts/omw/input/actionbindings.lua
[02:50:53.753 V] #16 PLAYER : scripts/omw/input/smoothmovement.lua
[02:50:53.753 V] #17 PLAYER : scripts/omw/input/gamepadcontrols.lua
[02:50:53.753 V] #18 NPC CREATURE : scripts/omw/ai.lua
[02:50:53.753 V] #19 GLOBAL : scripts/omw/mechanics/globalcontroller.lua
[02:50:53.753 V] #20 PLAYER CREATURE NPC : scripts/omw/mechanics/actorcontroller.lua
[02:50:53.753 V] #21 PLAYER NPC CREATURE : scripts/omw/combat/interface_local.lua
[02:50:53.753 V] #22 GLOBAL : scripts/omw/combat/interface_global.lua
[02:50:53.753 V] #23 PLAYER CREATURE NPC : scripts/omw/spellcasting/interface_local.lua
[02:50:53.753 V] #24 GLOBAL : scripts/omw/spellcasting/interface_global.lua
[02:50:53.753 V] #25 GLOBAL : scripts/omw/mechanics/projectiles.lua
[02:50:53.753 V] #26 PLAYER : scripts/omw/ui.lua
[02:50:53.753 V] #27 MENU : scripts/omw/console/menu.lua
[02:50:53.753 V] #28 PLAYER : scripts/omw/console/player.lua
[02:50:53.753 V] #29 GLOBAL : scripts/omw/console/global.lua
[02:50:53.753 V] #30 CUSTOM : scripts/omw/console/local.lua
[02:50:53.753 V] #31 NPC CREATURE : scripts/omw/music/actor.lua
[02:50:53.753 V] #32 GLOBAL : scripts/omw/cellhandlers.lua
[02:50:53.753 V] #33 GLOBAL : scripts/omw/combat/global.lua
[02:50:53.753 V] #34 PLAYER : scripts/omw/combat/settingspage.lua
[02:50:53.753 V] #35 PLAYER NPC CREATURE : scripts/omw/combat/local.lua
[02:50:53.753 V] #36 PLAYER : scripts/omw/music/music.lua
[02:50:53.753 V] #37 MENU : scripts/omw/music/settings.lua
[02:50:53.753 V] #38 PLAYER : scripts/omw/playerskillhandlers.lua
[02:50:53.753 V] #39 LOAD : scripts/omw/esmfallbacks.lua
[02:50:53.753 V] #40 PLAYER CREATURE NPC : scripts/omw/spellcasting/local.lua
[02:50:53.753 V] #41 DOOR CONTAINER : scripts/omw/spellcasting/lockable.lua
[02:50:53.753 V] #42 GLOBAL : scripts/omw/spellcasting/global.lua
[02:50:53.753 V] #43 GLOBAL : scripts/bench/global.lua
[02:50:53.753 V] #44 PLAYER : scripts/bench/player.lua
[02:50:53.763 V] Enchantment "test magic axe": dropping unexpected skill argument of "FortifyMaximumMagicka" effect
[02:50:53.832 I] Using 1 async physics threads
[02:50:53.832 I] Using <project>/harness/userdata/navmesh.db to store navigation mesh cache
[02:50:53.832 V] Using idle priority for thread=0x16db13000
[02:50:53.832 I] Reserving texture units for shadow maps: 13..15
[02:50:53.834 I] Reserving texture unit for opaque depth texture: 12
[02:50:53.834 I] Reserving texture unit for opaque color texture: 11
[02:50:53.834 V] Disabling Multiview (disabled by config)
[02:50:53.838 V] Language file "l10n/Interface/gmst.yaml" is enabled
[02:50:53.838 V] Language file "l10n/Interface/en.yaml" is enabled
[02:50:53.846 V] Language file "l10n/OMWEngine/gmst.yaml" is enabled
[02:50:53.847 V] Language file "l10n/OMWEngine/en.yaml" is enabled
[02:50:53.856 V] Language file "l10n/OMWShaders/en.yaml" is enabled
[02:50:53.862 V] Language file "l10n/OMWCamera/en.yaml" is enabled
[02:50:53.863 V] Language file "l10n/OMWControls/en.yaml" is enabled
[02:50:53.863 V] Language file "l10n/interface/gmst.yaml" is enabled
[02:50:53.863 V] Language file "l10n/interface/en.yaml" is enabled
[02:50:53.864 V] Language file "l10n/Calendar/gmst.yaml" is enabled
[02:50:53.864 V] Language file "l10n/Calendar/en.yaml" is enabled
[02:50:53.864 V] Language file "l10n/OMWMusic/en.yaml" is enabled
[02:50:53.864 I] OSG stats will be written to: <project>/harness/results/20260906-0240-85eda9729-m4-core/aldruhn-r3-stats.txt
[02:50:53.869 I] Starting a new game
[02:50:53.871 V] Language file "l10n/Mechanics/gmst.yaml" is enabled
[02:50:53.871 E] Error loading splash/splash_kwamawarrior.tga: no readerwriter for 'tga' found
[02:50:53.893 E] Error loading splash/splash_siltstriker.tga: no readerwriter for 'tga' found
[02:50:53.893 I] Loading cell Ald-ruhn (-2, 7)
[02:50:53.912 I] Loading cell Ald-ruhn (-2, 6)
[02:50:53.935 I] Loading cell Ashlands Region (-1, 7)
[02:50:53.939 I] Loading cell Ashlands Region (-3, 7)
[02:50:53.944 I] Loading cell Ashlands Region (-2, 8)
[02:50:53.944 I] Loading cell Ashlands Region (-1, 6)
[02:50:53.951 I] Loading cell Ald-ruhn (-3, 6)
[02:50:53.953 V] Controller R2_Claw02 present more than once in meshes/r/xsiltstrider.kf, ignoring later version
[02:50:53.958 I] Loading cell Ashlands Region (-1, 8)
[02:50:53.962 I] Loading cell Ashlands Region (-3, 8)
[02:50:53.966 V] Language file "l10n/OMWCombat/en.yaml" is enabled
[02:50:53.978 I] Warning: OutsideBanner line 38, column 6 (endif): endif without matching if/elseif
[02:50:53.991 I] Global[scripts/bench/global.lua]:	BENCH station=aldruhn startcell="ald-ruhn" frame=1
[02:50:54.052 I] Unloading cell Ashlands Region (-3, 8)
[02:50:54.052 I] Unloading cell Ashlands Region (-2, 8)
[02:50:54.052 I] Unloading cell Ashlands Region (-1, 8)
[02:50:54.053 I] Loading cell Buckmoth Legion Fort (-2, 5)
[02:50:54.065 I] Loading cell Ashlands Region (-1, 5)
[02:50:54.068 I] Loading cell Ashlands Region (-3, 5)
[02:50:54.081 I] L@0x1[scripts/bench/player.lua]:	BENCH camera station=aldruhn yaw=330 pitch=14
[02:50:54.302 I] Global[scripts/bench/global.lua]:	BENCH station=aldruhn ready frame=40 simtime=0.33
[02:51:47.436 I] Saving shader settings file: <project>/harness/results/20260906-0240-85eda9729-m4-core/overlay/shaders.yaml
[02:51:47.436 I] Saving Lua storage "<project>/harness/results/20260906-0240-85eda9729-m4-core/overlay/global_storage.bin" (140 bytes)
[02:51:47.436 I] Saving Lua storage "<project>/harness/results/20260906-0240-85eda9729-m4-core/overlay/player_storage.bin" (878 bytes)
[02:51:47.468 I] Saved input bindings: <project>/harness/results/20260906-0240-85eda9729-m4-core/overlay/input_v3.xml
[02:51:47.500 I] Quitting peacefully.
