[02:45:25.773 *] Crash handler installed
[02:45:25.844 *] Loading config file: <project>/openmw/build/OpenMW.app/Contents/Resources/openmw.cfg
[02:45:25.844 *] Loading config file: <project>/harness/config/openmw.cfg
[02:45:25.845 *] Loading config file: <project>/harness/results/20260906-0240-85eda9729-m4-core/overlay/openmw.cfg
[02:45:25.845 *] Logs dir: <project>/harness/results/20260906-0240-85eda9729-m4-core/overlay
[02:45:25.845 *] User data dir: <project>/harness/userdata
[02:45:25.845 *] Screenshots dir: <project>/harness/userdata/screenshots
[02:45:25.845 I] OpenMW version 0.52.0
[02:45:25.845 I] Revision: adc79c9835
[02:45:25.846 I] Loading settings file: <project>/openmw/build/OpenMW.app/Contents/Resources/defaults.bin
[02:45:25.846 I] Loading settings file: <project>/harness/config/settings.cfg
[02:45:25.846 I] Loading settings file: <project>/harness/results/20260906-0240-85eda9729-m4-core/overlay/settings.cfg
[02:45:25.846 I] Using default (English) font encoding.
[02:45:25.846 W] No such dir: <home>/Library/Application Support/openmw/data
[02:45:25.847 I] OSG version: 3.6.5
[02:45:25.847 I] SDL version: 2.32.10
[02:45:25.847 I] Loading shader settings file: <project>/harness/results/20260906-0240-85eda9729-m4-core/overlay/shaders.yaml
[02:45:25.869 E] Error: Failed to read window icon, no png readerwriter found
[02:45:25.869 W] Requesting OpenGL 4.1 core profile context
[02:45:25.893 I] OpenGL Vendor: Apple
[02:45:25.893 I] OpenGL Renderer: Apple M5 Pro
[02:45:25.893 I] OpenGL Version: 4.1 Metal - 90.5
[02:45:25.893 I] Core profile: granted 19 version-implied GL features on a GL 4.1 context
[02:45:25.893 I] Core profile: vertex attribute aliasing and matrix uniforms enabled, 26 fixed-function modes disabled
[02:45:25.893 W] GL_ARB_clip_control not supported: disabling reverse-z depth buffer
[02:45:25.893 I] Adding BSA archive <project>/Morrowind/Data Files/Morrowind.bsa
[02:45:25.895 I] Adding BSA archive <project>/Morrowind/Data Files/Tribunal.bsa
[02:45:25.895 I] Adding BSA archive <project>/Morrowind/Data Files/Bloodmoon.bsa
[02:45:25.896 I] Adding data directory <project>/openmw/build/OpenMW.app/Contents/Resources/../Resources/resources/vfs
[02:45:25.896 I] Adding data directory <project>/openmw/build/OpenMW.app/Contents/Resources/../Resources/resources/vfs-mw
[02:45:25.896 I] Adding data directory <project>/Morrowind/Data Files
[02:45:25.913 I] Adding data directory <project>/harness/mod
[02:45:25.918 I] Preferred locales: gmst en
[02:45:25.918 I] Initializing LuaUtil::LuaState without profiler
[02:45:25.918 I] Lua version: Lua 5.1.4 (LuaJIT 2.1.1767980792)
[02:45:25.918 I] Loading keybindings file: <project>/harness/results/20260906-0240-85eda9729-m4-core/overlay/input_v3.xml
[02:45:25.919 I] Loading TrueType font file fonts/mysticcards.omwfont
[02:45:25.922 I] Loading TrueType font file fonts/demonicletters.omwfont
[02:45:25.922 I] Loading TrueType font file fonts/dejavulgcsansmono.omwfont
[02:45:25.932 I] Sound disabled.
[02:45:25.932 I] Loading Lua storage "<project>/harness/results/20260906-0240-85eda9729-m4-core/overlay/global_storage.bin" (140 bytes)
[02:45:25.932 I] Loading Lua storage "<project>/harness/results/20260906-0240-85eda9729-m4-core/overlay/player_storage.bin" (878 bytes)
[02:45:25.935 I] Loading content file builtin.omwscripts
[02:45:25.935 I] Loading content file Morrowind.esm
[02:45:25.935 E] Error loading splash/splash_spherecenturion.tga: no readerwriter for 'tga' found
[02:45:26.140 I] Loading content file Tribunal.esm
[02:45:26.163 I] Loading content file Bloodmoon.esm
[02:45:26.198 I] Loading content file bench.omwscripts
[02:45:26.198 V] Lua scripts configuration (45 scripts):
[02:45:26.198 V] #0 MENU PLAYER : scripts/omw/mwui/init.lua
[02:45:26.198 V] #1 MENU : scripts/omw/settings/menu.lua
[02:45:26.198 V] #2 PLAYER : scripts/omw/settings/player.lua
[02:45:26.198 V] #3 GLOBAL : scripts/omw/settings/global.lua
[02:45:26.198 V] #4 GLOBAL : scripts/omw/activationhandlers.lua
[02:45:26.198 V] #5 GLOBAL : scripts/omw/usehandlers.lua
[02:45:26.198 V] #6 GLOBAL : scripts/omw/worldeventhandlers.lua
[02:45:26.198 V] #7 GLOBAL : scripts/omw/crimes.lua
[02:45:26.198 V] #8 PLAYER CREATURE NPC : scripts/omw/mechanics/animationcontroller.lua
[02:45:26.198 V] #9 PLAYER : scripts/omw/skillhandlers.lua
[02:45:26.198 V] #10 PLAYER : scripts/omw/mechanics/playercontroller.lua
[02:45:26.198 V] #11 MENU : scripts/omw/camera/settings.lua
[02:45:26.198 V] #12 MENU : scripts/omw/input/settings.lua
[02:45:26.198 V] #13 PLAYER : scripts/omw/input/playercontrols.lua
[02:45:26.198 V] #14 PLAYER : scripts/omw/camera/camera.lua
[02:45:26.198 V] #15 PLAYER : scripts/omw/input/actionbindings.lua
[02:45:26.198 V] #16 PLAYER : scripts/omw/input/smoothmovement.lua
[02:45:26.198 V] #17 PLAYER : scripts/omw/input/gamepadcontrols.lua
[02:45:26.198 V] #18 NPC CREATURE : scripts/omw/ai.lua
[02:45:26.198 V] #19 GLOBAL : scripts/omw/mechanics/globalcontroller.lua
[02:45:26.198 V] #20 PLAYER CREATURE NPC : scripts/omw/mechanics/actorcontroller.lua
[02:45:26.198 V] #21 PLAYER NPC CREATURE : scripts/omw/combat/interface_local.lua
[02:45:26.198 V] #22 GLOBAL : scripts/omw/combat/interface_global.lua
[02:45:26.198 V] #23 PLAYER CREATURE NPC : scripts/omw/spellcasting/interface_local.lua
[02:45:26.198 V] #24 GLOBAL : scripts/omw/spellcasting/interface_global.lua
[02:45:26.198 V] #25 GLOBAL : scripts/omw/mechanics/projectiles.lua
[02:45:26.198 V] #26 PLAYER : scripts/omw/ui.lua
[02:45:26.198 V] #27 MENU : scripts/omw/console/menu.lua
[02:45:26.198 V] #28 PLAYER : scripts/omw/console/player.lua
[02:45:26.198 V] #29 GLOBAL : scripts/omw/console/global.lua
[02:45:26.198 V] #30 CUSTOM : scripts/omw/console/local.lua
[02:45:26.198 V] #31 NPC CREATURE : scripts/omw/music/actor.lua
[02:45:26.198 V] #32 GLOBAL : scripts/omw/cellhandlers.lua
[02:45:26.198 V] #33 GLOBAL : scripts/omw/combat/global.lua
[02:45:26.198 V] #34 PLAYER : scripts/omw/combat/settingspage.lua
[02:45:26.198 V] #35 PLAYER NPC CREATURE : scripts/omw/combat/local.lua
[02:45:26.198 V] #36 PLAYER : scripts/omw/music/music.lua
[02:45:26.198 V] #37 MENU : scripts/omw/music/settings.lua
[02:45:26.198 V] #38 PLAYER : scripts/omw/playerskillhandlers.lua
[02:45:26.198 V] #39 LOAD : scripts/omw/esmfallbacks.lua
[02:45:26.198 V] #40 PLAYER CREATURE NPC : scripts/omw/spellcasting/local.lua
[02:45:26.198 V] #41 DOOR CONTAINER : scripts/omw/spellcasting/lockable.lua
[02:45:26.198 V] #42 GLOBAL : scripts/omw/spellcasting/global.lua
[02:45:26.198 V] #43 GLOBAL : scripts/bench/global.lua
[02:45:26.198 V] #44 PLAYER : scripts/bench/player.lua
[02:45:26.210 V] Enchantment "test magic axe": dropping unexpected skill argument of "FortifyMaximumMagicka" effect
[02:45:26.287 I] Using 1 async physics threads
[02:45:26.287 I] Using <project>/harness/userdata/navmesh.db to store navigation mesh cache
[02:45:26.287 V] Using idle priority for thread=0x16f527000
[02:45:26.287 I] Reserving texture units for shadow maps: 13..15
[02:45:26.289 I] Reserving texture unit for opaque depth texture: 12
[02:45:26.289 I] Reserving texture unit for opaque color texture: 11
[02:45:26.289 V] Disabling Multiview (disabled by config)
[02:45:26.293 V] Language file "l10n/Interface/gmst.yaml" is enabled
[02:45:26.293 V] Language file "l10n/Interface/en.yaml" is enabled
[02:45:26.302 V] Language file "l10n/OMWEngine/gmst.yaml" is enabled
[02:45:26.303 V] Language file "l10n/OMWEngine/en.yaml" is enabled
[02:45:26.313 V] Language file "l10n/OMWShaders/en.yaml" is enabled
[02:45:26.321 V] Language file "l10n/OMWCamera/en.yaml" is enabled
[02:45:26.323 V] Language file "l10n/OMWControls/en.yaml" is enabled
[02:45:26.323 V] Language file "l10n/interface/gmst.yaml" is enabled
[02:45:26.323 V] Language file "l10n/interface/en.yaml" is enabled
[02:45:26.323 V] Language file "l10n/Calendar/gmst.yaml" is enabled
[02:45:26.324 V] Language file "l10n/Calendar/en.yaml" is enabled
[02:45:26.324 V] Language file "l10n/OMWMusic/en.yaml" is enabled
[02:45:26.324 I] OSG stats will be written to: <project>/harness/results/20260906-0240-85eda9729-m4-core/balmora-r3-stats.txt
[02:45:26.329 I] Starting a new game
[02:45:26.332 V] Language file "l10n/Mechanics/gmst.yaml" is enabled
[02:45:26.332 E] Error loading splash/splash_siltstriker.tga: no readerwriter for 'tga' found
[02:45:26.357 E] Error loading splash/splash_clannfear.tga: no readerwriter for 'tga' found
[02:45:26.357 I] Loading cell Balmora (-2, -2)
[02:45:26.377 I] Loading cell West Gash Region (-2, -1)
[02:45:26.387 I] Loading cell West Gash Region (-1, -2)
[02:45:26.393 I] Loading cell Balmora (-3, -2)
[02:45:26.419 I] Loading cell West Gash Region (-2, -3)
[02:45:26.429 I] Loading cell West Gash Region (-1, -1)
[02:45:26.432 I] Loading cell West Gash Region (-3, -1)
[02:45:26.434 I] Loading cell Moonmoth Legion Fort (-1, -3)
[02:45:26.447 I] Loading cell Balmora (-3, -3)
[02:45:26.449 V] Controller R2_Claw02 present more than once in meshes/r/xsiltstrider.kf, ignoring later version
[02:45:26.467 V] Language file "l10n/OMWCombat/en.yaml" is enabled
[02:45:26.480 I] Warning: OutsideBanner line 38, column 6 (endif): endif without matching if/elseif
[02:45:26.495 I] Global[scripts/bench/global.lua]:	BENCH station=balmora startcell="balmora" frame=1
[02:45:26.584 I] Unloading cell West Gash Region (-3, -1)
[02:45:26.584 I] Unloading cell West Gash Region (-2, -1)
[02:45:26.584 I] Unloading cell Moonmoth Legion Fort (-1, -3)
[02:45:26.585 I] Unloading cell West Gash Region (-1, -2)
[02:45:26.585 I] Unloading cell West Gash Region (-1, -1)
[02:45:26.586 I] Loading cell West Gash Region (-4, -3)
[02:45:26.596 I] Loading cell Ascadian Isles Region (-3, -4)
[02:45:26.603 I] Loading cell Balmora (-4, -2)
[02:45:26.607 I] Loading cell Ascadian Isles Region (-2, -4)
[02:45:26.608 I] Loading cell Ascadian Isles Region (-4, -4)
[02:45:26.622 I] L@0x1[scripts/bench/player.lua]:	BENCH camera station=balmora yaw=0 pitch=2
[02:45:26.945 I] Global[scripts/bench/global.lua]:	BENCH station=balmora ready frame=40 simtime=0.47
[02:46:19.768 I] Saving shader settings file: <project>/harness/results/20260906-0240-85eda9729-m4-core/overlay/shaders.yaml
[02:46:19.769 I] Saving Lua storage "<project>/harness/results/20260906-0240-85eda9729-m4-core/overlay/global_storage.bin" (140 bytes)
[02:46:19.769 I] Saving Lua storage "<project>/harness/results/20260906-0240-85eda9729-m4-core/overlay/player_storage.bin" (878 bytes)
[02:46:19.805 I] Saved input bindings: <project>/harness/results/20260906-0240-85eda9729-m4-core/overlay/input_v3.xml
[02:46:19.837 I] Quitting peacefully.
