[02:44:31.251 *] Crash handler installed
[02:44:31.322 *] Loading config file: <project>/openmw/build/OpenMW.app/Contents/Resources/openmw.cfg
[02:44:31.323 *] Loading config file: <project>/harness/config/openmw.cfg
[02:44:31.323 *] Loading config file: <project>/harness/results/20260906-0240-85eda9729-m4-core/overlay/openmw.cfg
[02:44:31.324 *] Logs dir: <project>/harness/results/20260906-0240-85eda9729-m4-core/overlay
[02:44:31.324 *] User data dir: <project>/harness/userdata
[02:44:31.324 *] Screenshots dir: <project>/harness/userdata/screenshots
[02:44:31.324 I] OpenMW version 0.52.0
[02:44:31.324 I] Revision: adc79c9835
[02:44:31.324 I] Loading settings file: <project>/openmw/build/OpenMW.app/Contents/Resources/defaults.bin
[02:44:31.324 I] Loading settings file: <project>/harness/config/settings.cfg
[02:44:31.325 I] Loading settings file: <project>/harness/results/20260906-0240-85eda9729-m4-core/overlay/settings.cfg
[02:44:31.325 I] Using default (English) font encoding.
[02:44:31.325 W] No such dir: <home>/Library/Application Support/openmw/data
[02:44:31.325 I] OSG version: 3.6.5
[02:44:31.325 I] SDL version: 2.32.10
[02:44:31.325 I] Loading shader settings file: <project>/harness/results/20260906-0240-85eda9729-m4-core/overlay/shaders.yaml
[02:44:31.347 E] Error: Failed to read window icon, no png readerwriter found
[02:44:31.347 W] Requesting OpenGL 4.1 core profile context
[02:44:31.373 I] OpenGL Vendor: Apple
[02:44:31.373 I] OpenGL Renderer: Apple M5 Pro
[02:44:31.373 I] OpenGL Version: 4.1 Metal - 90.5
[02:44:31.373 I] Core profile: granted 19 version-implied GL features on a GL 4.1 context
[02:44:31.373 I] Core profile: vertex attribute aliasing and matrix uniforms enabled, 26 fixed-function modes disabled
[02:44:31.373 W] GL_ARB_clip_control not supported: disabling reverse-z depth buffer
[02:44:31.373 I] Adding BSA archive <project>/Morrowind/Data Files/Morrowind.bsa
[02:44:31.374 I] Adding BSA archive <project>/Morrowind/Data Files/Tribunal.bsa
[02:44:31.375 I] Adding BSA archive <project>/Morrowind/Data Files/Bloodmoon.bsa
[02:44:31.375 I] Adding data directory <project>/openmw/build/OpenMW.app/Contents/Resources/../Resources/resources/vfs
[02:44:31.375 I] Adding data directory <project>/openmw/build/OpenMW.app/Contents/Resources/../Resources/resources/vfs-mw
[02:44:31.376 I] Adding data directory <project>/Morrowind/Data Files
[02:44:31.391 I] Adding data directory <project>/harness/mod
[02:44:31.395 I] Preferred locales: gmst en
[02:44:31.395 I] Initializing LuaUtil::LuaState without profiler
[02:44:31.396 I] Lua version: Lua 5.1.4 (LuaJIT 2.1.1767980792)
[02:44:31.396 I] Loading keybindings file: <project>/harness/results/20260906-0240-85eda9729-m4-core/overlay/input_v3.xml
[02:44:31.396 I] Loading TrueType font file fonts/mysticcards.omwfont
[02:44:31.398 I] Loading TrueType font file fonts/demonicletters.omwfont
[02:44:31.399 I] Loading TrueType font file fonts/dejavulgcsansmono.omwfont
[02:44:31.408 I] Sound disabled.
[02:44:31.409 I] Loading Lua storage "<project>/harness/results/20260906-0240-85eda9729-m4-core/overlay/global_storage.bin" (140 bytes)
[02:44:31.409 I] Loading Lua storage "<project>/harness/results/20260906-0240-85eda9729-m4-core/overlay/player_storage.bin" (878 bytes)
[02:44:31.411 I] Loading content file builtin.omwscripts
[02:44:31.412 I] Loading content file Morrowind.esm
[02:44:31.412 E] Error loading splash/splash_daedroth.tga: no readerwriter for 'tga' found
[02:44:31.570 I] Loading content file Tribunal.esm
[02:44:31.590 I] Loading content file Bloodmoon.esm
[02:44:31.615 I] Loading content file bench.omwscripts
[02:44:31.616 V] Lua scripts configuration (45 scripts):
[02:44:31.616 V] #0 MENU PLAYER : scripts/omw/mwui/init.lua
[02:44:31.616 V] #1 MENU : scripts/omw/settings/menu.lua
[02:44:31.616 V] #2 PLAYER : scripts/omw/settings/player.lua
[02:44:31.616 V] #3 GLOBAL : scripts/omw/settings/global.lua
[02:44:31.616 V] #4 GLOBAL : scripts/omw/activationhandlers.lua
[02:44:31.616 V] #5 GLOBAL : scripts/omw/usehandlers.lua
[02:44:31.616 V] #6 GLOBAL : scripts/omw/worldeventhandlers.lua
[02:44:31.616 V] #7 GLOBAL : scripts/omw/crimes.lua
[02:44:31.616 V] #8 PLAYER CREATURE NPC : scripts/omw/mechanics/animationcontroller.lua
[02:44:31.616 V] #9 PLAYER : scripts/omw/skillhandlers.lua
[02:44:31.616 V] #10 PLAYER : scripts/omw/mechanics/playercontroller.lua
[02:44:31.616 V] #11 MENU : scripts/omw/camera/settings.lua
[02:44:31.616 V] #12 MENU : scripts/omw/input/settings.lua
[02:44:31.616 V] #13 PLAYER : scripts/omw/input/playercontrols.lua
[02:44:31.616 V] #14 PLAYER : scripts/omw/camera/camera.lua
[02:44:31.616 V] #15 PLAYER : scripts/omw/input/actionbindings.lua
[02:44:31.616 V] #16 PLAYER : scripts/omw/input/smoothmovement.lua
[02:44:31.616 V] #17 PLAYER : scripts/omw/input/gamepadcontrols.lua
[02:44:31.616 V] #18 NPC CREATURE : scripts/omw/ai.lua
[02:44:31.616 V] #19 GLOBAL : scripts/omw/mechanics/globalcontroller.lua
[02:44:31.616 V] #20 PLAYER CREATURE NPC : scripts/omw/mechanics/actorcontroller.lua
[02:44:31.616 V] #21 PLAYER NPC CREATURE : scripts/omw/combat/interface_local.lua
[02:44:31.616 V] #22 GLOBAL : scripts/omw/combat/interface_global.lua
[02:44:31.616 V] #23 PLAYER CREATURE NPC : scripts/omw/spellcasting/interface_local.lua
[02:44:31.616 V] #24 GLOBAL : scripts/omw/spellcasting/interface_global.lua
[02:44:31.616 V] #25 GLOBAL : scripts/omw/mechanics/projectiles.lua
[02:44:31.616 V] #26 PLAYER : scripts/omw/ui.lua
[02:44:31.616 V] #27 MENU : scripts/omw/console/menu.lua
[02:44:31.616 V] #28 PLAYER : scripts/omw/console/player.lua
[02:44:31.616 V] #29 GLOBAL : scripts/omw/console/global.lua
[02:44:31.616 V] #30 CUSTOM : scripts/omw/console/local.lua
[02:44:31.616 V] #31 NPC CREATURE : scripts/omw/music/actor.lua
[02:44:31.616 V] #32 GLOBAL : scripts/omw/cellhandlers.lua
[02:44:31.616 V] #33 GLOBAL : scripts/omw/combat/global.lua
[02:44:31.616 V] #34 PLAYER : scripts/omw/combat/settingspage.lua
[02:44:31.616 V] #35 PLAYER NPC CREATURE : scripts/omw/combat/local.lua
[02:44:31.616 V] #36 PLAYER : scripts/omw/music/music.lua
[02:44:31.616 V] #37 MENU : scripts/omw/music/settings.lua
[02:44:31.616 V] #38 PLAYER : scripts/omw/playerskillhandlers.lua
[02:44:31.616 V] #39 LOAD : scripts/omw/esmfallbacks.lua
[02:44:31.616 V] #40 PLAYER CREATURE NPC : scripts/omw/spellcasting/local.lua
[02:44:31.616 V] #41 DOOR CONTAINER : scripts/omw/spellcasting/lockable.lua
[02:44:31.616 V] #42 GLOBAL : scripts/omw/spellcasting/global.lua
[02:44:31.616 V] #43 GLOBAL : scripts/bench/global.lua
[02:44:31.616 V] #44 PLAYER : scripts/bench/player.lua
[02:44:31.627 V] Enchantment "test magic axe": dropping unexpected skill argument of "FortifyMaximumMagicka" effect
[02:44:31.701 I] Using 1 async physics threads
[02:44:31.701 I] Using <project>/harness/userdata/navmesh.db to store navigation mesh cache
[02:44:31.701 I] Reserving texture units for shadow maps: 13..15
[02:44:31.701 V] Using idle priority for thread=0x16f5c7000
[02:44:31.703 I] Reserving texture unit for opaque depth texture: 12
[02:44:31.703 I] Reserving texture unit for opaque color texture: 11
[02:44:31.703 V] Disabling Multiview (disabled by config)
[02:44:31.707 V] Language file "l10n/Interface/gmst.yaml" is enabled
[02:44:31.707 V] Language file "l10n/Interface/en.yaml" is enabled
[02:44:31.716 V] Language file "l10n/OMWEngine/gmst.yaml" is enabled
[02:44:31.717 V] Language file "l10n/OMWEngine/en.yaml" is enabled
[02:44:31.727 V] Language file "l10n/OMWShaders/en.yaml" is enabled
[02:44:31.737 V] Language file "l10n/OMWCamera/en.yaml" is enabled
[02:44:31.738 V] Language file "l10n/OMWControls/en.yaml" is enabled
[02:44:31.738 V] Language file "l10n/interface/gmst.yaml" is enabled
[02:44:31.738 V] Language file "l10n/interface/en.yaml" is enabled
[02:44:31.739 V] Language file "l10n/Calendar/gmst.yaml" is enabled
[02:44:31.739 V] Language file "l10n/Calendar/en.yaml" is enabled
[02:44:31.739 V] Language file "l10n/OMWMusic/en.yaml" is enabled
[02:44:31.739 I] OSG stats will be written to: <project>/harness/results/20260906-0240-85eda9729-m4-core/balmora-r2-stats.txt
[02:44:31.744 I] Starting a new game
[02:44:31.747 V] Language file "l10n/Mechanics/gmst.yaml" is enabled
[02:44:31.774 E] Error loading splash/splash_kwamawarrior.tga: no readerwriter for 'tga' found
[02:44:31.774 I] Loading cell Balmora (-2, -2)
[02:44:31.793 I] Loading cell West Gash Region (-2, -1)
[02:44:31.803 I] Loading cell West Gash Region (-1, -2)
[02:44:31.810 I] Loading cell Balmora (-3, -2)
[02:44:31.835 I] Loading cell West Gash Region (-2, -3)
[02:44:31.845 I] Loading cell West Gash Region (-1, -1)
[02:44:31.848 I] Loading cell West Gash Region (-3, -1)
[02:44:31.850 I] Loading cell Moonmoth Legion Fort (-1, -3)
[02:44:31.864 I] Loading cell Balmora (-3, -3)
[02:44:31.866 V] Controller R2_Claw02 present more than once in meshes/r/xsiltstrider.kf, ignoring later version
[02:44:31.892 V] Language file "l10n/OMWCombat/en.yaml" is enabled
[02:44:31.905 I] Warning: OutsideBanner line 38, column 6 (endif): endif without matching if/elseif
[02:44:31.921 I] Global[scripts/bench/global.lua]:	BENCH station=balmora startcell="balmora" frame=1
[02:44:32.007 I] Unloading cell West Gash Region (-3, -1)
[02:44:32.007 I] Unloading cell West Gash Region (-2, -1)
[02:44:32.008 I] Unloading cell Moonmoth Legion Fort (-1, -3)
[02:44:32.008 I] Unloading cell West Gash Region (-1, -2)
[02:44:32.008 I] Unloading cell West Gash Region (-1, -1)
[02:44:32.009 I] Loading cell West Gash Region (-4, -3)
[02:44:32.020 I] Loading cell Ascadian Isles Region (-3, -4)
[02:44:32.027 I] Loading cell Balmora (-4, -2)
[02:44:32.031 I] Loading cell Ascadian Isles Region (-2, -4)
[02:44:32.032 I] Loading cell Ascadian Isles Region (-4, -4)
[02:44:32.048 I] L@0x1[scripts/bench/player.lua]:	BENCH camera station=balmora yaw=0 pitch=2
[02:44:32.386 I] Global[scripts/bench/global.lua]:	BENCH station=balmora ready frame=40 simtime=0.48
[02:45:25.243 I] Saving shader settings file: <project>/harness/results/20260906-0240-85eda9729-m4-core/overlay/shaders.yaml
[02:45:25.243 I] Saving Lua storage "<project>/harness/results/20260906-0240-85eda9729-m4-core/overlay/global_storage.bin" (140 bytes)
[02:45:25.243 I] Saving Lua storage "<project>/harness/results/20260906-0240-85eda9729-m4-core/overlay/player_storage.bin" (878 bytes)
[02:45:25.277 I] Saved input bindings: <project>/harness/results/20260906-0240-85eda9729-m4-core/overlay/input_v3.xml
[02:45:25.313 I] Quitting peacefully.
