[02:57:16.991 *] Crash handler installed
[02:57:17.061 *] Loading config file: <project>/openmw/build/OpenMW.app/Contents/Resources/openmw.cfg
[02:57:17.062 *] Loading config file: <project>/harness/config/openmw.cfg
[02:57:17.062 *] Loading config file: <project>/harness/results/20260906-0240-85eda9729-m4-core/overlay/openmw.cfg
[02:57:17.063 *] Logs dir: <project>/harness/results/20260906-0240-85eda9729-m4-core/overlay
[02:57:17.063 *] User data dir: <project>/harness/userdata
[02:57:17.063 *] Screenshots dir: <project>/harness/userdata/screenshots
[02:57:17.063 I] OpenMW version 0.52.0
[02:57:17.063 I] Revision: adc79c9835
[02:57:17.063 I] Loading settings file: <project>/openmw/build/OpenMW.app/Contents/Resources/defaults.bin
[02:57:17.063 I] Loading settings file: <project>/harness/config/settings.cfg
[02:57:17.063 I] Loading settings file: <project>/harness/results/20260906-0240-85eda9729-m4-core/overlay/settings.cfg
[02:57:17.064 I] Using default (English) font encoding.
[02:57:17.064 W] No such dir: <home>/Library/Application Support/openmw/data
[02:57:17.064 I] OSG version: 3.6.5
[02:57:17.064 I] SDL version: 2.32.10
[02:57:17.064 I] Loading shader settings file: <project>/harness/results/20260906-0240-85eda9729-m4-core/overlay/shaders.yaml
[02:57:17.081 E] Error: Failed to read window icon, no png readerwriter found
[02:57:17.081 W] Requesting OpenGL 4.1 core profile context
[02:57:17.106 I] OpenGL Vendor: Apple
[02:57:17.106 I] OpenGL Renderer: Apple M5 Pro
[02:57:17.106 I] OpenGL Version: 4.1 Metal - 90.5
[02:57:17.106 I] Core profile: granted 19 version-implied GL features on a GL 4.1 context
[02:57:17.106 I] Core profile: vertex attribute aliasing and matrix uniforms enabled, 26 fixed-function modes disabled
[02:57:17.106 W] GL_ARB_clip_control not supported: disabling reverse-z depth buffer
[02:57:17.106 I] Adding BSA archive <project>/Morrowind/Data Files/Morrowind.bsa
[02:57:17.108 I] Adding BSA archive <project>/Morrowind/Data Files/Tribunal.bsa
[02:57:17.108 I] Adding BSA archive <project>/Morrowind/Data Files/Bloodmoon.bsa
[02:57:17.108 I] Adding data directory <project>/openmw/build/OpenMW.app/Contents/Resources/../Resources/resources/vfs
[02:57:17.108 I] Adding data directory <project>/openmw/build/OpenMW.app/Contents/Resources/../Resources/resources/vfs-mw
[02:57:17.109 I] Adding data directory <project>/Morrowind/Data Files
[02:57:17.123 I] Adding data directory <project>/harness/mod
[02:57:17.127 I] Preferred locales: gmst en
[02:57:17.128 I] Initializing LuaUtil::LuaState without profiler
[02:57:17.128 I] Lua version: Lua 5.1.4 (LuaJIT 2.1.1767980792)
[02:57:17.128 I] Loading keybindings file: <project>/harness/results/20260906-0240-85eda9729-m4-core/overlay/input_v3.xml
[02:57:17.128 I] Loading TrueType font file fonts/mysticcards.omwfont
[02:57:17.130 I] Loading TrueType font file fonts/demonicletters.omwfont
[02:57:17.131 I] Loading TrueType font file fonts/dejavulgcsansmono.omwfont
[02:57:17.141 I] Sound disabled.
[02:57:17.142 I] Loading Lua storage "<project>/harness/results/20260906-0240-85eda9729-m4-core/overlay/global_storage.bin" (140 bytes)
[02:57:17.142 I] Loading Lua storage "<project>/harness/results/20260906-0240-85eda9729-m4-core/overlay/player_storage.bin" (878 bytes)
[02:57:17.144 I] Loading content file builtin.omwscripts
[02:57:17.144 E] Error loading splash/splash_siltstriker.tga: no readerwriter for 'tga' found
[02:57:17.144 I] Loading content file Morrowind.esm
[02:57:17.265 I] Loading content file Tribunal.esm
[02:57:17.282 I] Loading content file Bloodmoon.esm
[02:57:17.303 I] Loading content file bench.omwscripts
[02:57:17.304 V] Lua scripts configuration (45 scripts):
[02:57:17.304 V] #0 MENU PLAYER : scripts/omw/mwui/init.lua
[02:57:17.304 V] #1 MENU : scripts/omw/settings/menu.lua
[02:57:17.304 V] #2 PLAYER : scripts/omw/settings/player.lua
[02:57:17.304 V] #3 GLOBAL : scripts/omw/settings/global.lua
[02:57:17.304 V] #4 GLOBAL : scripts/omw/activationhandlers.lua
[02:57:17.304 V] #5 GLOBAL : scripts/omw/usehandlers.lua
[02:57:17.304 V] #6 GLOBAL : scripts/omw/worldeventhandlers.lua
[02:57:17.304 V] #7 GLOBAL : scripts/omw/crimes.lua
[02:57:17.304 V] #8 PLAYER CREATURE NPC : scripts/omw/mechanics/animationcontroller.lua
[02:57:17.304 V] #9 PLAYER : scripts/omw/skillhandlers.lua
[02:57:17.304 V] #10 PLAYER : scripts/omw/mechanics/playercontroller.lua
[02:57:17.304 V] #11 MENU : scripts/omw/camera/settings.lua
[02:57:17.304 V] #12 MENU : scripts/omw/input/settings.lua
[02:57:17.304 V] #13 PLAYER : scripts/omw/input/playercontrols.lua
[02:57:17.304 V] #14 PLAYER : scripts/omw/camera/camera.lua
[02:57:17.304 V] #15 PLAYER : scripts/omw/input/actionbindings.lua
[02:57:17.304 V] #16 PLAYER : scripts/omw/input/smoothmovement.lua
[02:57:17.304 V] #17 PLAYER : scripts/omw/input/gamepadcontrols.lua
[02:57:17.304 V] #18 NPC CREATURE : scripts/omw/ai.lua
[02:57:17.304 V] #19 GLOBAL : scripts/omw/mechanics/globalcontroller.lua
[02:57:17.304 V] #20 PLAYER CREATURE NPC : scripts/omw/mechanics/actorcontroller.lua
[02:57:17.304 V] #21 PLAYER NPC CREATURE : scripts/omw/combat/interface_local.lua
[02:57:17.304 V] #22 GLOBAL : scripts/omw/combat/interface_global.lua
[02:57:17.304 V] #23 PLAYER CREATURE NPC : scripts/omw/spellcasting/interface_local.lua
[02:57:17.304 V] #24 GLOBAL : scripts/omw/spellcasting/interface_global.lua
[02:57:17.304 V] #25 GLOBAL : scripts/omw/mechanics/projectiles.lua
[02:57:17.304 V] #26 PLAYER : scripts/omw/ui.lua
[02:57:17.304 V] #27 MENU : scripts/omw/console/menu.lua
[02:57:17.304 V] #28 PLAYER : scripts/omw/console/player.lua
[02:57:17.304 V] #29 GLOBAL : scripts/omw/console/global.lua
[02:57:17.304 V] #30 CUSTOM : scripts/omw/console/local.lua
[02:57:17.304 V] #31 NPC CREATURE : scripts/omw/music/actor.lua
[02:57:17.304 V] #32 GLOBAL : scripts/omw/cellhandlers.lua
[02:57:17.304 V] #33 GLOBAL : scripts/omw/combat/global.lua
[02:57:17.304 V] #34 PLAYER : scripts/omw/combat/settingspage.lua
[02:57:17.304 V] #35 PLAYER NPC CREATURE : scripts/omw/combat/local.lua
[02:57:17.304 V] #36 PLAYER : scripts/omw/music/music.lua
[02:57:17.304 V] #37 MENU : scripts/omw/music/settings.lua
[02:57:17.304 V] #38 PLAYER : scripts/omw/playerskillhandlers.lua
[02:57:17.304 V] #39 LOAD : scripts/omw/esmfallbacks.lua
[02:57:17.304 V] #40 PLAYER CREATURE NPC : scripts/omw/spellcasting/local.lua
[02:57:17.304 V] #41 DOOR CONTAINER : scripts/omw/spellcasting/lockable.lua
[02:57:17.304 V] #42 GLOBAL : scripts/omw/spellcasting/global.lua
[02:57:17.304 V] #43 GLOBAL : scripts/bench/global.lua
[02:57:17.304 V] #44 PLAYER : scripts/bench/player.lua
[02:57:17.314 V] Enchantment "test magic axe": dropping unexpected skill argument of "FortifyMaximumMagicka" effect
[02:57:17.382 I] Using 1 async physics threads
[02:57:17.382 I] Using <project>/harness/userdata/navmesh.db to store navigation mesh cache
[02:57:17.383 V] Using idle priority for thread=0x16dce7000
[02:57:17.383 I] Reserving texture units for shadow maps: 13..15
[02:57:17.384 I] Reserving texture unit for opaque depth texture: 12
[02:57:17.384 I] Reserving texture unit for opaque color texture: 11
[02:57:17.384 V] Disabling Multiview (disabled by config)
[02:57:17.388 V] Language file "l10n/Interface/gmst.yaml" is enabled
[02:57:17.388 V] Language file "l10n/Interface/en.yaml" is enabled
[02:57:17.397 V] Language file "l10n/OMWEngine/gmst.yaml" is enabled
[02:57:17.397 V] Language file "l10n/OMWEngine/en.yaml" is enabled
[02:57:17.406 V] Language file "l10n/OMWShaders/en.yaml" is enabled
[02:57:17.412 V] Language file "l10n/OMWCamera/en.yaml" is enabled
[02:57:17.413 V] Language file "l10n/OMWControls/en.yaml" is enabled
[02:57:17.414 V] Language file "l10n/interface/gmst.yaml" is enabled
[02:57:17.414 V] Language file "l10n/interface/en.yaml" is enabled
[02:57:17.414 V] Language file "l10n/Calendar/gmst.yaml" is enabled
[02:57:17.414 V] Language file "l10n/Calendar/en.yaml" is enabled
[02:57:17.414 V] Language file "l10n/OMWMusic/en.yaml" is enabled
[02:57:17.414 I] OSG stats will be written to: <project>/harness/results/20260906-0240-85eda9729-m4-core/route-r1-stats.txt
[02:57:17.419 I] Starting a new game
[02:57:17.421 V] Language file "l10n/Mechanics/gmst.yaml" is enabled
[02:57:17.442 I] Loading cell Bitter Coast Region (0, -10)
[02:57:17.459 I] Loading cell Ascadian Isles Region (0, -9)
[02:57:17.479 I] Loading cell Bitter Coast Region (-1, -10)
[02:57:17.485 I] Loading cell Bitter Coast Region (0, -11)
[02:57:17.487 I] Loading cell Ascadian Isles Region (1, -10)
[02:57:17.491 I] Loading cell Bitter Coast Region (-1, -9)
[02:57:17.502 I] Loading cell Ascadian Isles Region (1, -9)
[02:57:17.508 I] Loading cell Bitter Coast Region (-1, -11)
[02:57:17.514 I] Loading cell Ascadian Isles Region (1, -11)
[02:57:17.519 V] Language file "l10n/OMWCombat/en.yaml" is enabled
[02:57:17.547 I] Global[scripts/bench/global.lua]:	BENCH station=route startcell="bitter coast region" frame=1
[02:57:17.638 I] Unloading cell Bitter Coast Region (-1, -11)
[02:57:17.639 I] Unloading cell Bitter Coast Region (0, -11)
[02:57:17.639 I] Unloading cell Ascadian Isles Region (0, -9)
[02:57:17.639 I] Unloading cell Ascadian Isles Region (1, -11)
[02:57:17.640 I] Unloading cell Ascadian Isles Region (1, -10)
[02:57:17.640 I] Unloading cell Ascadian Isles Region (1, -9)
[02:57:17.640 I] Unloading cell Bitter Coast Region (0, -10)
[02:57:17.640 E] Error: Unable to write fog, can't find a png ReaderWriter
[02:57:17.642 I] Loading cell Seyda Neen (-2, -9)
[02:57:17.646 V] Controller R2_Claw02 present more than once in meshes/r/xsiltstrider.kf, ignoring later version
[02:57:17.664 I] Loading cell Bitter Coast Region (-2, -8)
[02:57:17.668 I] Loading cell Bitter Coast Region (-3, -9)
[02:57:17.670 I] Loading cell Seyda Neen (-2, -10)
[02:57:17.670 I] Warning: lookoutScript[local variables] line 41, column 37 (=): invalid operator =, treating it as ==
[02:57:17.673 I] Loading cell Ascadian Isles Region (-1, -8)
[02:57:17.678 I] Loading cell Bitter Coast Region (-3, -8)
[02:57:17.681 I] Loading cell Bitter Coast Region (-3, -10)
[02:57:17.684 I] AiTravel: -8914, -73093, 126
[02:57:17.684 I] Warning: lookoutScript line 41, column 37 (=): invalid operator =, treating it as ==
[02:57:17.684 I] Warning: fallingScript line 46, column 6 (endif): endif without matching if/elseif
[02:57:17.876 I] L@0x1[scripts/bench/player.lua]:	BENCH camera station=route yaw=0 pitch=6
[02:57:18.102 I] Global[scripts/bench/global.lua]:	BENCH station=route ready frame=40 simtime=0.54
[02:57:18.102 I] Global[scripts/bench/global.lua]:	BENCH route cell=-2,-9 pos=(-11000,-69994) simtime=0.54
[02:57:22.564 I] Unloading cell Seyda Neen (-2, -10)
[02:57:22.565 I] Unloading cell Bitter Coast Region (-3, -10)
[02:57:22.565 I] Unloading cell Bitter Coast Region (-1, -10)
[02:57:22.566 I] Loading cell Ascadian Isles Region (-2, -7)
[02:57:22.567 I] Loading cell Ascadian Isles Region (-1, -7)
[02:57:22.568 I] Loading cell Ascadian Isles Region (-3, -7)
[02:57:22.574 I] Global[scripts/bench/global.lua]:	BENCH route cell=-2,-8 pos=(-11000,-65531) simtime=5.00
[02:57:30.903 I] Unloading cell Seyda Neen (-2, -9)
[02:57:30.904 E] Error: Unable to write fog, can't find a png ReaderWriter
[02:57:30.904 I] Unloading cell Bitter Coast Region (-3, -9)
[02:57:30.904 I] Unloading cell Bitter Coast Region (-1, -9)
[02:57:30.905 I] Loading cell Ascadian Isles Region (-2, -6)
[02:57:30.909 I] Loading cell Ascadian Isles Region (-1, -6)
[02:57:30.910 I] Loading cell Ascadian Isles Region (-3, -6)
[02:57:30.917 I] Global[scripts/bench/global.lua]:	BENCH route cell=-2,-7 pos=(-12165,-57336) simtime=13.34
[02:57:39.347 I] Unloading cell Bitter Coast Region (-3, -8)
[02:57:39.348 I] Unloading cell Bitter Coast Region (-2, -8)
[02:57:39.348 E] Error: Unable to write fog, can't find a png ReaderWriter
[02:57:39.348 I] Unloading cell Ascadian Isles Region (-1, -8)
[02:57:39.349 I] Loading cell Ascadian Isles Region (-2, -5)
[02:57:39.350 I] Loading cell Ascadian Isles Region (-1, -5)
[02:57:39.351 I] Loading cell Ascadian Isles Region (-3, -5)
[02:57:39.354 I] Global[scripts/bench/global.lua]:	BENCH route cell=-2,-6 pos=(-14213,-49144) simtime=21.78
[02:57:47.787 I] Unloading cell Ascadian Isles Region (-3, -7)
[02:57:47.787 I] Unloading cell Ascadian Isles Region (-2, -7)
[02:57:47.788 E] Error: Unable to write fog, can't find a png ReaderWriter
[02:57:47.788 I] Unloading cell Ascadian Isles Region (-1, -7)
[02:57:47.788 I] Loading cell Ascadian Isles Region (-2, -4)
[02:57:47.789 I] Loading cell Ascadian Isles Region (-1, -4)
[02:57:47.791 I] Loading cell Ascadian Isles Region (-3, -4)
[02:57:47.794 I] Global[scripts/bench/global.lua]:	BENCH route cell=-2,-5 pos=(-16260,-40956) simtime=30.23
[02:57:48.297 I] Unloading cell Ascadian Isles Region (-1, -5)
[02:57:48.297 I] Unloading cell Ascadian Isles Region (-1, -6)
[02:57:48.298 I] Unloading cell Ascadian Isles Region (-1, -4)
[02:57:48.298 I] Loading cell Ascadian Isles Region (-4, -5)
[02:57:48.299 I] Loading cell Ascadian Isles Region (-4, -4)
[02:57:48.302 I] Loading cell Bitter Coast Region (-4, -6)
[02:57:48.306 I] Global[scripts/bench/global.lua]:	BENCH route cell=-3,-5 pos=(-16384,-40461) simtime=30.74
[02:57:55.100 V] Controller R2_Claw02 present more than once in meshes/r/xsiltstrider.kf, ignoring later version
[02:57:56.236 I] Unloading cell Bitter Coast Region (-4, -6)
[02:57:56.236 I] Unloading cell Ascadian Isles Region (-3, -6)
[02:57:56.237 E] Error: Unable to write fog, can't find a png ReaderWriter
[02:57:56.237 I] Unloading cell Ascadian Isles Region (-2, -6)
[02:57:56.237 E] Error: Unable to write fog, can't find a png ReaderWriter
[02:57:56.238 I] Loading cell Balmora (-3, -3)
[02:57:56.245 I] Loading cell West Gash Region (-2, -3)
[02:57:56.247 I] Loading cell West Gash Region (-4, -3)
[02:57:56.248 I] Warning: OutsideBanner line 38, column 6 (endif): endif without matching if/elseif
[02:57:56.251 I] Global[scripts/bench/global.lua]:	BENCH route cell=-3,-4 pos=(-18310,-32759) simtime=38.67
[02:58:04.513 I] Unloading cell Ascadian Isles Region (-2, -5)
[02:58:04.514 E] Error: Unable to write fog, can't find a png ReaderWriter
[02:58:04.514 I] Unloading cell Ascadian Isles Region (-3, -5)
[02:58:04.514 E] Error: Unable to write fog, can't find a png ReaderWriter
[02:58:04.514 I] Unloading cell Ascadian Isles Region (-4, -5)
[02:58:04.515 I] Loading cell Balmora (-3, -2)
[02:58:04.524 I] Loading cell Balmora (-2, -2)
[02:58:04.527 I] Loading cell Balmora (-4, -2)
[02:58:04.535 I] Global[scripts/bench/global.lua]:	BENCH route cell=-3,-3 pos=(-19000,-24567) simtime=46.95
[02:58:11.143 I] Saving shader settings file: <project>/harness/results/20260906-0240-85eda9729-m4-core/overlay/shaders.yaml
[02:58:11.144 I] Saving Lua storage "<project>/harness/results/20260906-0240-85eda9729-m4-core/overlay/global_storage.bin" (140 bytes)
[02:58:11.144 I] Saving Lua storage "<project>/harness/results/20260906-0240-85eda9729-m4-core/overlay/player_storage.bin" (878 bytes)
[02:58:11.184 I] Saved input bindings: <project>/harness/results/20260906-0240-85eda9729-m4-core/overlay/input_v3.xml
[02:58:11.225 I] Quitting peacefully.
