[02:58:11.920 *] Crash handler installed
[02:58:11.992 *] Loading config file: <project>/openmw/build/OpenMW.app/Contents/Resources/openmw.cfg
[02:58:11.992 *] Loading config file: <project>/harness/config/openmw.cfg
[02:58:11.993 *] Loading config file: <project>/harness/results/20260906-0240-85eda9729-m4-core/overlay/openmw.cfg
[02:58:11.993 *] Logs dir: <project>/harness/results/20260906-0240-85eda9729-m4-core/overlay
[02:58:11.993 *] User data dir: <project>/harness/userdata
[02:58:11.993 *] Screenshots dir: <project>/harness/userdata/screenshots
[02:58:11.993 I] OpenMW version 0.52.0
[02:58:11.993 I] Revision: adc79c9835
[02:58:11.994 I] Loading settings file: <project>/openmw/build/OpenMW.app/Contents/Resources/defaults.bin
[02:58:11.994 I] Loading settings file: <project>/harness/config/settings.cfg
[02:58:11.994 I] Loading settings file: <project>/harness/results/20260906-0240-85eda9729-m4-core/overlay/settings.cfg
[02:58:11.994 I] Using default (English) font encoding.
[02:58:11.994 W] No such dir: <home>/Library/Application Support/openmw/data
[02:58:11.994 I] OSG version: 3.6.5
[02:58:11.994 I] SDL version: 2.32.10
[02:58:11.994 I] Loading shader settings file: <project>/harness/results/20260906-0240-85eda9729-m4-core/overlay/shaders.yaml
[02:58:12.015 E] Error: Failed to read window icon, no png readerwriter found
[02:58:12.016 W] Requesting OpenGL 4.1 core profile context
[02:58:12.038 I] OpenGL Vendor: Apple
[02:58:12.038 I] OpenGL Renderer: Apple M5 Pro
[02:58:12.038 I] OpenGL Version: 4.1 Metal - 90.5
[02:58:12.038 I] Core profile: granted 19 version-implied GL features on a GL 4.1 context
[02:58:12.038 I] Core profile: vertex attribute aliasing and matrix uniforms enabled, 26 fixed-function modes disabled
[02:58:12.038 W] GL_ARB_clip_control not supported: disabling reverse-z depth buffer
[02:58:12.039 I] Adding BSA archive <project>/Morrowind/Data Files/Morrowind.bsa
[02:58:12.040 I] Adding BSA archive <project>/Morrowind/Data Files/Tribunal.bsa
[02:58:12.040 I] Adding BSA archive <project>/Morrowind/Data Files/Bloodmoon.bsa
[02:58:12.041 I] Adding data directory <project>/openmw/build/OpenMW.app/Contents/Resources/../Resources/resources/vfs
[02:58:12.041 I] Adding data directory <project>/openmw/build/OpenMW.app/Contents/Resources/../Resources/resources/vfs-mw
[02:58:12.041 I] Adding data directory <project>/Morrowind/Data Files
[02:58:12.056 I] Adding data directory <project>/harness/mod
[02:58:12.061 I] Preferred locales: gmst en
[02:58:12.061 I] Initializing LuaUtil::LuaState without profiler
[02:58:12.061 I] Lua version: Lua 5.1.4 (LuaJIT 2.1.1767980792)
[02:58:12.061 I] Loading keybindings file: <project>/harness/results/20260906-0240-85eda9729-m4-core/overlay/input_v3.xml
[02:58:12.061 I] Loading TrueType font file fonts/mysticcards.omwfont
[02:58:12.064 I] Loading TrueType font file fonts/demonicletters.omwfont
[02:58:12.064 I] Loading TrueType font file fonts/dejavulgcsansmono.omwfont
[02:58:12.076 I] Sound disabled.
[02:58:12.076 I] Loading Lua storage "<project>/harness/results/20260906-0240-85eda9729-m4-core/overlay/global_storage.bin" (140 bytes)
[02:58:12.076 I] Loading Lua storage "<project>/harness/results/20260906-0240-85eda9729-m4-core/overlay/player_storage.bin" (878 bytes)
[02:58:12.079 I] Loading content file builtin.omwscripts
[02:58:12.079 E] Error loading splash/splash_spherecenturion.tga: no readerwriter for 'tga' found
[02:58:12.079 I] Loading content file Morrowind.esm
[02:58:12.245 I] Loading content file Tribunal.esm
[02:58:12.263 I] Loading content file Bloodmoon.esm
[02:58:12.292 I] Loading content file bench.omwscripts
[02:58:12.292 V] Lua scripts configuration (45 scripts):
[02:58:12.292 V] #0 MENU PLAYER : scripts/omw/mwui/init.lua
[02:58:12.292 V] #1 MENU : scripts/omw/settings/menu.lua
[02:58:12.292 V] #2 PLAYER : scripts/omw/settings/player.lua
[02:58:12.292 V] #3 GLOBAL : scripts/omw/settings/global.lua
[02:58:12.292 V] #4 GLOBAL : scripts/omw/activationhandlers.lua
[02:58:12.292 V] #5 GLOBAL : scripts/omw/usehandlers.lua
[02:58:12.292 V] #6 GLOBAL : scripts/omw/worldeventhandlers.lua
[02:58:12.292 V] #7 GLOBAL : scripts/omw/crimes.lua
[02:58:12.292 V] #8 PLAYER CREATURE NPC : scripts/omw/mechanics/animationcontroller.lua
[02:58:12.292 V] #9 PLAYER : scripts/omw/skillhandlers.lua
[02:58:12.292 V] #10 PLAYER : scripts/omw/mechanics/playercontroller.lua
[02:58:12.292 V] #11 MENU : scripts/omw/camera/settings.lua
[02:58:12.292 V] #12 MENU : scripts/omw/input/settings.lua
[02:58:12.292 V] #13 PLAYER : scripts/omw/input/playercontrols.lua
[02:58:12.292 V] #14 PLAYER : scripts/omw/camera/camera.lua
[02:58:12.292 V] #15 PLAYER : scripts/omw/input/actionbindings.lua
[02:58:12.292 V] #16 PLAYER : scripts/omw/input/smoothmovement.lua
[02:58:12.292 V] #17 PLAYER : scripts/omw/input/gamepadcontrols.lua
[02:58:12.292 V] #18 NPC CREATURE : scripts/omw/ai.lua
[02:58:12.292 V] #19 GLOBAL : scripts/omw/mechanics/globalcontroller.lua
[02:58:12.292 V] #20 PLAYER CREATURE NPC : scripts/omw/mechanics/actorcontroller.lua
[02:58:12.292 V] #21 PLAYER NPC CREATURE : scripts/omw/combat/interface_local.lua
[02:58:12.292 V] #22 GLOBAL : scripts/omw/combat/interface_global.lua
[02:58:12.292 V] #23 PLAYER CREATURE NPC : scripts/omw/spellcasting/interface_local.lua
[02:58:12.292 V] #24 GLOBAL : scripts/omw/spellcasting/interface_global.lua
[02:58:12.292 V] #25 GLOBAL : scripts/omw/mechanics/projectiles.lua
[02:58:12.292 V] #26 PLAYER : scripts/omw/ui.lua
[02:58:12.292 V] #27 MENU : scripts/omw/console/menu.lua
[02:58:12.292 V] #28 PLAYER : scripts/omw/console/player.lua
[02:58:12.292 V] #29 GLOBAL : scripts/omw/console/global.lua
[02:58:12.292 V] #30 CUSTOM : scripts/omw/console/local.lua
[02:58:12.292 V] #31 NPC CREATURE : scripts/omw/music/actor.lua
[02:58:12.292 V] #32 GLOBAL : scripts/omw/cellhandlers.lua
[02:58:12.292 V] #33 GLOBAL : scripts/omw/combat/global.lua
[02:58:12.292 V] #34 PLAYER : scripts/omw/combat/settingspage.lua
[02:58:12.292 V] #35 PLAYER NPC CREATURE : scripts/omw/combat/local.lua
[02:58:12.292 V] #36 PLAYER : scripts/omw/music/music.lua
[02:58:12.292 V] #37 MENU : scripts/omw/music/settings.lua
[02:58:12.292 V] #38 PLAYER : scripts/omw/playerskillhandlers.lua
[02:58:12.292 V] #39 LOAD : scripts/omw/esmfallbacks.lua
[02:58:12.292 V] #40 PLAYER CREATURE NPC : scripts/omw/spellcasting/local.lua
[02:58:12.292 V] #41 DOOR CONTAINER : scripts/omw/spellcasting/lockable.lua
[02:58:12.292 V] #42 GLOBAL : scripts/omw/spellcasting/global.lua
[02:58:12.292 V] #43 GLOBAL : scripts/bench/global.lua
[02:58:12.292 V] #44 PLAYER : scripts/bench/player.lua
[02:58:12.302 V] Enchantment "test magic axe": dropping unexpected skill argument of "FortifyMaximumMagicka" effect
[02:58:12.372 I] Using 1 async physics threads
[02:58:12.372 I] Using <project>/harness/userdata/navmesh.db to store navigation mesh cache
[02:58:12.373 V] Using idle priority for thread=0x1701e3000
[02:58:12.374 I] Reserving texture units for shadow maps: 13..15
[02:58:12.375 I] Reserving texture unit for opaque depth texture: 12
[02:58:12.375 I] Reserving texture unit for opaque color texture: 11
[02:58:12.375 V] Disabling Multiview (disabled by config)
[02:58:12.379 V] Language file "l10n/Interface/gmst.yaml" is enabled
[02:58:12.379 V] Language file "l10n/Interface/en.yaml" is enabled
[02:58:12.388 V] Language file "l10n/OMWEngine/gmst.yaml" is enabled
[02:58:12.389 V] Language file "l10n/OMWEngine/en.yaml" is enabled
[02:58:12.398 V] Language file "l10n/OMWShaders/en.yaml" is enabled
[02:58:12.404 V] Language file "l10n/OMWCamera/en.yaml" is enabled
[02:58:12.405 V] Language file "l10n/OMWControls/en.yaml" is enabled
[02:58:12.405 V] Language file "l10n/interface/gmst.yaml" is enabled
[02:58:12.405 V] Language file "l10n/interface/en.yaml" is enabled
[02:58:12.406 V] Language file "l10n/Calendar/gmst.yaml" is enabled
[02:58:12.406 V] Language file "l10n/Calendar/en.yaml" is enabled
[02:58:12.406 V] Language file "l10n/OMWMusic/en.yaml" is enabled
[02:58:12.406 I] OSG stats will be written to: <project>/harness/results/20260906-0240-85eda9729-m4-core/route-r2-stats.txt
[02:58:12.412 I] Starting a new game
[02:58:12.414 V] Language file "l10n/Mechanics/gmst.yaml" is enabled
[02:58:12.415 E] Error loading splash/splash_hunger.tga: no readerwriter for 'tga' found
[02:58:12.436 E] Error loading splash/splash_skeleton.tga: no readerwriter for 'tga' found
[02:58:12.437 I] Loading cell Bitter Coast Region (0, -10)
[02:58:12.452 I] Loading cell Ascadian Isles Region (0, -9)
[02:58:12.473 I] Loading cell Bitter Coast Region (-1, -10)
[02:58:12.478 I] Loading cell Bitter Coast Region (0, -11)
[02:58:12.480 I] Loading cell Ascadian Isles Region (1, -10)
[02:58:12.485 I] Loading cell Bitter Coast Region (-1, -9)
[02:58:12.496 I] Loading cell Ascadian Isles Region (1, -9)
[02:58:12.502 I] Loading cell Bitter Coast Region (-1, -11)
[02:58:12.508 I] Loading cell Ascadian Isles Region (1, -11)
[02:58:12.512 V] Language file "l10n/OMWCombat/en.yaml" is enabled
[02:58:12.540 I] Global[scripts/bench/global.lua]:	BENCH station=route startcell="bitter coast region" frame=1
[02:58:12.632 I] Unloading cell Bitter Coast Region (0, -10)
[02:58:12.633 E] Error: Unable to write fog, can't find a png ReaderWriter
[02:58:12.633 I] Unloading cell Bitter Coast Region (-1, -11)
[02:58:12.634 I] Unloading cell Bitter Coast Region (0, -11)
[02:58:12.634 I] Unloading cell Ascadian Isles Region (0, -9)
[02:58:12.634 I] Unloading cell Ascadian Isles Region (1, -11)
[02:58:12.634 I] Unloading cell Ascadian Isles Region (1, -10)
[02:58:12.634 I] Unloading cell Ascadian Isles Region (1, -9)
[02:58:12.636 I] Loading cell Seyda Neen (-2, -9)
[02:58:12.640 V] Controller R2_Claw02 present more than once in meshes/r/xsiltstrider.kf, ignoring later version
[02:58:12.657 I] Loading cell Bitter Coast Region (-2, -8)
[02:58:12.661 I] Loading cell Bitter Coast Region (-3, -9)
[02:58:12.663 I] Loading cell Seyda Neen (-2, -10)
[02:58:12.663 I] Warning: lookoutScript[local variables] line 41, column 37 (=): invalid operator =, treating it as ==
[02:58:12.666 I] Loading cell Ascadian Isles Region (-1, -8)
[02:58:12.670 I] Loading cell Bitter Coast Region (-3, -8)
[02:58:12.675 I] Loading cell Bitter Coast Region (-3, -10)
[02:58:12.678 I] AiTravel: -8914, -73093, 126
[02:58:12.678 I] Warning: lookoutScript line 41, column 37 (=): invalid operator =, treating it as ==
[02:58:12.678 I] Warning: fallingScript line 46, column 6 (endif): endif without matching if/elseif
[02:58:12.870 I] L@0x1[scripts/bench/player.lua]:	BENCH camera station=route yaw=0 pitch=6
[02:58:13.084 I] Global[scripts/bench/global.lua]:	BENCH station=route ready frame=40 simtime=0.52
[02:58:13.084 I] Global[scripts/bench/global.lua]:	BENCH route cell=-2,-9 pos=(-11000,-69994) simtime=0.52
[02:58:17.548 I] Unloading cell Bitter Coast Region (-1, -10)
[02:58:17.548 I] Unloading cell Seyda Neen (-2, -10)
[02:58:17.549 I] Unloading cell Bitter Coast Region (-3, -10)
[02:58:17.549 I] Loading cell Ascadian Isles Region (-2, -7)
[02:58:17.550 I] Loading cell Ascadian Isles Region (-1, -7)
[02:58:17.551 I] Loading cell Ascadian Isles Region (-3, -7)
[02:58:17.556 I] Global[scripts/bench/global.lua]:	BENCH route cell=-2,-8 pos=(-11000,-65530) simtime=4.99
[02:58:25.882 I] Unloading cell Bitter Coast Region (-1, -9)
[02:58:25.883 I] Unloading cell Bitter Coast Region (-3, -9)
[02:58:25.883 I] Unloading cell Seyda Neen (-2, -9)
[02:58:25.884 E] Error: Unable to write fog, can't find a png ReaderWriter
[02:58:25.884 I] Loading cell Ascadian Isles Region (-2, -6)
[02:58:25.887 I] Loading cell Ascadian Isles Region (-1, -6)
[02:58:25.888 I] Loading cell Ascadian Isles Region (-3, -6)
[02:58:25.894 I] Global[scripts/bench/global.lua]:	BENCH route cell=-2,-7 pos=(-12165,-57339) simtime=13.33
[02:58:34.330 I] Unloading cell Ascadian Isles Region (-1, -8)
[02:58:34.331 I] Unloading cell Bitter Coast Region (-2, -8)
[02:58:34.331 E] Error: Unable to write fog, can't find a png ReaderWriter
[02:58:34.331 I] Unloading cell Bitter Coast Region (-3, -8)
[02:58:34.332 I] Loading cell Ascadian Isles Region (-2, -5)
[02:58:34.333 I] Loading cell Ascadian Isles Region (-1, -5)
[02:58:34.335 I] Loading cell Ascadian Isles Region (-3, -5)
[02:58:34.340 I] Global[scripts/bench/global.lua]:	BENCH route cell=-2,-6 pos=(-14214,-49143) simtime=21.77
[02:58:42.768 I] Unloading cell Ascadian Isles Region (-3, -7)
[02:58:42.768 I] Unloading cell Ascadian Isles Region (-2, -7)
[02:58:42.769 E] Error: Unable to write fog, can't find a png ReaderWriter
[02:58:42.769 I] Unloading cell Ascadian Isles Region (-1, -7)
[02:58:42.769 I] Loading cell Ascadian Isles Region (-2, -4)
[02:58:42.769 I] Loading cell Ascadian Isles Region (-1, -4)
[02:58:42.771 I] Loading cell Ascadian Isles Region (-3, -4)
[02:58:42.776 I] Global[scripts/bench/global.lua]:	BENCH route cell=-2,-5 pos=(-16260,-40957) simtime=30.21
[02:58:43.280 I] Unloading cell Ascadian Isles Region (-1, -6)
[02:58:43.281 I] Unloading cell Ascadian Isles Region (-1, -5)
[02:58:43.281 I] Unloading cell Ascadian Isles Region (-1, -4)
[02:58:43.281 I] Loading cell Ascadian Isles Region (-4, -5)
[02:58:43.282 I] Loading cell Ascadian Isles Region (-4, -4)
[02:58:43.285 I] Loading cell Bitter Coast Region (-4, -6)
[02:58:43.290 I] Global[scripts/bench/global.lua]:	BENCH route cell=-3,-5 pos=(-16384,-40460) simtime=30.72
[02:58:43.296 V] Controller R2_Claw02 present more than once in meshes/r/xsiltstrider.kf, ignoring later version
[02:58:51.217 I] Unloading cell Ascadian Isles Region (-3, -6)
[02:58:51.217 E] Error: Unable to write fog, can't find a png ReaderWriter
[02:58:51.217 I] Unloading cell Ascadian Isles Region (-2, -6)
[02:58:51.218 E] Error: Unable to write fog, can't find a png ReaderWriter
[02:58:51.218 I] Unloading cell Bitter Coast Region (-4, -6)
[02:58:51.218 I] Loading cell Balmora (-3, -3)
[02:58:51.227 I] Loading cell West Gash Region (-2, -3)
[02:58:51.227 I] Loading cell West Gash Region (-4, -3)
[02:58:51.229 I] Warning: OutsideBanner line 38, column 6 (endif): endif without matching if/elseif
[02:58:51.233 I] Global[scripts/bench/global.lua]:	BENCH route cell=-3,-4 pos=(-18309,-32761) simtime=38.66
[02:58:59.496 I] Unloading cell Ascadian Isles Region (-4, -5)
[02:58:59.496 I] Unloading cell Ascadian Isles Region (-3, -5)
[02:58:59.497 E] Error: Unable to write fog, can't find a png ReaderWriter
[02:58:59.497 I] Unloading cell Ascadian Isles Region (-2, -5)
[02:58:59.497 E] Error: Unable to write fog, can't find a png ReaderWriter
[02:58:59.497 I] Loading cell Balmora (-3, -2)
[02:58:59.507 I] Loading cell Balmora (-2, -2)
[02:58:59.509 I] Loading cell Balmora (-4, -2)
[02:58:59.516 I] Global[scripts/bench/global.lua]:	BENCH route cell=-3,-3 pos=(-19000,-24567) simtime=46.94
[02:59:05.922 I] Saving shader settings file: <project>/harness/results/20260906-0240-85eda9729-m4-core/overlay/shaders.yaml
[02:59:05.922 I] Saving Lua storage "<project>/harness/results/20260906-0240-85eda9729-m4-core/overlay/global_storage.bin" (140 bytes)
[02:59:05.922 I] Saving Lua storage "<project>/harness/results/20260906-0240-85eda9729-m4-core/overlay/player_storage.bin" (878 bytes)
[02:59:05.960 I] Saved input bindings: <project>/harness/results/20260906-0240-85eda9729-m4-core/overlay/input_v3.xml
[02:59:06.000 I] Quitting peacefully.
