[02:41:47.507 *] Crash handler installed
[02:41:47.581 *] Loading config file: <project>/openmw/build/OpenMW.app/Contents/Resources/openmw.cfg
[02:41:47.582 *] Loading config file: <project>/harness/config/openmw.cfg
[02:41:47.582 *] Loading config file: <project>/harness/results/20260906-0240-85eda9729-m4-core/overlay/openmw.cfg
[02:41:47.583 *] Logs dir: <project>/harness/results/20260906-0240-85eda9729-m4-core/overlay
[02:41:47.583 *] User data dir: <project>/harness/userdata
[02:41:47.583 *] Screenshots dir: <project>/harness/userdata/screenshots
[02:41:47.583 I] OpenMW version 0.52.0
[02:41:47.583 I] Revision: adc79c9835
[02:41:47.583 I] Loading settings file: <project>/openmw/build/OpenMW.app/Contents/Resources/defaults.bin
[02:41:47.583 I] Loading settings file: <project>/harness/config/settings.cfg
[02:41:47.583 I] Loading settings file: <project>/harness/results/20260906-0240-85eda9729-m4-core/overlay/settings.cfg
[02:41:47.584 I] Using default (English) font encoding.
[02:41:47.584 W] No such dir: <home>/Library/Application Support/openmw/data
[02:41:47.584 I] OSG version: 3.6.5
[02:41:47.584 I] SDL version: 2.32.10
[02:41:47.584 I] Loading shader settings file: <project>/harness/results/20260906-0240-85eda9729-m4-core/overlay/shaders.yaml
[02:41:47.606 E] Error: Failed to read window icon, no png readerwriter found
[02:41:47.606 W] Requesting OpenGL 4.1 core profile context
[02:41:47.632 I] OpenGL Vendor: Apple
[02:41:47.632 I] OpenGL Renderer: Apple M5 Pro
[02:41:47.632 I] OpenGL Version: 4.1 Metal - 90.5
[02:41:47.632 I] Core profile: granted 19 version-implied GL features on a GL 4.1 context
[02:41:47.632 I] Core profile: vertex attribute aliasing and matrix uniforms enabled, 26 fixed-function modes disabled
[02:41:47.632 W] GL_ARB_clip_control not supported: disabling reverse-z depth buffer
[02:41:47.632 I] Adding BSA archive <project>/Morrowind/Data Files/Morrowind.bsa
[02:41:47.634 I] Adding BSA archive <project>/Morrowind/Data Files/Tribunal.bsa
[02:41:47.634 I] Adding BSA archive <project>/Morrowind/Data Files/Bloodmoon.bsa
[02:41:47.634 I] Adding data directory <project>/openmw/build/OpenMW.app/Contents/Resources/../Resources/resources/vfs
[02:41:47.635 I] Adding data directory <project>/openmw/build/OpenMW.app/Contents/Resources/../Resources/resources/vfs-mw
[02:41:47.635 I] Adding data directory <project>/Morrowind/Data Files
[02:41:47.650 I] Adding data directory <project>/harness/mod
[02:41:47.655 I] Preferred locales: gmst en
[02:41:47.655 I] Initializing LuaUtil::LuaState without profiler
[02:41:47.655 I] Lua version: Lua 5.1.4 (LuaJIT 2.1.1767980792)
[02:41:47.655 I] Loading keybindings file: <project>/harness/results/20260906-0240-85eda9729-m4-core/overlay/input_v3.xml
[02:41:47.655 I] Loading TrueType font file fonts/mysticcards.omwfont
[02:41:47.658 I] Loading TrueType font file fonts/demonicletters.omwfont
[02:41:47.659 I] Loading TrueType font file fonts/dejavulgcsansmono.omwfont
[02:41:47.668 I] Sound disabled.
[02:41:47.669 I] Loading Lua storage "<project>/harness/results/20260906-0240-85eda9729-m4-core/overlay/global_storage.bin" (140 bytes)
[02:41:47.669 I] Loading Lua storage "<project>/harness/results/20260906-0240-85eda9729-m4-core/overlay/player_storage.bin" (878 bytes)
[02:41:47.672 I] Loading content file builtin.omwscripts
[02:41:47.672 I] Loading content file Morrowind.esm
[02:41:47.672 E] Error loading splash/splash_netch.tga: no readerwriter for 'tga' found
[02:41:47.879 I] Loading content file Tribunal.esm
[02:41:47.899 I] Loading content file Bloodmoon.esm
[02:41:47.934 I] Loading content file bench.omwscripts
[02:41:47.934 V] Lua scripts configuration (45 scripts):
[02:41:47.934 V] #0 MENU PLAYER : scripts/omw/mwui/init.lua
[02:41:47.934 V] #1 MENU : scripts/omw/settings/menu.lua
[02:41:47.934 V] #2 PLAYER : scripts/omw/settings/player.lua
[02:41:47.934 V] #3 GLOBAL : scripts/omw/settings/global.lua
[02:41:47.934 V] #4 GLOBAL : scripts/omw/activationhandlers.lua
[02:41:47.934 V] #5 GLOBAL : scripts/omw/usehandlers.lua
[02:41:47.934 V] #6 GLOBAL : scripts/omw/worldeventhandlers.lua
[02:41:47.934 V] #7 GLOBAL : scripts/omw/crimes.lua
[02:41:47.934 V] #8 PLAYER CREATURE NPC : scripts/omw/mechanics/animationcontroller.lua
[02:41:47.934 V] #9 PLAYER : scripts/omw/skillhandlers.lua
[02:41:47.934 V] #10 PLAYER : scripts/omw/mechanics/playercontroller.lua
[02:41:47.934 V] #11 MENU : scripts/omw/camera/settings.lua
[02:41:47.934 V] #12 MENU : scripts/omw/input/settings.lua
[02:41:47.934 V] #13 PLAYER : scripts/omw/input/playercontrols.lua
[02:41:47.934 V] #14 PLAYER : scripts/omw/camera/camera.lua
[02:41:47.934 V] #15 PLAYER : scripts/omw/input/actionbindings.lua
[02:41:47.934 V] #16 PLAYER : scripts/omw/input/smoothmovement.lua
[02:41:47.934 V] #17 PLAYER : scripts/omw/input/gamepadcontrols.lua
[02:41:47.934 V] #18 NPC CREATURE : scripts/omw/ai.lua
[02:41:47.934 V] #19 GLOBAL : scripts/omw/mechanics/globalcontroller.lua
[02:41:47.934 V] #20 PLAYER CREATURE NPC : scripts/omw/mechanics/actorcontroller.lua
[02:41:47.934 V] #21 PLAYER NPC CREATURE : scripts/omw/combat/interface_local.lua
[02:41:47.934 V] #22 GLOBAL : scripts/omw/combat/interface_global.lua
[02:41:47.934 V] #23 PLAYER CREATURE NPC : scripts/omw/spellcasting/interface_local.lua
[02:41:47.934 V] #24 GLOBAL : scripts/omw/spellcasting/interface_global.lua
[02:41:47.934 V] #25 GLOBAL : scripts/omw/mechanics/projectiles.lua
[02:41:47.934 V] #26 PLAYER : scripts/omw/ui.lua
[02:41:47.934 V] #27 MENU : scripts/omw/console/menu.lua
[02:41:47.934 V] #28 PLAYER : scripts/omw/console/player.lua
[02:41:47.934 V] #29 GLOBAL : scripts/omw/console/global.lua
[02:41:47.934 V] #30 CUSTOM : scripts/omw/console/local.lua
[02:41:47.934 V] #31 NPC CREATURE : scripts/omw/music/actor.lua
[02:41:47.934 V] #32 GLOBAL : scripts/omw/cellhandlers.lua
[02:41:47.934 V] #33 GLOBAL : scripts/omw/combat/global.lua
[02:41:47.934 V] #34 PLAYER : scripts/omw/combat/settingspage.lua
[02:41:47.934 V] #35 PLAYER NPC CREATURE : scripts/omw/combat/local.lua
[02:41:47.934 V] #36 PLAYER : scripts/omw/music/music.lua
[02:41:47.934 V] #37 MENU : scripts/omw/music/settings.lua
[02:41:47.934 V] #38 PLAYER : scripts/omw/playerskillhandlers.lua
[02:41:47.934 V] #39 LOAD : scripts/omw/esmfallbacks.lua
[02:41:47.934 V] #40 PLAYER CREATURE NPC : scripts/omw/spellcasting/local.lua
[02:41:47.934 V] #41 DOOR CONTAINER : scripts/omw/spellcasting/lockable.lua
[02:41:47.934 V] #42 GLOBAL : scripts/omw/spellcasting/global.lua
[02:41:47.934 V] #43 GLOBAL : scripts/bench/global.lua
[02:41:47.934 V] #44 PLAYER : scripts/bench/player.lua
[02:41:47.946 V] Enchantment "test magic axe": dropping unexpected skill argument of "FortifyMaximumMagicka" effect
[02:41:48.023 I] Using 1 async physics threads
[02:41:48.023 I] Using <project>/harness/userdata/navmesh.db to store navigation mesh cache
[02:41:48.024 V] Using idle priority for thread=0x16d673000
[02:41:48.024 I] Reserving texture units for shadow maps: 13..15
[02:41:48.025 I] Reserving texture unit for opaque depth texture: 12
[02:41:48.025 I] Reserving texture unit for opaque color texture: 11
[02:41:48.025 V] Disabling Multiview (disabled by config)
[02:41:48.030 V] Language file "l10n/Interface/gmst.yaml" is enabled
[02:41:48.030 V] Language file "l10n/Interface/en.yaml" is enabled
[02:41:48.039 V] Language file "l10n/OMWEngine/gmst.yaml" is enabled
[02:41:48.040 V] Language file "l10n/OMWEngine/en.yaml" is enabled
[02:41:48.050 V] Language file "l10n/OMWShaders/en.yaml" is enabled
[02:41:48.058 V] Language file "l10n/OMWCamera/en.yaml" is enabled
[02:41:48.059 V] Language file "l10n/OMWControls/en.yaml" is enabled
[02:41:48.059 V] Language file "l10n/interface/gmst.yaml" is enabled
[02:41:48.059 V] Language file "l10n/interface/en.yaml" is enabled
[02:41:48.060 V] Language file "l10n/Calendar/gmst.yaml" is enabled
[02:41:48.060 V] Language file "l10n/Calendar/en.yaml" is enabled
[02:41:48.060 V] Language file "l10n/OMWMusic/en.yaml" is enabled
[02:41:48.060 I] OSG stats will be written to: <project>/harness/results/20260906-0240-85eda9729-m4-core/seyda-r2-stats.txt
[02:41:48.065 I] Starting a new game
[02:41:48.068 V] Language file "l10n/Mechanics/gmst.yaml" is enabled
[02:41:48.068 E] Error loading splash/splash_siltstriker.tga: no readerwriter for 'tga' found
[02:41:48.094 I] Loading cell Seyda Neen (-2, -9)
[02:41:48.100 V] Controller R2_Claw02 present more than once in meshes/r/xsiltstrider.kf, ignoring later version
[02:41:48.145 I] Loading cell Bitter Coast Region (-2, -8)
[02:41:48.153 I] Loading cell Bitter Coast Region (-1, -9)
[02:41:48.159 I] Loading cell Bitter Coast Region (-3, -9)
[02:41:48.170 I] Loading cell Seyda Neen (-2, -10)
[02:41:48.170 I] Warning: lookoutScript[local variables] line 41, column 37 (=): invalid operator =, treating it as ==
[02:41:48.176 I] Loading cell Ascadian Isles Region (-1, -8)
[02:41:48.191 I] Loading cell Bitter Coast Region (-3, -8)
[02:41:48.196 I] Loading cell Bitter Coast Region (-1, -10)
[02:41:48.198 I] Loading cell Bitter Coast Region (-3, -10)
[02:41:48.203 V] Language file "l10n/OMWCombat/en.yaml" is enabled
[02:41:48.216 I] AiTravel: -8914, -73093, 126
[02:41:48.216 I] Warning: lookoutScript line 41, column 37 (=): invalid operator =, treating it as ==
[02:41:48.217 I] Warning: fallingScript line 46, column 6 (endif): endif without matching if/elseif
[02:41:48.236 I] Global[scripts/bench/global.lua]:	BENCH station=seyda startcell="seyda neen" frame=1
[02:41:48.343 I] L@0x1[scripts/bench/player.lua]:	BENCH camera station=seyda yaw=160 pitch=4
[02:41:48.636 I] Global[scripts/bench/global.lua]:	BENCH station=seyda ready frame=40 simtime=0.42
[02:42:41.500 I] Saving shader settings file: <project>/harness/results/20260906-0240-85eda9729-m4-core/overlay/shaders.yaml
[02:42:41.500 I] Saving Lua storage "<project>/harness/results/20260906-0240-85eda9729-m4-core/overlay/global_storage.bin" (140 bytes)
[02:42:41.500 I] Saving Lua storage "<project>/harness/results/20260906-0240-85eda9729-m4-core/overlay/player_storage.bin" (878 bytes)
[02:42:41.535 I] Saved input bindings: <project>/harness/results/20260906-0240-85eda9729-m4-core/overlay/input_v3.xml
[02:42:41.572 I] Quitting peacefully.
