[03:00:01.674 *] Crash handler installed
[03:00:01.747 *] Loading config file: <project>/openmw/build/OpenMW.app/Contents/Resources/openmw.cfg
[03:00:01.748 *] Loading config file: <project>/harness/config/openmw.cfg
[03:00:01.748 *] Loading config file: <project>/harness/results/20260906-0240-85eda9729-m4-core/overlay/openmw.cfg
[03:00:01.749 *] Logs dir: <project>/harness/results/20260906-0240-85eda9729-m4-core/overlay
[03:00:01.749 *] User data dir: <project>/harness/userdata
[03:00:01.749 *] Screenshots dir: <project>/harness/userdata/screenshots
[03:00:01.749 I] OpenMW version 0.52.0
[03:00:01.749 I] Revision: adc79c9835
[03:00:01.749 I] Loading settings file: <project>/openmw/build/OpenMW.app/Contents/Resources/defaults.bin
[03:00:01.749 I] Loading settings file: <project>/harness/config/settings.cfg
[03:00:01.749 I] Loading settings file: <project>/harness/results/20260906-0240-85eda9729-m4-core/overlay/settings.cfg
[03:00:01.750 I] Using default (English) font encoding.
[03:00:01.750 W] No such dir: <home>/Library/Application Support/openmw/data
[03:00:01.750 I] OSG version: 3.6.5
[03:00:01.750 I] SDL version: 2.32.10
[03:00:01.750 I] Loading shader settings file: <project>/harness/results/20260906-0240-85eda9729-m4-core/overlay/shaders.yaml
[03:00:01.769 E] Error: Failed to read window icon, no png readerwriter found
[03:00:01.770 W] Requesting OpenGL 4.1 core profile context
[03:00:01.793 I] OpenGL Vendor: Apple
[03:00:01.793 I] OpenGL Renderer: Apple M5 Pro
[03:00:01.793 I] OpenGL Version: 4.1 Metal - 90.5
[03:00:01.793 I] Core profile: granted 19 version-implied GL features on a GL 4.1 context
[03:00:01.793 I] Core profile: vertex attribute aliasing and matrix uniforms enabled, 26 fixed-function modes disabled
[03:00:01.793 W] GL_ARB_clip_control not supported: disabling reverse-z depth buffer
[03:00:01.793 I] Adding BSA archive <project>/Morrowind/Data Files/Morrowind.bsa
[03:00:01.794 I] Adding BSA archive <project>/Morrowind/Data Files/Tribunal.bsa
[03:00:01.795 I] Adding BSA archive <project>/Morrowind/Data Files/Bloodmoon.bsa
[03:00:01.795 I] Adding data directory <project>/openmw/build/OpenMW.app/Contents/Resources/../Resources/resources/vfs
[03:00:01.795 I] Adding data directory <project>/openmw/build/OpenMW.app/Contents/Resources/../Resources/resources/vfs-mw
[03:00:01.796 I] Adding data directory <project>/Morrowind/Data Files
[03:00:01.810 I] Adding data directory <project>/harness/mod
[03:00:01.815 I] Preferred locales: gmst en
[03:00:01.815 I] Initializing LuaUtil::LuaState without profiler
[03:00:01.815 I] Lua version: Lua 5.1.4 (LuaJIT 2.1.1767980792)
[03:00:01.815 I] Loading keybindings file: <project>/harness/results/20260906-0240-85eda9729-m4-core/overlay/input_v3.xml
[03:00:01.815 I] Loading TrueType font file fonts/mysticcards.omwfont
[03:00:01.818 I] Loading TrueType font file fonts/demonicletters.omwfont
[03:00:01.819 I] Loading TrueType font file fonts/dejavulgcsansmono.omwfont
[03:00:01.827 I] Sound disabled.
[03:00:01.828 I] Loading Lua storage "<project>/harness/results/20260906-0240-85eda9729-m4-core/overlay/global_storage.bin" (140 bytes)
[03:00:01.828 I] Loading Lua storage "<project>/harness/results/20260906-0240-85eda9729-m4-core/overlay/player_storage.bin" (878 bytes)
[03:00:01.830 I] Loading content file builtin.omwscripts
[03:00:01.830 E] Error loading splash/splash_spherecenturion.tga: no readerwriter for 'tga' found
[03:00:01.830 I] Loading content file Morrowind.esm
[03:00:01.998 I] Loading content file Tribunal.esm
[03:00:02.016 I] Loading content file Bloodmoon.esm
[03:00:02.046 I] Loading content file bench.omwscripts
[03:00:02.046 V] Lua scripts configuration (45 scripts):
[03:00:02.046 V] #0 MENU PLAYER : scripts/omw/mwui/init.lua
[03:00:02.046 V] #1 MENU : scripts/omw/settings/menu.lua
[03:00:02.046 V] #2 PLAYER : scripts/omw/settings/player.lua
[03:00:02.046 V] #3 GLOBAL : scripts/omw/settings/global.lua
[03:00:02.046 V] #4 GLOBAL : scripts/omw/activationhandlers.lua
[03:00:02.046 V] #5 GLOBAL : scripts/omw/usehandlers.lua
[03:00:02.046 V] #6 GLOBAL : scripts/omw/worldeventhandlers.lua
[03:00:02.046 V] #7 GLOBAL : scripts/omw/crimes.lua
[03:00:02.046 V] #8 PLAYER CREATURE NPC : scripts/omw/mechanics/animationcontroller.lua
[03:00:02.046 V] #9 PLAYER : scripts/omw/skillhandlers.lua
[03:00:02.046 V] #10 PLAYER : scripts/omw/mechanics/playercontroller.lua
[03:00:02.046 V] #11 MENU : scripts/omw/camera/settings.lua
[03:00:02.046 V] #12 MENU : scripts/omw/input/settings.lua
[03:00:02.046 V] #13 PLAYER : scripts/omw/input/playercontrols.lua
[03:00:02.046 V] #14 PLAYER : scripts/omw/camera/camera.lua
[03:00:02.046 V] #15 PLAYER : scripts/omw/input/actionbindings.lua
[03:00:02.046 V] #16 PLAYER : scripts/omw/input/smoothmovement.lua
[03:00:02.046 V] #17 PLAYER : scripts/omw/input/gamepadcontrols.lua
[03:00:02.046 V] #18 NPC CREATURE : scripts/omw/ai.lua
[03:00:02.046 V] #19 GLOBAL : scripts/omw/mechanics/globalcontroller.lua
[03:00:02.046 V] #20 PLAYER CREATURE NPC : scripts/omw/mechanics/actorcontroller.lua
[03:00:02.046 V] #21 PLAYER NPC CREATURE : scripts/omw/combat/interface_local.lua
[03:00:02.046 V] #22 GLOBAL : scripts/omw/combat/interface_global.lua
[03:00:02.046 V] #23 PLAYER CREATURE NPC : scripts/omw/spellcasting/interface_local.lua
[03:00:02.046 V] #24 GLOBAL : scripts/omw/spellcasting/interface_global.lua
[03:00:02.046 V] #25 GLOBAL : scripts/omw/mechanics/projectiles.lua
[03:00:02.046 V] #26 PLAYER : scripts/omw/ui.lua
[03:00:02.046 V] #27 MENU : scripts/omw/console/menu.lua
[03:00:02.046 V] #28 PLAYER : scripts/omw/console/player.lua
[03:00:02.046 V] #29 GLOBAL : scripts/omw/console/global.lua
[03:00:02.046 V] #30 CUSTOM : scripts/omw/console/local.lua
[03:00:02.046 V] #31 NPC CREATURE : scripts/omw/music/actor.lua
[03:00:02.046 V] #32 GLOBAL : scripts/omw/cellhandlers.lua
[03:00:02.046 V] #33 GLOBAL : scripts/omw/combat/global.lua
[03:00:02.046 V] #34 PLAYER : scripts/omw/combat/settingspage.lua
[03:00:02.046 V] #35 PLAYER NPC CREATURE : scripts/omw/combat/local.lua
[03:00:02.046 V] #36 PLAYER : scripts/omw/music/music.lua
[03:00:02.046 V] #37 MENU : scripts/omw/music/settings.lua
[03:00:02.046 V] #38 PLAYER : scripts/omw/playerskillhandlers.lua
[03:00:02.046 V] #39 LOAD : scripts/omw/esmfallbacks.lua
[03:00:02.046 V] #40 PLAYER CREATURE NPC : scripts/omw/spellcasting/local.lua
[03:00:02.046 V] #41 DOOR CONTAINER : scripts/omw/spellcasting/lockable.lua
[03:00:02.046 V] #42 GLOBAL : scripts/omw/spellcasting/global.lua
[03:00:02.046 V] #43 GLOBAL : scripts/bench/global.lua
[03:00:02.046 V] #44 PLAYER : scripts/bench/player.lua
[03:00:02.056 V] Enchantment "test magic axe": dropping unexpected skill argument of "FortifyMaximumMagicka" effect
[03:00:02.127 I] Using 1 async physics threads
[03:00:02.127 I] Using <project>/harness/userdata/navmesh.db to store navigation mesh cache
[03:00:02.128 V] Using idle priority for thread=0x16fc93000
[03:00:02.128 I] Reserving texture units for shadow maps: 13..15
[03:00:02.130 I] Reserving texture unit for opaque depth texture: 12
[03:00:02.130 I] Reserving texture unit for opaque color texture: 11
[03:00:02.130 V] Disabling Multiview (disabled by config)
[03:00:02.133 V] Language file "l10n/Interface/gmst.yaml" is enabled
[03:00:02.134 V] Language file "l10n/Interface/en.yaml" is enabled
[03:00:02.143 V] Language file "l10n/OMWEngine/gmst.yaml" is enabled
[03:00:02.143 V] Language file "l10n/OMWEngine/en.yaml" is enabled
[03:00:02.153 V] Language file "l10n/OMWShaders/en.yaml" is enabled
[03:00:02.159 V] Language file "l10n/OMWCamera/en.yaml" is enabled
[03:00:02.160 V] Language file "l10n/OMWControls/en.yaml" is enabled
[03:00:02.160 V] Language file "l10n/interface/gmst.yaml" is enabled
[03:00:02.160 V] Language file "l10n/interface/en.yaml" is enabled
[03:00:02.161 V] Language file "l10n/Calendar/gmst.yaml" is enabled
[03:00:02.161 V] Language file "l10n/Calendar/en.yaml" is enabled
[03:00:02.161 V] Language file "l10n/OMWMusic/en.yaml" is enabled
[03:00:02.161 I] OSG stats will be written to: <project>/harness/results/20260906-0240-85eda9729-m4-core/sky-r1-stats.txt
[03:00:02.170 I] Starting a new game
[03:00:02.173 V] Language file "l10n/Mechanics/gmst.yaml" is enabled
[03:00:02.173 E] Error loading splash/splash_daedroth.tga: no readerwriter for 'tga' found
[03:00:02.195 I] Loading cell Pelagiad (0, -7)
[03:00:02.224 I] Loading cell Ascadian Isles Region (0, -6)
[03:00:02.232 I] Loading cell Ascadian Isles Region (-1, -7)
[03:00:02.247 I] Loading cell Pelagiad (0, -8)
[03:00:02.250 I] Loading cell Ascadian Isles Region (1, -7)
[03:00:02.258 I] Loading cell Ascadian Isles Region (-1, -6)
[03:00:02.262 I] Loading cell Ascadian Isles Region (1, -6)
[03:00:02.268 I] Loading cell Ascadian Isles Region (-1, -8)
[03:00:02.271 I] Loading cell Ascadian Isles Region (1, -8)
[03:00:02.282 V] Language file "l10n/OMWCombat/en.yaml" is enabled
[03:00:02.295 I] Warning: OutsideBanner line 38, column 6 (endif): endif without matching if/elseif
[03:00:02.310 I] Global[scripts/bench/global.lua]:	BENCH station=sky startcell="pelagiad" frame=1
[03:00:02.396 I] L@0x1[scripts/bench/player.lua]:	BENCH camera station=sky yaw=0 pitch=-60
[03:00:02.498 I] Global[scripts/bench/global.lua]:	BENCH station=sky ready frame=40 simtime=0.21
[03:00:55.819 I] Saving shader settings file: <project>/harness/results/20260906-0240-85eda9729-m4-core/overlay/shaders.yaml
[03:00:55.820 I] Saving Lua storage "<project>/harness/results/20260906-0240-85eda9729-m4-core/overlay/global_storage.bin" (140 bytes)
[03:00:55.820 I] Saving Lua storage "<project>/harness/results/20260906-0240-85eda9729-m4-core/overlay/player_storage.bin" (878 bytes)
[03:00:55.852 I] Saved input bindings: <project>/harness/results/20260906-0240-85eda9729-m4-core/overlay/input_v3.xml
[03:00:55.881 I] Quitting peacefully.
