[03:00:58.863 *] Crash handler installed
[03:00:58.931 *] Loading config file: <project>/openmw/build/OpenMW.app/Contents/Resources/openmw.cfg
[03:00:58.932 *] Loading config file: <project>/harness/config/openmw.cfg
[03:00:58.932 *] Loading config file: <project>/harness/results/20260906-0240-85eda9729-m4-core/overlay/openmw.cfg
[03:00:58.932 *] Logs dir: <project>/harness/results/20260906-0240-85eda9729-m4-core/overlay
[03:00:58.932 *] User data dir: <project>/harness/userdata
[03:00:58.932 *] Screenshots dir: <project>/harness/userdata/screenshots
[03:00:58.932 I] OpenMW version 0.52.0
[03:00:58.932 I] Revision: adc79c9835
[03:00:58.933 I] Loading settings file: <project>/openmw/build/OpenMW.app/Contents/Resources/defaults.bin
[03:00:58.933 I] Loading settings file: <project>/harness/config/settings.cfg
[03:00:58.933 I] Loading settings file: <project>/harness/results/20260906-0240-85eda9729-m4-core/overlay/settings.cfg
[03:00:58.933 I] Using default (English) font encoding.
[03:00:58.933 W] No such dir: <home>/Library/Application Support/openmw/data
[03:00:58.934 I] OSG version: 3.6.5
[03:00:58.934 I] SDL version: 2.32.10
[03:00:58.934 I] Loading shader settings file: <project>/harness/results/20260906-0240-85eda9729-m4-core/overlay/shaders.yaml
[03:00:58.954 E] Error: Failed to read window icon, no png readerwriter found
[03:00:58.954 W] Requesting OpenGL 4.1 core profile context
[03:00:58.976 I] OpenGL Vendor: Apple
[03:00:58.976 I] OpenGL Renderer: Apple M5 Pro
[03:00:58.976 I] OpenGL Version: 4.1 Metal - 90.5
[03:00:58.976 I] Core profile: granted 19 version-implied GL features on a GL 4.1 context
[03:00:58.976 I] Core profile: vertex attribute aliasing and matrix uniforms enabled, 26 fixed-function modes disabled
[03:00:58.976 W] GL_ARB_clip_control not supported: disabling reverse-z depth buffer
[03:00:58.977 I] Adding BSA archive <project>/Morrowind/Data Files/Morrowind.bsa
[03:00:58.978 I] Adding BSA archive <project>/Morrowind/Data Files/Tribunal.bsa
[03:00:58.978 I] Adding BSA archive <project>/Morrowind/Data Files/Bloodmoon.bsa
[03:00:58.979 I] Adding data directory <project>/openmw/build/OpenMW.app/Contents/Resources/../Resources/resources/vfs
[03:00:58.979 I] Adding data directory <project>/openmw/build/OpenMW.app/Contents/Resources/../Resources/resources/vfs-mw
[03:00:58.979 I] Adding data directory <project>/Morrowind/Data Files
[03:00:58.994 I] Adding data directory <project>/harness/mod
[03:00:58.999 I] Preferred locales: gmst en
[03:00:58.999 I] Initializing LuaUtil::LuaState without profiler
[03:00:58.999 I] Lua version: Lua 5.1.4 (LuaJIT 2.1.1767980792)
[03:00:58.999 I] Loading keybindings file: <project>/harness/results/20260906-0240-85eda9729-m4-core/overlay/input_v3.xml
[03:00:58.999 I] Loading TrueType font file fonts/mysticcards.omwfont
[03:00:59.002 I] Loading TrueType font file fonts/demonicletters.omwfont
[03:00:59.003 I] Loading TrueType font file fonts/dejavulgcsansmono.omwfont
[03:00:59.012 I] Sound disabled.
[03:00:59.012 I] Loading Lua storage "<project>/harness/results/20260906-0240-85eda9729-m4-core/overlay/global_storage.bin" (140 bytes)
[03:00:59.012 I] Loading Lua storage "<project>/harness/results/20260906-0240-85eda9729-m4-core/overlay/player_storage.bin" (878 bytes)
[03:00:59.015 I] Loading content file builtin.omwscripts
[03:00:59.015 E] Error loading splash/splash_clannfear.tga: no readerwriter for 'tga' found
[03:00:59.015 I] Loading content file Morrowind.esm
[03:00:59.184 I] Loading content file Tribunal.esm
[03:00:59.202 I] Loading content file Bloodmoon.esm
[03:00:59.230 I] Loading content file bench.omwscripts
[03:00:59.230 V] Lua scripts configuration (45 scripts):
[03:00:59.230 V] #0 MENU PLAYER : scripts/omw/mwui/init.lua
[03:00:59.230 V] #1 MENU : scripts/omw/settings/menu.lua
[03:00:59.230 V] #2 PLAYER : scripts/omw/settings/player.lua
[03:00:59.230 V] #3 GLOBAL : scripts/omw/settings/global.lua
[03:00:59.230 V] #4 GLOBAL : scripts/omw/activationhandlers.lua
[03:00:59.230 V] #5 GLOBAL : scripts/omw/usehandlers.lua
[03:00:59.230 V] #6 GLOBAL : scripts/omw/worldeventhandlers.lua
[03:00:59.230 V] #7 GLOBAL : scripts/omw/crimes.lua
[03:00:59.230 V] #8 PLAYER CREATURE NPC : scripts/omw/mechanics/animationcontroller.lua
[03:00:59.230 V] #9 PLAYER : scripts/omw/skillhandlers.lua
[03:00:59.230 V] #10 PLAYER : scripts/omw/mechanics/playercontroller.lua
[03:00:59.230 V] #11 MENU : scripts/omw/camera/settings.lua
[03:00:59.230 V] #12 MENU : scripts/omw/input/settings.lua
[03:00:59.230 V] #13 PLAYER : scripts/omw/input/playercontrols.lua
[03:00:59.230 V] #14 PLAYER : scripts/omw/camera/camera.lua
[03:00:59.230 V] #15 PLAYER : scripts/omw/input/actionbindings.lua
[03:00:59.230 V] #16 PLAYER : scripts/omw/input/smoothmovement.lua
[03:00:59.230 V] #17 PLAYER : scripts/omw/input/gamepadcontrols.lua
[03:00:59.230 V] #18 NPC CREATURE : scripts/omw/ai.lua
[03:00:59.230 V] #19 GLOBAL : scripts/omw/mechanics/globalcontroller.lua
[03:00:59.230 V] #20 PLAYER CREATURE NPC : scripts/omw/mechanics/actorcontroller.lua
[03:00:59.230 V] #21 PLAYER NPC CREATURE : scripts/omw/combat/interface_local.lua
[03:00:59.230 V] #22 GLOBAL : scripts/omw/combat/interface_global.lua
[03:00:59.230 V] #23 PLAYER CREATURE NPC : scripts/omw/spellcasting/interface_local.lua
[03:00:59.230 V] #24 GLOBAL : scripts/omw/spellcasting/interface_global.lua
[03:00:59.230 V] #25 GLOBAL : scripts/omw/mechanics/projectiles.lua
[03:00:59.230 V] #26 PLAYER : scripts/omw/ui.lua
[03:00:59.230 V] #27 MENU : scripts/omw/console/menu.lua
[03:00:59.230 V] #28 PLAYER : scripts/omw/console/player.lua
[03:00:59.230 V] #29 GLOBAL : scripts/omw/console/global.lua
[03:00:59.230 V] #30 CUSTOM : scripts/omw/console/local.lua
[03:00:59.230 V] #31 NPC CREATURE : scripts/omw/music/actor.lua
[03:00:59.230 V] #32 GLOBAL : scripts/omw/cellhandlers.lua
[03:00:59.230 V] #33 GLOBAL : scripts/omw/combat/global.lua
[03:00:59.230 V] #34 PLAYER : scripts/omw/combat/settingspage.lua
[03:00:59.230 V] #35 PLAYER NPC CREATURE : scripts/omw/combat/local.lua
[03:00:59.230 V] #36 PLAYER : scripts/omw/music/music.lua
[03:00:59.230 V] #37 MENU : scripts/omw/music/settings.lua
[03:00:59.230 V] #38 PLAYER : scripts/omw/playerskillhandlers.lua
[03:00:59.230 V] #39 LOAD : scripts/omw/esmfallbacks.lua
[03:00:59.230 V] #40 PLAYER CREATURE NPC : scripts/omw/spellcasting/local.lua
[03:00:59.230 V] #41 DOOR CONTAINER : scripts/omw/spellcasting/lockable.lua
[03:00:59.230 V] #42 GLOBAL : scripts/omw/spellcasting/global.lua
[03:00:59.230 V] #43 GLOBAL : scripts/bench/global.lua
[03:00:59.230 V] #44 PLAYER : scripts/bench/player.lua
[03:00:59.240 V] Enchantment "test magic axe": dropping unexpected skill argument of "FortifyMaximumMagicka" effect
[03:00:59.310 I] Using 1 async physics threads
[03:00:59.311 I] Using <project>/harness/userdata/navmesh.db to store navigation mesh cache
[03:00:59.312 V] Using idle priority for thread=0x16bdbf000
[03:00:59.312 I] Reserving texture units for shadow maps: 13..15
[03:00:59.313 I] Reserving texture unit for opaque depth texture: 12
[03:00:59.313 I] Reserving texture unit for opaque color texture: 11
[03:00:59.314 V] Disabling Multiview (disabled by config)
[03:00:59.317 V] Language file "l10n/Interface/gmst.yaml" is enabled
[03:00:59.318 V] Language file "l10n/Interface/en.yaml" is enabled
[03:00:59.327 V] Language file "l10n/OMWEngine/gmst.yaml" is enabled
[03:00:59.327 V] Language file "l10n/OMWEngine/en.yaml" is enabled
[03:00:59.337 V] Language file "l10n/OMWShaders/en.yaml" is enabled
[03:00:59.342 V] Language file "l10n/OMWCamera/en.yaml" is enabled
[03:00:59.344 V] Language file "l10n/OMWControls/en.yaml" is enabled
[03:00:59.344 V] Language file "l10n/interface/gmst.yaml" is enabled
[03:00:59.344 V] Language file "l10n/interface/en.yaml" is enabled
[03:00:59.344 V] Language file "l10n/Calendar/gmst.yaml" is enabled
[03:00:59.344 V] Language file "l10n/Calendar/en.yaml" is enabled
[03:00:59.344 V] Language file "l10n/OMWMusic/en.yaml" is enabled
[03:00:59.345 I] OSG stats will be written to: <project>/harness/results/20260906-0240-85eda9729-m4-core/sky-r2-stats.txt
[03:00:59.349 I] Starting a new game
[03:00:59.351 V] Language file "l10n/Mechanics/gmst.yaml" is enabled
[03:00:59.352 E] Error loading splash/splash_daedroth.tga: no readerwriter for 'tga' found
[03:00:59.373 E] Error loading splash/splash_clanndaddy.tga: no readerwriter for 'tga' found
[03:00:59.373 I] Loading cell Pelagiad (0, -7)
[03:00:59.407 I] Loading cell Ascadian Isles Region (0, -6)
[03:00:59.415 I] Loading cell Ascadian Isles Region (-1, -7)
[03:00:59.427 I] Loading cell Pelagiad (0, -8)
[03:00:59.429 I] Loading cell Ascadian Isles Region (1, -7)
[03:00:59.440 I] Loading cell Ascadian Isles Region (-1, -6)
[03:00:59.443 I] Loading cell Ascadian Isles Region (1, -6)
[03:00:59.450 I] Loading cell Ascadian Isles Region (-1, -8)
[03:00:59.452 I] Loading cell Ascadian Isles Region (1, -8)
[03:00:59.464 V] Language file "l10n/OMWCombat/en.yaml" is enabled
[03:00:59.476 I] Warning: OutsideBanner line 38, column 6 (endif): endif without matching if/elseif
[03:00:59.492 I] Global[scripts/bench/global.lua]:	BENCH station=sky startcell="pelagiad" frame=1
[03:00:59.573 I] L@0x1[scripts/bench/player.lua]:	BENCH camera station=sky yaw=0 pitch=-60
[03:00:59.662 I] Global[scripts/bench/global.lua]:	BENCH station=sky ready frame=40 simtime=0.20
[03:01:52.850 I] Saving shader settings file: <project>/harness/results/20260906-0240-85eda9729-m4-core/overlay/shaders.yaml
[03:01:52.851 I] Saving Lua storage "<project>/harness/results/20260906-0240-85eda9729-m4-core/overlay/global_storage.bin" (140 bytes)
[03:01:52.851 I] Saving Lua storage "<project>/harness/results/20260906-0240-85eda9729-m4-core/overlay/player_storage.bin" (878 bytes)
[03:01:52.881 I] Saved input bindings: <project>/harness/results/20260906-0240-85eda9729-m4-core/overlay/input_v3.xml
[03:01:52.909 I] Quitting peacefully.
