[03:01:55.482 *] Crash handler installed
[03:01:55.565 *] Loading config file: <project>/openmw/build/OpenMW.app/Contents/Resources/openmw.cfg
[03:01:55.565 *] Loading config file: <project>/harness/config/openmw.cfg
[03:01:55.566 *] Loading config file: <project>/harness/results/20260906-0240-85eda9729-m4-core/overlay/openmw.cfg
[03:01:55.566 *] Logs dir: <project>/harness/results/20260906-0240-85eda9729-m4-core/overlay
[03:01:55.566 *] User data dir: <project>/harness/userdata
[03:01:55.566 *] Screenshots dir: <project>/harness/userdata/screenshots
[03:01:55.566 I] OpenMW version 0.52.0
[03:01:55.566 I] Revision: adc79c9835
[03:01:55.566 I] Loading settings file: <project>/openmw/build/OpenMW.app/Contents/Resources/defaults.bin
[03:01:55.566 I] Loading settings file: <project>/harness/config/settings.cfg
[03:01:55.567 I] Loading settings file: <project>/harness/results/20260906-0240-85eda9729-m4-core/overlay/settings.cfg
[03:01:55.567 I] Using default (English) font encoding.
[03:01:55.567 W] No such dir: <home>/Library/Application Support/openmw/data
[03:01:55.567 I] OSG version: 3.6.5
[03:01:55.567 I] SDL version: 2.32.10
[03:01:55.567 I] Loading shader settings file: <project>/harness/results/20260906-0240-85eda9729-m4-core/overlay/shaders.yaml
[03:01:55.586 E] Error: Failed to read window icon, no png readerwriter found
[03:01:55.586 W] Requesting OpenGL 4.1 core profile context
[03:01:55.609 I] OpenGL Vendor: Apple
[03:01:55.609 I] OpenGL Renderer: Apple M5 Pro
[03:01:55.609 I] OpenGL Version: 4.1 Metal - 90.5
[03:01:55.609 I] Core profile: granted 19 version-implied GL features on a GL 4.1 context
[03:01:55.609 I] Core profile: vertex attribute aliasing and matrix uniforms enabled, 26 fixed-function modes disabled
[03:01:55.609 W] GL_ARB_clip_control not supported: disabling reverse-z depth buffer
[03:01:55.609 I] Adding BSA archive <project>/Morrowind/Data Files/Morrowind.bsa
[03:01:55.611 I] Adding BSA archive <project>/Morrowind/Data Files/Tribunal.bsa
[03:01:55.611 I] Adding BSA archive <project>/Morrowind/Data Files/Bloodmoon.bsa
[03:01:55.611 I] Adding data directory <project>/openmw/build/OpenMW.app/Contents/Resources/../Resources/resources/vfs
[03:01:55.612 I] Adding data directory <project>/openmw/build/OpenMW.app/Contents/Resources/../Resources/resources/vfs-mw
[03:01:55.612 I] Adding data directory <project>/Morrowind/Data Files
[03:01:55.627 I] Adding data directory <project>/harness/mod
[03:01:55.631 I] Preferred locales: gmst en
[03:01:55.632 I] Initializing LuaUtil::LuaState without profiler
[03:01:55.632 I] Lua version: Lua 5.1.4 (LuaJIT 2.1.1767980792)
[03:01:55.632 I] Loading keybindings file: <project>/harness/results/20260906-0240-85eda9729-m4-core/overlay/input_v3.xml
[03:01:55.632 I] Loading TrueType font file fonts/mysticcards.omwfont
[03:01:55.635 I] Loading TrueType font file fonts/demonicletters.omwfont
[03:01:55.635 I] Loading TrueType font file fonts/dejavulgcsansmono.omwfont
[03:01:55.644 I] Sound disabled.
[03:01:55.645 I] Loading Lua storage "<project>/harness/results/20260906-0240-85eda9729-m4-core/overlay/global_storage.bin" (140 bytes)
[03:01:55.645 I] Loading Lua storage "<project>/harness/results/20260906-0240-85eda9729-m4-core/overlay/player_storage.bin" (878 bytes)
[03:01:55.647 I] Loading content file builtin.omwscripts
[03:01:55.647 I] Loading content file Morrowind.esm
[03:01:55.647 E] Error loading splash/splash_clanndaddy.tga: no readerwriter for 'tga' found
[03:01:55.816 I] Loading content file Tribunal.esm
[03:01:55.834 I] Loading content file Bloodmoon.esm
[03:01:55.863 I] Loading content file bench.omwscripts
[03:01:55.864 V] Lua scripts configuration (45 scripts):
[03:01:55.864 V] #0 MENU PLAYER : scripts/omw/mwui/init.lua
[03:01:55.864 V] #1 MENU : scripts/omw/settings/menu.lua
[03:01:55.864 V] #2 PLAYER : scripts/omw/settings/player.lua
[03:01:55.864 V] #3 GLOBAL : scripts/omw/settings/global.lua
[03:01:55.864 V] #4 GLOBAL : scripts/omw/activationhandlers.lua
[03:01:55.864 V] #5 GLOBAL : scripts/omw/usehandlers.lua
[03:01:55.864 V] #6 GLOBAL : scripts/omw/worldeventhandlers.lua
[03:01:55.864 V] #7 GLOBAL : scripts/omw/crimes.lua
[03:01:55.864 V] #8 PLAYER CREATURE NPC : scripts/omw/mechanics/animationcontroller.lua
[03:01:55.864 V] #9 PLAYER : scripts/omw/skillhandlers.lua
[03:01:55.864 V] #10 PLAYER : scripts/omw/mechanics/playercontroller.lua
[03:01:55.864 V] #11 MENU : scripts/omw/camera/settings.lua
[03:01:55.864 V] #12 MENU : scripts/omw/input/settings.lua
[03:01:55.864 V] #13 PLAYER : scripts/omw/input/playercontrols.lua
[03:01:55.864 V] #14 PLAYER : scripts/omw/camera/camera.lua
[03:01:55.864 V] #15 PLAYER : scripts/omw/input/actionbindings.lua
[03:01:55.864 V] #16 PLAYER : scripts/omw/input/smoothmovement.lua
[03:01:55.864 V] #17 PLAYER : scripts/omw/input/gamepadcontrols.lua
[03:01:55.864 V] #18 NPC CREATURE : scripts/omw/ai.lua
[03:01:55.864 V] #19 GLOBAL : scripts/omw/mechanics/globalcontroller.lua
[03:01:55.864 V] #20 PLAYER CREATURE NPC : scripts/omw/mechanics/actorcontroller.lua
[03:01:55.864 V] #21 PLAYER NPC CREATURE : scripts/omw/combat/interface_local.lua
[03:01:55.864 V] #22 GLOBAL : scripts/omw/combat/interface_global.lua
[03:01:55.864 V] #23 PLAYER CREATURE NPC : scripts/omw/spellcasting/interface_local.lua
[03:01:55.864 V] #24 GLOBAL : scripts/omw/spellcasting/interface_global.lua
[03:01:55.864 V] #25 GLOBAL : scripts/omw/mechanics/projectiles.lua
[03:01:55.864 V] #26 PLAYER : scripts/omw/ui.lua
[03:01:55.864 V] #27 MENU : scripts/omw/console/menu.lua
[03:01:55.864 V] #28 PLAYER : scripts/omw/console/player.lua
[03:01:55.864 V] #29 GLOBAL : scripts/omw/console/global.lua
[03:01:55.864 V] #30 CUSTOM : scripts/omw/console/local.lua
[03:01:55.864 V] #31 NPC CREATURE : scripts/omw/music/actor.lua
[03:01:55.864 V] #32 GLOBAL : scripts/omw/cellhandlers.lua
[03:01:55.864 V] #33 GLOBAL : scripts/omw/combat/global.lua
[03:01:55.864 V] #34 PLAYER : scripts/omw/combat/settingspage.lua
[03:01:55.864 V] #35 PLAYER NPC CREATURE : scripts/omw/combat/local.lua
[03:01:55.864 V] #36 PLAYER : scripts/omw/music/music.lua
[03:01:55.864 V] #37 MENU : scripts/omw/music/settings.lua
[03:01:55.864 V] #38 PLAYER : scripts/omw/playerskillhandlers.lua
[03:01:55.864 V] #39 LOAD : scripts/omw/esmfallbacks.lua
[03:01:55.864 V] #40 PLAYER CREATURE NPC : scripts/omw/spellcasting/local.lua
[03:01:55.864 V] #41 DOOR CONTAINER : scripts/omw/spellcasting/lockable.lua
[03:01:55.864 V] #42 GLOBAL : scripts/omw/spellcasting/global.lua
[03:01:55.864 V] #43 GLOBAL : scripts/bench/global.lua
[03:01:55.864 V] #44 PLAYER : scripts/bench/player.lua
[03:01:55.874 V] Enchantment "test magic axe": dropping unexpected skill argument of "FortifyMaximumMagicka" effect
[03:01:55.944 I] Using 1 async physics threads
[03:01:55.944 I] Using <project>/harness/userdata/navmesh.db to store navigation mesh cache
[03:01:55.945 V] Using idle priority for thread=0x16faf3000
[03:01:55.945 I] Reserving texture units for shadow maps: 13..15
[03:01:55.947 I] Reserving texture unit for opaque depth texture: 12
[03:01:55.947 I] Reserving texture unit for opaque color texture: 11
[03:01:55.947 V] Disabling Multiview (disabled by config)
[03:01:55.951 V] Language file "l10n/Interface/gmst.yaml" is enabled
[03:01:55.951 V] Language file "l10n/Interface/en.yaml" is enabled
[03:01:55.960 V] Language file "l10n/OMWEngine/gmst.yaml" is enabled
[03:01:55.960 V] Language file "l10n/OMWEngine/en.yaml" is enabled
[03:01:55.970 V] Language file "l10n/OMWShaders/en.yaml" is enabled
[03:01:55.975 V] Language file "l10n/OMWCamera/en.yaml" is enabled
[03:01:55.977 V] Language file "l10n/OMWControls/en.yaml" is enabled
[03:01:55.977 V] Language file "l10n/interface/gmst.yaml" is enabled
[03:01:55.977 V] Language file "l10n/interface/en.yaml" is enabled
[03:01:55.977 V] Language file "l10n/Calendar/gmst.yaml" is enabled
[03:01:55.977 V] Language file "l10n/Calendar/en.yaml" is enabled
[03:01:55.977 V] Language file "l10n/OMWMusic/en.yaml" is enabled
[03:01:55.978 I] OSG stats will be written to: <project>/harness/results/20260906-0240-85eda9729-m4-core/sky-r3-stats.txt
[03:01:55.982 I] Starting a new game
[03:01:55.984 V] Language file "l10n/Mechanics/gmst.yaml" is enabled
[03:01:55.985 E] Error loading splash/splash_clannfear.tga: no readerwriter for 'tga' found
[03:01:56.006 E] Error loading splash/splash_nixhound.tga: no readerwriter for 'tga' found
[03:01:56.006 I] Loading cell Pelagiad (0, -7)
[03:01:56.045 I] Loading cell Ascadian Isles Region (0, -6)
[03:01:56.054 I] Loading cell Ascadian Isles Region (-1, -7)
[03:01:56.066 I] Loading cell Pelagiad (0, -8)
[03:01:56.069 I] Loading cell Ascadian Isles Region (1, -7)
[03:01:56.080 I] Loading cell Ascadian Isles Region (-1, -6)
[03:01:56.083 I] Loading cell Ascadian Isles Region (1, -6)
[03:01:56.091 I] Loading cell Ascadian Isles Region (-1, -8)
[03:01:56.093 I] Loading cell Ascadian Isles Region (1, -8)
[03:01:56.104 V] Language file "l10n/OMWCombat/en.yaml" is enabled
[03:01:56.116 I] Warning: OutsideBanner line 38, column 6 (endif): endif without matching if/elseif
[03:01:56.132 I] Global[scripts/bench/global.lua]:	BENCH station=sky startcell="pelagiad" frame=1
[03:01:56.212 I] L@0x1[scripts/bench/player.lua]:	BENCH camera station=sky yaw=0 pitch=-60
[03:01:56.296 I] Global[scripts/bench/global.lua]:	BENCH station=sky ready frame=40 simtime=0.19
[03:02:49.475 I] Saving shader settings file: <project>/harness/results/20260906-0240-85eda9729-m4-core/overlay/shaders.yaml
[03:02:49.475 I] Saving Lua storage "<project>/harness/results/20260906-0240-85eda9729-m4-core/overlay/global_storage.bin" (140 bytes)
[03:02:49.475 I] Saving Lua storage "<project>/harness/results/20260906-0240-85eda9729-m4-core/overlay/player_storage.bin" (878 bytes)
[03:02:49.505 I] Saved input bindings: <project>/harness/results/20260906-0240-85eda9729-m4-core/overlay/input_v3.xml
[03:02:49.534 I] Quitting peacefully.
