[03:04:46.406 *] Crash handler installed
[03:04:46.491 *] Loading config file: <project>/openmw/build/OpenMW.app/Contents/Resources/openmw.cfg
[03:04:46.492 *] Loading config file: <project>/harness/config/openmw.cfg
[03:04:46.492 *] Loading config file: <project>/harness/results/20260906-0240-85eda9729-m4-core/overlay/openmw.cfg
[03:04:46.492 *] Logs dir: <project>/harness/results/20260906-0240-85eda9729-m4-core/overlay
[03:04:46.492 *] User data dir: <project>/harness/userdata
[03:04:46.492 *] Screenshots dir: <project>/harness/userdata/screenshots
[03:04:46.493 I] OpenMW version 0.52.0
[03:04:46.493 I] Revision: adc79c9835
[03:04:46.493 I] Loading settings file: <project>/openmw/build/OpenMW.app/Contents/Resources/defaults.bin
[03:04:46.493 I] Loading settings file: <project>/harness/config/settings.cfg
[03:04:46.493 I] Loading settings file: <project>/harness/results/20260906-0240-85eda9729-m4-core/overlay/settings.cfg
[03:04:46.493 I] Using default (English) font encoding.
[03:04:46.493 W] No such dir: <home>/Library/Application Support/openmw/data
[03:04:46.494 I] OSG version: 3.6.5
[03:04:46.494 I] SDL version: 2.32.10
[03:04:46.494 I] Loading shader settings file: <project>/harness/results/20260906-0240-85eda9729-m4-core/overlay/shaders.yaml
[03:04:46.511 E] Error: Failed to read window icon, no png readerwriter found
[03:04:46.511 W] Requesting OpenGL 4.1 core profile context
[03:04:46.534 I] OpenGL Vendor: Apple
[03:04:46.534 I] OpenGL Renderer: Apple M5 Pro
[03:04:46.534 I] OpenGL Version: 4.1 Metal - 90.5
[03:04:46.534 I] Core profile: granted 19 version-implied GL features on a GL 4.1 context
[03:04:46.534 I] Core profile: vertex attribute aliasing and matrix uniforms enabled, 26 fixed-function modes disabled
[03:04:46.534 W] GL_ARB_clip_control not supported: disabling reverse-z depth buffer
[03:04:46.534 I] Adding BSA archive <project>/Morrowind/Data Files/Morrowind.bsa
[03:04:46.536 I] Adding BSA archive <project>/Morrowind/Data Files/Tribunal.bsa
[03:04:46.536 I] Adding BSA archive <project>/Morrowind/Data Files/Bloodmoon.bsa
[03:04:46.536 I] Adding data directory <project>/openmw/build/OpenMW.app/Contents/Resources/../Resources/resources/vfs
[03:04:46.537 I] Adding data directory <project>/openmw/build/OpenMW.app/Contents/Resources/../Resources/resources/vfs-mw
[03:04:46.537 I] Adding data directory <project>/Morrowind/Data Files
[03:04:46.552 I] Adding data directory <project>/harness/mod
[03:04:46.557 I] Preferred locales: gmst en
[03:04:46.557 I] Initializing LuaUtil::LuaState without profiler
[03:04:46.557 I] Lua version: Lua 5.1.4 (LuaJIT 2.1.1767980792)
[03:04:46.557 I] Loading keybindings file: <project>/harness/results/20260906-0240-85eda9729-m4-core/overlay/input_v3.xml
[03:04:46.557 I] Loading TrueType font file fonts/mysticcards.omwfont
[03:04:46.560 I] Loading TrueType font file fonts/demonicletters.omwfont
[03:04:46.561 I] Loading TrueType font file fonts/dejavulgcsansmono.omwfont
[03:04:46.570 I] Sound disabled.
[03:04:46.570 I] Loading Lua storage "<project>/harness/results/20260906-0240-85eda9729-m4-core/overlay/global_storage.bin" (140 bytes)
[03:04:46.570 I] Loading Lua storage "<project>/harness/results/20260906-0240-85eda9729-m4-core/overlay/player_storage.bin" (878 bytes)
[03:04:46.573 I] Loading content file builtin.omwscripts
[03:04:46.573 E] Error loading splash/splash_spherecenturion.tga: no readerwriter for 'tga' found
[03:04:46.573 I] Loading content file Morrowind.esm
[03:04:46.741 I] Loading content file Tribunal.esm
[03:04:46.759 I] Loading content file Bloodmoon.esm
[03:04:46.785 I] Loading content file bench.omwscripts
[03:04:46.785 V] Lua scripts configuration (45 scripts):
[03:04:46.785 V] #0 MENU PLAYER : scripts/omw/mwui/init.lua
[03:04:46.785 V] #1 MENU : scripts/omw/settings/menu.lua
[03:04:46.785 V] #2 PLAYER : scripts/omw/settings/player.lua
[03:04:46.785 V] #3 GLOBAL : scripts/omw/settings/global.lua
[03:04:46.785 V] #4 GLOBAL : scripts/omw/activationhandlers.lua
[03:04:46.785 V] #5 GLOBAL : scripts/omw/usehandlers.lua
[03:04:46.785 V] #6 GLOBAL : scripts/omw/worldeventhandlers.lua
[03:04:46.785 V] #7 GLOBAL : scripts/omw/crimes.lua
[03:04:46.785 V] #8 PLAYER CREATURE NPC : scripts/omw/mechanics/animationcontroller.lua
[03:04:46.785 V] #9 PLAYER : scripts/omw/skillhandlers.lua
[03:04:46.785 V] #10 PLAYER : scripts/omw/mechanics/playercontroller.lua
[03:04:46.785 V] #11 MENU : scripts/omw/camera/settings.lua
[03:04:46.785 V] #12 MENU : scripts/omw/input/settings.lua
[03:04:46.785 V] #13 PLAYER : scripts/omw/input/playercontrols.lua
[03:04:46.785 V] #14 PLAYER : scripts/omw/camera/camera.lua
[03:04:46.785 V] #15 PLAYER : scripts/omw/input/actionbindings.lua
[03:04:46.785 V] #16 PLAYER : scripts/omw/input/smoothmovement.lua
[03:04:46.785 V] #17 PLAYER : scripts/omw/input/gamepadcontrols.lua
[03:04:46.785 V] #18 NPC CREATURE : scripts/omw/ai.lua
[03:04:46.785 V] #19 GLOBAL : scripts/omw/mechanics/globalcontroller.lua
[03:04:46.785 V] #20 PLAYER CREATURE NPC : scripts/omw/mechanics/actorcontroller.lua
[03:04:46.785 V] #21 PLAYER NPC CREATURE : scripts/omw/combat/interface_local.lua
[03:04:46.785 V] #22 GLOBAL : scripts/omw/combat/interface_global.lua
[03:04:46.785 V] #23 PLAYER CREATURE NPC : scripts/omw/spellcasting/interface_local.lua
[03:04:46.785 V] #24 GLOBAL : scripts/omw/spellcasting/interface_global.lua
[03:04:46.785 V] #25 GLOBAL : scripts/omw/mechanics/projectiles.lua
[03:04:46.785 V] #26 PLAYER : scripts/omw/ui.lua
[03:04:46.785 V] #27 MENU : scripts/omw/console/menu.lua
[03:04:46.785 V] #28 PLAYER : scripts/omw/console/player.lua
[03:04:46.785 V] #29 GLOBAL : scripts/omw/console/global.lua
[03:04:46.785 V] #30 CUSTOM : scripts/omw/console/local.lua
[03:04:46.785 V] #31 NPC CREATURE : scripts/omw/music/actor.lua
[03:04:46.786 V] #32 GLOBAL : scripts/omw/cellhandlers.lua
[03:04:46.786 V] #33 GLOBAL : scripts/omw/combat/global.lua
[03:04:46.786 V] #34 PLAYER : scripts/omw/combat/settingspage.lua
[03:04:46.786 V] #35 PLAYER NPC CREATURE : scripts/omw/combat/local.lua
[03:04:46.786 V] #36 PLAYER : scripts/omw/music/music.lua
[03:04:46.786 V] #37 MENU : scripts/omw/music/settings.lua
[03:04:46.786 V] #38 PLAYER : scripts/omw/playerskillhandlers.lua
[03:04:46.786 V] #39 LOAD : scripts/omw/esmfallbacks.lua
[03:04:46.786 V] #40 PLAYER CREATURE NPC : scripts/omw/spellcasting/local.lua
[03:04:46.786 V] #41 DOOR CONTAINER : scripts/omw/spellcasting/lockable.lua
[03:04:46.786 V] #42 GLOBAL : scripts/omw/spellcasting/global.lua
[03:04:46.786 V] #43 GLOBAL : scripts/bench/global.lua
[03:04:46.786 V] #44 PLAYER : scripts/bench/player.lua
[03:04:46.795 V] Enchantment "test magic axe": dropping unexpected skill argument of "FortifyMaximumMagicka" effect
[03:04:46.866 I] Using 1 async physics threads
[03:04:46.866 I] Using <project>/harness/userdata/navmesh.db to store navigation mesh cache
[03:04:46.867 V] Using idle priority for thread=0x16f5c3000
[03:04:46.867 I] Reserving texture units for shadow maps: 13..15
[03:04:46.868 I] Reserving texture unit for opaque depth texture: 12
[03:04:46.868 I] Reserving texture unit for opaque color texture: 11
[03:04:46.868 V] Disabling Multiview (disabled by config)
[03:04:46.872 V] Language file "l10n/Interface/gmst.yaml" is enabled
[03:04:46.873 V] Language file "l10n/Interface/en.yaml" is enabled
[03:04:46.881 V] Language file "l10n/OMWEngine/gmst.yaml" is enabled
[03:04:46.882 V] Language file "l10n/OMWEngine/en.yaml" is enabled
[03:04:46.891 V] Language file "l10n/OMWShaders/en.yaml" is enabled
[03:04:46.897 V] Language file "l10n/OMWCamera/en.yaml" is enabled
[03:04:46.898 V] Language file "l10n/OMWControls/en.yaml" is enabled
[03:04:46.899 V] Language file "l10n/interface/gmst.yaml" is enabled
[03:04:46.899 V] Language file "l10n/interface/en.yaml" is enabled
[03:04:46.899 V] Language file "l10n/Calendar/gmst.yaml" is enabled
[03:04:46.899 V] Language file "l10n/Calendar/en.yaml" is enabled
[03:04:46.899 V] Language file "l10n/OMWMusic/en.yaml" is enabled
[03:04:46.899 I] OSG stats will be written to: <project>/harness/results/20260906-0240-85eda9729-m4-core/ui-r3-stats.txt
[03:04:46.904 I] Starting a new game
[03:04:46.906 V] Language file "l10n/Mechanics/gmst.yaml" is enabled
[03:04:46.907 E] Error loading splash/splash_siltstriker.tga: no readerwriter for 'tga' found
[03:04:46.910 I] Changing to interior
[03:04:46.910 I] Loading cell Balmora, Guild of Mages
[03:04:46.966 V] Language file "l10n/OMWCombat/en.yaml" is enabled
[03:04:47.007 I] Global[scripts/bench/global.lua]:	BENCH station=ui startcell="balmora, guild of mages" frame=1
[03:04:47.044 V] Controller R2_Claw02 present more than once in meshes/r/xsiltstrider.kf, ignoring later version
[03:04:47.060 I] L@0x1[scripts/bench/player.lua]:	BENCH camera station=ui yaw=0 pitch=0
[03:04:47.133 I] Global[scripts/bench/global.lua]:	BENCH station=ui ready frame=40 simtime=0.09
[03:05:40.393 I] Saving shader settings file: <project>/harness/results/20260906-0240-85eda9729-m4-core/overlay/shaders.yaml
[03:05:40.394 I] Saving Lua storage "<project>/harness/results/20260906-0240-85eda9729-m4-core/overlay/global_storage.bin" (140 bytes)
[03:05:40.394 I] Saving Lua storage "<project>/harness/results/20260906-0240-85eda9729-m4-core/overlay/player_storage.bin" (878 bytes)
[03:05:40.420 I] Saved input bindings: <project>/harness/results/20260906-0240-85eda9729-m4-core/overlay/input_v3.xml
[03:05:40.451 I] Quitting peacefully.
