[02:47:15.015 *] Crash handler installed
[02:47:15.100 *] Loading config file: <project>/openmw/build/OpenMW.app/Contents/Resources/openmw.cfg
[02:47:15.101 *] Loading config file: <project>/harness/config/openmw.cfg
[02:47:15.101 *] Loading config file: <project>/harness/results/20260906-0240-85eda9729-m4-core/overlay/openmw.cfg
[02:47:15.101 *] Logs dir: <project>/harness/results/20260906-0240-85eda9729-m4-core/overlay
[02:47:15.101 *] User data dir: <project>/harness/userdata
[02:47:15.101 *] Screenshots dir: <project>/harness/userdata/screenshots
[02:47:15.102 I] OpenMW version 0.52.0
[02:47:15.102 I] Revision: adc79c9835
[02:47:15.102 I] Loading settings file: <project>/openmw/build/OpenMW.app/Contents/Resources/defaults.bin
[02:47:15.102 I] Loading settings file: <project>/harness/config/settings.cfg
[02:47:15.102 I] Loading settings file: <project>/harness/results/20260906-0240-85eda9729-m4-core/overlay/settings.cfg
[02:47:15.103 I] Using default (English) font encoding.
[02:47:15.103 W] No such dir: <home>/Library/Application Support/openmw/data
[02:47:15.103 I] OSG version: 3.6.5
[02:47:15.103 I] SDL version: 2.32.10
[02:47:15.103 I] Loading shader settings file: <project>/harness/results/20260906-0240-85eda9729-m4-core/overlay/shaders.yaml
[02:47:15.123 E] Error: Failed to read window icon, no png readerwriter found
[02:47:15.123 W] Requesting OpenGL 4.1 core profile context
[02:47:15.150 I] OpenGL Vendor: Apple
[02:47:15.150 I] OpenGL Renderer: Apple M5 Pro
[02:47:15.150 I] OpenGL Version: 4.1 Metal - 90.5
[02:47:15.150 I] Core profile: granted 19 version-implied GL features on a GL 4.1 context
[02:47:15.150 I] Core profile: vertex attribute aliasing and matrix uniforms enabled, 26 fixed-function modes disabled
[02:47:15.150 W] GL_ARB_clip_control not supported: disabling reverse-z depth buffer
[02:47:15.150 I] Adding BSA archive <project>/Morrowind/Data Files/Morrowind.bsa
[02:47:15.152 I] Adding BSA archive <project>/Morrowind/Data Files/Tribunal.bsa
[02:47:15.152 I] Adding BSA archive <project>/Morrowind/Data Files/Bloodmoon.bsa
[02:47:15.152 I] Adding data directory <project>/openmw/build/OpenMW.app/Contents/Resources/../Resources/resources/vfs
[02:47:15.153 I] Adding data directory <project>/openmw/build/OpenMW.app/Contents/Resources/../Resources/resources/vfs-mw
[02:47:15.153 I] Adding data directory <project>/Morrowind/Data Files
[02:47:15.169 I] Adding data directory <project>/harness/mod
[02:47:15.174 I] Preferred locales: gmst en
[02:47:15.174 I] Initializing LuaUtil::LuaState without profiler
[02:47:15.174 I] Lua version: Lua 5.1.4 (LuaJIT 2.1.1767980792)
[02:47:15.174 I] Loading keybindings file: <project>/harness/results/20260906-0240-85eda9729-m4-core/overlay/input_v3.xml
[02:47:15.175 I] Loading TrueType font file fonts/mysticcards.omwfont
[02:47:15.177 I] Loading TrueType font file fonts/demonicletters.omwfont
[02:47:15.178 I] Loading TrueType font file fonts/dejavulgcsansmono.omwfont
[02:47:15.187 I] Sound disabled.
[02:47:15.187 I] Loading Lua storage "<project>/harness/results/20260906-0240-85eda9729-m4-core/overlay/global_storage.bin" (140 bytes)
[02:47:15.187 I] Loading Lua storage "<project>/harness/results/20260906-0240-85eda9729-m4-core/overlay/player_storage.bin" (878 bytes)
[02:47:15.190 I] Loading content file builtin.omwscripts
[02:47:15.190 I] Loading content file Morrowind.esm
[02:47:15.190 E] Error loading splash/splash_skeleton.tga: no readerwriter for 'tga' found
[02:47:15.320 I] Loading content file Tribunal.esm
[02:47:15.340 I] Loading content file Bloodmoon.esm
[02:47:15.365 I] Loading content file bench.omwscripts
[02:47:15.365 V] Lua scripts configuration (45 scripts):
[02:47:15.365 V] #0 MENU PLAYER : scripts/omw/mwui/init.lua
[02:47:15.365 V] #1 MENU : scripts/omw/settings/menu.lua
[02:47:15.365 V] #2 PLAYER : scripts/omw/settings/player.lua
[02:47:15.365 V] #3 GLOBAL : scripts/omw/settings/global.lua
[02:47:15.365 V] #4 GLOBAL : scripts/omw/activationhandlers.lua
[02:47:15.365 V] #5 GLOBAL : scripts/omw/usehandlers.lua
[02:47:15.365 V] #6 GLOBAL : scripts/omw/worldeventhandlers.lua
[02:47:15.365 V] #7 GLOBAL : scripts/omw/crimes.lua
[02:47:15.365 V] #8 PLAYER CREATURE NPC : scripts/omw/mechanics/animationcontroller.lua
[02:47:15.365 V] #9 PLAYER : scripts/omw/skillhandlers.lua
[02:47:15.365 V] #10 PLAYER : scripts/omw/mechanics/playercontroller.lua
[02:47:15.365 V] #11 MENU : scripts/omw/camera/settings.lua
[02:47:15.365 V] #12 MENU : scripts/omw/input/settings.lua
[02:47:15.365 V] #13 PLAYER : scripts/omw/input/playercontrols.lua
[02:47:15.365 V] #14 PLAYER : scripts/omw/camera/camera.lua
[02:47:15.365 V] #15 PLAYER : scripts/omw/input/actionbindings.lua
[02:47:15.365 V] #16 PLAYER : scripts/omw/input/smoothmovement.lua
[02:47:15.365 V] #17 PLAYER : scripts/omw/input/gamepadcontrols.lua
[02:47:15.365 V] #18 NPC CREATURE : scripts/omw/ai.lua
[02:47:15.365 V] #19 GLOBAL : scripts/omw/mechanics/globalcontroller.lua
[02:47:15.365 V] #20 PLAYER CREATURE NPC : scripts/omw/mechanics/actorcontroller.lua
[02:47:15.365 V] #21 PLAYER NPC CREATURE : scripts/omw/combat/interface_local.lua
[02:47:15.365 V] #22 GLOBAL : scripts/omw/combat/interface_global.lua
[02:47:15.365 V] #23 PLAYER CREATURE NPC : scripts/omw/spellcasting/interface_local.lua
[02:47:15.365 V] #24 GLOBAL : scripts/omw/spellcasting/interface_global.lua
[02:47:15.365 V] #25 GLOBAL : scripts/omw/mechanics/projectiles.lua
[02:47:15.365 V] #26 PLAYER : scripts/omw/ui.lua
[02:47:15.365 V] #27 MENU : scripts/omw/console/menu.lua
[02:47:15.365 V] #28 PLAYER : scripts/omw/console/player.lua
[02:47:15.365 V] #29 GLOBAL : scripts/omw/console/global.lua
[02:47:15.365 V] #30 CUSTOM : scripts/omw/console/local.lua
[02:47:15.365 V] #31 NPC CREATURE : scripts/omw/music/actor.lua
[02:47:15.365 V] #32 GLOBAL : scripts/omw/cellhandlers.lua
[02:47:15.365 V] #33 GLOBAL : scripts/omw/combat/global.lua
[02:47:15.365 V] #34 PLAYER : scripts/omw/combat/settingspage.lua
[02:47:15.365 V] #35 PLAYER NPC CREATURE : scripts/omw/combat/local.lua
[02:47:15.365 V] #36 PLAYER : scripts/omw/music/music.lua
[02:47:15.365 V] #37 MENU : scripts/omw/music/settings.lua
[02:47:15.365 V] #38 PLAYER : scripts/omw/playerskillhandlers.lua
[02:47:15.365 V] #39 LOAD : scripts/omw/esmfallbacks.lua
[02:47:15.365 V] #40 PLAYER CREATURE NPC : scripts/omw/spellcasting/local.lua
[02:47:15.365 V] #41 DOOR CONTAINER : scripts/omw/spellcasting/lockable.lua
[02:47:15.365 V] #42 GLOBAL : scripts/omw/spellcasting/global.lua
[02:47:15.365 V] #43 GLOBAL : scripts/bench/global.lua
[02:47:15.365 V] #44 PLAYER : scripts/bench/player.lua
[02:47:15.377 V] Enchantment "test magic axe": dropping unexpected skill argument of "FortifyMaximumMagicka" effect
[02:47:15.450 I] Using 1 async physics threads
[02:47:15.450 I] Using <project>/harness/userdata/navmesh.db to store navigation mesh cache
[02:47:15.451 V] Using idle priority for thread=0x16e577000
[02:47:15.451 I] Reserving texture units for shadow maps: 13..15
[02:47:15.452 I] Reserving texture unit for opaque depth texture: 12
[02:47:15.452 I] Reserving texture unit for opaque color texture: 11
[02:47:15.452 V] Disabling Multiview (disabled by config)
[02:47:15.456 V] Language file "l10n/Interface/gmst.yaml" is enabled
[02:47:15.456 V] Language file "l10n/Interface/en.yaml" is enabled
[02:47:15.465 V] Language file "l10n/OMWEngine/gmst.yaml" is enabled
[02:47:15.466 V] Language file "l10n/OMWEngine/en.yaml" is enabled
[02:47:15.476 V] Language file "l10n/OMWShaders/en.yaml" is enabled
[02:47:15.482 V] Language file "l10n/OMWCamera/en.yaml" is enabled
[02:47:15.483 V] Language file "l10n/OMWControls/en.yaml" is enabled
[02:47:15.484 V] Language file "l10n/interface/gmst.yaml" is enabled
[02:47:15.484 V] Language file "l10n/interface/en.yaml" is enabled
[02:47:15.484 V] Language file "l10n/Calendar/gmst.yaml" is enabled
[02:47:15.484 V] Language file "l10n/Calendar/en.yaml" is enabled
[02:47:15.484 V] Language file "l10n/OMWMusic/en.yaml" is enabled
[02:47:15.485 I] OSG stats will be written to: <project>/harness/results/20260906-0240-85eda9729-m4-core/vivec-r2-stats.txt
[02:47:15.490 I] Starting a new game
[02:47:15.492 V] Language file "l10n/Mechanics/gmst.yaml" is enabled
[02:47:15.493 E] Error loading splash/splash_clannfear.tga: no readerwriter for 'tga' found
[02:47:15.515 E] Error loading splash/splash_kwamawarrior.tga: no readerwriter for 'tga' found
[02:47:15.515 I] Loading cell Vivec, Arena (4, -11)
[02:47:15.530 I] Loading cell Vivec, Redoran (3, -11)
[02:47:15.540 I] Loading cell Vivec, Foreign Quarter (4, -10)
[02:47:15.550 I] Loading cell Vivec, St. Olms (4, -12)
[02:47:15.554 I] Loading cell Vivec, Telvanni (5, -11)
[02:47:15.561 I] Loading cell Vivec, Foreign Quarter (3, -10)
[02:47:15.567 I] Loading cell Vivec, St. Delyn (3, -12)
[02:47:15.574 I] Loading cell Vivec (5, -10)
[02:47:15.582 I] Loading cell Ascadian Isles Region (5, -12)
[02:47:15.590 V] Language file "l10n/OMWCombat/en.yaml" is enabled
[02:47:15.636 I] Global[scripts/bench/global.lua]:	BENCH station=vivec startcell="vivec, arena" frame=1
[02:47:15.721 I] L@0x1[scripts/bench/player.lua]:	BENCH camera station=vivec yaw=180 pitch=12
[02:47:15.986 I] Global[scripts/bench/global.lua]:	BENCH station=vivec ready frame=40 simtime=0.39
[02:48:09.022 I] Saving shader settings file: <project>/harness/results/20260906-0240-85eda9729-m4-core/overlay/shaders.yaml
[02:48:09.022 I] Saving Lua storage "<project>/harness/results/20260906-0240-85eda9729-m4-core/overlay/global_storage.bin" (140 bytes)
[02:48:09.023 I] Saving Lua storage "<project>/harness/results/20260906-0240-85eda9729-m4-core/overlay/player_storage.bin" (878 bytes)
[02:48:09.053 I] Saved input bindings: <project>/harness/results/20260906-0240-85eda9729-m4-core/overlay/input_v3.xml
[02:48:09.079 I] Quitting peacefully.
