[19:46:15.274 *] Crash handler installed
[19:46:15.343 *] Loading config file: <project>/openmw/build/OpenMW.app/Contents/Resources/openmw.cfg
[19:46:15.343 *] Loading config file: <project>/harness/config/openmw.cfg
[19:46:15.344 *] Loading config file: <project>/harness/results/20260905-1936-8dc3ccd23-upstream-heavy/overlay/openmw.cfg
[19:46:15.344 *] Logs dir: <project>/harness/results/20260905-1936-8dc3ccd23-upstream-heavy/overlay
[19:46:15.344 *] User data dir: <project>/harness/userdata
[19:46:15.344 *] Screenshots dir: <project>/harness/userdata/screenshots
[19:46:15.344 I] OpenMW version 0.52.0
[19:46:15.344 I] Revision: 8dc3ccd234
[19:46:15.344 I] Loading settings file: <project>/openmw/build/OpenMW.app/Contents/Resources/defaults.bin
[19:46:15.344 I] Loading settings file: <project>/harness/config/settings.cfg
[19:46:15.345 I] Loading settings file: <project>/harness/results/20260905-1936-8dc3ccd23-upstream-heavy/overlay/settings.cfg
[19:46:15.345 W] int [Game] actors processing range setting value is out of allowed values set: 14336, sanitized to 7168
[19:46:15.345 I] Using default (English) font encoding.
[19:46:15.345 W] No such dir: <home>/Library/Application Support/openmw/data
[19:46:15.345 I] OSG version: 3.6.5
[19:46:15.345 I] SDL version: 2.32.10
[19:46:15.345 I] Loading shader settings file: <project>/harness/results/20260905-1936-8dc3ccd23-upstream-heavy/overlay/shaders.yaml
[19:46:15.397 I] OpenGL Vendor: Apple
[19:46:15.397 I] OpenGL Renderer: Apple M5 Pro
[19:46:15.397 I] OpenGL Version: 2.1 Metal - 90.5
[19:46:15.397 W] GL_ARB_clip_control not supported: disabling reverse-z depth buffer
[19:46:15.397 I] Adding BSA archive <project>/Morrowind/Data Files/Morrowind.bsa
[19:46:15.398 I] Adding BSA archive <project>/Morrowind/Data Files/Tribunal.bsa
[19:46:15.398 I] Adding BSA archive <project>/Morrowind/Data Files/Bloodmoon.bsa
[19:46:15.398 I] Adding data directory <project>/openmw/build/OpenMW.app/Contents/Resources/../Resources/resources/vfs
[19:46:15.399 I] Adding data directory <project>/openmw/build/OpenMW.app/Contents/Resources/../Resources/resources/vfs-mw
[19:46:15.399 I] Adding data directory <project>/Morrowind/Data Files
[19:46:15.414 I] Adding data directory <project>/harness/mod
[19:46:15.418 I] Preferred locales: gmst en
[19:46:15.418 I] Initializing LuaUtil::LuaState without profiler
[19:46:15.418 I] Lua version: Lua 5.1.4 (LuaJIT 2.1.1767980792)
[19:46:15.418 I] Loading keybindings file: <project>/harness/results/20260905-1936-8dc3ccd23-upstream-heavy/overlay/input_v3.xml
[19:46:15.419 I] Loading TrueType font file fonts/mysticcards.omwfont
[19:46:15.421 I] Loading TrueType font file fonts/demonicletters.omwfont
[19:46:15.422 I] Loading TrueType font file fonts/dejavulgcsansmono.omwfont
[19:46:15.430 I] Sound disabled.
[19:46:15.430 I] Loading Lua storage "<project>/harness/results/20260905-1936-8dc3ccd23-upstream-heavy/overlay/global_storage.bin" (140 bytes)
[19:46:15.430 I] Loading Lua storage "<project>/harness/results/20260905-1936-8dc3ccd23-upstream-heavy/overlay/player_storage.bin" (878 bytes)
[19:46:15.433 I] Loading content file builtin.omwscripts
[19:46:15.433 I] Loading content file Morrowind.esm
[19:46:15.579 I] Loading content file Tribunal.esm
[19:46:15.598 I] Loading content file Bloodmoon.esm
[19:46:15.622 I] Loading content file bench.omwscripts
[19:46:15.622 V] Lua scripts configuration (45 scripts):
[19:46:15.622 V] #0 MENU PLAYER : scripts/omw/mwui/init.lua
[19:46:15.622 V] #1 MENU : scripts/omw/settings/menu.lua
[19:46:15.622 V] #2 PLAYER : scripts/omw/settings/player.lua
[19:46:15.622 V] #3 GLOBAL : scripts/omw/settings/global.lua
[19:46:15.622 V] #4 GLOBAL : scripts/omw/activationhandlers.lua
[19:46:15.622 V] #5 GLOBAL : scripts/omw/usehandlers.lua
[19:46:15.622 V] #6 GLOBAL : scripts/omw/worldeventhandlers.lua
[19:46:15.622 V] #7 GLOBAL : scripts/omw/crimes.lua
[19:46:15.622 V] #8 PLAYER CREATURE NPC : scripts/omw/mechanics/animationcontroller.lua
[19:46:15.622 V] #9 PLAYER : scripts/omw/skillhandlers.lua
[19:46:15.622 V] #10 PLAYER : scripts/omw/mechanics/playercontroller.lua
[19:46:15.622 V] #11 MENU : scripts/omw/camera/settings.lua
[19:46:15.622 V] #12 MENU : scripts/omw/input/settings.lua
[19:46:15.622 V] #13 PLAYER : scripts/omw/input/playercontrols.lua
[19:46:15.622 V] #14 PLAYER : scripts/omw/camera/camera.lua
[19:46:15.622 V] #15 PLAYER : scripts/omw/input/actionbindings.lua
[19:46:15.622 V] #16 PLAYER : scripts/omw/input/smoothmovement.lua
[19:46:15.622 V] #17 PLAYER : scripts/omw/input/gamepadcontrols.lua
[19:46:15.622 V] #18 NPC CREATURE : scripts/omw/ai.lua
[19:46:15.622 V] #19 GLOBAL : scripts/omw/mechanics/globalcontroller.lua
[19:46:15.622 V] #20 PLAYER CREATURE NPC : scripts/omw/mechanics/actorcontroller.lua
[19:46:15.622 V] #21 PLAYER NPC CREATURE : scripts/omw/combat/interface_local.lua
[19:46:15.622 V] #22 GLOBAL : scripts/omw/combat/interface_global.lua
[19:46:15.622 V] #23 PLAYER CREATURE NPC : scripts/omw/spellcasting/interface_local.lua
[19:46:15.622 V] #24 GLOBAL : scripts/omw/spellcasting/interface_global.lua
[19:46:15.622 V] #25 GLOBAL : scripts/omw/mechanics/projectiles.lua
[19:46:15.622 V] #26 PLAYER : scripts/omw/ui.lua
[19:46:15.622 V] #27 MENU : scripts/omw/console/menu.lua
[19:46:15.622 V] #28 PLAYER : scripts/omw/console/player.lua
[19:46:15.622 V] #29 GLOBAL : scripts/omw/console/global.lua
[19:46:15.622 V] #30 CUSTOM : scripts/omw/console/local.lua
[19:46:15.622 V] #31 NPC CREATURE : scripts/omw/music/actor.lua
[19:46:15.622 V] #32 GLOBAL : scripts/omw/cellhandlers.lua
[19:46:15.622 V] #33 GLOBAL : scripts/omw/combat/global.lua
[19:46:15.622 V] #34 PLAYER : scripts/omw/combat/settingspage.lua
[19:46:15.622 V] #35 PLAYER NPC CREATURE : scripts/omw/combat/local.lua
[19:46:15.622 V] #36 PLAYER : scripts/omw/music/music.lua
[19:46:15.622 V] #37 MENU : scripts/omw/music/settings.lua
[19:46:15.622 V] #38 PLAYER : scripts/omw/playerskillhandlers.lua
[19:46:15.622 V] #39 LOAD : scripts/omw/esmfallbacks.lua
[19:46:15.622 V] #40 PLAYER CREATURE NPC : scripts/omw/spellcasting/local.lua
[19:46:15.622 V] #41 DOOR CONTAINER : scripts/omw/spellcasting/lockable.lua
[19:46:15.622 V] #42 GLOBAL : scripts/omw/spellcasting/global.lua
[19:46:15.622 V] #43 GLOBAL : scripts/bench/global.lua
[19:46:15.622 V] #44 PLAYER : scripts/bench/player.lua
[19:46:15.633 V] Enchantment "test magic axe": dropping unexpected skill argument of "FortifyMaximumMagicka" effect
[19:46:15.702 I] Using 1 async physics threads
[19:46:15.703 I] Using <project>/harness/userdata/navmesh.db to store navigation mesh cache
[19:46:15.703 V] Using idle priority for thread=0x16f79b000
[19:46:15.703 I] Reserving texture units for shadow maps: 13..15
[19:46:15.704 I] Reserving texture unit for opaque depth texture: 12
[19:46:15.704 I] Reserving texture unit for opaque color texture: 11
[19:46:15.704 V] Disabling Multiview (disabled by config)
[19:46:15.707 I] Initialized fallback fragment shader pipeline for water ripples
[19:46:15.708 V] Language file "l10n/Interface/gmst.yaml" is enabled
[19:46:15.708 V] Language file "l10n/Interface/en.yaml" is enabled
[19:46:15.717 V] Language file "l10n/OMWEngine/gmst.yaml" is enabled
[19:46:15.717 V] Language file "l10n/OMWEngine/en.yaml" is enabled
[19:46:15.726 V] Language file "l10n/OMWShaders/en.yaml" is enabled
[19:46:15.734 V] Language file "l10n/OMWCamera/en.yaml" is enabled
[19:46:15.735 V] Language file "l10n/OMWControls/en.yaml" is enabled
[19:46:15.735 V] Language file "l10n/interface/gmst.yaml" is enabled
[19:46:15.735 V] Language file "l10n/interface/en.yaml" is enabled
[19:46:15.735 V] Language file "l10n/Calendar/gmst.yaml" is enabled
[19:46:15.735 V] Language file "l10n/Calendar/en.yaml" is enabled
[19:46:15.736 V] Language file "l10n/OMWMusic/en.yaml" is enabled
[19:46:15.736 I] OSG stats will be written to: <project>/harness/results/20260905-1936-8dc3ccd23-upstream-heavy/aldruhn-r3-stats.txt
[19:46:15.740 I] Starting a new game
[19:46:15.743 V] Language file "l10n/Mechanics/gmst.yaml" is enabled
[19:46:15.943 I] Loading cell Ald-ruhn (-2, 7)
[19:46:15.949 I] Loading cell Ald-ruhn (-2, 6)
[19:46:15.972 I] Loading cell Ashlands Region (-1, 7)
[19:46:15.973 I] Loading cell Ashlands Region (-3, 7)
[19:46:15.976 I] Loading cell Ashlands Region (-2, 8)
[19:46:15.977 I] Loading cell Ashlands Region (-1, 6)
[19:46:15.991 I] Loading cell Ald-ruhn (-3, 6)
[19:46:15.993 V] Controller R2_Claw02 present more than once in meshes/r/xsiltstrider.kf, ignoring later version
[19:46:15.995 I] Loading cell Ashlands Region (-1, 8)
[19:46:15.997 I] Loading cell Ashlands Region (-3, 8)
[19:46:16.002 V] Language file "l10n/OMWCombat/en.yaml" is enabled
[19:46:16.015 I] Warning: OutsideBanner line 38, column 6 (endif): endif without matching if/elseif
[19:46:16.036 I] Global[scripts/bench/global.lua]:	BENCH station=aldruhn startcell="ald-ruhn" frame=1
[19:46:16.150 I] Unloading cell Ashlands Region (-2, 8)
[19:46:16.150 I] Unloading cell Ashlands Region (-1, 8)
[19:46:16.150 I] Unloading cell Ashlands Region (-3, 8)
[19:46:16.218 I] Loading cell Buckmoth Legion Fort (-2, 5)
[19:46:16.224 I] Loading cell Ashlands Region (-1, 5)
[19:46:16.225 I] Loading cell Ashlands Region (-3, 5)
[19:46:16.240 I] L@0x1[scripts/bench/player.lua]:	BENCH camera station=aldruhn yaw=330 pitch=14
[19:46:17.009 I] Global[scripts/bench/global.lua]:	BENCH station=aldruhn ready frame=40 simtime=0.98
[19:47:09.250 I] Saving shader settings file: <project>/harness/results/20260905-1936-8dc3ccd23-upstream-heavy/overlay/shaders.yaml
[19:47:09.250 I] Saving Lua storage "<project>/harness/results/20260905-1936-8dc3ccd23-upstream-heavy/overlay/global_storage.bin" (140 bytes)
[19:47:09.250 I] Saving Lua storage "<project>/harness/results/20260905-1936-8dc3ccd23-upstream-heavy/overlay/player_storage.bin" (878 bytes)
[19:47:09.293 I] Saved input bindings: <project>/harness/results/20260905-1936-8dc3ccd23-upstream-heavy/overlay/input_v3.xml
[19:47:09.337 I] Quitting peacefully.
