[19:45:20.938 *] Crash handler installed
[19:45:21.009 *] Loading config file: <project>/openmw/build/OpenMW.app/Contents/Resources/openmw.cfg
[19:45:21.009 *] Loading config file: <project>/harness/config/openmw.cfg
[19:45:21.010 *] Loading config file: <project>/harness/results/20260905-1936-8dc3ccd23-upstream-heavy/overlay/openmw.cfg
[19:45:21.010 *] Logs dir: <project>/harness/results/20260905-1936-8dc3ccd23-upstream-heavy/overlay
[19:45:21.010 *] User data dir: <project>/harness/userdata
[19:45:21.010 *] Screenshots dir: <project>/harness/userdata/screenshots
[19:45:21.010 I] OpenMW version 0.52.0
[19:45:21.010 I] Revision: 8dc3ccd234
[19:45:21.010 I] Loading settings file: <project>/openmw/build/OpenMW.app/Contents/Resources/defaults.bin
[19:45:21.011 I] Loading settings file: <project>/harness/config/settings.cfg
[19:45:21.011 I] Loading settings file: <project>/harness/results/20260905-1936-8dc3ccd23-upstream-heavy/overlay/settings.cfg
[19:45:21.011 W] int [Game] actors processing range setting value is out of allowed values set: 14336, sanitized to 7168
[19:45:21.011 I] Using default (English) font encoding.
[19:45:21.011 W] No such dir: <home>/Library/Application Support/openmw/data
[19:45:21.013 I] OSG version: 3.6.5
[19:45:21.013 I] SDL version: 2.32.10
[19:45:21.013 I] Loading shader settings file: <project>/harness/results/20260905-1936-8dc3ccd23-upstream-heavy/overlay/shaders.yaml
[19:45:21.062 I] OpenGL Vendor: Apple
[19:45:21.062 I] OpenGL Renderer: Apple M5 Pro
[19:45:21.062 I] OpenGL Version: 2.1 Metal - 90.5
[19:45:21.062 W] GL_ARB_clip_control not supported: disabling reverse-z depth buffer
[19:45:21.063 I] Adding BSA archive <project>/Morrowind/Data Files/Morrowind.bsa
[19:45:21.064 I] Adding BSA archive <project>/Morrowind/Data Files/Tribunal.bsa
[19:45:21.064 I] Adding BSA archive <project>/Morrowind/Data Files/Bloodmoon.bsa
[19:45:21.064 I] Adding data directory <project>/openmw/build/OpenMW.app/Contents/Resources/../Resources/resources/vfs
[19:45:21.065 I] Adding data directory <project>/openmw/build/OpenMW.app/Contents/Resources/../Resources/resources/vfs-mw
[19:45:21.065 I] Adding data directory <project>/Morrowind/Data Files
[19:45:21.079 I] Adding data directory <project>/harness/mod
[19:45:21.084 I] Preferred locales: gmst en
[19:45:21.084 I] Initializing LuaUtil::LuaState without profiler
[19:45:21.084 I] Lua version: Lua 5.1.4 (LuaJIT 2.1.1767980792)
[19:45:21.084 I] Loading keybindings file: <project>/harness/results/20260905-1936-8dc3ccd23-upstream-heavy/overlay/input_v3.xml
[19:45:21.084 I] Loading TrueType font file fonts/mysticcards.omwfont
[19:45:21.087 I] Loading TrueType font file fonts/demonicletters.omwfont
[19:45:21.088 I] Loading TrueType font file fonts/dejavulgcsansmono.omwfont
[19:45:21.096 I] Sound disabled.
[19:45:21.096 I] Loading Lua storage "<project>/harness/results/20260905-1936-8dc3ccd23-upstream-heavy/overlay/global_storage.bin" (140 bytes)
[19:45:21.096 I] Loading Lua storage "<project>/harness/results/20260905-1936-8dc3ccd23-upstream-heavy/overlay/player_storage.bin" (878 bytes)
[19:45:21.099 I] Loading content file builtin.omwscripts
[19:45:21.099 I] Loading content file Morrowind.esm
[19:45:21.247 I] Loading content file Tribunal.esm
[19:45:21.266 I] Loading content file Bloodmoon.esm
[19:45:21.292 I] Loading content file bench.omwscripts
[19:45:21.293 V] Lua scripts configuration (45 scripts):
[19:45:21.293 V] #0 MENU PLAYER : scripts/omw/mwui/init.lua
[19:45:21.293 V] #1 MENU : scripts/omw/settings/menu.lua
[19:45:21.293 V] #2 PLAYER : scripts/omw/settings/player.lua
[19:45:21.293 V] #3 GLOBAL : scripts/omw/settings/global.lua
[19:45:21.293 V] #4 GLOBAL : scripts/omw/activationhandlers.lua
[19:45:21.293 V] #5 GLOBAL : scripts/omw/usehandlers.lua
[19:45:21.293 V] #6 GLOBAL : scripts/omw/worldeventhandlers.lua
[19:45:21.293 V] #7 GLOBAL : scripts/omw/crimes.lua
[19:45:21.293 V] #8 PLAYER CREATURE NPC : scripts/omw/mechanics/animationcontroller.lua
[19:45:21.293 V] #9 PLAYER : scripts/omw/skillhandlers.lua
[19:45:21.293 V] #10 PLAYER : scripts/omw/mechanics/playercontroller.lua
[19:45:21.293 V] #11 MENU : scripts/omw/camera/settings.lua
[19:45:21.293 V] #12 MENU : scripts/omw/input/settings.lua
[19:45:21.293 V] #13 PLAYER : scripts/omw/input/playercontrols.lua
[19:45:21.293 V] #14 PLAYER : scripts/omw/camera/camera.lua
[19:45:21.293 V] #15 PLAYER : scripts/omw/input/actionbindings.lua
[19:45:21.293 V] #16 PLAYER : scripts/omw/input/smoothmovement.lua
[19:45:21.293 V] #17 PLAYER : scripts/omw/input/gamepadcontrols.lua
[19:45:21.293 V] #18 NPC CREATURE : scripts/omw/ai.lua
[19:45:21.293 V] #19 GLOBAL : scripts/omw/mechanics/globalcontroller.lua
[19:45:21.293 V] #20 PLAYER CREATURE NPC : scripts/omw/mechanics/actorcontroller.lua
[19:45:21.293 V] #21 PLAYER NPC CREATURE : scripts/omw/combat/interface_local.lua
[19:45:21.293 V] #22 GLOBAL : scripts/omw/combat/interface_global.lua
[19:45:21.293 V] #23 PLAYER CREATURE NPC : scripts/omw/spellcasting/interface_local.lua
[19:45:21.293 V] #24 GLOBAL : scripts/omw/spellcasting/interface_global.lua
[19:45:21.293 V] #25 GLOBAL : scripts/omw/mechanics/projectiles.lua
[19:45:21.293 V] #26 PLAYER : scripts/omw/ui.lua
[19:45:21.293 V] #27 MENU : scripts/omw/console/menu.lua
[19:45:21.293 V] #28 PLAYER : scripts/omw/console/player.lua
[19:45:21.293 V] #29 GLOBAL : scripts/omw/console/global.lua
[19:45:21.293 V] #30 CUSTOM : scripts/omw/console/local.lua
[19:45:21.293 V] #31 NPC CREATURE : scripts/omw/music/actor.lua
[19:45:21.293 V] #32 GLOBAL : scripts/omw/cellhandlers.lua
[19:45:21.293 V] #33 GLOBAL : scripts/omw/combat/global.lua
[19:45:21.293 V] #34 PLAYER : scripts/omw/combat/settingspage.lua
[19:45:21.293 V] #35 PLAYER NPC CREATURE : scripts/omw/combat/local.lua
[19:45:21.293 V] #36 PLAYER : scripts/omw/music/music.lua
[19:45:21.293 V] #37 MENU : scripts/omw/music/settings.lua
[19:45:21.293 V] #38 PLAYER : scripts/omw/playerskillhandlers.lua
[19:45:21.293 V] #39 LOAD : scripts/omw/esmfallbacks.lua
[19:45:21.293 V] #40 PLAYER CREATURE NPC : scripts/omw/spellcasting/local.lua
[19:45:21.293 V] #41 DOOR CONTAINER : scripts/omw/spellcasting/lockable.lua
[19:45:21.293 V] #42 GLOBAL : scripts/omw/spellcasting/global.lua
[19:45:21.293 V] #43 GLOBAL : scripts/bench/global.lua
[19:45:21.293 V] #44 PLAYER : scripts/bench/player.lua
[19:45:21.303 V] Enchantment "test magic axe": dropping unexpected skill argument of "FortifyMaximumMagicka" effect
[19:45:21.372 I] Using 1 async physics threads
[19:45:21.372 I] Using <project>/harness/userdata/navmesh.db to store navigation mesh cache
[19:45:21.373 V] Using idle priority for thread=0x16c3f3000
[19:45:21.373 I] Reserving texture units for shadow maps: 13..15
[19:45:21.374 I] Reserving texture unit for opaque depth texture: 12
[19:45:21.374 I] Reserving texture unit for opaque color texture: 11
[19:45:21.374 V] Disabling Multiview (disabled by config)
[19:45:21.376 I] Initialized fallback fragment shader pipeline for water ripples
[19:45:21.378 V] Language file "l10n/Interface/gmst.yaml" is enabled
[19:45:21.378 V] Language file "l10n/Interface/en.yaml" is enabled
[19:45:21.387 V] Language file "l10n/OMWEngine/gmst.yaml" is enabled
[19:45:21.387 V] Language file "l10n/OMWEngine/en.yaml" is enabled
[19:45:21.396 V] Language file "l10n/OMWShaders/en.yaml" is enabled
[19:45:21.403 V] Language file "l10n/OMWCamera/en.yaml" is enabled
[19:45:21.405 V] Language file "l10n/OMWControls/en.yaml" is enabled
[19:45:21.405 V] Language file "l10n/interface/gmst.yaml" is enabled
[19:45:21.405 V] Language file "l10n/interface/en.yaml" is enabled
[19:45:21.405 V] Language file "l10n/Calendar/gmst.yaml" is enabled
[19:45:21.405 V] Language file "l10n/Calendar/en.yaml" is enabled
[19:45:21.405 V] Language file "l10n/OMWMusic/en.yaml" is enabled
[19:45:21.406 I] OSG stats will be written to: <project>/harness/results/20260905-1936-8dc3ccd23-upstream-heavy/aldruhn-r2-stats.txt
[19:45:21.410 I] Starting a new game
[19:45:21.412 V] Language file "l10n/Mechanics/gmst.yaml" is enabled
[19:45:21.610 I] Loading cell Ald-ruhn (-2, 7)
[19:45:21.618 I] Loading cell Ald-ruhn (-2, 6)
[19:45:21.643 I] Loading cell Ashlands Region (-1, 7)
[19:45:21.644 I] Loading cell Ashlands Region (-3, 7)
[19:45:21.648 I] Loading cell Ashlands Region (-2, 8)
[19:45:21.651 I] Loading cell Ashlands Region (-1, 6)
[19:45:21.653 I] Loading cell Ald-ruhn (-3, 6)
[19:45:21.655 V] Controller R2_Claw02 present more than once in meshes/r/xsiltstrider.kf, ignoring later version
[19:45:21.656 I] Loading cell Ashlands Region (-1, 8)
[19:45:21.658 I] Loading cell Ashlands Region (-3, 8)
[19:45:21.663 V] Language file "l10n/OMWCombat/en.yaml" is enabled
[19:45:21.676 I] Warning: OutsideBanner line 38, column 6 (endif): endif without matching if/elseif
[19:45:21.697 I] Global[scripts/bench/global.lua]:	BENCH station=aldruhn startcell="ald-ruhn" frame=1
[19:45:21.808 I] Unloading cell Ashlands Region (-1, 8)
[19:45:21.809 I] Unloading cell Ashlands Region (-2, 8)
[19:45:21.809 I] Unloading cell Ashlands Region (-3, 8)
[19:45:21.875 I] Loading cell Buckmoth Legion Fort (-2, 5)
[19:45:21.881 I] Loading cell Ashlands Region (-1, 5)
[19:45:21.883 I] Loading cell Ashlands Region (-3, 5)
[19:45:21.898 I] L@0x1[scripts/bench/player.lua]:	BENCH camera station=aldruhn yaw=330 pitch=14
[19:45:22.670 I] Global[scripts/bench/global.lua]:	BENCH station=aldruhn ready frame=40 simtime=0.98
[19:46:14.919 I] Saving shader settings file: <project>/harness/results/20260905-1936-8dc3ccd23-upstream-heavy/overlay/shaders.yaml
[19:46:14.919 I] Saving Lua storage "<project>/harness/results/20260905-1936-8dc3ccd23-upstream-heavy/overlay/global_storage.bin" (140 bytes)
[19:46:14.919 I] Saving Lua storage "<project>/harness/results/20260905-1936-8dc3ccd23-upstream-heavy/overlay/player_storage.bin" (878 bytes)
[19:46:14.961 I] Saved input bindings: <project>/harness/results/20260905-1936-8dc3ccd23-upstream-heavy/overlay/input_v3.xml
[19:46:15.011 I] Quitting peacefully.
