[19:47:09.649 *] Crash handler installed
[19:47:09.709 *] Loading config file: <project>/openmw/build/OpenMW.app/Contents/Resources/openmw.cfg
[19:47:09.710 *] Loading config file: <project>/harness/config/openmw.cfg
[19:47:09.710 *] Loading config file: <project>/harness/results/20260905-1936-8dc3ccd23-upstream-heavy/overlay/openmw.cfg
[19:47:09.711 *] Logs dir: <project>/harness/results/20260905-1936-8dc3ccd23-upstream-heavy/overlay
[19:47:09.711 *] User data dir: <project>/harness/userdata
[19:47:09.711 *] Screenshots dir: <project>/harness/userdata/screenshots
[19:47:09.711 I] OpenMW version 0.52.0
[19:47:09.711 I] Revision: 8dc3ccd234
[19:47:09.711 I] Loading settings file: <project>/openmw/build/OpenMW.app/Contents/Resources/defaults.bin
[19:47:09.711 I] Loading settings file: <project>/harness/config/settings.cfg
[19:47:09.711 I] Loading settings file: <project>/harness/results/20260905-1936-8dc3ccd23-upstream-heavy/overlay/settings.cfg
[19:47:09.711 W] int [Game] actors processing range setting value is out of allowed values set: 14336, sanitized to 7168
[19:47:09.712 I] Using default (English) font encoding.
[19:47:09.712 W] No such dir: <home>/Library/Application Support/openmw/data
[19:47:09.712 I] OSG version: 3.6.5
[19:47:09.712 I] SDL version: 2.32.10
[19:47:09.712 I] Loading shader settings file: <project>/harness/results/20260905-1936-8dc3ccd23-upstream-heavy/overlay/shaders.yaml
[19:47:09.763 I] OpenGL Vendor: Apple
[19:47:09.763 I] OpenGL Renderer: Apple M5 Pro
[19:47:09.763 I] OpenGL Version: 2.1 Metal - 90.5
[19:47:09.763 W] GL_ARB_clip_control not supported: disabling reverse-z depth buffer
[19:47:09.763 I] Adding BSA archive <project>/Morrowind/Data Files/Morrowind.bsa
[19:47:09.764 I] Adding BSA archive <project>/Morrowind/Data Files/Tribunal.bsa
[19:47:09.765 I] Adding BSA archive <project>/Morrowind/Data Files/Bloodmoon.bsa
[19:47:09.765 I] Adding data directory <project>/openmw/build/OpenMW.app/Contents/Resources/../Resources/resources/vfs
[19:47:09.765 I] Adding data directory <project>/openmw/build/OpenMW.app/Contents/Resources/../Resources/resources/vfs-mw
[19:47:09.766 I] Adding data directory <project>/Morrowind/Data Files
[19:47:09.780 I] Adding data directory <project>/harness/mod
[19:47:09.785 I] Preferred locales: gmst en
[19:47:09.785 I] Initializing LuaUtil::LuaState without profiler
[19:47:09.785 I] Lua version: Lua 5.1.4 (LuaJIT 2.1.1767980792)
[19:47:09.785 I] Loading keybindings file: <project>/harness/results/20260905-1936-8dc3ccd23-upstream-heavy/overlay/input_v3.xml
[19:47:09.785 I] Loading TrueType font file fonts/mysticcards.omwfont
[19:47:09.787 I] Loading TrueType font file fonts/demonicletters.omwfont
[19:47:09.788 I] Loading TrueType font file fonts/dejavulgcsansmono.omwfont
[19:47:09.796 I] Sound disabled.
[19:47:09.797 I] Loading Lua storage "<project>/harness/results/20260905-1936-8dc3ccd23-upstream-heavy/overlay/global_storage.bin" (140 bytes)
[19:47:09.797 I] Loading Lua storage "<project>/harness/results/20260905-1936-8dc3ccd23-upstream-heavy/overlay/player_storage.bin" (878 bytes)
[19:47:09.800 I] Loading content file builtin.omwscripts
[19:47:09.800 I] Loading content file Morrowind.esm
[19:47:09.946 I] Loading content file Tribunal.esm
[19:47:09.966 I] Loading content file Bloodmoon.esm
[19:47:09.989 I] Loading content file bench.omwscripts
[19:47:09.989 V] Lua scripts configuration (45 scripts):
[19:47:09.989 V] #0 MENU PLAYER : scripts/omw/mwui/init.lua
[19:47:09.989 V] #1 MENU : scripts/omw/settings/menu.lua
[19:47:09.989 V] #2 PLAYER : scripts/omw/settings/player.lua
[19:47:09.989 V] #3 GLOBAL : scripts/omw/settings/global.lua
[19:47:09.989 V] #4 GLOBAL : scripts/omw/activationhandlers.lua
[19:47:09.989 V] #5 GLOBAL : scripts/omw/usehandlers.lua
[19:47:09.989 V] #6 GLOBAL : scripts/omw/worldeventhandlers.lua
[19:47:09.989 V] #7 GLOBAL : scripts/omw/crimes.lua
[19:47:09.989 V] #8 PLAYER CREATURE NPC : scripts/omw/mechanics/animationcontroller.lua
[19:47:09.989 V] #9 PLAYER : scripts/omw/skillhandlers.lua
[19:47:09.989 V] #10 PLAYER : scripts/omw/mechanics/playercontroller.lua
[19:47:09.989 V] #11 MENU : scripts/omw/camera/settings.lua
[19:47:09.989 V] #12 MENU : scripts/omw/input/settings.lua
[19:47:09.989 V] #13 PLAYER : scripts/omw/input/playercontrols.lua
[19:47:09.989 V] #14 PLAYER : scripts/omw/camera/camera.lua
[19:47:09.989 V] #15 PLAYER : scripts/omw/input/actionbindings.lua
[19:47:09.989 V] #16 PLAYER : scripts/omw/input/smoothmovement.lua
[19:47:09.989 V] #17 PLAYER : scripts/omw/input/gamepadcontrols.lua
[19:47:09.989 V] #18 NPC CREATURE : scripts/omw/ai.lua
[19:47:09.989 V] #19 GLOBAL : scripts/omw/mechanics/globalcontroller.lua
[19:47:09.989 V] #20 PLAYER CREATURE NPC : scripts/omw/mechanics/actorcontroller.lua
[19:47:09.989 V] #21 PLAYER NPC CREATURE : scripts/omw/combat/interface_local.lua
[19:47:09.989 V] #22 GLOBAL : scripts/omw/combat/interface_global.lua
[19:47:09.989 V] #23 PLAYER CREATURE NPC : scripts/omw/spellcasting/interface_local.lua
[19:47:09.989 V] #24 GLOBAL : scripts/omw/spellcasting/interface_global.lua
[19:47:09.989 V] #25 GLOBAL : scripts/omw/mechanics/projectiles.lua
[19:47:09.989 V] #26 PLAYER : scripts/omw/ui.lua
[19:47:09.989 V] #27 MENU : scripts/omw/console/menu.lua
[19:47:09.989 V] #28 PLAYER : scripts/omw/console/player.lua
[19:47:09.989 V] #29 GLOBAL : scripts/omw/console/global.lua
[19:47:09.989 V] #30 CUSTOM : scripts/omw/console/local.lua
[19:47:09.989 V] #31 NPC CREATURE : scripts/omw/music/actor.lua
[19:47:09.989 V] #32 GLOBAL : scripts/omw/cellhandlers.lua
[19:47:09.989 V] #33 GLOBAL : scripts/omw/combat/global.lua
[19:47:09.989 V] #34 PLAYER : scripts/omw/combat/settingspage.lua
[19:47:09.989 V] #35 PLAYER NPC CREATURE : scripts/omw/combat/local.lua
[19:47:09.989 V] #36 PLAYER : scripts/omw/music/music.lua
[19:47:09.989 V] #37 MENU : scripts/omw/music/settings.lua
[19:47:09.989 V] #38 PLAYER : scripts/omw/playerskillhandlers.lua
[19:47:09.989 V] #39 LOAD : scripts/omw/esmfallbacks.lua
[19:47:09.989 V] #40 PLAYER CREATURE NPC : scripts/omw/spellcasting/local.lua
[19:47:09.989 V] #41 DOOR CONTAINER : scripts/omw/spellcasting/lockable.lua
[19:47:09.989 V] #42 GLOBAL : scripts/omw/spellcasting/global.lua
[19:47:09.989 V] #43 GLOBAL : scripts/bench/global.lua
[19:47:09.989 V] #44 PLAYER : scripts/bench/player.lua
[19:47:10.000 V] Enchantment "test magic axe": dropping unexpected skill argument of "FortifyMaximumMagicka" effect
[19:47:10.070 I] Using 1 async physics threads
[19:47:10.070 I] Using <project>/harness/userdata/navmesh.db to store navigation mesh cache
[19:47:10.071 V] Using idle priority for thread=0x16f567000
[19:47:10.071 I] Reserving texture units for shadow maps: 13..15
[19:47:10.072 I] Reserving texture unit for opaque depth texture: 12
[19:47:10.072 I] Reserving texture unit for opaque color texture: 11
[19:47:10.072 V] Disabling Multiview (disabled by config)
[19:47:10.074 I] Initialized fallback fragment shader pipeline for water ripples
[19:47:10.076 V] Language file "l10n/Interface/gmst.yaml" is enabled
[19:47:10.076 V] Language file "l10n/Interface/en.yaml" is enabled
[19:47:10.085 V] Language file "l10n/OMWEngine/gmst.yaml" is enabled
[19:47:10.085 V] Language file "l10n/OMWEngine/en.yaml" is enabled
[19:47:10.094 V] Language file "l10n/OMWShaders/en.yaml" is enabled
[19:47:10.101 V] Language file "l10n/OMWCamera/en.yaml" is enabled
[19:47:10.103 V] Language file "l10n/OMWControls/en.yaml" is enabled
[19:47:10.103 V] Language file "l10n/interface/gmst.yaml" is enabled
[19:47:10.103 V] Language file "l10n/interface/en.yaml" is enabled
[19:47:10.103 V] Language file "l10n/Calendar/gmst.yaml" is enabled
[19:47:10.103 V] Language file "l10n/Calendar/en.yaml" is enabled
[19:47:10.103 V] Language file "l10n/OMWMusic/en.yaml" is enabled
[19:47:10.104 I] OSG stats will be written to: <project>/harness/results/20260905-1936-8dc3ccd23-upstream-heavy/grazelands-r1-stats.txt
[19:47:10.108 I] Starting a new game
[19:47:10.110 V] Language file "l10n/Mechanics/gmst.yaml" is enabled
[19:47:10.329 I] Loading cell Grazelands Region (13, 8)
[19:47:10.336 I] Loading cell Grazelands Region (12, 8)
[19:47:10.338 I] Loading cell Grazelands Region (13, 7)
[19:47:10.342 I] Loading cell Azura's Coast Region (13, 9)
[19:47:10.358 I] Loading cell Azura's Coast Region (14, 8)
[19:47:10.360 I] Loading cell Grazelands Region (12, 7)
[19:47:10.363 I] Loading cell Grazelands Region (12, 9)
[19:47:10.364 I] Loading cell Azura's Coast Region (14, 7)
[19:47:10.365 I] Loading cell Azura's Coast Region (14, 9)
[19:47:10.374 V] Language file "l10n/OMWCombat/en.yaml" is enabled
[19:47:10.424 I] Global[scripts/bench/global.lua]:	BENCH station=grazelands startcell="grazelands region" frame=1
[19:47:10.559 I] Unloading cell Grazelands Region (13, 8)
[19:47:10.559 I] Unloading cell Azura's Coast Region (14, 8)
[19:47:10.560 I] Unloading cell Azura's Coast Region (14, 9)
[19:47:10.560 I] Unloading cell Azura's Coast Region (13, 9)
[19:47:10.560 I] Unloading cell Azura's Coast Region (14, 7)
[19:47:10.560 I] Unloading cell Grazelands Region (12, 9)
[19:47:10.560 I] Unloading cell Grazelands Region (12, 7)
[19:47:10.561 I] Unloading cell Grazelands Region (12, 8)
[19:47:10.561 I] Unloading cell Grazelands Region (13, 7)
[19:47:10.674 I] Loading cell Grazelands Region (10, 10)
[19:47:10.676 I] Loading cell Zainab Camp (9, 10)
[19:47:10.680 I] Loading cell Grazelands Region (10, 9)
[19:47:10.681 I] Loading cell Grazelands Region (10, 11)
[19:47:10.682 I] Loading cell Grazelands Region (11, 10)
[19:47:10.683 I] Loading cell Grazelands Region (9, 9)
[19:47:10.684 I] Loading cell Grazelands Region (9, 11)
[19:47:10.685 I] Loading cell Grazelands Region (11, 9)
[19:47:10.688 I] Loading cell Grazelands Region (11, 11)
[19:47:10.690 I] Warning: OutsideBanner line 38, column 6 (endif): endif without matching if/elseif
[19:47:10.739 I] L@0x1[scripts/bench/player.lua]:	BENCH camera station=grazelands yaw=0 pitch=4
[19:47:11.152 I] Global[scripts/bench/global.lua]:	BENCH station=grazelands ready frame=40 simtime=0.77
[19:48:03.769 I] Saving shader settings file: <project>/harness/results/20260905-1936-8dc3ccd23-upstream-heavy/overlay/shaders.yaml
[19:48:03.770 I] Saving Lua storage "<project>/harness/results/20260905-1936-8dc3ccd23-upstream-heavy/overlay/global_storage.bin" (140 bytes)
[19:48:03.770 I] Saving Lua storage "<project>/harness/results/20260905-1936-8dc3ccd23-upstream-heavy/overlay/player_storage.bin" (878 bytes)
[19:48:03.807 I] Saved input bindings: <project>/harness/results/20260905-1936-8dc3ccd23-upstream-heavy/overlay/input_v3.xml
[19:48:03.844 I] Quitting peacefully.
