[19:48:58.691 *] Crash handler installed
[19:48:58.762 *] Loading config file: <project>/openmw/build/OpenMW.app/Contents/Resources/openmw.cfg
[19:48:58.762 *] Loading config file: <project>/harness/config/openmw.cfg
[19:48:58.763 *] Loading config file: <project>/harness/results/20260905-1936-8dc3ccd23-upstream-heavy/overlay/openmw.cfg
[19:48:58.763 *] Logs dir: <project>/harness/results/20260905-1936-8dc3ccd23-upstream-heavy/overlay
[19:48:58.763 *] User data dir: <project>/harness/userdata
[19:48:58.763 *] Screenshots dir: <project>/harness/userdata/screenshots
[19:48:58.763 I] OpenMW version 0.52.0
[19:48:58.763 I] Revision: 8dc3ccd234
[19:48:58.764 I] Loading settings file: <project>/openmw/build/OpenMW.app/Contents/Resources/defaults.bin
[19:48:58.764 I] Loading settings file: <project>/harness/config/settings.cfg
[19:48:58.764 I] Loading settings file: <project>/harness/results/20260905-1936-8dc3ccd23-upstream-heavy/overlay/settings.cfg
[19:48:58.764 W] int [Game] actors processing range setting value is out of allowed values set: 14336, sanitized to 7168
[19:48:58.764 I] Using default (English) font encoding.
[19:48:58.764 W] No such dir: <home>/Library/Application Support/openmw/data
[19:48:58.764 I] OSG version: 3.6.5
[19:48:58.764 I] SDL version: 2.32.10
[19:48:58.764 I] Loading shader settings file: <project>/harness/results/20260905-1936-8dc3ccd23-upstream-heavy/overlay/shaders.yaml
[19:48:58.812 I] OpenGL Vendor: Apple
[19:48:58.812 I] OpenGL Renderer: Apple M5 Pro
[19:48:58.812 I] OpenGL Version: 2.1 Metal - 90.5
[19:48:58.812 W] GL_ARB_clip_control not supported: disabling reverse-z depth buffer
[19:48:58.812 I] Adding BSA archive <project>/Morrowind/Data Files/Morrowind.bsa
[19:48:58.813 I] Adding BSA archive <project>/Morrowind/Data Files/Tribunal.bsa
[19:48:58.814 I] Adding BSA archive <project>/Morrowind/Data Files/Bloodmoon.bsa
[19:48:58.814 I] Adding data directory <project>/openmw/build/OpenMW.app/Contents/Resources/../Resources/resources/vfs
[19:48:58.814 I] Adding data directory <project>/openmw/build/OpenMW.app/Contents/Resources/../Resources/resources/vfs-mw
[19:48:58.815 I] Adding data directory <project>/Morrowind/Data Files
[19:48:58.829 I] Adding data directory <project>/harness/mod
[19:48:58.834 I] Preferred locales: gmst en
[19:48:58.834 I] Initializing LuaUtil::LuaState without profiler
[19:48:58.834 I] Lua version: Lua 5.1.4 (LuaJIT 2.1.1767980792)
[19:48:58.834 I] Loading keybindings file: <project>/harness/results/20260905-1936-8dc3ccd23-upstream-heavy/overlay/input_v3.xml
[19:48:58.834 I] Loading TrueType font file fonts/mysticcards.omwfont
[19:48:58.837 I] Loading TrueType font file fonts/demonicletters.omwfont
[19:48:58.838 I] Loading TrueType font file fonts/dejavulgcsansmono.omwfont
[19:48:58.846 I] Sound disabled.
[19:48:58.846 I] Loading Lua storage "<project>/harness/results/20260905-1936-8dc3ccd23-upstream-heavy/overlay/global_storage.bin" (140 bytes)
[19:48:58.846 I] Loading Lua storage "<project>/harness/results/20260905-1936-8dc3ccd23-upstream-heavy/overlay/player_storage.bin" (878 bytes)
[19:48:58.849 I] Loading content file builtin.omwscripts
[19:48:58.849 I] Loading content file Morrowind.esm
[19:48:58.997 I] Loading content file Tribunal.esm
[19:48:59.016 I] Loading content file Bloodmoon.esm
[19:48:59.040 I] Loading content file bench.omwscripts
[19:48:59.040 V] Lua scripts configuration (45 scripts):
[19:48:59.040 V] #0 MENU PLAYER : scripts/omw/mwui/init.lua
[19:48:59.040 V] #1 MENU : scripts/omw/settings/menu.lua
[19:48:59.040 V] #2 PLAYER : scripts/omw/settings/player.lua
[19:48:59.040 V] #3 GLOBAL : scripts/omw/settings/global.lua
[19:48:59.040 V] #4 GLOBAL : scripts/omw/activationhandlers.lua
[19:48:59.040 V] #5 GLOBAL : scripts/omw/usehandlers.lua
[19:48:59.040 V] #6 GLOBAL : scripts/omw/worldeventhandlers.lua
[19:48:59.040 V] #7 GLOBAL : scripts/omw/crimes.lua
[19:48:59.040 V] #8 PLAYER CREATURE NPC : scripts/omw/mechanics/animationcontroller.lua
[19:48:59.040 V] #9 PLAYER : scripts/omw/skillhandlers.lua
[19:48:59.040 V] #10 PLAYER : scripts/omw/mechanics/playercontroller.lua
[19:48:59.040 V] #11 MENU : scripts/omw/camera/settings.lua
[19:48:59.040 V] #12 MENU : scripts/omw/input/settings.lua
[19:48:59.040 V] #13 PLAYER : scripts/omw/input/playercontrols.lua
[19:48:59.040 V] #14 PLAYER : scripts/omw/camera/camera.lua
[19:48:59.040 V] #15 PLAYER : scripts/omw/input/actionbindings.lua
[19:48:59.040 V] #16 PLAYER : scripts/omw/input/smoothmovement.lua
[19:48:59.040 V] #17 PLAYER : scripts/omw/input/gamepadcontrols.lua
[19:48:59.040 V] #18 NPC CREATURE : scripts/omw/ai.lua
[19:48:59.040 V] #19 GLOBAL : scripts/omw/mechanics/globalcontroller.lua
[19:48:59.040 V] #20 PLAYER CREATURE NPC : scripts/omw/mechanics/actorcontroller.lua
[19:48:59.040 V] #21 PLAYER NPC CREATURE : scripts/omw/combat/interface_local.lua
[19:48:59.040 V] #22 GLOBAL : scripts/omw/combat/interface_global.lua
[19:48:59.040 V] #23 PLAYER CREATURE NPC : scripts/omw/spellcasting/interface_local.lua
[19:48:59.040 V] #24 GLOBAL : scripts/omw/spellcasting/interface_global.lua
[19:48:59.040 V] #25 GLOBAL : scripts/omw/mechanics/projectiles.lua
[19:48:59.040 V] #26 PLAYER : scripts/omw/ui.lua
[19:48:59.040 V] #27 MENU : scripts/omw/console/menu.lua
[19:48:59.040 V] #28 PLAYER : scripts/omw/console/player.lua
[19:48:59.040 V] #29 GLOBAL : scripts/omw/console/global.lua
[19:48:59.040 V] #30 CUSTOM : scripts/omw/console/local.lua
[19:48:59.040 V] #31 NPC CREATURE : scripts/omw/music/actor.lua
[19:48:59.040 V] #32 GLOBAL : scripts/omw/cellhandlers.lua
[19:48:59.040 V] #33 GLOBAL : scripts/omw/combat/global.lua
[19:48:59.040 V] #34 PLAYER : scripts/omw/combat/settingspage.lua
[19:48:59.040 V] #35 PLAYER NPC CREATURE : scripts/omw/combat/local.lua
[19:48:59.040 V] #36 PLAYER : scripts/omw/music/music.lua
[19:48:59.040 V] #37 MENU : scripts/omw/music/settings.lua
[19:48:59.040 V] #38 PLAYER : scripts/omw/playerskillhandlers.lua
[19:48:59.040 V] #39 LOAD : scripts/omw/esmfallbacks.lua
[19:48:59.040 V] #40 PLAYER CREATURE NPC : scripts/omw/spellcasting/local.lua
[19:48:59.040 V] #41 DOOR CONTAINER : scripts/omw/spellcasting/lockable.lua
[19:48:59.040 V] #42 GLOBAL : scripts/omw/spellcasting/global.lua
[19:48:59.040 V] #43 GLOBAL : scripts/bench/global.lua
[19:48:59.040 V] #44 PLAYER : scripts/bench/player.lua
[19:48:59.051 V] Enchantment "test magic axe": dropping unexpected skill argument of "FortifyMaximumMagicka" effect
[19:48:59.121 I] Using 1 async physics threads
[19:48:59.121 I] Using <project>/harness/userdata/navmesh.db to store navigation mesh cache
[19:48:59.122 V] Using idle priority for thread=0x16bc8b000
[19:48:59.122 I] Reserving texture units for shadow maps: 13..15
[19:48:59.123 I] Reserving texture unit for opaque depth texture: 12
[19:48:59.123 I] Reserving texture unit for opaque color texture: 11
[19:48:59.123 V] Disabling Multiview (disabled by config)
[19:48:59.125 I] Initialized fallback fragment shader pipeline for water ripples
[19:48:59.127 V] Language file "l10n/Interface/gmst.yaml" is enabled
[19:48:59.127 V] Language file "l10n/Interface/en.yaml" is enabled
[19:48:59.135 V] Language file "l10n/OMWEngine/gmst.yaml" is enabled
[19:48:59.136 V] Language file "l10n/OMWEngine/en.yaml" is enabled
[19:48:59.145 V] Language file "l10n/OMWShaders/en.yaml" is enabled
[19:48:59.152 V] Language file "l10n/OMWCamera/en.yaml" is enabled
[19:48:59.154 V] Language file "l10n/OMWControls/en.yaml" is enabled
[19:48:59.154 V] Language file "l10n/interface/gmst.yaml" is enabled
[19:48:59.154 V] Language file "l10n/interface/en.yaml" is enabled
[19:48:59.154 V] Language file "l10n/Calendar/gmst.yaml" is enabled
[19:48:59.154 V] Language file "l10n/Calendar/en.yaml" is enabled
[19:48:59.154 V] Language file "l10n/OMWMusic/en.yaml" is enabled
[19:48:59.155 I] OSG stats will be written to: <project>/harness/results/20260905-1936-8dc3ccd23-upstream-heavy/grazelands-r3-stats.txt
[19:48:59.159 I] Starting a new game
[19:48:59.162 V] Language file "l10n/Mechanics/gmst.yaml" is enabled
[19:48:59.359 I] Loading cell Grazelands Region (13, 8)
[19:48:59.367 I] Loading cell Grazelands Region (12, 8)
[19:48:59.368 I] Loading cell Grazelands Region (13, 7)
[19:48:59.387 I] Loading cell Azura's Coast Region (13, 9)
[19:48:59.392 I] Loading cell Azura's Coast Region (14, 8)
[19:48:59.395 I] Loading cell Grazelands Region (12, 7)
[19:48:59.398 I] Loading cell Grazelands Region (12, 9)
[19:48:59.399 I] Loading cell Azura's Coast Region (14, 7)
[19:48:59.400 I] Loading cell Azura's Coast Region (14, 9)
[19:48:59.415 V] Language file "l10n/OMWCombat/en.yaml" is enabled
[19:48:59.467 I] Global[scripts/bench/global.lua]:	BENCH station=grazelands startcell="grazelands region" frame=1
[19:48:59.612 I] Unloading cell Grazelands Region (12, 9)
[19:48:59.612 I] Unloading cell Grazelands Region (13, 7)
[19:48:59.612 I] Unloading cell Grazelands Region (12, 7)
[19:48:59.613 I] Unloading cell Grazelands Region (12, 8)
[19:48:59.613 I] Unloading cell Azura's Coast Region (14, 8)
[19:48:59.613 I] Unloading cell Azura's Coast Region (14, 9)
[19:48:59.614 I] Unloading cell Azura's Coast Region (13, 9)
[19:48:59.614 I] Unloading cell Azura's Coast Region (14, 7)
[19:48:59.614 I] Unloading cell Grazelands Region (13, 8)
[19:48:59.716 I] Loading cell Grazelands Region (10, 10)
[19:48:59.718 I] Loading cell Zainab Camp (9, 10)
[19:48:59.722 I] Loading cell Grazelands Region (10, 9)
[19:48:59.722 I] Loading cell Grazelands Region (10, 11)
[19:48:59.725 I] Loading cell Grazelands Region (11, 10)
[19:48:59.726 I] Loading cell Grazelands Region (9, 9)
[19:48:59.727 I] Loading cell Grazelands Region (9, 11)
[19:48:59.728 I] Loading cell Grazelands Region (11, 9)
[19:48:59.731 I] Loading cell Grazelands Region (11, 11)
[19:48:59.733 I] Warning: OutsideBanner line 38, column 6 (endif): endif without matching if/elseif
[19:48:59.782 I] L@0x1[scripts/bench/player.lua]:	BENCH camera station=grazelands yaw=0 pitch=4
[19:49:00.162 I] Global[scripts/bench/global.lua]:	BENCH station=grazelands ready frame=40 simtime=0.74
[19:49:52.675 I] Saving shader settings file: <project>/harness/results/20260905-1936-8dc3ccd23-upstream-heavy/overlay/shaders.yaml
[19:49:52.676 I] Saving Lua storage "<project>/harness/results/20260905-1936-8dc3ccd23-upstream-heavy/overlay/global_storage.bin" (140 bytes)
[19:49:52.676 I] Saving Lua storage "<project>/harness/results/20260905-1936-8dc3ccd23-upstream-heavy/overlay/player_storage.bin" (878 bytes)
[19:49:52.713 I] Saved input bindings: <project>/harness/results/20260905-1936-8dc3ccd23-upstream-heavy/overlay/input_v3.xml
[19:49:52.744 I] Quitting peacefully.
