[19:53:31.263 *] Crash handler installed
[19:53:31.335 *] Loading config file: <project>/openmw/build/OpenMW.app/Contents/Resources/openmw.cfg
[19:53:31.336 *] Loading config file: <project>/harness/config/openmw.cfg
[19:53:31.336 *] Loading config file: <project>/harness/results/20260905-1936-8dc3ccd23-upstream-heavy/overlay/openmw.cfg
[19:53:31.336 *] Logs dir: <project>/harness/results/20260905-1936-8dc3ccd23-upstream-heavy/overlay
[19:53:31.336 *] User data dir: <project>/harness/userdata
[19:53:31.336 *] Screenshots dir: <project>/harness/userdata/screenshots
[19:53:31.337 I] OpenMW version 0.52.0
[19:53:31.337 I] Revision: 8dc3ccd234
[19:53:31.337 I] Loading settings file: <project>/openmw/build/OpenMW.app/Contents/Resources/defaults.bin
[19:53:31.337 I] Loading settings file: <project>/harness/config/settings.cfg
[19:53:31.337 I] Loading settings file: <project>/harness/results/20260905-1936-8dc3ccd23-upstream-heavy/overlay/settings.cfg
[19:53:31.337 W] int [Game] actors processing range setting value is out of allowed values set: 14336, sanitized to 7168
[19:53:31.337 I] Using default (English) font encoding.
[19:53:31.337 W] No such dir: <home>/Library/Application Support/openmw/data
[19:53:31.338 I] OSG version: 3.6.5
[19:53:31.338 I] SDL version: 2.32.10
[19:53:31.338 I] Loading shader settings file: <project>/harness/results/20260905-1936-8dc3ccd23-upstream-heavy/overlay/shaders.yaml
[19:53:31.390 I] OpenGL Vendor: Apple
[19:53:31.390 I] OpenGL Renderer: Apple M5 Pro
[19:53:31.390 I] OpenGL Version: 2.1 Metal - 90.5
[19:53:31.390 W] GL_ARB_clip_control not supported: disabling reverse-z depth buffer
[19:53:31.390 I] Adding BSA archive <project>/Morrowind/Data Files/Morrowind.bsa
[19:53:31.391 I] Adding BSA archive <project>/Morrowind/Data Files/Tribunal.bsa
[19:53:31.392 I] Adding BSA archive <project>/Morrowind/Data Files/Bloodmoon.bsa
[19:53:31.392 I] Adding data directory <project>/openmw/build/OpenMW.app/Contents/Resources/../Resources/resources/vfs
[19:53:31.392 I] Adding data directory <project>/openmw/build/OpenMW.app/Contents/Resources/../Resources/resources/vfs-mw
[19:53:31.393 I] Adding data directory <project>/Morrowind/Data Files
[19:53:31.407 I] Adding data directory <project>/harness/mod
[19:53:31.412 I] Preferred locales: gmst en
[19:53:31.412 I] Initializing LuaUtil::LuaState without profiler
[19:53:31.412 I] Lua version: Lua 5.1.4 (LuaJIT 2.1.1767980792)
[19:53:31.412 I] Loading keybindings file: <project>/harness/results/20260905-1936-8dc3ccd23-upstream-heavy/overlay/input_v3.xml
[19:53:31.412 I] Loading TrueType font file fonts/mysticcards.omwfont
[19:53:31.415 I] Loading TrueType font file fonts/demonicletters.omwfont
[19:53:31.416 I] Loading TrueType font file fonts/dejavulgcsansmono.omwfont
[19:53:31.424 I] Sound disabled.
[19:53:31.425 I] Loading Lua storage "<project>/harness/results/20260905-1936-8dc3ccd23-upstream-heavy/overlay/global_storage.bin" (140 bytes)
[19:53:31.425 I] Loading Lua storage "<project>/harness/results/20260905-1936-8dc3ccd23-upstream-heavy/overlay/player_storage.bin" (878 bytes)
[19:53:31.427 I] Loading content file builtin.omwscripts
[19:53:31.428 I] Loading content file Morrowind.esm
[19:53:31.577 I] Loading content file Tribunal.esm
[19:53:31.597 I] Loading content file Bloodmoon.esm
[19:53:31.622 I] Loading content file bench.omwscripts
[19:53:31.622 V] Lua scripts configuration (45 scripts):
[19:53:31.622 V] #0 MENU PLAYER : scripts/omw/mwui/init.lua
[19:53:31.622 V] #1 MENU : scripts/omw/settings/menu.lua
[19:53:31.622 V] #2 PLAYER : scripts/omw/settings/player.lua
[19:53:31.622 V] #3 GLOBAL : scripts/omw/settings/global.lua
[19:53:31.622 V] #4 GLOBAL : scripts/omw/activationhandlers.lua
[19:53:31.622 V] #5 GLOBAL : scripts/omw/usehandlers.lua
[19:53:31.622 V] #6 GLOBAL : scripts/omw/worldeventhandlers.lua
[19:53:31.622 V] #7 GLOBAL : scripts/omw/crimes.lua
[19:53:31.622 V] #8 PLAYER CREATURE NPC : scripts/omw/mechanics/animationcontroller.lua
[19:53:31.622 V] #9 PLAYER : scripts/omw/skillhandlers.lua
[19:53:31.622 V] #10 PLAYER : scripts/omw/mechanics/playercontroller.lua
[19:53:31.622 V] #11 MENU : scripts/omw/camera/settings.lua
[19:53:31.622 V] #12 MENU : scripts/omw/input/settings.lua
[19:53:31.622 V] #13 PLAYER : scripts/omw/input/playercontrols.lua
[19:53:31.622 V] #14 PLAYER : scripts/omw/camera/camera.lua
[19:53:31.622 V] #15 PLAYER : scripts/omw/input/actionbindings.lua
[19:53:31.622 V] #16 PLAYER : scripts/omw/input/smoothmovement.lua
[19:53:31.622 V] #17 PLAYER : scripts/omw/input/gamepadcontrols.lua
[19:53:31.622 V] #18 NPC CREATURE : scripts/omw/ai.lua
[19:53:31.622 V] #19 GLOBAL : scripts/omw/mechanics/globalcontroller.lua
[19:53:31.622 V] #20 PLAYER CREATURE NPC : scripts/omw/mechanics/actorcontroller.lua
[19:53:31.622 V] #21 PLAYER NPC CREATURE : scripts/omw/combat/interface_local.lua
[19:53:31.622 V] #22 GLOBAL : scripts/omw/combat/interface_global.lua
[19:53:31.622 V] #23 PLAYER CREATURE NPC : scripts/omw/spellcasting/interface_local.lua
[19:53:31.622 V] #24 GLOBAL : scripts/omw/spellcasting/interface_global.lua
[19:53:31.622 V] #25 GLOBAL : scripts/omw/mechanics/projectiles.lua
[19:53:31.622 V] #26 PLAYER : scripts/omw/ui.lua
[19:53:31.622 V] #27 MENU : scripts/omw/console/menu.lua
[19:53:31.622 V] #28 PLAYER : scripts/omw/console/player.lua
[19:53:31.622 V] #29 GLOBAL : scripts/omw/console/global.lua
[19:53:31.622 V] #30 CUSTOM : scripts/omw/console/local.lua
[19:53:31.622 V] #31 NPC CREATURE : scripts/omw/music/actor.lua
[19:53:31.622 V] #32 GLOBAL : scripts/omw/cellhandlers.lua
[19:53:31.622 V] #33 GLOBAL : scripts/omw/combat/global.lua
[19:53:31.622 V] #34 PLAYER : scripts/omw/combat/settingspage.lua
[19:53:31.622 V] #35 PLAYER NPC CREATURE : scripts/omw/combat/local.lua
[19:53:31.622 V] #36 PLAYER : scripts/omw/music/music.lua
[19:53:31.622 V] #37 MENU : scripts/omw/music/settings.lua
[19:53:31.622 V] #38 PLAYER : scripts/omw/playerskillhandlers.lua
[19:53:31.622 V] #39 LOAD : scripts/omw/esmfallbacks.lua
[19:53:31.622 V] #40 PLAYER CREATURE NPC : scripts/omw/spellcasting/local.lua
[19:53:31.622 V] #41 DOOR CONTAINER : scripts/omw/spellcasting/lockable.lua
[19:53:31.622 V] #42 GLOBAL : scripts/omw/spellcasting/global.lua
[19:53:31.622 V] #43 GLOBAL : scripts/bench/global.lua
[19:53:31.622 V] #44 PLAYER : scripts/bench/player.lua
[19:53:31.633 V] Enchantment "test magic axe": dropping unexpected skill argument of "FortifyMaximumMagicka" effect
[19:53:31.704 I] Using 1 async physics threads
[19:53:31.704 I] Using <project>/harness/userdata/navmesh.db to store navigation mesh cache
[19:53:31.705 V] Using idle priority for thread=0x16f7d7000
[19:53:31.705 I] Reserving texture units for shadow maps: 13..15
[19:53:31.706 I] Reserving texture unit for opaque depth texture: 12
[19:53:31.706 I] Reserving texture unit for opaque color texture: 11
[19:53:31.706 V] Disabling Multiview (disabled by config)
[19:53:31.709 I] Initialized fallback fragment shader pipeline for water ripples
[19:53:31.710 V] Language file "l10n/Interface/gmst.yaml" is enabled
[19:53:31.710 V] Language file "l10n/Interface/en.yaml" is enabled
[19:53:31.718 V] Language file "l10n/OMWEngine/gmst.yaml" is enabled
[19:53:31.719 V] Language file "l10n/OMWEngine/en.yaml" is enabled
[19:53:31.728 V] Language file "l10n/OMWShaders/en.yaml" is enabled
[19:53:31.736 V] Language file "l10n/OMWCamera/en.yaml" is enabled
[19:53:31.737 V] Language file "l10n/OMWControls/en.yaml" is enabled
[19:53:31.737 V] Language file "l10n/interface/gmst.yaml" is enabled
[19:53:31.737 V] Language file "l10n/interface/en.yaml" is enabled
[19:53:31.737 V] Language file "l10n/Calendar/gmst.yaml" is enabled
[19:53:31.738 V] Language file "l10n/Calendar/en.yaml" is enabled
[19:53:31.738 V] Language file "l10n/OMWMusic/en.yaml" is enabled
[19:53:31.738 I] OSG stats will be written to: <project>/harness/results/20260905-1936-8dc3ccd23-upstream-heavy/route-r2-stats.txt
[19:53:31.743 I] Starting a new game
[19:53:31.746 V] Language file "l10n/Mechanics/gmst.yaml" is enabled
[19:53:31.992 I] Loading cell Bitter Coast Region (0, -10)
[19:53:31.999 I] Loading cell Ascadian Isles Region (0, -9)
[19:53:32.009 I] Loading cell Bitter Coast Region (-1, -10)
[19:53:32.010 I] Loading cell Bitter Coast Region (0, -11)
[19:53:32.011 I] Loading cell Ascadian Isles Region (1, -10)
[19:53:32.015 I] Loading cell Bitter Coast Region (-1, -9)
[19:53:32.017 I] Loading cell Ascadian Isles Region (1, -9)
[19:53:32.021 I] Loading cell Bitter Coast Region (-1, -11)
[19:53:32.022 I] Loading cell Ascadian Isles Region (1, -11)
[19:53:32.026 V] Language file "l10n/OMWCombat/en.yaml" is enabled
[19:53:32.073 I] Global[scripts/bench/global.lua]:	BENCH station=route startcell="bitter coast region" frame=1
[19:53:32.302 I] Unloading cell Ascadian Isles Region (1, -10)
[19:53:32.302 I] Unloading cell Ascadian Isles Region (1, -9)
[19:53:32.302 I] Unloading cell Bitter Coast Region (0, -11)
[19:53:32.302 I] Unloading cell Ascadian Isles Region (0, -9)
[19:53:32.303 I] Unloading cell Ascadian Isles Region (1, -11)
[19:53:32.303 I] Unloading cell Bitter Coast Region (-1, -11)
[19:53:32.303 I] Unloading cell Bitter Coast Region (0, -10)
[19:53:32.399 I] Loading cell Seyda Neen (-2, -9)
[19:53:32.402 V] Controller R2_Claw02 present more than once in meshes/r/xsiltstrider.kf, ignoring later version
[19:53:32.413 I] Loading cell Bitter Coast Region (-2, -8)
[19:53:32.415 I] Loading cell Bitter Coast Region (-3, -9)
[19:53:32.416 I] Loading cell Seyda Neen (-2, -10)
[19:53:32.416 I] Warning: lookoutScript[local variables] line 41, column 37 (=): invalid operator =, treating it as ==
[19:53:32.418 I] Loading cell Ascadian Isles Region (-1, -8)
[19:53:32.421 I] Loading cell Bitter Coast Region (-3, -8)
[19:53:32.423 I] Loading cell Bitter Coast Region (-3, -10)
[19:53:32.426 I] AiTravel: -8914, -73093, 126
[19:53:32.426 I] Warning: lookoutScript line 41, column 37 (=): invalid operator =, treating it as ==
[19:53:32.426 I] Warning: fallingScript line 46, column 6 (endif): endif without matching if/elseif
[19:53:32.608 I] L@0x1[scripts/bench/player.lua]:	BENCH camera station=route yaw=0 pitch=6
[19:53:33.162 I] Global[scripts/bench/global.lua]:	BENCH station=route ready frame=40 simtime=1.01
[19:53:33.162 I] Global[scripts/bench/global.lua]:	BENCH route cell=-2,-9 pos=(-11000,-69982) simtime=1.01
[19:53:37.622 I] Unloading cell Seyda Neen (-2, -10)
[19:53:37.623 I] Unloading cell Bitter Coast Region (-3, -10)
[19:53:37.623 I] Unloading cell Bitter Coast Region (-1, -10)
[19:53:37.624 I] Loading cell Ascadian Isles Region (-2, -7)
[19:53:37.624 I] Loading cell Ascadian Isles Region (-1, -7)
[19:53:37.626 I] Loading cell Ascadian Isles Region (-3, -7)
[19:53:37.638 I] Global[scripts/bench/global.lua]:	BENCH route cell=-2,-8 pos=(-11000,-65521) simtime=5.48
[19:53:45.957 I] Unloading cell Bitter Coast Region (-3, -9)
[19:53:45.958 I] Unloading cell Bitter Coast Region (-1, -9)
[19:53:45.958 I] Unloading cell Seyda Neen (-2, -9)
[19:53:45.959 I] Loading cell Ascadian Isles Region (-2, -6)
[19:53:45.962 I] Loading cell Ascadian Isles Region (-1, -6)
[19:53:45.963 I] Loading cell Ascadian Isles Region (-3, -6)
[19:53:45.979 I] Global[scripts/bench/global.lua]:	BENCH route cell=-2,-7 pos=(-12167,-57330) simtime=13.81
[19:53:54.408 I] Unloading cell Bitter Coast Region (-2, -8)
[19:53:54.409 I] Unloading cell Ascadian Isles Region (-1, -8)
[19:53:54.409 I] Unloading cell Bitter Coast Region (-3, -8)
[19:53:54.410 I] Loading cell Ascadian Isles Region (-2, -5)
[19:53:54.410 I] Loading cell Ascadian Isles Region (-1, -5)
[19:53:54.412 I] Loading cell Ascadian Isles Region (-3, -5)
[19:53:54.425 I] Global[scripts/bench/global.lua]:	BENCH route cell=-2,-6 pos=(-14217,-49131) simtime=22.26
[19:54:02.859 I] Unloading cell Ascadian Isles Region (-2, -7)
[19:54:02.859 I] Unloading cell Ascadian Isles Region (-3, -7)
[19:54:02.859 I] Unloading cell Ascadian Isles Region (-1, -7)
[19:54:02.860 I] Loading cell Ascadian Isles Region (-2, -4)
[19:54:02.860 I] Loading cell Ascadian Isles Region (-1, -4)
[19:54:02.862 I] Loading cell Ascadian Isles Region (-3, -4)
[19:54:02.872 I] Global[scripts/bench/global.lua]:	BENCH route cell=-2,-5 pos=(-16266,-40933) simtime=30.70
[19:54:03.372 I] Unloading cell Ascadian Isles Region (-1, -4)
[19:54:03.372 I] Unloading cell Ascadian Isles Region (-1, -5)
[19:54:03.372 I] Unloading cell Ascadian Isles Region (-1, -6)
[19:54:03.373 I] Loading cell Ascadian Isles Region (-4, -5)
[19:54:03.374 I] Loading cell Ascadian Isles Region (-4, -4)
[19:54:03.376 I] Loading cell Bitter Coast Region (-4, -6)
[19:54:03.397 I] Global[scripts/bench/global.lua]:	BENCH route cell=-3,-5 pos=(-16391,-40435) simtime=31.22
[19:54:09.939 V] Controller R2_Claw02 present more than once in meshes/r/xsiltstrider.kf, ignoring later version
[19:54:11.290 I] Unloading cell Bitter Coast Region (-4, -6)
[19:54:11.290 I] Unloading cell Ascadian Isles Region (-3, -6)
[19:54:11.290 I] Unloading cell Ascadian Isles Region (-2, -6)
[19:54:11.291 I] Loading cell Balmora (-3, -3)
[19:54:11.297 I] Loading cell West Gash Region (-2, -3)
[19:54:11.298 I] Loading cell West Gash Region (-4, -3)
[19:54:11.300 I] Warning: OutsideBanner line 38, column 6 (endif): endif without matching if/elseif
[19:54:11.315 I] Global[scripts/bench/global.lua]:	BENCH route cell=-3,-4 pos=(-18311,-32753) simtime=39.14
[19:54:19.572 I] Unloading cell Ascadian Isles Region (-4, -5)
[19:54:19.572 I] Unloading cell Ascadian Isles Region (-3, -5)
[19:54:19.572 I] Unloading cell Ascadian Isles Region (-2, -5)
[19:54:19.573 I] Loading cell Balmora (-3, -2)
[19:54:19.583 I] Loading cell Balmora (-2, -2)
[19:54:19.585 I] Loading cell Balmora (-4, -2)
[19:54:19.608 I] Global[scripts/bench/global.lua]:	BENCH route cell=-3,-3 pos=(-19000,-24556) simtime=47.42
[19:54:25.240 I] Saving shader settings file: <project>/harness/results/20260905-1936-8dc3ccd23-upstream-heavy/overlay/shaders.yaml
[19:54:25.240 I] Saving Lua storage "<project>/harness/results/20260905-1936-8dc3ccd23-upstream-heavy/overlay/global_storage.bin" (140 bytes)
[19:54:25.241 I] Saving Lua storage "<project>/harness/results/20260905-1936-8dc3ccd23-upstream-heavy/overlay/player_storage.bin" (878 bytes)
[19:54:25.288 I] Saved input bindings: <project>/harness/results/20260905-1936-8dc3ccd23-upstream-heavy/overlay/input_v3.xml
[19:54:25.375 I] Quitting peacefully.
