[19:54:25.724 *] Crash handler installed
[19:54:25.788 *] Loading config file: <project>/openmw/build/OpenMW.app/Contents/Resources/openmw.cfg
[19:54:25.788 *] Loading config file: <project>/harness/config/openmw.cfg
[19:54:25.789 *] Loading config file: <project>/harness/results/20260905-1936-8dc3ccd23-upstream-heavy/overlay/openmw.cfg
[19:54:25.789 *] Logs dir: <project>/harness/results/20260905-1936-8dc3ccd23-upstream-heavy/overlay
[19:54:25.789 *] User data dir: <project>/harness/userdata
[19:54:25.789 *] Screenshots dir: <project>/harness/userdata/screenshots
[19:54:25.789 I] OpenMW version 0.52.0
[19:54:25.789 I] Revision: 8dc3ccd234
[19:54:25.789 I] Loading settings file: <project>/openmw/build/OpenMW.app/Contents/Resources/defaults.bin
[19:54:25.789 I] Loading settings file: <project>/harness/config/settings.cfg
[19:54:25.790 I] Loading settings file: <project>/harness/results/20260905-1936-8dc3ccd23-upstream-heavy/overlay/settings.cfg
[19:54:25.790 W] int [Game] actors processing range setting value is out of allowed values set: 14336, sanitized to 7168
[19:54:25.790 I] Using default (English) font encoding.
[19:54:25.790 W] No such dir: <home>/Library/Application Support/openmw/data
[19:54:25.790 I] OSG version: 3.6.5
[19:54:25.790 I] SDL version: 2.32.10
[19:54:25.790 I] Loading shader settings file: <project>/harness/results/20260905-1936-8dc3ccd23-upstream-heavy/overlay/shaders.yaml
[19:54:25.843 I] OpenGL Vendor: Apple
[19:54:25.843 I] OpenGL Renderer: Apple M5 Pro
[19:54:25.843 I] OpenGL Version: 2.1 Metal - 90.5
[19:54:25.843 W] GL_ARB_clip_control not supported: disabling reverse-z depth buffer
[19:54:25.844 I] Adding BSA archive <project>/Morrowind/Data Files/Morrowind.bsa
[19:54:25.845 I] Adding BSA archive <project>/Morrowind/Data Files/Tribunal.bsa
[19:54:25.845 I] Adding BSA archive <project>/Morrowind/Data Files/Bloodmoon.bsa
[19:54:25.845 I] Adding data directory <project>/openmw/build/OpenMW.app/Contents/Resources/../Resources/resources/vfs
[19:54:25.846 I] Adding data directory <project>/openmw/build/OpenMW.app/Contents/Resources/../Resources/resources/vfs-mw
[19:54:25.846 I] Adding data directory <project>/Morrowind/Data Files
[19:54:25.861 I] Adding data directory <project>/harness/mod
[19:54:25.865 I] Preferred locales: gmst en
[19:54:25.865 I] Initializing LuaUtil::LuaState without profiler
[19:54:25.866 I] Lua version: Lua 5.1.4 (LuaJIT 2.1.1767980792)
[19:54:25.866 I] Loading keybindings file: <project>/harness/results/20260905-1936-8dc3ccd23-upstream-heavy/overlay/input_v3.xml
[19:54:25.866 I] Loading TrueType font file fonts/mysticcards.omwfont
[19:54:25.868 I] Loading TrueType font file fonts/demonicletters.omwfont
[19:54:25.869 I] Loading TrueType font file fonts/dejavulgcsansmono.omwfont
[19:54:25.877 I] Sound disabled.
[19:54:25.878 I] Loading Lua storage "<project>/harness/results/20260905-1936-8dc3ccd23-upstream-heavy/overlay/global_storage.bin" (140 bytes)
[19:54:25.878 I] Loading Lua storage "<project>/harness/results/20260905-1936-8dc3ccd23-upstream-heavy/overlay/player_storage.bin" (878 bytes)
[19:54:25.880 I] Loading content file builtin.omwscripts
[19:54:25.880 I] Loading content file Morrowind.esm
[19:54:26.033 I] Loading content file Tribunal.esm
[19:54:26.053 I] Loading content file Bloodmoon.esm
[19:54:26.079 I] Loading content file bench.omwscripts
[19:54:26.079 V] Lua scripts configuration (45 scripts):
[19:54:26.079 V] #0 MENU PLAYER : scripts/omw/mwui/init.lua
[19:54:26.079 V] #1 MENU : scripts/omw/settings/menu.lua
[19:54:26.079 V] #2 PLAYER : scripts/omw/settings/player.lua
[19:54:26.079 V] #3 GLOBAL : scripts/omw/settings/global.lua
[19:54:26.079 V] #4 GLOBAL : scripts/omw/activationhandlers.lua
[19:54:26.079 V] #5 GLOBAL : scripts/omw/usehandlers.lua
[19:54:26.079 V] #6 GLOBAL : scripts/omw/worldeventhandlers.lua
[19:54:26.079 V] #7 GLOBAL : scripts/omw/crimes.lua
[19:54:26.079 V] #8 PLAYER CREATURE NPC : scripts/omw/mechanics/animationcontroller.lua
[19:54:26.079 V] #9 PLAYER : scripts/omw/skillhandlers.lua
[19:54:26.079 V] #10 PLAYER : scripts/omw/mechanics/playercontroller.lua
[19:54:26.079 V] #11 MENU : scripts/omw/camera/settings.lua
[19:54:26.079 V] #12 MENU : scripts/omw/input/settings.lua
[19:54:26.079 V] #13 PLAYER : scripts/omw/input/playercontrols.lua
[19:54:26.079 V] #14 PLAYER : scripts/omw/camera/camera.lua
[19:54:26.079 V] #15 PLAYER : scripts/omw/input/actionbindings.lua
[19:54:26.079 V] #16 PLAYER : scripts/omw/input/smoothmovement.lua
[19:54:26.079 V] #17 PLAYER : scripts/omw/input/gamepadcontrols.lua
[19:54:26.079 V] #18 NPC CREATURE : scripts/omw/ai.lua
[19:54:26.079 V] #19 GLOBAL : scripts/omw/mechanics/globalcontroller.lua
[19:54:26.079 V] #20 PLAYER CREATURE NPC : scripts/omw/mechanics/actorcontroller.lua
[19:54:26.079 V] #21 PLAYER NPC CREATURE : scripts/omw/combat/interface_local.lua
[19:54:26.079 V] #22 GLOBAL : scripts/omw/combat/interface_global.lua
[19:54:26.079 V] #23 PLAYER CREATURE NPC : scripts/omw/spellcasting/interface_local.lua
[19:54:26.079 V] #24 GLOBAL : scripts/omw/spellcasting/interface_global.lua
[19:54:26.079 V] #25 GLOBAL : scripts/omw/mechanics/projectiles.lua
[19:54:26.079 V] #26 PLAYER : scripts/omw/ui.lua
[19:54:26.079 V] #27 MENU : scripts/omw/console/menu.lua
[19:54:26.080 V] #28 PLAYER : scripts/omw/console/player.lua
[19:54:26.080 V] #29 GLOBAL : scripts/omw/console/global.lua
[19:54:26.080 V] #30 CUSTOM : scripts/omw/console/local.lua
[19:54:26.080 V] #31 NPC CREATURE : scripts/omw/music/actor.lua
[19:54:26.080 V] #32 GLOBAL : scripts/omw/cellhandlers.lua
[19:54:26.080 V] #33 GLOBAL : scripts/omw/combat/global.lua
[19:54:26.080 V] #34 PLAYER : scripts/omw/combat/settingspage.lua
[19:54:26.080 V] #35 PLAYER NPC CREATURE : scripts/omw/combat/local.lua
[19:54:26.080 V] #36 PLAYER : scripts/omw/music/music.lua
[19:54:26.080 V] #37 MENU : scripts/omw/music/settings.lua
[19:54:26.080 V] #38 PLAYER : scripts/omw/playerskillhandlers.lua
[19:54:26.080 V] #39 LOAD : scripts/omw/esmfallbacks.lua
[19:54:26.080 V] #40 PLAYER CREATURE NPC : scripts/omw/spellcasting/local.lua
[19:54:26.080 V] #41 DOOR CONTAINER : scripts/omw/spellcasting/lockable.lua
[19:54:26.080 V] #42 GLOBAL : scripts/omw/spellcasting/global.lua
[19:54:26.080 V] #43 GLOBAL : scripts/bench/global.lua
[19:54:26.080 V] #44 PLAYER : scripts/bench/player.lua
[19:54:26.090 V] Enchantment "test magic axe": dropping unexpected skill argument of "FortifyMaximumMagicka" effect
[19:54:26.162 I] Using 1 async physics threads
[19:54:26.162 I] Using <project>/harness/userdata/navmesh.db to store navigation mesh cache
[19:54:26.163 I] Reserving texture units for shadow maps: 13..15
[19:54:26.163 V] Using idle priority for thread=0x16e1df000
[19:54:26.164 I] Reserving texture unit for opaque depth texture: 12
[19:54:26.164 I] Reserving texture unit for opaque color texture: 11
[19:54:26.164 V] Disabling Multiview (disabled by config)
[19:54:26.167 I] Initialized fallback fragment shader pipeline for water ripples
[19:54:26.168 V] Language file "l10n/Interface/gmst.yaml" is enabled
[19:54:26.168 V] Language file "l10n/Interface/en.yaml" is enabled
[19:54:26.177 V] Language file "l10n/OMWEngine/gmst.yaml" is enabled
[19:54:26.178 V] Language file "l10n/OMWEngine/en.yaml" is enabled
[19:54:26.187 V] Language file "l10n/OMWShaders/en.yaml" is enabled
[19:54:26.194 V] Language file "l10n/OMWCamera/en.yaml" is enabled
[19:54:26.195 V] Language file "l10n/OMWControls/en.yaml" is enabled
[19:54:26.196 V] Language file "l10n/interface/gmst.yaml" is enabled
[19:54:26.196 V] Language file "l10n/interface/en.yaml" is enabled
[19:54:26.196 V] Language file "l10n/Calendar/gmst.yaml" is enabled
[19:54:26.196 V] Language file "l10n/Calendar/en.yaml" is enabled
[19:54:26.196 V] Language file "l10n/OMWMusic/en.yaml" is enabled
[19:54:26.197 I] OSG stats will be written to: <project>/harness/results/20260905-1936-8dc3ccd23-upstream-heavy/route-r3-stats.txt
[19:54:26.201 I] Starting a new game
[19:54:26.204 V] Language file "l10n/Mechanics/gmst.yaml" is enabled
[19:54:26.441 I] Loading cell Bitter Coast Region (0, -10)
[19:54:26.448 I] Loading cell Ascadian Isles Region (0, -9)
[19:54:26.461 I] Loading cell Bitter Coast Region (-1, -10)
[19:54:26.462 I] Loading cell Bitter Coast Region (0, -11)
[19:54:26.463 I] Loading cell Ascadian Isles Region (1, -10)
[19:54:26.467 I] Loading cell Bitter Coast Region (-1, -9)
[19:54:26.469 I] Loading cell Ascadian Isles Region (1, -9)
[19:54:26.473 I] Loading cell Bitter Coast Region (-1, -11)
[19:54:26.474 I] Loading cell Ascadian Isles Region (1, -11)
[19:54:26.478 V] Language file "l10n/OMWCombat/en.yaml" is enabled
[19:54:26.525 I] Global[scripts/bench/global.lua]:	BENCH station=route startcell="bitter coast region" frame=1
[19:54:26.758 I] Unloading cell Ascadian Isles Region (1, -9)
[19:54:26.758 I] Unloading cell Ascadian Isles Region (1, -10)
[19:54:26.759 I] Unloading cell Ascadian Isles Region (1, -11)
[19:54:26.759 I] Unloading cell Bitter Coast Region (0, -11)
[19:54:26.759 I] Unloading cell Ascadian Isles Region (0, -9)
[19:54:26.759 I] Unloading cell Bitter Coast Region (-1, -11)
[19:54:26.760 I] Unloading cell Bitter Coast Region (0, -10)
[19:54:26.857 I] Loading cell Seyda Neen (-2, -9)
[19:54:26.859 V] Controller R2_Claw02 present more than once in meshes/r/xsiltstrider.kf, ignoring later version
[19:54:26.869 I] Loading cell Bitter Coast Region (-2, -8)
[19:54:26.871 I] Loading cell Bitter Coast Region (-3, -9)
[19:54:26.872 I] Loading cell Seyda Neen (-2, -10)
[19:54:26.873 I] Warning: lookoutScript[local variables] line 41, column 37 (=): invalid operator =, treating it as ==
[19:54:26.874 I] Loading cell Ascadian Isles Region (-1, -8)
[19:54:26.877 I] Loading cell Bitter Coast Region (-3, -8)
[19:54:26.879 I] Loading cell Bitter Coast Region (-3, -10)
[19:54:26.881 I] AiTravel: -8914, -73093, 126
[19:54:26.882 I] Warning: lookoutScript line 41, column 37 (=): invalid operator =, treating it as ==
[19:54:26.882 I] Warning: fallingScript line 46, column 6 (endif): endif without matching if/elseif
[19:54:27.063 I] L@0x1[scripts/bench/player.lua]:	BENCH camera station=route yaw=0 pitch=6
[19:54:27.611 I] Global[scripts/bench/global.lua]:	BENCH station=route ready frame=40 simtime=1.01
[19:54:27.611 I] Global[scripts/bench/global.lua]:	BENCH route cell=-2,-9 pos=(-11000,-69983) simtime=1.01
[19:54:32.069 I] Unloading cell Seyda Neen (-2, -10)
[19:54:32.069 I] Unloading cell Bitter Coast Region (-1, -10)
[19:54:32.070 I] Unloading cell Bitter Coast Region (-3, -10)
[19:54:32.070 I] Loading cell Ascadian Isles Region (-2, -7)
[19:54:32.071 I] Loading cell Ascadian Isles Region (-1, -7)
[19:54:32.072 I] Loading cell Ascadian Isles Region (-3, -7)
[19:54:32.085 I] Global[scripts/bench/global.lua]:	BENCH route cell=-2,-8 pos=(-11000,-65524) simtime=5.47
[19:54:40.416 I] Unloading cell Bitter Coast Region (-3, -9)
[19:54:40.416 I] Unloading cell Bitter Coast Region (-1, -9)
[19:54:40.416 I] Unloading cell Seyda Neen (-2, -9)
[19:54:40.417 I] Loading cell Ascadian Isles Region (-2, -6)
[19:54:40.420 I] Loading cell Ascadian Isles Region (-1, -6)
[19:54:40.421 I] Loading cell Ascadian Isles Region (-3, -6)
[19:54:40.440 I] Global[scripts/bench/global.lua]:	BENCH route cell=-2,-7 pos=(-12169,-57321) simtime=13.82
[19:54:48.848 I] Unloading cell Bitter Coast Region (-3, -8)
[19:54:48.849 I] Unloading cell Bitter Coast Region (-2, -8)
[19:54:48.849 I] Unloading cell Ascadian Isles Region (-1, -8)
[19:54:48.850 I] Loading cell Ascadian Isles Region (-2, -5)
[19:54:48.850 I] Loading cell Ascadian Isles Region (-1, -5)
[19:54:48.851 I] Loading cell Ascadian Isles Region (-3, -5)
[19:54:48.862 I] Global[scripts/bench/global.lua]:	BENCH route cell=-2,-6 pos=(-14214,-49140) simtime=22.25
[19:54:57.296 I] Unloading cell Ascadian Isles Region (-3, -7)
[19:54:57.296 I] Unloading cell Ascadian Isles Region (-1, -7)
[19:54:57.297 I] Unloading cell Ascadian Isles Region (-2, -7)
[19:54:57.297 I] Loading cell Ascadian Isles Region (-2, -4)
[19:54:57.298 I] Loading cell Ascadian Isles Region (-1, -4)
[19:54:57.299 I] Loading cell Ascadian Isles Region (-3, -4)
[19:54:57.311 I] Global[scripts/bench/global.lua]:	BENCH route cell=-2,-5 pos=(-16263,-40945) simtime=30.70
[19:54:57.811 I] Unloading cell Ascadian Isles Region (-1, -6)
[19:54:57.811 I] Unloading cell Ascadian Isles Region (-1, -5)
[19:54:57.812 I] Unloading cell Ascadian Isles Region (-1, -4)
[19:54:57.812 I] Loading cell Ascadian Isles Region (-4, -5)
[19:54:57.813 I] Loading cell Ascadian Isles Region (-4, -4)
[19:54:57.816 I] Loading cell Bitter Coast Region (-4, -6)
[19:54:57.837 I] Global[scripts/bench/global.lua]:	BENCH route cell=-3,-5 pos=(-16388,-40445) simtime=31.21
[19:55:04.554 V] Controller R2_Claw02 present more than once in meshes/r/xsiltstrider.kf, ignoring later version
[19:55:05.744 I] Unloading cell Ascadian Isles Region (-2, -6)
[19:55:05.744 I] Unloading cell Ascadian Isles Region (-3, -6)
[19:55:05.745 I] Unloading cell Bitter Coast Region (-4, -6)
[19:55:05.745 I] Loading cell Balmora (-3, -3)
[19:55:05.751 I] Loading cell West Gash Region (-2, -3)
[19:55:05.753 I] Loading cell West Gash Region (-4, -3)
[19:55:05.754 I] Warning: OutsideBanner line 38, column 6 (endif): endif without matching if/elseif
[19:55:05.767 I] Global[scripts/bench/global.lua]:	BENCH route cell=-3,-4 pos=(-18312,-32749) simtime=39.15
[19:55:14.016 I] Unloading cell Ascadian Isles Region (-3, -5)
[19:55:14.016 I] Unloading cell Ascadian Isles Region (-2, -5)
[19:55:14.017 I] Unloading cell Ascadian Isles Region (-4, -5)
[19:55:14.017 I] Loading cell Balmora (-3, -2)
[19:55:14.027 I] Loading cell Balmora (-2, -2)
[19:55:14.029 I] Loading cell Balmora (-4, -2)
[19:55:14.047 I] Global[scripts/bench/global.lua]:	BENCH route cell=-3,-3 pos=(-19000,-24561) simtime=47.42
[19:55:19.677 I] Saving shader settings file: <project>/harness/results/20260905-1936-8dc3ccd23-upstream-heavy/overlay/shaders.yaml
[19:55:19.677 I] Saving Lua storage "<project>/harness/results/20260905-1936-8dc3ccd23-upstream-heavy/overlay/global_storage.bin" (140 bytes)
[19:55:19.677 I] Saving Lua storage "<project>/harness/results/20260905-1936-8dc3ccd23-upstream-heavy/overlay/player_storage.bin" (878 bytes)
[19:55:19.726 I] Saved input bindings: <project>/harness/results/20260905-1936-8dc3ccd23-upstream-heavy/overlay/input_v3.xml
[19:55:19.800 I] Quitting peacefully.
