[19:36:16.658 *] Crash handler installed
[19:36:16.714 *] Loading config file: <project>/openmw/build/OpenMW.app/Contents/Resources/openmw.cfg
[19:36:16.715 *] Loading config file: <project>/harness/config/openmw.cfg
[19:36:16.715 *] Loading config file: <project>/harness/results/20260905-1936-8dc3ccd23-upstream-heavy/overlay/openmw.cfg
[19:36:16.716 *] Logs dir: <project>/harness/results/20260905-1936-8dc3ccd23-upstream-heavy/overlay
[19:36:16.716 *] User data dir: <project>/harness/userdata
[19:36:16.716 *] Screenshots dir: <project>/harness/userdata/screenshots
[19:36:16.716 I] OpenMW version 0.52.0
[19:36:16.716 I] Revision: 8dc3ccd234
[19:36:16.716 I] Loading settings file: <project>/openmw/build/OpenMW.app/Contents/Resources/defaults.bin
[19:36:16.716 I] Loading settings file: <project>/harness/config/settings.cfg
[19:36:16.717 I] Loading settings file: <project>/harness/results/20260905-1936-8dc3ccd23-upstream-heavy/overlay/settings.cfg
[19:36:16.717 W] int [Game] actors processing range setting value is out of allowed values set: 14336, sanitized to 7168
[19:36:16.717 I] Using default (English) font encoding.
[19:36:16.717 W] No such dir: <home>/Library/Application Support/openmw/data
[19:36:16.717 I] OSG version: 3.6.5
[19:36:16.717 I] SDL version: 2.32.10
[19:36:16.717 I] Loading shader settings file: <project>/harness/results/20260905-1936-8dc3ccd23-upstream-heavy/overlay/shaders.yaml
[19:36:16.766 I] OpenGL Vendor: Apple
[19:36:16.766 I] OpenGL Renderer: Apple M5 Pro
[19:36:16.766 I] OpenGL Version: 2.1 Metal - 90.5
[19:36:16.766 W] GL_ARB_clip_control not supported: disabling reverse-z depth buffer
[19:36:16.766 I] Adding BSA archive <project>/Morrowind/Data Files/Morrowind.bsa
[19:36:16.767 I] Adding BSA archive <project>/Morrowind/Data Files/Tribunal.bsa
[19:36:16.768 I] Adding BSA archive <project>/Morrowind/Data Files/Bloodmoon.bsa
[19:36:16.768 I] Adding data directory <project>/openmw/build/OpenMW.app/Contents/Resources/../Resources/resources/vfs
[19:36:16.768 I] Adding data directory <project>/openmw/build/OpenMW.app/Contents/Resources/../Resources/resources/vfs-mw
[19:36:16.769 I] Adding data directory <project>/Morrowind/Data Files
[19:36:16.784 I] Adding data directory <project>/harness/mod
[19:36:16.788 I] Preferred locales: gmst en
[19:36:16.788 I] Initializing LuaUtil::LuaState without profiler
[19:36:16.788 I] Lua version: Lua 5.1.4 (LuaJIT 2.1.1767980792)
[19:36:16.789 I] Loading TrueType font file fonts/mysticcards.omwfont
[19:36:16.791 I] Loading TrueType font file fonts/demonicletters.omwfont
[19:36:16.792 I] Loading TrueType font file fonts/dejavulgcsansmono.omwfont
[19:36:16.800 I] Sound disabled.
[19:36:16.803 I] Loading content file builtin.omwscripts
[19:36:16.803 I] Loading content file Morrowind.esm
[19:36:16.945 I] Loading content file Tribunal.esm
[19:36:16.964 I] Loading content file Bloodmoon.esm
[19:36:16.994 I] Loading content file bench.omwscripts
[19:36:16.994 V] Lua scripts configuration (45 scripts):
[19:36:16.994 V] #0 MENU PLAYER : scripts/omw/mwui/init.lua
[19:36:16.994 V] #1 MENU : scripts/omw/settings/menu.lua
[19:36:16.994 V] #2 PLAYER : scripts/omw/settings/player.lua
[19:36:16.994 V] #3 GLOBAL : scripts/omw/settings/global.lua
[19:36:16.994 V] #4 GLOBAL : scripts/omw/activationhandlers.lua
[19:36:16.994 V] #5 GLOBAL : scripts/omw/usehandlers.lua
[19:36:16.994 V] #6 GLOBAL : scripts/omw/worldeventhandlers.lua
[19:36:16.994 V] #7 GLOBAL : scripts/omw/crimes.lua
[19:36:16.994 V] #8 PLAYER CREATURE NPC : scripts/omw/mechanics/animationcontroller.lua
[19:36:16.994 V] #9 PLAYER : scripts/omw/skillhandlers.lua
[19:36:16.994 V] #10 PLAYER : scripts/omw/mechanics/playercontroller.lua
[19:36:16.994 V] #11 MENU : scripts/omw/camera/settings.lua
[19:36:16.994 V] #12 MENU : scripts/omw/input/settings.lua
[19:36:16.994 V] #13 PLAYER : scripts/omw/input/playercontrols.lua
[19:36:16.994 V] #14 PLAYER : scripts/omw/camera/camera.lua
[19:36:16.994 V] #15 PLAYER : scripts/omw/input/actionbindings.lua
[19:36:16.994 V] #16 PLAYER : scripts/omw/input/smoothmovement.lua
[19:36:16.994 V] #17 PLAYER : scripts/omw/input/gamepadcontrols.lua
[19:36:16.994 V] #18 NPC CREATURE : scripts/omw/ai.lua
[19:36:16.994 V] #19 GLOBAL : scripts/omw/mechanics/globalcontroller.lua
[19:36:16.994 V] #20 PLAYER CREATURE NPC : scripts/omw/mechanics/actorcontroller.lua
[19:36:16.994 V] #21 PLAYER NPC CREATURE : scripts/omw/combat/interface_local.lua
[19:36:16.994 V] #22 GLOBAL : scripts/omw/combat/interface_global.lua
[19:36:16.994 V] #23 PLAYER CREATURE NPC : scripts/omw/spellcasting/interface_local.lua
[19:36:16.994 V] #24 GLOBAL : scripts/omw/spellcasting/interface_global.lua
[19:36:16.994 V] #25 GLOBAL : scripts/omw/mechanics/projectiles.lua
[19:36:16.994 V] #26 PLAYER : scripts/omw/ui.lua
[19:36:16.994 V] #27 MENU : scripts/omw/console/menu.lua
[19:36:16.994 V] #28 PLAYER : scripts/omw/console/player.lua
[19:36:16.994 V] #29 GLOBAL : scripts/omw/console/global.lua
[19:36:16.994 V] #30 CUSTOM : scripts/omw/console/local.lua
[19:36:16.994 V] #31 NPC CREATURE : scripts/omw/music/actor.lua
[19:36:16.994 V] #32 GLOBAL : scripts/omw/cellhandlers.lua
[19:36:16.994 V] #33 GLOBAL : scripts/omw/combat/global.lua
[19:36:16.994 V] #34 PLAYER : scripts/omw/combat/settingspage.lua
[19:36:16.994 V] #35 PLAYER NPC CREATURE : scripts/omw/combat/local.lua
[19:36:16.994 V] #36 PLAYER : scripts/omw/music/music.lua
[19:36:16.994 V] #37 MENU : scripts/omw/music/settings.lua
[19:36:16.994 V] #38 PLAYER : scripts/omw/playerskillhandlers.lua
[19:36:16.994 V] #39 LOAD : scripts/omw/esmfallbacks.lua
[19:36:16.994 V] #40 PLAYER CREATURE NPC : scripts/omw/spellcasting/local.lua
[19:36:16.994 V] #41 DOOR CONTAINER : scripts/omw/spellcasting/lockable.lua
[19:36:16.994 V] #42 GLOBAL : scripts/omw/spellcasting/global.lua
[19:36:16.994 V] #43 GLOBAL : scripts/bench/global.lua
[19:36:16.994 V] #44 PLAYER : scripts/bench/player.lua
[19:36:17.004 V] Enchantment "test magic axe": dropping unexpected skill argument of "FortifyMaximumMagicka" effect
[19:36:17.076 I] Using 1 async physics threads
[19:36:17.076 I] Using <project>/harness/userdata/navmesh.db to store navigation mesh cache
[19:36:17.077 V] Using idle priority for thread=0x16baaf000
[19:36:17.077 I] Reserving texture units for shadow maps: 13..15
[19:36:17.078 I] Reserving texture unit for opaque depth texture: 12
[19:36:17.078 I] Reserving texture unit for opaque color texture: 11
[19:36:17.078 V] Disabling Multiview (disabled by config)
[19:36:17.081 I] Initialized fallback fragment shader pipeline for water ripples
[19:36:17.084 V] Language file "l10n/Interface/gmst.yaml" is enabled
[19:36:17.084 V] Language file "l10n/Interface/en.yaml" is enabled
[19:36:17.093 V] Language file "l10n/OMWEngine/gmst.yaml" is enabled
[19:36:17.093 V] Language file "l10n/OMWEngine/en.yaml" is enabled
[19:36:17.103 V] Language file "l10n/OMWShaders/en.yaml" is enabled
[19:36:17.111 V] Language file "l10n/OMWCamera/en.yaml" is enabled
[19:36:17.112 V] Language file "l10n/OMWControls/en.yaml" is enabled
[19:36:17.112 V] Language file "l10n/interface/gmst.yaml" is enabled
[19:36:17.112 V] Language file "l10n/interface/en.yaml" is enabled
[19:36:17.113 V] Language file "l10n/Calendar/gmst.yaml" is enabled
[19:36:17.113 V] Language file "l10n/Calendar/en.yaml" is enabled
[19:36:17.113 V] Language file "l10n/OMWMusic/en.yaml" is enabled
[19:36:17.113 I] OSG stats will be written to: <project>/harness/results/20260905-1936-8dc3ccd23-upstream-heavy/seyda-r1-stats.txt
[19:36:17.118 I] Starting a new game
[19:36:17.121 V] Language file "l10n/Mechanics/gmst.yaml" is enabled
[19:36:17.401 I] Loading cell Seyda Neen (-2, -9)
[19:36:17.404 V] Controller R2_Claw02 present more than once in meshes/r/xsiltstrider.kf, ignoring later version
[19:36:17.422 I] Loading cell Bitter Coast Region (-2, -8)
[19:36:17.430 I] Loading cell Bitter Coast Region (-1, -9)
[19:36:17.432 I] Loading cell Bitter Coast Region (-3, -9)
[19:36:17.440 I] Loading cell Seyda Neen (-2, -10)
[19:36:17.441 I] Warning: lookoutScript[local variables] line 41, column 37 (=): invalid operator =, treating it as ==
[19:36:17.443 I] Loading cell Ascadian Isles Region (-1, -8)
[19:36:17.447 I] Loading cell Bitter Coast Region (-3, -8)
[19:36:17.450 I] Loading cell Bitter Coast Region (-1, -10)
[19:36:17.451 I] Loading cell Bitter Coast Region (-3, -10)
[19:36:17.455 V] Language file "l10n/OMWCombat/en.yaml" is enabled
[19:36:17.468 I] AiTravel: -8914, -73093, 126
[19:36:17.468 I] Warning: lookoutScript line 41, column 37 (=): invalid operator =, treating it as ==
[19:36:17.468 I] Warning: fallingScript line 46, column 6 (endif): endif without matching if/elseif
[19:36:17.505 I] Global[scripts/bench/global.lua]:	BENCH station=seyda startcell="seyda neen" frame=1
[19:36:18.480 I] L@0x1[scripts/bench/player.lua]:	BENCH camera station=seyda yaw=160 pitch=4
[19:36:19.196 I] Global[scripts/bench/global.lua]:	BENCH station=seyda ready frame=40 simtime=1.11
[19:37:10.779 I] Saving shader settings file: <project>/harness/results/20260905-1936-8dc3ccd23-upstream-heavy/overlay/shaders.yaml
[19:37:10.779 I] Saving Lua storage "<project>/harness/results/20260905-1936-8dc3ccd23-upstream-heavy/overlay/global_storage.bin" (140 bytes)
[19:37:10.780 I] Saving Lua storage "<project>/harness/results/20260905-1936-8dc3ccd23-upstream-heavy/overlay/player_storage.bin" (878 bytes)
[19:37:10.823 I] Saved input bindings: <project>/harness/results/20260905-1936-8dc3ccd23-upstream-heavy/overlay/input_v3.xml
[19:37:10.869 I] Quitting peacefully.
