[19:37:11.188 *] Crash handler installed
[19:37:11.257 *] Loading config file: <project>/openmw/build/OpenMW.app/Contents/Resources/openmw.cfg
[19:37:11.258 *] Loading config file: <project>/harness/config/openmw.cfg
[19:37:11.258 *] Loading config file: <project>/harness/results/20260905-1936-8dc3ccd23-upstream-heavy/overlay/openmw.cfg
[19:37:11.259 *] Logs dir: <project>/harness/results/20260905-1936-8dc3ccd23-upstream-heavy/overlay
[19:37:11.259 *] User data dir: <project>/harness/userdata
[19:37:11.259 *] Screenshots dir: <project>/harness/userdata/screenshots
[19:37:11.259 I] OpenMW version 0.52.0
[19:37:11.259 I] Revision: 8dc3ccd234
[19:37:11.259 I] Loading settings file: <project>/openmw/build/OpenMW.app/Contents/Resources/defaults.bin
[19:37:11.259 I] Loading settings file: <project>/harness/config/settings.cfg
[19:37:11.259 I] Loading settings file: <project>/harness/results/20260905-1936-8dc3ccd23-upstream-heavy/overlay/settings.cfg
[19:37:11.259 W] int [Game] actors processing range setting value is out of allowed values set: 14336, sanitized to 7168
[19:37:11.260 I] Using default (English) font encoding.
[19:37:11.260 W] No such dir: <home>/Library/Application Support/openmw/data
[19:37:11.260 I] OSG version: 3.6.5
[19:37:11.260 I] SDL version: 2.32.10
[19:37:11.260 I] Loading shader settings file: <project>/harness/results/20260905-1936-8dc3ccd23-upstream-heavy/overlay/shaders.yaml
[19:37:11.314 I] OpenGL Vendor: Apple
[19:37:11.314 I] OpenGL Renderer: Apple M5 Pro
[19:37:11.314 I] OpenGL Version: 2.1 Metal - 90.5
[19:37:11.314 W] GL_ARB_clip_control not supported: disabling reverse-z depth buffer
[19:37:11.315 I] Adding BSA archive <project>/Morrowind/Data Files/Morrowind.bsa
[19:37:11.316 I] Adding BSA archive <project>/Morrowind/Data Files/Tribunal.bsa
[19:37:11.316 I] Adding BSA archive <project>/Morrowind/Data Files/Bloodmoon.bsa
[19:37:11.316 I] Adding data directory <project>/openmw/build/OpenMW.app/Contents/Resources/../Resources/resources/vfs
[19:37:11.317 I] Adding data directory <project>/openmw/build/OpenMW.app/Contents/Resources/../Resources/resources/vfs-mw
[19:37:11.317 I] Adding data directory <project>/Morrowind/Data Files
[19:37:11.332 I] Adding data directory <project>/harness/mod
[19:37:11.336 I] Preferred locales: gmst en
[19:37:11.336 I] Initializing LuaUtil::LuaState without profiler
[19:37:11.336 I] Lua version: Lua 5.1.4 (LuaJIT 2.1.1767980792)
[19:37:11.336 I] Loading keybindings file: <project>/harness/results/20260905-1936-8dc3ccd23-upstream-heavy/overlay/input_v3.xml
[19:37:11.337 I] Loading TrueType font file fonts/mysticcards.omwfont
[19:37:11.339 I] Loading TrueType font file fonts/demonicletters.omwfont
[19:37:11.340 I] Loading TrueType font file fonts/dejavulgcsansmono.omwfont
[19:37:11.348 I] Sound disabled.
[19:37:11.349 I] Loading Lua storage "<project>/harness/results/20260905-1936-8dc3ccd23-upstream-heavy/overlay/global_storage.bin" (140 bytes)
[19:37:11.349 I] Loading Lua storage "<project>/harness/results/20260905-1936-8dc3ccd23-upstream-heavy/overlay/player_storage.bin" (878 bytes)
[19:37:11.351 I] Loading content file builtin.omwscripts
[19:37:11.351 I] Loading content file Morrowind.esm
[19:37:11.499 I] Loading content file Tribunal.esm
[19:37:11.518 I] Loading content file Bloodmoon.esm
[19:37:11.544 I] Loading content file bench.omwscripts
[19:37:11.544 V] Lua scripts configuration (45 scripts):
[19:37:11.544 V] #0 MENU PLAYER : scripts/omw/mwui/init.lua
[19:37:11.544 V] #1 MENU : scripts/omw/settings/menu.lua
[19:37:11.544 V] #2 PLAYER : scripts/omw/settings/player.lua
[19:37:11.544 V] #3 GLOBAL : scripts/omw/settings/global.lua
[19:37:11.544 V] #4 GLOBAL : scripts/omw/activationhandlers.lua
[19:37:11.544 V] #5 GLOBAL : scripts/omw/usehandlers.lua
[19:37:11.544 V] #6 GLOBAL : scripts/omw/worldeventhandlers.lua
[19:37:11.544 V] #7 GLOBAL : scripts/omw/crimes.lua
[19:37:11.544 V] #8 PLAYER CREATURE NPC : scripts/omw/mechanics/animationcontroller.lua
[19:37:11.544 V] #9 PLAYER : scripts/omw/skillhandlers.lua
[19:37:11.544 V] #10 PLAYER : scripts/omw/mechanics/playercontroller.lua
[19:37:11.544 V] #11 MENU : scripts/omw/camera/settings.lua
[19:37:11.544 V] #12 MENU : scripts/omw/input/settings.lua
[19:37:11.544 V] #13 PLAYER : scripts/omw/input/playercontrols.lua
[19:37:11.544 V] #14 PLAYER : scripts/omw/camera/camera.lua
[19:37:11.544 V] #15 PLAYER : scripts/omw/input/actionbindings.lua
[19:37:11.544 V] #16 PLAYER : scripts/omw/input/smoothmovement.lua
[19:37:11.544 V] #17 PLAYER : scripts/omw/input/gamepadcontrols.lua
[19:37:11.544 V] #18 NPC CREATURE : scripts/omw/ai.lua
[19:37:11.544 V] #19 GLOBAL : scripts/omw/mechanics/globalcontroller.lua
[19:37:11.544 V] #20 PLAYER CREATURE NPC : scripts/omw/mechanics/actorcontroller.lua
[19:37:11.544 V] #21 PLAYER NPC CREATURE : scripts/omw/combat/interface_local.lua
[19:37:11.544 V] #22 GLOBAL : scripts/omw/combat/interface_global.lua
[19:37:11.544 V] #23 PLAYER CREATURE NPC : scripts/omw/spellcasting/interface_local.lua
[19:37:11.544 V] #24 GLOBAL : scripts/omw/spellcasting/interface_global.lua
[19:37:11.544 V] #25 GLOBAL : scripts/omw/mechanics/projectiles.lua
[19:37:11.544 V] #26 PLAYER : scripts/omw/ui.lua
[19:37:11.544 V] #27 MENU : scripts/omw/console/menu.lua
[19:37:11.544 V] #28 PLAYER : scripts/omw/console/player.lua
[19:37:11.544 V] #29 GLOBAL : scripts/omw/console/global.lua
[19:37:11.544 V] #30 CUSTOM : scripts/omw/console/local.lua
[19:37:11.544 V] #31 NPC CREATURE : scripts/omw/music/actor.lua
[19:37:11.544 V] #32 GLOBAL : scripts/omw/cellhandlers.lua
[19:37:11.544 V] #33 GLOBAL : scripts/omw/combat/global.lua
[19:37:11.544 V] #34 PLAYER : scripts/omw/combat/settingspage.lua
[19:37:11.544 V] #35 PLAYER NPC CREATURE : scripts/omw/combat/local.lua
[19:37:11.544 V] #36 PLAYER : scripts/omw/music/music.lua
[19:37:11.544 V] #37 MENU : scripts/omw/music/settings.lua
[19:37:11.544 V] #38 PLAYER : scripts/omw/playerskillhandlers.lua
[19:37:11.544 V] #39 LOAD : scripts/omw/esmfallbacks.lua
[19:37:11.544 V] #40 PLAYER CREATURE NPC : scripts/omw/spellcasting/local.lua
[19:37:11.544 V] #41 DOOR CONTAINER : scripts/omw/spellcasting/lockable.lua
[19:37:11.544 V] #42 GLOBAL : scripts/omw/spellcasting/global.lua
[19:37:11.545 V] #43 GLOBAL : scripts/bench/global.lua
[19:37:11.545 V] #44 PLAYER : scripts/bench/player.lua
[19:37:11.555 V] Enchantment "test magic axe": dropping unexpected skill argument of "FortifyMaximumMagicka" effect
[19:37:11.625 I] Using 1 async physics threads
[19:37:11.625 I] Using <project>/harness/userdata/navmesh.db to store navigation mesh cache
[19:37:11.626 V] Using idle priority for thread=0x1700cf000
[19:37:11.626 I] Reserving texture units for shadow maps: 13..15
[19:37:11.627 I] Reserving texture unit for opaque depth texture: 12
[19:37:11.627 I] Reserving texture unit for opaque color texture: 11
[19:37:11.627 V] Disabling Multiview (disabled by config)
[19:37:11.630 I] Initialized fallback fragment shader pipeline for water ripples
[19:37:11.631 V] Language file "l10n/Interface/gmst.yaml" is enabled
[19:37:11.631 V] Language file "l10n/Interface/en.yaml" is enabled
[19:37:11.640 V] Language file "l10n/OMWEngine/gmst.yaml" is enabled
[19:37:11.640 V] Language file "l10n/OMWEngine/en.yaml" is enabled
[19:37:11.649 V] Language file "l10n/OMWShaders/en.yaml" is enabled
[19:37:11.657 V] Language file "l10n/OMWCamera/en.yaml" is enabled
[19:37:11.658 V] Language file "l10n/OMWControls/en.yaml" is enabled
[19:37:11.658 V] Language file "l10n/interface/gmst.yaml" is enabled
[19:37:11.658 V] Language file "l10n/interface/en.yaml" is enabled
[19:37:11.659 V] Language file "l10n/Calendar/gmst.yaml" is enabled
[19:37:11.659 V] Language file "l10n/Calendar/en.yaml" is enabled
[19:37:11.659 V] Language file "l10n/OMWMusic/en.yaml" is enabled
[19:37:11.659 I] OSG stats will be written to: <project>/harness/results/20260905-1936-8dc3ccd23-upstream-heavy/seyda-r2-stats.txt
[19:37:11.664 I] Starting a new game
[19:37:11.667 V] Language file "l10n/Mechanics/gmst.yaml" is enabled
[19:37:11.876 I] Loading cell Seyda Neen (-2, -9)
[19:37:11.878 V] Controller R2_Claw02 present more than once in meshes/r/xsiltstrider.kf, ignoring later version
[19:37:11.899 I] Loading cell Bitter Coast Region (-2, -8)
[19:37:11.913 I] Loading cell Bitter Coast Region (-1, -9)
[19:37:11.915 I] Loading cell Bitter Coast Region (-3, -9)
[19:37:11.928 I] Loading cell Seyda Neen (-2, -10)
[19:37:11.928 I] Warning: lookoutScript[local variables] line 41, column 37 (=): invalid operator =, treating it as ==
[19:37:11.930 I] Loading cell Ascadian Isles Region (-1, -8)
[19:37:11.936 I] Loading cell Bitter Coast Region (-3, -8)
[19:37:11.939 I] Loading cell Bitter Coast Region (-1, -10)
[19:37:11.940 I] Loading cell Bitter Coast Region (-3, -10)
[19:37:11.944 V] Language file "l10n/OMWCombat/en.yaml" is enabled
[19:37:11.957 I] AiTravel: -8914, -73093, 126
[19:37:11.957 I] Warning: lookoutScript line 41, column 37 (=): invalid operator =, treating it as ==
[19:37:11.957 I] Warning: fallingScript line 46, column 6 (endif): endif without matching if/elseif
[19:37:11.995 I] Global[scripts/bench/global.lua]:	BENCH station=seyda startcell="seyda neen" frame=1
[19:37:12.229 I] L@0x1[scripts/bench/player.lua]:	BENCH camera station=seyda yaw=160 pitch=4
[19:37:12.804 I] Global[scripts/bench/global.lua]:	BENCH station=seyda ready frame=40 simtime=0.84
[19:38:05.165 I] Saving shader settings file: <project>/harness/results/20260905-1936-8dc3ccd23-upstream-heavy/overlay/shaders.yaml
[19:38:05.165 I] Saving Lua storage "<project>/harness/results/20260905-1936-8dc3ccd23-upstream-heavy/overlay/global_storage.bin" (140 bytes)
[19:38:05.165 I] Saving Lua storage "<project>/harness/results/20260905-1936-8dc3ccd23-upstream-heavy/overlay/player_storage.bin" (878 bytes)
[19:38:05.209 I] Saved input bindings: <project>/harness/results/20260905-1936-8dc3ccd23-upstream-heavy/overlay/input_v3.xml
[19:38:05.258 I] Quitting peacefully.
