[19:43:32.073 *] Crash handler installed
[19:43:32.140 *] Loading config file: <project>/openmw/build/OpenMW.app/Contents/Resources/openmw.cfg
[19:43:32.140 *] Loading config file: <project>/harness/config/openmw.cfg
[19:43:32.141 *] Loading config file: <project>/harness/results/20260905-1936-8dc3ccd23-upstream-heavy/overlay/openmw.cfg
[19:43:32.141 *] Logs dir: <project>/harness/results/20260905-1936-8dc3ccd23-upstream-heavy/overlay
[19:43:32.141 *] User data dir: <project>/harness/userdata
[19:43:32.141 *] Screenshots dir: <project>/harness/userdata/screenshots
[19:43:32.141 I] OpenMW version 0.52.0
[19:43:32.141 I] Revision: 8dc3ccd234
[19:43:32.141 I] Loading settings file: <project>/openmw/build/OpenMW.app/Contents/Resources/defaults.bin
[19:43:32.141 I] Loading settings file: <project>/harness/config/settings.cfg
[19:43:32.142 I] Loading settings file: <project>/harness/results/20260905-1936-8dc3ccd23-upstream-heavy/overlay/settings.cfg
[19:43:32.142 W] int [Game] actors processing range setting value is out of allowed values set: 14336, sanitized to 7168
[19:43:32.142 I] Using default (English) font encoding.
[19:43:32.142 W] No such dir: <home>/Library/Application Support/openmw/data
[19:43:32.142 I] OSG version: 3.6.5
[19:43:32.142 I] SDL version: 2.32.10
[19:43:32.142 I] Loading shader settings file: <project>/harness/results/20260905-1936-8dc3ccd23-upstream-heavy/overlay/shaders.yaml
[19:43:32.191 I] OpenGL Vendor: Apple
[19:43:32.191 I] OpenGL Renderer: Apple M5 Pro
[19:43:32.191 I] OpenGL Version: 2.1 Metal - 90.5
[19:43:32.191 W] GL_ARB_clip_control not supported: disabling reverse-z depth buffer
[19:43:32.191 I] Adding BSA archive <project>/Morrowind/Data Files/Morrowind.bsa
[19:43:32.192 I] Adding BSA archive <project>/Morrowind/Data Files/Tribunal.bsa
[19:43:32.192 I] Adding BSA archive <project>/Morrowind/Data Files/Bloodmoon.bsa
[19:43:32.193 I] Adding data directory <project>/openmw/build/OpenMW.app/Contents/Resources/../Resources/resources/vfs
[19:43:32.193 I] Adding data directory <project>/openmw/build/OpenMW.app/Contents/Resources/../Resources/resources/vfs-mw
[19:43:32.193 I] Adding data directory <project>/Morrowind/Data Files
[19:43:32.208 I] Adding data directory <project>/harness/mod
[19:43:32.213 I] Preferred locales: gmst en
[19:43:32.213 I] Initializing LuaUtil::LuaState without profiler
[19:43:32.213 I] Lua version: Lua 5.1.4 (LuaJIT 2.1.1767980792)
[19:43:32.213 I] Loading keybindings file: <project>/harness/results/20260905-1936-8dc3ccd23-upstream-heavy/overlay/input_v3.xml
[19:43:32.213 I] Loading TrueType font file fonts/mysticcards.omwfont
[19:43:32.216 I] Loading TrueType font file fonts/demonicletters.omwfont
[19:43:32.216 I] Loading TrueType font file fonts/dejavulgcsansmono.omwfont
[19:43:32.225 I] Sound disabled.
[19:43:32.225 I] Loading Lua storage "<project>/harness/results/20260905-1936-8dc3ccd23-upstream-heavy/overlay/global_storage.bin" (140 bytes)
[19:43:32.225 I] Loading Lua storage "<project>/harness/results/20260905-1936-8dc3ccd23-upstream-heavy/overlay/player_storage.bin" (878 bytes)
[19:43:32.228 I] Loading content file builtin.omwscripts
[19:43:32.228 I] Loading content file Morrowind.esm
[19:43:32.378 I] Loading content file Tribunal.esm
[19:43:32.398 I] Loading content file Bloodmoon.esm
[19:43:32.420 I] Loading content file bench.omwscripts
[19:43:32.420 V] Lua scripts configuration (45 scripts):
[19:43:32.420 V] #0 MENU PLAYER : scripts/omw/mwui/init.lua
[19:43:32.420 V] #1 MENU : scripts/omw/settings/menu.lua
[19:43:32.420 V] #2 PLAYER : scripts/omw/settings/player.lua
[19:43:32.420 V] #3 GLOBAL : scripts/omw/settings/global.lua
[19:43:32.420 V] #4 GLOBAL : scripts/omw/activationhandlers.lua
[19:43:32.420 V] #5 GLOBAL : scripts/omw/usehandlers.lua
[19:43:32.420 V] #6 GLOBAL : scripts/omw/worldeventhandlers.lua
[19:43:32.420 V] #7 GLOBAL : scripts/omw/crimes.lua
[19:43:32.420 V] #8 PLAYER CREATURE NPC : scripts/omw/mechanics/animationcontroller.lua
[19:43:32.420 V] #9 PLAYER : scripts/omw/skillhandlers.lua
[19:43:32.420 V] #10 PLAYER : scripts/omw/mechanics/playercontroller.lua
[19:43:32.420 V] #11 MENU : scripts/omw/camera/settings.lua
[19:43:32.420 V] #12 MENU : scripts/omw/input/settings.lua
[19:43:32.420 V] #13 PLAYER : scripts/omw/input/playercontrols.lua
[19:43:32.420 V] #14 PLAYER : scripts/omw/camera/camera.lua
[19:43:32.420 V] #15 PLAYER : scripts/omw/input/actionbindings.lua
[19:43:32.420 V] #16 PLAYER : scripts/omw/input/smoothmovement.lua
[19:43:32.420 V] #17 PLAYER : scripts/omw/input/gamepadcontrols.lua
[19:43:32.420 V] #18 NPC CREATURE : scripts/omw/ai.lua
[19:43:32.420 V] #19 GLOBAL : scripts/omw/mechanics/globalcontroller.lua
[19:43:32.420 V] #20 PLAYER CREATURE NPC : scripts/omw/mechanics/actorcontroller.lua
[19:43:32.420 V] #21 PLAYER NPC CREATURE : scripts/omw/combat/interface_local.lua
[19:43:32.420 V] #22 GLOBAL : scripts/omw/combat/interface_global.lua
[19:43:32.420 V] #23 PLAYER CREATURE NPC : scripts/omw/spellcasting/interface_local.lua
[19:43:32.420 V] #24 GLOBAL : scripts/omw/spellcasting/interface_global.lua
[19:43:32.420 V] #25 GLOBAL : scripts/omw/mechanics/projectiles.lua
[19:43:32.420 V] #26 PLAYER : scripts/omw/ui.lua
[19:43:32.420 V] #27 MENU : scripts/omw/console/menu.lua
[19:43:32.420 V] #28 PLAYER : scripts/omw/console/player.lua
[19:43:32.420 V] #29 GLOBAL : scripts/omw/console/global.lua
[19:43:32.420 V] #30 CUSTOM : scripts/omw/console/local.lua
[19:43:32.420 V] #31 NPC CREATURE : scripts/omw/music/actor.lua
[19:43:32.420 V] #32 GLOBAL : scripts/omw/cellhandlers.lua
[19:43:32.420 V] #33 GLOBAL : scripts/omw/combat/global.lua
[19:43:32.420 V] #34 PLAYER : scripts/omw/combat/settingspage.lua
[19:43:32.420 V] #35 PLAYER NPC CREATURE : scripts/omw/combat/local.lua
[19:43:32.420 V] #36 PLAYER : scripts/omw/music/music.lua
[19:43:32.420 V] #37 MENU : scripts/omw/music/settings.lua
[19:43:32.420 V] #38 PLAYER : scripts/omw/playerskillhandlers.lua
[19:43:32.420 V] #39 LOAD : scripts/omw/esmfallbacks.lua
[19:43:32.420 V] #40 PLAYER CREATURE NPC : scripts/omw/spellcasting/local.lua
[19:43:32.420 V] #41 DOOR CONTAINER : scripts/omw/spellcasting/lockable.lua
[19:43:32.420 V] #42 GLOBAL : scripts/omw/spellcasting/global.lua
[19:43:32.420 V] #43 GLOBAL : scripts/bench/global.lua
[19:43:32.420 V] #44 PLAYER : scripts/bench/player.lua
[19:43:32.431 V] Enchantment "test magic axe": dropping unexpected skill argument of "FortifyMaximumMagicka" effect
[19:43:32.500 I] Using 1 async physics threads
[19:43:32.500 I] Using <project>/harness/userdata/navmesh.db to store navigation mesh cache
[19:43:32.501 V] Using idle priority for thread=0x16e113000
[19:43:32.501 I] Reserving texture units for shadow maps: 13..15
[19:43:32.502 I] Reserving texture unit for opaque depth texture: 12
[19:43:32.502 I] Reserving texture unit for opaque color texture: 11
[19:43:32.502 V] Disabling Multiview (disabled by config)
[19:43:32.504 I] Initialized fallback fragment shader pipeline for water ripples
[19:43:32.506 V] Language file "l10n/Interface/gmst.yaml" is enabled
[19:43:32.506 V] Language file "l10n/Interface/en.yaml" is enabled
[19:43:32.514 V] Language file "l10n/OMWEngine/gmst.yaml" is enabled
[19:43:32.515 V] Language file "l10n/OMWEngine/en.yaml" is enabled
[19:43:32.524 V] Language file "l10n/OMWShaders/en.yaml" is enabled
[19:43:32.531 V] Language file "l10n/OMWCamera/en.yaml" is enabled
[19:43:32.532 V] Language file "l10n/OMWControls/en.yaml" is enabled
[19:43:32.532 V] Language file "l10n/interface/gmst.yaml" is enabled
[19:43:32.532 V] Language file "l10n/interface/en.yaml" is enabled
[19:43:32.533 V] Language file "l10n/Calendar/gmst.yaml" is enabled
[19:43:32.533 V] Language file "l10n/Calendar/en.yaml" is enabled
[19:43:32.533 V] Language file "l10n/OMWMusic/en.yaml" is enabled
[19:43:32.533 I] OSG stats will be written to: <project>/harness/results/20260905-1936-8dc3ccd23-upstream-heavy/vivec-r3-stats.txt
[19:43:32.538 I] Starting a new game
[19:43:32.540 V] Language file "l10n/Mechanics/gmst.yaml" is enabled
[19:43:32.799 I] Loading cell Vivec, Arena (4, -11)
[19:43:32.814 I] Loading cell Vivec, Redoran (3, -11)
[19:43:32.824 I] Loading cell Vivec, Foreign Quarter (4, -10)
[19:43:32.826 I] Loading cell Vivec, St. Olms (4, -12)
[19:43:32.828 I] Loading cell Vivec, Telvanni (5, -11)
[19:43:32.830 I] Loading cell Vivec, Foreign Quarter (3, -10)
[19:43:32.835 I] Loading cell Vivec, St. Delyn (3, -12)
[19:43:32.837 I] Loading cell Vivec (5, -10)
[19:43:32.841 I] Loading cell Ascadian Isles Region (5, -12)
[19:43:32.847 V] Language file "l10n/OMWCombat/en.yaml" is enabled
[19:43:32.887 I] Global[scripts/bench/global.lua]:	BENCH station=vivec startcell="vivec, arena" frame=1
[19:43:33.172 I] L@0x1[scripts/bench/player.lua]:	BENCH camera station=vivec yaw=180 pitch=12
[19:43:33.840 I] Global[scripts/bench/global.lua]:	BENCH station=vivec ready frame=40 simtime=0.97
[19:44:26.039 I] Saving shader settings file: <project>/harness/results/20260905-1936-8dc3ccd23-upstream-heavy/overlay/shaders.yaml
[19:44:26.039 I] Saving Lua storage "<project>/harness/results/20260905-1936-8dc3ccd23-upstream-heavy/overlay/global_storage.bin" (140 bytes)
[19:44:26.039 I] Saving Lua storage "<project>/harness/results/20260905-1936-8dc3ccd23-upstream-heavy/overlay/player_storage.bin" (878 bytes)
[19:44:26.080 I] Saved input bindings: <project>/harness/results/20260905-1936-8dc3ccd23-upstream-heavy/overlay/input_v3.xml
[19:44:26.130 I] Quitting peacefully.
